Archive member included because of file (symbol)

.\CortexM3\ARM_GCC_473\Debug\airmar_NoGPS.a(cyfitter_cfg.o)
                              .\CortexM3\ARM_GCC_473\Debug\Cm3Start.o (cyfitter_cfg)
.\CortexM3\ARM_GCC_473\Debug\airmar_NoGPS.a(Airmar.o)
                              .\CortexM3\ARM_GCC_473\Debug\main.o (Airmar_Start)
.\CortexM3\ARM_GCC_473\Debug\airmar_NoGPS.a(isr_airmar.o)
                              .\CortexM3\ARM_GCC_473\Debug\main.o (isr_airmar_StartEx)
.\CortexM3\ARM_GCC_473\Debug\airmar_NoGPS.a(Airmar_IntClock.o)
                              .\CortexM3\ARM_GCC_473\Debug\airmar_NoGPS.a(Airmar.o) (Airmar_IntClock_Start)
.\CortexM3\ARM_GCC_473\Debug\airmar_NoGPS.a(CyBootAsmGnu.o)
                              .\CortexM3\ARM_GCC_473\Debug\airmar_NoGPS.a(cyfitter_cfg.o) (CyDelayCycles)
.\CortexM3\ARM_GCC_473\Debug\airmar_NoGPS.a(CyLib.o)
                              .\CortexM3\ARM_GCC_473\Debug\Cm3Start.o (CyResetStatus)
.\CortexM3\ARM_GCC_473\Debug\airmar_NoGPS.a(cyPm.o)
                              .\CortexM3\ARM_GCC_473\Debug\airmar_NoGPS.a(CyLib.o) (CyPmReadStatus)
.\CortexM3\ARM_GCC_473\Debug\airmar_NoGPS.a(Comp.o)
                              .\CortexM3\ARM_GCC_473\Debug\main.o (Comp_Start)
.\CortexM3\ARM_GCC_473\Debug\airmar_NoGPS.a(master.o)
                              .\CortexM3\ARM_GCC_473\Debug\main.o (master_Start)
.\CortexM3\ARM_GCC_473\Debug\airmar_NoGPS.a(clock.o)
                              .\CortexM3\ARM_GCC_473\Debug\main.o (clock_Start)
.\CortexM3\ARM_GCC_473\Debug\airmar_NoGPS.a(UART_SBD.o)
                              .\CortexM3\ARM_GCC_473\Debug\main.o (UART_SBD_Start)
.\CortexM3\ARM_GCC_473\Debug\airmar_NoGPS.a(SBD_reply.o)
                              .\CortexM3\ARM_GCC_473\Debug\main.o (SBD_reply_StartEx)
.\CortexM3\ARM_GCC_473\Debug\airmar_NoGPS.a(UART_SBD_IntClock.o)
                              .\CortexM3\ARM_GCC_473\Debug\airmar_NoGPS.a(UART_SBD.o) (UART_SBD_IntClock_Start)
.\CortexM3\ARM_GCC_473\Debug\airmar_NoGPS.a(psoc.o)
                              .\CortexM3\ARM_GCC_473\Debug\main.o (psoc_Start)
.\CortexM3\ARM_GCC_473\Debug\airmar_NoGPS.a(psoc_INT.o)
                              .\CortexM3\ARM_GCC_473\Debug\airmar_NoGPS.a(psoc.o) (psoc_ISR)
.\CortexM3\ARM_GCC_473\Debug\airmar_NoGPS.a(psoc_PM.o)
                              .\CortexM3\ARM_GCC_473\Debug\airmar_NoGPS.a(psoc.o) (psoc_backup)
.\CortexM3\ARM_GCC_473\Debug\airmar_NoGPS.a(psoc_MASTER.o)
                              .\CortexM3\ARM_GCC_473\Debug\airmar_NoGPS.a(psoc_INT.o) (psoc_mstrStatus)
.\CortexM3\ARM_GCC_473\Debug\airmar_NoGPS.a(ADC.o)
                              .\CortexM3\ARM_GCC_473\Debug\main.o (ADC_Start)
.\CortexM3\ARM_GCC_473\Debug\airmar_NoGPS.a(ADC_INT.o)
                              .\CortexM3\ARM_GCC_473\Debug\airmar_NoGPS.a(ADC.o) (ADC_ISR)
.\CortexM3\ARM_GCC_473\Debug\airmar_NoGPS.a(ADC_theACLK.o)
                              .\CortexM3\ARM_GCC_473\Debug\airmar_NoGPS.a(ADC.o) (ADC_theACLK_SetModeRegister)
.\CortexM3\ARM_GCC_473\Debug\airmar_NoGPS.a(CyFlash.o)
                              .\CortexM3\ARM_GCC_473\Debug\airmar_NoGPS.a(cyPm.o) (CyFlash_SetWaitCycles)
.\CortexM3\ARM_GCC_473\Debug\airmar_NoGPS.a(CySpc.o)
                              .\CortexM3\ARM_GCC_473\Debug\airmar_NoGPS.a(CyFlash.o) (CySpcStart)
c:/program files (x86)/cypress/psoc creator/3.0/psoc creator/import/gnu_cs/arm/4.7.3/bin/../lib/gcc/arm-none-eabi/4.7.3/../../../../arm-none-eabi/lib/armv7-m\libm.a(lib_a-s_atan.o)
                              .\CortexM3\ARM_GCC_473\Debug\wind.o (atan)
c:/program files (x86)/cypress/psoc creator/3.0/psoc creator/import/gnu_cs/arm/4.7.3/bin/../lib/gcc/arm-none-eabi/4.7.3/../../../../arm-none-eabi/lib/armv7-m\libm.a(lib_a-s_cos.o)
                              .\CortexM3\ARM_GCC_473\Debug\wind.o (cos)
c:/program files (x86)/cypress/psoc creator/3.0/psoc creator/import/gnu_cs/arm/4.7.3/bin/../lib/gcc/arm-none-eabi/4.7.3/../../../../arm-none-eabi/lib/armv7-m\libm.a(lib_a-s_fabs.o)
                              c:/program files (x86)/cypress/psoc creator/3.0/psoc creator/import/gnu_cs/arm/4.7.3/bin/../lib/gcc/arm-none-eabi/4.7.3/../../../../arm-none-eabi/lib/armv7-m\libm.a(lib_a-s_atan.o) (fabs)
c:/program files (x86)/cypress/psoc creator/3.0/psoc creator/import/gnu_cs/arm/4.7.3/bin/../lib/gcc/arm-none-eabi/4.7.3/../../../../arm-none-eabi/lib/armv7-m\libm.a(lib_a-s_sin.o)
                              .\CortexM3\ARM_GCC_473\Debug\wind.o (sin)
c:/program files (x86)/cypress/psoc creator/3.0/psoc creator/import/gnu_cs/arm/4.7.3/bin/../lib/gcc/arm-none-eabi/4.7.3/../../../../arm-none-eabi/lib/armv7-m\libm.a(lib_a-w_pow.o)
                              .\CortexM3\ARM_GCC_473\Debug\thermocouple.o (pow)
c:/program files (x86)/cypress/psoc creator/3.0/psoc creator/import/gnu_cs/arm/4.7.3/bin/../lib/gcc/arm-none-eabi/4.7.3/../../../../arm-none-eabi/lib/armv7-m\libm.a(lib_a-w_sqrt.o)
                              .\CortexM3\ARM_GCC_473\Debug\wind.o (sqrt)
[...]
Memory Configuration

Name             Origin             Length             Attributes
rom              0x00000000         0x00040000         xr
ram              0x1fff8000         0x00010000         xrw
*default*        0x00000000         0xffffffff

Linker script and memory map

LOAD c:/program files (x86)/cypress/psoc creator/3.0/psoc creator/import/gnu_cs/arm/4.7.3/bin/../lib/gcc/arm-none-eabi/4.7.3/armv7-m/crti.o
LOAD c:/program files (x86)/cypress/psoc creator/3.0/psoc creator/import/gnu_cs/arm/4.7.3/bin/../lib/gcc/arm-none-eabi/4.7.3/armv7-m/crtbegin.o
LOAD c:/program files (x86)/cypress/psoc creator/3.0/psoc creator/import/gnu_cs/arm/4.7.3/bin/../lib/gcc/arm-none-eabi/4.7.3/../../../../arm-none-eabi/lib/armv7-m/crt0.o
START GROUP
LOAD .\CortexM3\ARM_GCC_473\Debug\main.o
LOAD .\CortexM3\ARM_GCC_473\Debug\thermocouple.o
LOAD .\CortexM3\ARM_GCC_473\Debug\wind.o
LOAD .\CortexM3\ARM_GCC_473\Debug\RH.o
LOAD .\CortexM3\ARM_GCC_473\Debug\Batteryvoltage.o
LOAD .\CortexM3\ARM_GCC_473\Debug\cymetadata.o
LOAD .\CortexM3\ARM_GCC_473\Debug\Cm3Start.o
LOAD .\CortexM3\ARM_GCC_473\Debug\airmar_NoGPS.a
LOAD C:\Program Files (x86)\Cypress\PSoC Creator\3.0\PSoC Creator\psoc\content\cycomponentlibrary\CyComponentLibrary.cylib\CortexM3\ARM_GCC_473\Debug\CyComponentLibrary.a
LOAD c:/program files (x86)/cypress/psoc creator/3.0/psoc creator/import/gnu_cs/arm/4.7.3/bin/../lib/gcc/arm-none-eabi/4.7.3/../../../../arm-none-eabi/lib/armv7-m\libm.a
END GROUP
START GROUP
LOAD c:/program files (x86)/cypress/psoc creator/3.0/psoc creator/import/gnu_cs/arm/4.7.3/bin/../lib/gcc/arm-none-eabi/4.7.3/armv7-m\libgcc.a
LOAD c:/program files (x86)/cypress/psoc creator/3.0/psoc creator/import/gnu_cs/arm/4.7.3/bin/../lib/gcc/arm-none-eabi/4.7.3/../../../../arm-none-eabi/lib/armv7-m\libc_s.a
END GROUP
LOAD c:/program files (x86)/cypress/psoc creator/3.0/psoc creator/import/gnu_cs/arm/4.7.3/bin/../lib/gcc/arm-none-eabi/4.7.3/armv7-m/crtend.o
LOAD c:/program files (x86)/cypress/psoc creator/3.0/psoc creator/import/gnu_cs/arm/4.7.3/bin/../lib/gcc/arm-none-eabi/4.7.3/armv7-m/crtn.o
START GROUP
LOAD c:/program files (x86)/cypress/psoc creator/3.0/psoc creator/import/gnu_cs/arm/4.7.3/bin/../lib/gcc/arm-none-eabi/4.7.3/armv7-m\libgcc.a
LOAD c:/program files (x86)/cypress/psoc creator/3.0/psoc creator/import/gnu_cs/arm/4.7.3/bin/../lib/gcc/arm-none-eabi/4.7.3/../../../../arm-none-eabi/lib/armv7-m\libc.a
LOAD c:/program files (x86)/cypress/psoc creator/3.0/psoc creator/import/gnu_cs/arm/4.7.3/bin/../lib/gcc/arm-none-eabi/4.7.3/../../../../arm-none-eabi/lib/armv7-m\libnosys.a
END GROUP
                0x00000000                CY_APPL_ORIGIN = 0x0
                0x00000100                CY_FLASH_ROW_SIZE = 0x100
                0x00000020                CY_ECC_ROW_SIZE = 0x20
                0x00000000                CY_EE_IN_BTLDR = 0x0
                0x00000000                CY_APPL_LOADABLE = 0x0
                0x00000800                CY_EE_SIZE = 0x800
                0x00000001                CY_APPL_NUM = 0x1
                0x00000001                CY_APPL_MAX = 0x1
                0x00000040                CY_METADATA_SIZE = 0x40
                0x1fff88d8                PROVIDE (__cy_heap_start, _end)
                0x00000001                PROVIDE (__cy_region_num, ((__cy_regions_end - __cy_regions) / 0x10))
                0x20008000                PROVIDE (__cy_stack, (ORIGIN (ram) + 0x10000))
                0x20004000                PROVIDE (__cy_heap_end, (__cy_stack - 0x4000))

.cybootloader   0x00000000        0x0
 *(.cybootloader)
                0x00000000                appl1_start = CY_APPL_ORIGIN?CY_APPL_ORIGIN:ALIGN (CY_FLASH_ROW_SIZE)
                0x0001ff00                appl2_start = (appl1_start + ALIGN ((((0x40000 - appl1_start) - (0x2 * CY_FLASH_ROW_SIZE)) / 0x2), CY_FLASH_ROW_SIZE))
                0x00000000                appl_start = (CY_APPL_NUM == 0x1)?appl1_start:appl2_start
                0x00000000                ecc_offset = ((appl_start / CY_FLASH_ROW_SIZE) * CY_ECC_ROW_SIZE)
                0x00000000                ee_offset = (CY_APPL_LOADABLE && ! (CY_EE_IN_BTLDR))?((CY_EE_SIZE / CY_APPL_MAX) * (CY_APPL_NUM - 0x1)):0x0
                0x00000800                ee_size = (CY_APPL_LOADABLE && ! (CY_EE_IN_BTLDR))?(CY_EE_SIZE / CY_APPL_MAX):CY_EE_SIZE
                0x00000000                PROVIDE (CY_ECC_OFFSET, ecc_offset)

.text           0x00000000     0x9ff8
 CREATE_OBJECT_SYMBOLS
                0x00000000                PROVIDE (__cy_interrupt_vector, RomVectors)
 *(.romvectors)
 .romvectors    0x00000000       0x10 .\CortexM3\ARM_GCC_473\Debug\Cm3Start.o
                0x00000000                RomVectors
                0x00000001                ASSERT ((. != __cy_interrupt_vector), No interrupt vector)
                0x00000001                ASSERT (CY_APPL_ORIGIN?(SIZEOF (.cybootloader) <= CY_APPL_ORIGIN):0x1, Wrong image location)
                0x00000010                PROVIDE (__cy_reset, Reset)
 *(.text.Reset)
 .text.Reset    0x00000010       0x1c .\CortexM3\ARM_GCC_473\Debug\Cm3Start.o
                0x00000010                Reset
                0x00000001                ASSERT ((. != __cy_reset), No reset code)
 *(.dma_init)
                0x00000001                ASSERT ((((appl_start + .) <= 0x10000) || 0x1), DMA Init must be within the first 64k of flash)
 *(.text .text.* .gnu.linkonce.t.*)
 .text          0x0000002c       0x54 c:/program files (x86)/cypress/psoc creator/3.0/psoc creator/import/gnu_cs/arm/4.7.3/bin/../lib/gcc/arm-none-eabi/4.7.3/armv7-m/crtbegin.o
 .text.main     0x00000080      0x734 .\CortexM3\ARM_GCC_473\Debug\main.o
                0x00000080                main
 .text.airmar_int
                0x000007b4       0x88 .\CortexM3\ARM_GCC_473\Debug\main.o
                0x000007b4                airmar_int
 .text.clearPacketwind
                0x0000083c       0x34 .\CortexM3\ARM_GCC_473\Debug\main.o
                0x0000083c                clearPacketwind
 .text.SBD_int  0x00000870       0x80 .\CortexM3\ARM_GCC_473\Debug\main.o
                0x00000870                SBD_int
 .text.clearPacketSBD
                0x000008f0       0x28 .\CortexM3\ARM_GCC_473\Debug\main.o
                0x000008f0                clearPacketSBD
 .text.gettemperature
                0x00000918      0x164 .\CortexM3\ARM_GCC_473\Debug\thermocouple.o
                0x00000918                gettemperature
 .text.definevectors
                0x00000a7c      0x2c0 .\CortexM3\ARM_GCC_473\Debug\wind.o
                0x00000a7c                definevectors
 .text.avgwind  0x00000d3c       0xa8 .\CortexM3\ARM_GCC_473\Debug\wind.o
                0x00000d3c                avgwind
 *fill*         0x00000de4        0x4 00
 .text.converttospeedandheading
                0x00000de8      0x2e0 .\CortexM3\ARM_GCC_473\Debug\wind.o
                0x00000de8                converttospeedandheading
 .text.subtractheadings
                0x000010c8       0x44 .\CortexM3\ARM_GCC_473\Debug\wind.o
                0x000010c8                subtractheadings
 .text.addheadings
                0x0000110c       0x48 .\CortexM3\ARM_GCC_473\Debug\wind.o
                0x0000110c                addheadings
 .text.getvoltage
                0x00001154       0x6c .\CortexM3\ARM_GCC_473\Debug\Batteryvoltage.o
                0x00001154                getvoltage
 .text.IntDefaultHandler
                0x000011c0        0x8 .\CortexM3\ARM_GCC_473\Debug\Cm3Start.o
                0x000011c0                IntDefaultHandler
 .text.Start_c  0x000011c8       0xcc .\CortexM3\ARM_GCC_473\Debug\Cm3Start.o
                0x000011c8                Start_c
 .text.initialize_psoc
                0x00001294       0xb4 .\CortexM3\ARM_GCC_473\Debug\Cm3Start.o
                0x00001294                initialize_psoc
 .text.CYMEMZERO
                0x00001348       0x20 .\CortexM3\ARM_GCC_473\Debug\airmar_NoGPS.a(cyfitter_cfg.o)
 .text.CYCONFIGCPY
                0x00001368       0x20 .\CortexM3\ARM_GCC_473\Debug\airmar_NoGPS.a(cyfitter_cfg.o)
 .text.CyClockStartupError
                0x00001388        0xc .\CortexM3\ARM_GCC_473\Debug\airmar_NoGPS.a(cyfitter_cfg.o)
 .text.cfg_write_bytes32
                0x00001394       0x84 .\CortexM3\ARM_GCC_473\Debug\airmar_NoGPS.a(cyfitter_cfg.o)
 .text.ClockSetup
                0x00001418      0x1e4 .\CortexM3\ARM_GCC_473\Debug\airmar_NoGPS.a(cyfitter_cfg.o)
 .text.AnalogSetDefault
                0x000015fc      0x104 .\CortexM3\ARM_GCC_473\Debug\airmar_NoGPS.a(cyfitter_cfg.o)
 .text.cyfitter_cfg
                0x00001700      0x218 .\CortexM3\ARM_GCC_473\Debug\airmar_NoGPS.a(cyfitter_cfg.o)
                0x00001700                cyfitter_cfg
 .text.Airmar_Start
                0x00001918       0x2c .\CortexM3\ARM_GCC_473\Debug\airmar_NoGPS.a(Airmar.o)
                0x00001918                Airmar_Start
 .text.Airmar_Init
                0x00001944       0x50 .\CortexM3\ARM_GCC_473\Debug\airmar_NoGPS.a(Airmar.o)
                0x00001944                Airmar_Init
 .text.Airmar_Enable
                0x00001994       0x78 .\CortexM3\ARM_GCC_473\Debug\airmar_NoGPS.a(Airmar.o)
                0x00001994                Airmar_Enable
 .text.Airmar_GetChar
                0x00001a0c       0x4c .\CortexM3\ARM_GCC_473\Debug\airmar_NoGPS.a(Airmar.o)
                0x00001a0c                Airmar_GetChar
 .text.Airmar_PutChar
                0x00001a58       0x38 .\CortexM3\ARM_GCC_473\Debug\airmar_NoGPS.a(Airmar.o)
                0x00001a58                Airmar_PutChar
 .text.Airmar_PutString
                0x00001a90       0x48 .\CortexM3\ARM_GCC_473\Debug\airmar_NoGPS.a(Airmar.o)
                0x00001a90                Airmar_PutString
 .text.isr_airmar_StartEx
                0x00001ad8       0x28 .\CortexM3\ARM_GCC_473\Debug\airmar_NoGPS.a(isr_airmar.o)
                0x00001ad8                isr_airmar_StartEx
 .text.isr_airmar_Stop
                0x00001b00       0x18 .\CortexM3\ARM_GCC_473\Debug\airmar_NoGPS.a(isr_airmar.o)
                0x00001b00                isr_airmar_Stop
 .text.isr_airmar_SetVector
                0x00001b18       0x28 .\CortexM3\ARM_GCC_473\Debug\airmar_NoGPS.a(isr_airmar.o)
                0x00001b18                isr_airmar_SetVector
 .text.isr_airmar_SetPriority
                0x00001b40       0x28 .\CortexM3\ARM_GCC_473\Debug\airmar_NoGPS.a(isr_airmar.o)
                0x00001b40                isr_airmar_SetPriority
 .text.isr_airmar_Enable
                0x00001b68       0x18 .\CortexM3\ARM_GCC_473\Debug\airmar_NoGPS.a(isr_airmar.o)
                0x00001b68                isr_airmar_Enable
 .text.isr_airmar_Disable
                0x00001b80       0x18 .\CortexM3\ARM_GCC_473\Debug\airmar_NoGPS.a(isr_airmar.o)
                0x00001b80                isr_airmar_Disable
 .text.Airmar_IntClock_Start
                0x00001b98       0x44 .\CortexM3\ARM_GCC_473\Debug\airmar_NoGPS.a(Airmar_IntClock.o)
                0x00001b98                Airmar_IntClock_Start
 *fill*         0x00001bdc        0x4 00
 .text          0x00001be0       0x28 .\CortexM3\ARM_GCC_473\Debug\airmar_NoGPS.a(CyBootAsmGnu.o)
                0x00001be0                CyDelayCycles
                0x00001bf4                CyEnterCriticalSection
                0x00001bfc                CyExitCriticalSection
 .text.CyHalt   0x00001c08       0x18 .\CortexM3\ARM_GCC_473\Debug\airmar_NoGPS.a(CyLib.o)
                0x00001c08                CyHalt
 .text.CyDelay  0x00001c20       0x48 .\CortexM3\ARM_GCC_473\Debug\airmar_NoGPS.a(CyLib.o)
                0x00001c20                CyDelay
 .text.CyDelayUs
                0x00001c68       0x28 .\CortexM3\ARM_GCC_473\Debug\airmar_NoGPS.a(CyLib.o)
                0x00001c68                CyDelayUs
 .text.CyIntSetVector
                0x00001c90       0x60 .\CortexM3\ARM_GCC_473\Debug\airmar_NoGPS.a(CyLib.o)
                0x00001c90                CyIntSetVector
 .text.CyIntSetPriority
                0x00001cf0       0x4c .\CortexM3\ARM_GCC_473\Debug\airmar_NoGPS.a(CyLib.o)
                0x00001cf0                CyIntSetPriority
 .text.Comp_Init
                0x00001d3c       0x9c .\CortexM3\ARM_GCC_473\Debug\airmar_NoGPS.a(Comp.o)
                0x00001d3c                Comp_Init
 .text.Comp_Enable
                0x00001dd8       0x44 .\CortexM3\ARM_GCC_473\Debug\airmar_NoGPS.a(Comp.o)
                0x00001dd8                Comp_Enable
 .text.Comp_Start
                0x00001e1c       0x2c .\CortexM3\ARM_GCC_473\Debug\airmar_NoGPS.a(Comp.o)
                0x00001e1c                Comp_Start
 .text.Comp_SetSpeed
                0x00001e48       0xa0 .\CortexM3\ARM_GCC_473\Debug\airmar_NoGPS.a(Comp.o)
                0x00001e48                Comp_SetSpeed
 .text.master_Init
                0x00001ee8       0x3c .\CortexM3\ARM_GCC_473\Debug\airmar_NoGPS.a(master.o)
                0x00001ee8                master_Init
 .text.master_Enable
                0x00001f24       0x7c .\CortexM3\ARM_GCC_473\Debug\airmar_NoGPS.a(master.o)
                0x00001f24                master_Enable
 .text.master_Start
                0x00001fa0       0x2c .\CortexM3\ARM_GCC_473\Debug\airmar_NoGPS.a(master.o)
                0x00001fa0                master_Start
 .text.master_EnableTxInt
                0x00001fcc        0xc .\CortexM3\ARM_GCC_473\Debug\airmar_NoGPS.a(master.o)
                0x00001fcc                master_EnableTxInt
 .text.master_EnableRxInt
                0x00001fd8        0xc .\CortexM3\ARM_GCC_473\Debug\airmar_NoGPS.a(master.o)
                0x00001fd8                master_EnableRxInt
 .text.master_ReadTxStatus
                0x00001fe4       0x20 .\CortexM3\ARM_GCC_473\Debug\airmar_NoGPS.a(master.o)
                0x00001fe4                master_ReadTxStatus
 .text.master_ReadRxStatus
                0x00002004       0x20 .\CortexM3\ARM_GCC_473\Debug\airmar_NoGPS.a(master.o)
                0x00002004                master_ReadRxStatus
 .text.master_WriteTxData
                0x00002024       0x38 .\CortexM3\ARM_GCC_473\Debug\airmar_NoGPS.a(master.o)
                0x00002024                master_WriteTxData
 .text.master_ReadRxData
                0x0000205c       0x20 .\CortexM3\ARM_GCC_473\Debug\airmar_NoGPS.a(master.o)
                0x0000205c                master_ReadRxData
 .text.master_GetRxBufferSize
                0x0000207c       0x34 .\CortexM3\ARM_GCC_473\Debug\airmar_NoGPS.a(master.o)
                0x0000207c                master_GetRxBufferSize
 .text.master_ClearFIFO
                0x000020b0       0xb0 .\CortexM3\ARM_GCC_473\Debug\airmar_NoGPS.a(master.o)
                0x000020b0                master_ClearFIFO
 .text.clock_Start
                0x00002160       0x44 .\CortexM3\ARM_GCC_473\Debug\airmar_NoGPS.a(clock.o)
                0x00002160                clock_Start
 .text.UART_SBD_Start
                0x000021a4       0x2c .\CortexM3\ARM_GCC_473\Debug\airmar_NoGPS.a(UART_SBD.o)
                0x000021a4                UART_SBD_Start
 .text.UART_SBD_Init
                0x000021d0       0x50 .\CortexM3\ARM_GCC_473\Debug\airmar_NoGPS.a(UART_SBD.o)
                0x000021d0                UART_SBD_Init
 .text.UART_SBD_Enable
                0x00002220       0x78 .\CortexM3\ARM_GCC_473\Debug\airmar_NoGPS.a(UART_SBD.o)
                0x00002220                UART_SBD_Enable
 .text.UART_SBD_GetChar
                0x00002298       0x4c .\CortexM3\ARM_GCC_473\Debug\airmar_NoGPS.a(UART_SBD.o)
                0x00002298                UART_SBD_GetChar
 .text.UART_SBD_PutChar
                0x000022e4       0x38 .\CortexM3\ARM_GCC_473\Debug\airmar_NoGPS.a(UART_SBD.o)
                0x000022e4                UART_SBD_PutChar
 .text.UART_SBD_PutString
                0x0000231c       0x48 .\CortexM3\ARM_GCC_473\Debug\airmar_NoGPS.a(UART_SBD.o)
                0x0000231c                UART_SBD_PutString
 .text.UART_SBD_PutArray
                0x00002364       0x48 .\CortexM3\ARM_GCC_473\Debug\airmar_NoGPS.a(UART_SBD.o)
                0x00002364                UART_SBD_PutArray
 .text.SBD_reply_StartEx
                0x000023ac       0x28 .\CortexM3\ARM_GCC_473\Debug\airmar_NoGPS.a(SBD_reply.o)
                0x000023ac                SBD_reply_StartEx
 .text.SBD_reply_Stop
                0x000023d4       0x18 .\CortexM3\ARM_GCC_473\Debug\airmar_NoGPS.a(SBD_reply.o)
                0x000023d4                SBD_reply_Stop
 .text.SBD_reply_SetVector
                0x000023ec       0x28 .\CortexM3\ARM_GCC_473\Debug\airmar_NoGPS.a(SBD_reply.o)
                0x000023ec                SBD_reply_SetVector
 .text.SBD_reply_SetPriority
                0x00002414       0x28 .\CortexM3\ARM_GCC_473\Debug\airmar_NoGPS.a(SBD_reply.o)
                0x00002414                SBD_reply_SetPriority
 .text.SBD_reply_Enable
                0x0000243c       0x18 .\CortexM3\ARM_GCC_473\Debug\airmar_NoGPS.a(SBD_reply.o)
                0x0000243c                SBD_reply_Enable
 .text.SBD_reply_Disable
                0x00002454       0x18 .\CortexM3\ARM_GCC_473\Debug\airmar_NoGPS.a(SBD_reply.o)
                0x00002454                SBD_reply_Disable
 .text.UART_SBD_IntClock_Start
                0x0000246c       0x44 .\CortexM3\ARM_GCC_473\Debug\airmar_NoGPS.a(UART_SBD_IntClock.o)
                0x0000246c                UART_SBD_IntClock_Start
 .text.psoc_Init
                0x000024b0       0x84 .\CortexM3\ARM_GCC_473\Debug\airmar_NoGPS.a(psoc.o)
                0x000024b0                psoc_Init
 .text.psoc_Enable
                0x00002534       0x58 .\CortexM3\ARM_GCC_473\Debug\airmar_NoGPS.a(psoc.o)
                0x00002534                psoc_Enable
 .text.psoc_Start
                0x0000258c       0x38 .\CortexM3\ARM_GCC_473\Debug\airmar_NoGPS.a(psoc.o)
                0x0000258c                psoc_Start
 .text.psoc_ISR
                0x000025c4      0x598 .\CortexM3\ARM_GCC_473\Debug\airmar_NoGPS.a(psoc_INT.o)
                0x000025c4                psoc_ISR
 .text.psoc_MasterClearStatus
                0x00002b5c       0x30 .\CortexM3\ARM_GCC_473\Debug\airmar_NoGPS.a(psoc_MASTER.o)
                0x00002b5c                psoc_MasterClearStatus
 .text.psoc_MasterClearReadBuf
                0x00002b8c       0x34 .\CortexM3\ARM_GCC_473\Debug\airmar_NoGPS.a(psoc_MASTER.o)
                0x00002b8c                psoc_MasterClearReadBuf
 .text.psoc_MasterClearWriteBuf
                0x00002bc0       0x34 .\CortexM3\ARM_GCC_473\Debug\airmar_NoGPS.a(psoc_MASTER.o)
                0x00002bc0                psoc_MasterClearWriteBuf
 .text.psoc_Workaround
                0x00002bf4        0xc .\CortexM3\ARM_GCC_473\Debug\airmar_NoGPS.a(psoc_MASTER.o)
                0x00002bf4                psoc_Workaround
 .text.ADC_Start
                0x00002c00       0x2c .\CortexM3\ARM_GCC_473\Debug\airmar_NoGPS.a(ADC.o)
                0x00002c00                ADC_Start
 .text.ADC_Init
                0x00002c2c       0x5c .\CortexM3\ARM_GCC_473\Debug\airmar_NoGPS.a(ADC.o)
                0x00002c2c                ADC_Init
 .text.ADC_Enable
                0x00002c88      0x14c .\CortexM3\ARM_GCC_473\Debug\airmar_NoGPS.a(ADC.o)
                0x00002c88                ADC_Enable
 .text.ADC_SetResolution
                0x00002dd4       0x60 .\CortexM3\ARM_GCC_473\Debug\airmar_NoGPS.a(ADC.o)
                0x00002dd4                ADC_SetResolution
 .text.ADC_StartConvert
                0x00002e34       0x28 .\CortexM3\ARM_GCC_473\Debug\airmar_NoGPS.a(ADC.o)
                0x00002e34                ADC_StartConvert
 .text.ADC_StopConvert
                0x00002e5c       0x28 .\CortexM3\ARM_GCC_473\Debug\airmar_NoGPS.a(ADC.o)
                0x00002e5c                ADC_StopConvert
 .text.ADC_IsEndConversion
                0x00002e84       0x4c .\CortexM3\ARM_GCC_473\Debug\airmar_NoGPS.a(ADC.o)
                0x00002e84                ADC_IsEndConversion
 .text.ADC_GetResult16
                0x00002ed0       0x38 .\CortexM3\ARM_GCC_473\Debug\airmar_NoGPS.a(ADC.o)
                0x00002ed0                ADC_GetResult16
 .text.ADC_CalcGain
                0x00002f08       0x8c .\CortexM3\ARM_GCC_473\Debug\airmar_NoGPS.a(ADC.o)
 .text.ADC_CountsTo_Volts
                0x00002f94       0x98 .\CortexM3\ARM_GCC_473\Debug\airmar_NoGPS.a(ADC.o)
                0x00002f94                ADC_CountsTo_Volts
 .text.ADC_ISR  0x0000302c        0xc .\CortexM3\ARM_GCC_473\Debug\airmar_NoGPS.a(ADC_INT.o)
                0x0000302c                ADC_ISR
 .text.ADC_theACLK_SetModeRegister
                0x00003038       0x3c .\CortexM3\ARM_GCC_473\Debug\airmar_NoGPS.a(ADC_theACLK.o)
                0x00003038                ADC_theACLK_SetModeRegister
 *fill*         0x00003074        0x4 00
 .text.atan     0x00003078      0x368 c:/program files (x86)/cypress/psoc creator/3.0/psoc creator/import/gnu_cs/arm/4.7.3/bin/../lib/gcc/arm-none-eabi/4.7.3/../../../../arm-none-eabi/lib/armv7-m\libm.a(lib_a-s_atan.o)
                0x00003078                atan
 .text.cos      0x000033e0       0x90 c:/program files (x86)/cypress/psoc creator/3.0/psoc creator/import/gnu_cs/arm/4.7.3/bin/../lib/gcc/arm-none-eabi/4.7.3/../../../../arm-none-eabi/lib/armv7-m\libm.a(lib_a-s_cos.o)
                0x000033e0                cos
 .text.fabs     0x00003470        0x8 c:/program files (x86)/cypress/psoc creator/3.0/psoc creator/import/gnu_cs/arm/4.7.3/bin/../lib/gcc/arm-none-eabi/4.7.3/../../../../arm-none-eabi/lib/armv7-m\libm.a(lib_a-s_fabs.o)
                0x00003470                fabs
 .text.sin      0x00003478       0x98 c:/program files (x86)/cypress/psoc creator/3.0/psoc creator/import/gnu_cs/arm/4.7.3/bin/../lib/gcc/arm-none-eabi/4.7.3/../../../../arm-none-eabi/lib/armv7-m\libm.a(lib_a-s_sin.o)
                0x00003478                sin
 .text.pow      0x00003510      0x310 c:/program files (x86)/cypress/psoc creator/3.0/psoc creator/import/gnu_cs/arm/4.7.3/bin/../lib/gcc/arm-none-eabi/4.7.3/../../../../arm-none-eabi/lib/armv7-m\libm.a(lib_a-w_pow.o)
                0x00003510                pow
 .text.sqrt     0x00003820       0xa8 c:/program files (x86)/cypress/psoc creator/3.0/psoc creator/import/gnu_cs/arm/4.7.3/bin/../lib/gcc/arm-none-eabi/4.7.3/../../../../arm-none-eabi/lib/armv7-m\libm.a(lib_a-w_sqrt.o)
                0x00003820                sqrt
 .text.__ieee754_pow
                0x000038c8      0xb00 c:/program files (x86)/cypress/psoc creator/3.0/psoc creator/import/gnu_cs/arm/4.7.3/bin/../lib/gcc/arm-none-eabi/4.7.3/../../../../arm-none-eabi/lib/armv7-m\libm.a(lib_a-e_pow.o)
                0x000038c8                __ieee754_pow
 .text.__ieee754_rem_pio2
                0x000043c8      0x468 c:/program files (x86)/cypress/psoc creator/3.0/psoc creator/import/gnu_cs/arm/4.7.3/bin/../lib/gcc/arm-none-eabi/4.7.3/../../../../arm-none-eabi/lib/armv7-m\libm.a(lib_a-e_rem_pio2.o)
                0x000043c8                __ieee754_rem_pio2
 .text.__ieee754_sqrt
                0x00004830      0x208 c:/program files (x86)/cypress/psoc creator/3.0/psoc creator/import/gnu_cs/arm/4.7.3/bin/../lib/gcc/arm-none-eabi/4.7.3/../../../../arm-none-eabi/lib/armv7-m\libm.a(lib_a-e_sqrt.o)
                0x00004830                __ieee754_sqrt
 .text.__kernel_cos
                0x00004a38      0x258 c:/program files (x86)/cypress/psoc creator/3.0/psoc creator/import/gnu_cs/arm/4.7.3/bin/../lib/gcc/arm-none-eabi/4.7.3/../../../../arm-none-eabi/lib/armv7-m\libm.a(lib_a-k_cos.o)
                0x00004a38                __kernel_cos
 .text.__kernel_rem_pio2
                0x00004c90      0xdfc c:/program files (x86)/cypress/psoc creator/3.0/psoc creator/import/gnu_cs/arm/4.7.3/bin/../lib/gcc/arm-none-eabi/4.7.3/../../../../arm-none-eabi/lib/armv7-m\libm.a(lib_a-k_rem_pio2.o)
                0x00004c90                __kernel_rem_pio2
 *fill*         0x00005a8c        0x4 00
 .text.__kernel_sin
                0x00005a90      0x170 c:/program files (x86)/cypress/psoc creator/3.0/psoc creator/import/gnu_cs/arm/4.7.3/bin/../lib/gcc/arm-none-eabi/4.7.3/../../../../arm-none-eabi/lib/armv7-m\libm.a(lib_a-k_sin.o)
                0x00005a90                __kernel_sin
 .text.finite   0x00005c00        0xc c:/program files (x86)/cypress/psoc creator/3.0/psoc creator/import/gnu_cs/arm/4.7.3/bin/../lib/gcc/arm-none-eabi/4.7.3/../../../../arm-none-eabi/lib/armv7-m\libm.a(lib_a-s_finite.o)
                0x00005c00                finite
 *fill*         0x00005c0c        0x4 00
 .text.floor    0x00005c10      0x110 c:/program files (x86)/cypress/psoc creator/3.0/psoc creator/import/gnu_cs/arm/4.7.3/bin/../lib/gcc/arm-none-eabi/4.7.3/../../../../arm-none-eabi/lib/armv7-m\libm.a(lib_a-s_floor.o)
                0x00005c10                floor
 .text.__fpclassifyd
                0x00005d20       0x68 c:/program files (x86)/cypress/psoc creator/3.0/psoc creator/import/gnu_cs/arm/4.7.3/bin/../lib/gcc/arm-none-eabi/4.7.3/../../../../arm-none-eabi/lib/armv7-m\libm.a(lib_a-s_fpclassify.o)
                0x00005d20                __fpclassifyd
 .text.matherr  0x00005d88        0x4 c:/program files (x86)/cypress/psoc creator/3.0/psoc creator/import/gnu_cs/arm/4.7.3/bin/../lib/gcc/arm-none-eabi/4.7.3/../../../../arm-none-eabi/lib/armv7-m\libm.a(lib_a-s_matherr.o)
                0x00005d88                matherr
 .text.nan      0x00005d8c        0xc c:/program files (x86)/cypress/psoc creator/3.0/psoc creator/import/gnu_cs/arm/4.7.3/bin/../lib/gcc/arm-none-eabi/4.7.3/../../../../arm-none-eabi/lib/armv7-m\libm.a(lib_a-s_nan.o)
                0x00005d8c                nan
 .text.rint     0x00005d98      0x128 c:/program files (x86)/cypress/psoc creator/3.0/psoc creator/import/gnu_cs/arm/4.7.3/bin/../lib/gcc/arm-none-eabi/4.7.3/../../../../arm-none-eabi/lib/armv7-m\libm.a(lib_a-s_rint.o)
                0x00005d98                rint
 .text.scalbn   0x00005ec0      0x108 c:/program files (x86)/cypress/psoc creator/3.0/psoc creator/import/gnu_cs/arm/4.7.3/bin/../lib/gcc/arm-none-eabi/4.7.3/../../../../arm-none-eabi/lib/armv7-m\libm.a(lib_a-s_scalbn.o)
                0x00005ec0                scalbn
 .text.copysign
                0x00005fc8       0x18 c:/program files (x86)/cypress/psoc creator/3.0/psoc creator/import/gnu_cs/arm/4.7.3/bin/../lib/gcc/arm-none-eabi/4.7.3/../../../../arm-none-eabi/lib/armv7-m\libm.a(lib_a-s_copysign.o)
                0x00005fc8                copysign
 .text          0x00005fe0      0x370 c:/program files (x86)/cypress/psoc creator/3.0/psoc creator/import/gnu_cs/arm/4.7.3/bin/../lib/gcc/arm-none-eabi/4.7.3/armv7-m\libgcc.a(_arm_addsubdf3.o)
                0x00005fe0                __aeabi_drsub
                0x00005fe8                __aeabi_dsub
                0x00005fe8                __subdf3
                0x00005fec                __aeabi_dadd
                0x00005fec                __adddf3
                0x00006264                __floatunsidf
                0x00006264                __aeabi_ui2d
                0x00006284                __floatsidf
                0x00006284                __aeabi_i2d
                0x000062a8                __aeabi_f2d
                0x000062a8                __extendsfdf2
                0x000062e4                __floatundidf
                0x000062e4                __aeabi_ul2d
                0x000062f4                __floatdidf
                0x000062f4                __aeabi_l2d
 .text          0x00006350      0x424 c:/program files (x86)/cypress/psoc creator/3.0/psoc creator/import/gnu_cs/arm/4.7.3/bin/../lib/gcc/arm-none-eabi/4.7.3/armv7-m\libgcc.a(_arm_muldivdf3.o)
                0x00006350                __aeabi_dmul
                0x00006350                __muldf3
                0x000065a4                __divdf3
                0x000065a4                __aeabi_ddiv
 .text          0x00006774      0x110 c:/program files (x86)/cypress/psoc creator/3.0/psoc creator/import/gnu_cs/arm/4.7.3/bin/../lib/gcc/arm-none-eabi/4.7.3/armv7-m\libgcc.a(_arm_cmpdf2.o)
                0x00006774                __gtdf2
                0x00006774                __gedf2
                0x0000677c                __ltdf2
                0x0000677c                __ledf2
                0x00006784                __nedf2
                0x00006784                __eqdf2
                0x00006784                __cmpdf2
                0x00006800                __aeabi_cdrcmple
                0x00006810                __aeabi_cdcmpeq
                0x00006810                __aeabi_cdcmple
                0x00006820                __aeabi_dcmpeq
                0x00006834                __aeabi_dcmplt
                0x00006848                __aeabi_dcmple
                0x0000685c                __aeabi_dcmpge
                0x00006870                __aeabi_dcmpgt
 .text          0x00006884       0x50 c:/program files (x86)/cypress/psoc creator/3.0/psoc creator/import/gnu_cs/arm/4.7.3/bin/../lib/gcc/arm-none-eabi/4.7.3/armv7-m\libgcc.a(_arm_fixdfsi.o)
                0x00006884                __aeabi_d2iz
                0x00006884                __fixdfsi
 .text          0x000068d4       0xa0 c:/program files (x86)/cypress/psoc creator/3.0/psoc creator/import/gnu_cs/arm/4.7.3/bin/../lib/gcc/arm-none-eabi/4.7.3/armv7-m\libgcc.a(_arm_truncdfsf2.o)
                0x000068d4                __truncdfsf2
                0x000068d4                __aeabi_d2f
 .text          0x00006974      0x21c c:/program files (x86)/cypress/psoc creator/3.0/psoc creator/import/gnu_cs/arm/4.7.3/bin/../lib/gcc/arm-none-eabi/4.7.3/armv7-m\libgcc.a(_arm_addsubsf3.o)
                0x00006974                __aeabi_frsub
                0x0000697c                __subsf3
                0x0000697c                __aeabi_fsub
                0x00006980                __aeabi_fadd
                0x00006980                __addsf3
                0x00006ae0                __aeabi_ui2f
                0x00006ae0                __floatunsisf
                0x00006ae8                __aeabi_i2f
                0x00006ae8                __floatsisf
                0x00006b04                __aeabi_ul2f
                0x00006b04                __floatundisf
                0x00006b14                __aeabi_l2f
                0x00006b14                __floatdisf
 .text          0x00006b90      0x2a0 c:/program files (x86)/cypress/psoc creator/3.0/psoc creator/import/gnu_cs/arm/4.7.3/bin/../lib/gcc/arm-none-eabi/4.7.3/armv7-m\libgcc.a(_arm_muldivsf3.o)
                0x00006b90                __mulsf3
                0x00006b90                __aeabi_fmul
                0x00006cf8                __aeabi_fdiv
                0x00006cf8                __divsf3
 .text          0x00006e30       0xec c:/program files (x86)/cypress/psoc creator/3.0/psoc creator/import/gnu_cs/arm/4.7.3/bin/../lib/gcc/arm-none-eabi/4.7.3/armv7-m\libgcc.a(_arm_cmpsf2.o)
                0x00006e30                __gesf2
                0x00006e30                __gtsf2
                0x00006e38                __lesf2
                0x00006e38                __ltsf2
                0x00006e40                __nesf2
                0x00006e40                __eqsf2
                0x00006e40                __cmpsf2
                0x00006ea0                __aeabi_cfrcmple
                0x00006ea8                __aeabi_cfcmpeq
                0x00006ea8                __aeabi_cfcmple
                0x00006eb8                __aeabi_fcmpeq
                0x00006ecc                __aeabi_fcmplt
                0x00006ee0                __aeabi_fcmple
                0x00006ef4                __aeabi_fcmpge
                0x00006f08                __aeabi_fcmpgt
 .text          0x00006f1c       0x4c c:/program files (x86)/cypress/psoc creator/3.0/psoc creator/import/gnu_cs/arm/4.7.3/bin/../lib/gcc/arm-none-eabi/4.7.3/armv7-m\libgcc.a(_arm_fixsfsi.o)
                0x00006f1c                __aeabi_f2iz
                0x00006f1c                __fixsfsi
 .text          0x00006f68       0x40 c:/program files (x86)/cypress/psoc creator/3.0/psoc creator/import/gnu_cs/arm/4.7.3/bin/../lib/gcc/arm-none-eabi/4.7.3/armv7-m\libgcc.a(_arm_fixunssfsi.o)
                0x00006f68                __fixunssfsi
                0x00006f68                __aeabi_f2uiz
 .text.__errno  0x00006fa8        0xc c:/program files (x86)/cypress/psoc creator/3.0/psoc creator/import/gnu_cs/arm/4.7.3/bin/../lib/gcc/arm-none-eabi/4.7.3/../../../../arm-none-eabi/lib/armv7-m\libc_s.a(lib_a-errno.o)
                0x00006fa8                __errno
 .text.__libc_init_array
                0x00006fb4       0x4c c:/program files (x86)/cypress/psoc creator/3.0/psoc creator/import/gnu_cs/arm/4.7.3/bin/../lib/gcc/arm-none-eabi/4.7.3/../../../../arm-none-eabi/lib/armv7-m\libc_s.a(lib_a-init.o)
                0x00006fb4                __libc_init_array
 .text.memcpy   0x00007000       0x12 c:/program files (x86)/cypress/psoc creator/3.0/psoc creator/import/gnu_cs/arm/4.7.3/bin/../lib/gcc/arm-none-eabi/4.7.3/../../../../arm-none-eabi/lib/armv7-m\libc_s.a(lib_a-memcpy.o)
                0x00007000                memcpy
 .text.memset   0x00007012       0x10 c:/program files (x86)/cypress/psoc creator/3.0/psoc creator/import/gnu_cs/arm/4.7.3/bin/../lib/gcc/arm-none-eabi/4.7.3/../../../../arm-none-eabi/lib/armv7-m\libc_s.a(lib_a-memset.o)
                0x00007012                memset
 *fill*         0x00007022        0x2 00
 .text.sscanf   0x00007024       0x54 c:/program files (x86)/cypress/psoc creator/3.0/psoc creator/import/gnu_cs/arm/4.7.3/bin/../lib/gcc/arm-none-eabi/4.7.3/../../../../arm-none-eabi/lib/armv7-m\libc_s.a(lib_a-sscanf.o)
                0x00007024                siscanf
                0x00007024                sscanf
 .text.__seofread
                0x00007078        0x4 c:/program files (x86)/cypress/psoc creator/3.0/psoc creator/import/gnu_cs/arm/4.7.3/bin/../lib/gcc/arm-none-eabi/4.7.3/../../../../arm-none-eabi/lib/armv7-m\libc_s.a(lib_a-stdio.o)
                0x00007078                __seofread
 .text.strlen   0x0000707c       0x10 c:/program files (x86)/cypress/psoc creator/3.0/psoc creator/import/gnu_cs/arm/4.7.3/bin/../lib/gcc/arm-none-eabi/4.7.3/../../../../arm-none-eabi/lib/armv7-m\libc_s.a(lib_a-strlen.o)
                0x0000707c                strlen
 .text.strstr   0x0000708c       0x2e c:/program files (x86)/cypress/psoc creator/3.0/psoc creator/import/gnu_cs/arm/4.7.3/bin/../lib/gcc/arm-none-eabi/4.7.3/../../../../arm-none-eabi/lib/armv7-m\libc_s.a(lib_a-strstr.o)
                0x0000708c                strstr
 .text._sungetc_r
                0x000070ba       0x7a c:/program files (x86)/cypress/psoc creator/3.0/psoc creator/import/gnu_cs/arm/4.7.3/bin/../lib/gcc/arm-none-eabi/4.7.3/../../../../arm-none-eabi/lib/armv7-m\libc_s.a(lib_a-svfscanf.o)
                0x000070ba                _sungetc_r
 .text.__ssrefill_r
                0x00007134       0x3a c:/program files (x86)/cypress/psoc creator/3.0/psoc creator/import/gnu_cs/arm/4.7.3/bin/../lib/gcc/arm-none-eabi/4.7.3/../../../../arm-none-eabi/lib/armv7-m\libc_s.a(lib_a-svfscanf.o)
                0x00007134                __ssrefill_r
 *fill*         0x0000716e        0x2 00
 .text.__ssvfscanf_r
                0x00007170      0x2d0 c:/program files (x86)/cypress/psoc creator/3.0/psoc creator/import/gnu_cs/arm/4.7.3/bin/../lib/gcc/arm-none-eabi/4.7.3/../../../../arm-none-eabi/lib/armv7-m\libc_s.a(lib_a-svfscanf.o)
                0x00007170                __ssvfiscanf_r
                0x00007170                __ssvfscanf_r
 .text.__submore
                0x00007440       0x76 c:/program files (x86)/cypress/psoc creator/3.0/psoc creator/import/gnu_cs/arm/4.7.3/bin/../lib/gcc/arm-none-eabi/4.7.3/../../../../arm-none-eabi/lib/armv7-m\libc_s.a(lib_a-ungetc.o)
                0x00007440                __submore
 *fill*         0x000074b6        0x2 00
 .text._scanf_float
                0x000074b8      0x3b8 c:/program files (x86)/cypress/psoc creator/3.0/psoc creator/import/gnu_cs/arm/4.7.3/bin/../lib/gcc/arm-none-eabi/4.7.3/../../../../arm-none-eabi/lib/armv7-m\libc_s.a(lib_a-vfscanf_float.o)
                0x000074b8                _scanf_float
 .text._scanf_chars
                0x00007870       0xcc c:/program files (x86)/cypress/psoc creator/3.0/psoc creator/import/gnu_cs/arm/4.7.3/bin/../lib/gcc/arm-none-eabi/4.7.3/../../../../arm-none-eabi/lib/armv7-m\libc_s.a(lib_a-vfscanf_i.o)
                0x00007870                _scanf_chars
 .text._scanf_i
                0x0000793c      0x1e4 c:/program files (x86)/cypress/psoc creator/3.0/psoc creator/import/gnu_cs/arm/4.7.3/bin/../lib/gcc/arm-none-eabi/4.7.3/../../../../arm-none-eabi/lib/armv7-m\libc_s.a(lib_a-vfscanf_i.o)
                0x0000793c                _scanf_i
 .text.__sfp_lock_acquire
                0x00007b20        0x2 c:/program files (x86)/cypress/psoc creator/3.0/psoc creator/import/gnu_cs/arm/4.7.3/bin/../lib/gcc/arm-none-eabi/4.7.3/../../../../arm-none-eabi/lib/armv7-m\libc_s.a(lib_a-findfp.o)
                0x00007b20                __sfp_lock_acquire
 .text.__sfp_lock_release
                0x00007b22        0x2 c:/program files (x86)/cypress/psoc creator/3.0/psoc creator/import/gnu_cs/arm/4.7.3/bin/../lib/gcc/arm-none-eabi/4.7.3/../../../../arm-none-eabi/lib/armv7-m\libc_s.a(lib_a-findfp.o)
                0x00007b22                __sfp_lock_release
 .text._free_r  0x00007b24       0x88 c:/program files (x86)/cypress/psoc creator/3.0/psoc creator/import/gnu_cs/arm/4.7.3/bin/../lib/gcc/arm-none-eabi/4.7.3/../../../../arm-none-eabi/lib/armv7-m\libc_s.a(lib_a-freer.o)
                0x00007b24                _free_r
 .text._malloc_r
                0x00007bac       0x94 c:/program files (x86)/cypress/psoc creator/3.0/psoc creator/import/gnu_cs/arm/4.7.3/bin/../lib/gcc/arm-none-eabi/4.7.3/../../../../arm-none-eabi/lib/armv7-m\libc_s.a(lib_a-mallocr.o)
                0x00007bac                _malloc_r
 .text.memchr   0x00007c40       0x1c c:/program files (x86)/cypress/psoc creator/3.0/psoc creator/import/gnu_cs/arm/4.7.3/bin/../lib/gcc/arm-none-eabi/4.7.3/../../../../arm-none-eabi/lib/armv7-m\libc_s.a(lib_a-memchr.o)
                0x00007c40                memchr
 .text._realloc_r
                0x00007c5c       0x48 c:/program files (x86)/cypress/psoc creator/3.0/psoc creator/import/gnu_cs/arm/4.7.3/bin/../lib/gcc/arm-none-eabi/4.7.3/../../../../arm-none-eabi/lib/armv7-m\libc_s.a(lib_a-reallocr.o)
                0x00007c5c                _realloc_r
 .text._sbrk_r  0x00007ca4       0x20 c:/program files (x86)/cypress/psoc creator/3.0/psoc creator/import/gnu_cs/arm/4.7.3/bin/../lib/gcc/arm-none-eabi/4.7.3/../../../../arm-none-eabi/lib/armv7-m\libc_s.a(lib_a-sbrkr.o)
                0x00007ca4                _sbrk_r
 .text.__sccl   0x00007cc4       0x60 c:/program files (x86)/cypress/psoc creator/3.0/psoc creator/import/gnu_cs/arm/4.7.3/bin/../lib/gcc/arm-none-eabi/4.7.3/../../../../arm-none-eabi/lib/armv7-m\libc_s.a(lib_a-sccl.o)
                0x00007cc4                __sccl
 .text.nanf     0x00007d24        0x8 c:/program files (x86)/cypress/psoc creator/3.0/psoc creator/import/gnu_cs/arm/4.7.3/bin/../lib/gcc/arm-none-eabi/4.7.3/../../../../arm-none-eabi/lib/armv7-m\libc_s.a(lib_a-sf_nan.o)
                0x00007d24                nanf
 .text.sprintf  0x00007d2c       0x48 c:/program files (x86)/cypress/psoc creator/3.0/psoc creator/import/gnu_cs/arm/4.7.3/bin/../lib/gcc/arm-none-eabi/4.7.3/../../../../arm-none-eabi/lib/armv7-m\libc_s.a(lib_a-sprintf.o)
                0x00007d2c                siprintf
                0x00007d2c                sprintf
 .text.match    0x00007d74       0x2a c:/program files (x86)/cypress/psoc creator/3.0/psoc creator/import/gnu_cs/arm/4.7.3/bin/../lib/gcc/arm-none-eabi/4.7.3/../../../../arm-none-eabi/lib/armv7-m\libc_s.a(lib_a-strtod.o)
 *fill*         0x00007d9e        0x2 00
 .text._strtod_r
                0x00007da0      0xb20 c:/program files (x86)/cypress/psoc creator/3.0/psoc creator/import/gnu_cs/arm/4.7.3/bin/../lib/gcc/arm-none-eabi/4.7.3/../../../../arm-none-eabi/lib/armv7-m\libc_s.a(lib_a-strtod.o)
                0x00007da0                _strtod_r
 .text._strtol_r
                0x000088c0      0x10c c:/program files (x86)/cypress/psoc creator/3.0/psoc creator/import/gnu_cs/arm/4.7.3/bin/../lib/gcc/arm-none-eabi/4.7.3/../../../../arm-none-eabi/lib/armv7-m\libc_s.a(lib_a-strtol.o)
                0x000088c0                _strtol_r
 .text._strtoul_r
                0x000089cc       0xfc c:/program files (x86)/cypress/psoc creator/3.0/psoc creator/import/gnu_cs/arm/4.7.3/bin/../lib/gcc/arm-none-eabi/4.7.3/../../../../arm-none-eabi/lib/armv7-m\libc_s.a(lib_a-strtoul.o)
                0x000089cc                _strtoul_r
 .text.__ssputc_r
                0x00008ac8       0xae c:/program files (x86)/cypress/psoc creator/3.0/psoc creator/import/gnu_cs/arm/4.7.3/bin/../lib/gcc/arm-none-eabi/4.7.3/../../../../arm-none-eabi/lib/armv7-m\libc_s.a(lib_a-svfprintf.o)
                0x00008ac8                __ssputc_r
 *fill*         0x00008b76        0x2 00
 .text._svfprintf_r
                0x00008b78      0x1f4 c:/program files (x86)/cypress/psoc creator/3.0/psoc creator/import/gnu_cs/arm/4.7.3/bin/../lib/gcc/arm-none-eabi/4.7.3/../../../../arm-none-eabi/lib/armv7-m\libc_s.a(lib_a-svfprintf.o)
                0x00008b78                _svfiprintf_r
                0x00008b78                _svfprintf_r
 .text._printf_common
                0x00008d6c       0xde c:/program files (x86)/cypress/psoc creator/3.0/psoc creator/import/gnu_cs/arm/4.7.3/bin/../lib/gcc/arm-none-eabi/4.7.3/../../../../arm-none-eabi/lib/armv7-m\libc_s.a(lib_a-vfprintf_i.o)
                0x00008d6c                _printf_common
 *fill*         0x00008e4a        0x2 00
 .text._printf_i
                0x00008e4c      0x248 c:/program files (x86)/cypress/psoc creator/3.0/psoc creator/import/gnu_cs/arm/4.7.3/bin/../lib/gcc/arm-none-eabi/4.7.3/../../../../arm-none-eabi/lib/armv7-m\libc_s.a(lib_a-vfprintf_i.o)
                0x00008e4c                _printf_i
 .text.rshift   0x00009094       0x72 c:/program files (x86)/cypress/psoc creator/3.0/psoc creator/import/gnu_cs/arm/4.7.3/bin/../lib/gcc/arm-none-eabi/4.7.3/../../../../arm-none-eabi/lib/armv7-m\libc_s.a(lib_a-gdtoa-gethex.o)
 *fill*         0x00009106        0x2 00
 .text.htinit.constprop.0
                0x00009108       0x18 c:/program files (x86)/cypress/psoc creator/3.0/psoc creator/import/gnu_cs/arm/4.7.3/bin/../lib/gcc/arm-none-eabi/4.7.3/../../../../arm-none-eabi/lib/armv7-m\libc_s.a(lib_a-gdtoa-gethex.o)
 .text.__hexdig_init
                0x00009120       0x2c c:/program files (x86)/cypress/psoc creator/3.0/psoc creator/import/gnu_cs/arm/4.7.3/bin/../lib/gcc/arm-none-eabi/4.7.3/../../../../arm-none-eabi/lib/armv7-m\libc_s.a(lib_a-gdtoa-gethex.o)
                0x00009120                __hexdig_init
 .text.__gethex
                0x0000914c      0x474 c:/program files (x86)/cypress/psoc creator/3.0/psoc creator/import/gnu_cs/arm/4.7.3/bin/../lib/gcc/arm-none-eabi/4.7.3/../../../../arm-none-eabi/lib/armv7-m\libc_s.a(lib_a-gdtoa-gethex.o)
                0x0000914c                __gethex
 .text.L_shift  0x000095c0       0x28 c:/program files (x86)/cypress/psoc creator/3.0/psoc creator/import/gnu_cs/arm/4.7.3/bin/../lib/gcc/arm-none-eabi/4.7.3/../../../../arm-none-eabi/lib/armv7-m\libc_s.a(lib_a-gdtoa-hexnan.o)
 .text.__hexnan
                0x000095e8      0x124 c:/program files (x86)/cypress/psoc creator/3.0/psoc creator/import/gnu_cs/arm/4.7.3/bin/../lib/gcc/arm-none-eabi/4.7.3/../../../../arm-none-eabi/lib/armv7-m\libc_s.a(lib_a-gdtoa-hexnan.o)
                0x000095e8                __hexnan
 .text._localeconv_r
                0x0000970c        0x8 c:/program files (x86)/cypress/psoc creator/3.0/psoc creator/import/gnu_cs/arm/4.7.3/bin/../lib/gcc/arm-none-eabi/4.7.3/../../../../arm-none-eabi/lib/armv7-m\libc_s.a(lib_a-locale.o)
                0x0000970c                _localeconv_r
 .text._Balloc  0x00009714       0x6a c:/program files (x86)/cypress/psoc creator/3.0/psoc creator/import/gnu_cs/arm/4.7.3/bin/../lib/gcc/arm-none-eabi/4.7.3/../../../../arm-none-eabi/lib/armv7-m\libc_s.a(lib_a-mprec.o)
                0x00009714                _Balloc
 .text._Bfree   0x0000977e       0x2e c:/program files (x86)/cypress/psoc creator/3.0/psoc creator/import/gnu_cs/arm/4.7.3/bin/../lib/gcc/arm-none-eabi/4.7.3/../../../../arm-none-eabi/lib/armv7-m\libc_s.a(lib_a-mprec.o)
                0x0000977e                _Bfree
 .text.__multadd
                0x000097ac       0x78 c:/program files (x86)/cypress/psoc creator/3.0/psoc creator/import/gnu_cs/arm/4.7.3/bin/../lib/gcc/arm-none-eabi/4.7.3/../../../../arm-none-eabi/lib/armv7-m\libc_s.a(lib_a-mprec.o)
                0x000097ac                __multadd
 .text.__s2b    0x00009824       0x84 c:/program files (x86)/cypress/psoc creator/3.0/psoc creator/import/gnu_cs/arm/4.7.3/bin/../lib/gcc/arm-none-eabi/4.7.3/../../../../arm-none-eabi/lib/armv7-m\libc_s.a(lib_a-mprec.o)
                0x00009824                __s2b
 .text.__hi0bits
                0x000098a8       0x3e c:/program files (x86)/cypress/psoc creator/3.0/psoc creator/import/gnu_cs/arm/4.7.3/bin/../lib/gcc/arm-none-eabi/4.7.3/../../../../arm-none-eabi/lib/armv7-m\libc_s.a(lib_a-mprec.o)
                0x000098a8                __hi0bits
 .text.__lo0bits
                0x000098e6       0x5a c:/program files (x86)/cypress/psoc creator/3.0/psoc creator/import/gnu_cs/arm/4.7.3/bin/../lib/gcc/arm-none-eabi/4.7.3/../../../../arm-none-eabi/lib/armv7-m\libc_s.a(lib_a-mprec.o)
                0x000098e6                __lo0bits
 .text.__i2b    0x00009940       0x12 c:/program files (x86)/cypress/psoc creator/3.0/psoc creator/import/gnu_cs/arm/4.7.3/bin/../lib/gcc/arm-none-eabi/4.7.3/../../../../arm-none-eabi/lib/armv7-m\libc_s.a(lib_a-mprec.o)
                0x00009940                __i2b
 .text.__multiply
                0x00009952      0x122 c:/program files (x86)/cypress/psoc creator/3.0/psoc creator/import/gnu_cs/arm/4.7.3/bin/../lib/gcc/arm-none-eabi/4.7.3/../../../../arm-none-eabi/lib/armv7-m\libc_s.a(lib_a-mprec.o)
                0x00009952                __multiply
 .text.__pow5mult
                0x00009a74       0xa4 c:/program files (x86)/cypress/psoc creator/3.0/psoc creator/import/gnu_cs/arm/4.7.3/bin/../lib/gcc/arm-none-eabi/4.7.3/../../../../arm-none-eabi/lib/armv7-m\libc_s.a(lib_a-mprec.o)
                0x00009a74                __pow5mult
 .text.__lshift
                0x00009b18       0xa8 c:/program files (x86)/cypress/psoc creator/3.0/psoc creator/import/gnu_cs/arm/4.7.3/bin/../lib/gcc/arm-none-eabi/4.7.3/../../../../arm-none-eabi/lib/armv7-m\libc_s.a(lib_a-mprec.o)
                0x00009b18                __lshift
 .text.__mcmp   0x00009bc0       0x3a c:/program files (x86)/cypress/psoc creator/3.0/psoc creator/import/gnu_cs/arm/4.7.3/bin/../lib/gcc/arm-none-eabi/4.7.3/../../../../arm-none-eabi/lib/armv7-m\libc_s.a(lib_a-mprec.o)
                0x00009bc0                __mcmp
 .text.__mdiff  0x00009bfa       0xc4 c:/program files (x86)/cypress/psoc creator/3.0/psoc creator/import/gnu_cs/arm/4.7.3/bin/../lib/gcc/arm-none-eabi/4.7.3/../../../../arm-none-eabi/lib/armv7-m\libc_s.a(lib_a-mprec.o)
                0x00009bfa                __mdiff
 *fill*         0x00009cbe        0x2 00
 .text.__ulp    0x00009cc0       0x40 c:/program files (x86)/cypress/psoc creator/3.0/psoc creator/import/gnu_cs/arm/4.7.3/bin/../lib/gcc/arm-none-eabi/4.7.3/../../../../arm-none-eabi/lib/armv7-m\libc_s.a(lib_a-mprec.o)
                0x00009cc0                __ulp
 .text.__b2d    0x00009d00       0xa8 c:/program files (x86)/cypress/psoc creator/3.0/psoc creator/import/gnu_cs/arm/4.7.3/bin/../lib/gcc/arm-none-eabi/4.7.3/../../../../arm-none-eabi/lib/armv7-m\libc_s.a(lib_a-mprec.o)
                0x00009d00                __b2d
 .text.__d2b    0x00009da8       0xa8 c:/program files (x86)/cypress/psoc creator/3.0/psoc creator/import/gnu_cs/arm/4.7.3/bin/../lib/gcc/arm-none-eabi/4.7.3/../../../../arm-none-eabi/lib/armv7-m\libc_s.a(lib_a-mprec.o)
                0x00009da8                __d2b
 .text.__ratio  0x00009e50       0x4a c:/program files (x86)/cypress/psoc creator/3.0/psoc creator/import/gnu_cs/arm/4.7.3/bin/../lib/gcc/arm-none-eabi/4.7.3/../../../../arm-none-eabi/lib/armv7-m\libc_s.a(lib_a-mprec.o)
                0x00009e50                __ratio
 .text.__copybits
                0x00009e9a       0x32 c:/program files (x86)/cypress/psoc creator/3.0/psoc creator/import/gnu_cs/arm/4.7.3/bin/../lib/gcc/arm-none-eabi/4.7.3/../../../../arm-none-eabi/lib/armv7-m\libc_s.a(lib_a-mprec.o)
                0x00009e9a                __copybits
 .text.__any_on
                0x00009ecc       0x4c c:/program files (x86)/cypress/psoc creator/3.0/psoc creator/import/gnu_cs/arm/4.7.3/bin/../lib/gcc/arm-none-eabi/4.7.3/../../../../arm-none-eabi/lib/armv7-m\libc_s.a(lib_a-mprec.o)
                0x00009ecc                __any_on
 .text._malloc_usable_size_r
                0x00009f18       0x12 c:/program files (x86)/cypress/psoc creator/3.0/psoc creator/import/gnu_cs/arm/4.7.3/bin/../lib/gcc/arm-none-eabi/4.7.3/../../../../arm-none-eabi/lib/armv7-m\libc_s.a(lib_a-msizer.o)
                0x00009f18                _malloc_usable_size_r
 .text.strncmp  0x00009f2a       0x2e c:/program files (x86)/cypress/psoc creator/3.0/psoc creator/import/gnu_cs/arm/4.7.3/bin/../lib/gcc/arm-none-eabi/4.7.3/../../../../arm-none-eabi/lib/armv7-m\libc_s.a(lib_a-strncmp.o)
                0x00009f2a                strncmp
 .text._calloc_r
                0x00009f58       0x1c c:/program files (x86)/cypress/psoc creator/3.0/psoc creator/import/gnu_cs/arm/4.7.3/bin/../lib/gcc/arm-none-eabi/4.7.3/../../../../arm-none-eabi/lib/armv7-m\libc_s.a(lib_a-callocr.o)
                0x00009f58                _calloc_r
 .text.malloc   0x00009f74       0x10 c:/program files (x86)/cypress/psoc creator/3.0/psoc creator/import/gnu_cs/arm/4.7.3/bin/../lib/gcc/arm-none-eabi/4.7.3/../../../../arm-none-eabi/lib/armv7-m\libc_s.a(lib_a-malloc.o)
                0x00009f74                malloc
 .text          0x00009f84       0x40 c:/program files (x86)/cypress/psoc creator/3.0/psoc creator/import/gnu_cs/arm/4.7.3/bin/../lib/gcc/arm-none-eabi/4.7.3/armv7-m\libgcc.a(_arm_fixunsdfsi.o)
                0x00009f84                __aeabi_d2uiz
                0x00009f84                __fixunsdfsi
 .text._sbrk    0x00009fc4       0x34 c:/program files (x86)/cypress/psoc creator/3.0/psoc creator/import/gnu_cs/arm/4.7.3/bin/../lib/gcc/arm-none-eabi/4.7.3/../../../../arm-none-eabi/lib/armv7-m\libnosys.a(sbrk.o)
                0x00009fc4                _sbrk
 *(.plt)
 *(.gnu.warning)
 *(.glue_7t)
 .glue_7t       0x00000000        0x0 linker stubs
 *(.glue_7)
 .glue_7        0x00000000        0x0 linker stubs
 *(.vfp11_veneer)
 .vfp11_veneer  0x00000000        0x0 linker stubs
 *(.bootloader)
 *(.ARM.extab* .gnu.linkonce.armextab.*)
 *(.gcc_except_table)

.v4_bx          0x00009ff8        0x0
 .v4_bx         0x00000000        0x0 linker stubs

.iplt           0x00009ff8        0x0
 .iplt          0x00000000        0x0 c:/program files (x86)/cypress/psoc creator/3.0/psoc creator/import/gnu_cs/arm/4.7.3/bin/../lib/gcc/arm-none-eabi/4.7.3/armv7-m/crtbegin.o

.eh_frame_hdr
 *(.eh_frame_hdr)

.eh_frame       0x00009ff8        0x4
 *(.eh_frame)
 .eh_frame      0x00009ff8        0x0 c:/program files (x86)/cypress/psoc creator/3.0/psoc creator/import/gnu_cs/arm/4.7.3/bin/../lib/gcc/arm-none-eabi/4.7.3/armv7-m/crtbegin.o
 .eh_frame      0x00009ff8        0x4 c:/program files (x86)/cypress/psoc creator/3.0/psoc creator/import/gnu_cs/arm/4.7.3/bin/../lib/gcc/arm-none-eabi/4.7.3/armv7-m/crtend.o
                0x00009ffc                PROVIDE (__exidx_start, .)

.ARM.exidx
 *(.ARM.exidx* .gnu.linkonce.armexidx.*)
                0x00009ffc                __exidx_end = .

.rodata         0x0000a000      0x720
 *(.rodata .rodata.* .gnu.linkonce.r.*)
 .rodata        0x0000a000      0x134 .\CortexM3\ARM_GCC_473\Debug\main.o
 .rodata        0x0000a134       0x3c .\CortexM3\ARM_GCC_473\Debug\airmar_NoGPS.a(cyfitter_cfg.o)
 .rodata.atanlo
                0x0000a170       0x20 c:/program files (x86)/cypress/psoc creator/3.0/psoc creator/import/gnu_cs/arm/4.7.3/bin/../lib/gcc/arm-none-eabi/4.7.3/../../../../arm-none-eabi/lib/armv7-m\libm.a(lib_a-s_atan.o)
 .rodata.atanhi
                0x0000a190       0x20 c:/program files (x86)/cypress/psoc creator/3.0/psoc creator/import/gnu_cs/arm/4.7.3/bin/../lib/gcc/arm-none-eabi/4.7.3/../../../../arm-none-eabi/lib/armv7-m\libm.a(lib_a-s_atan.o)
 .rodata.str1.4
                0x0000a1b0        0x4 c:/program files (x86)/cypress/psoc creator/3.0/psoc creator/import/gnu_cs/arm/4.7.3/bin/../lib/gcc/arm-none-eabi/4.7.3/../../../../arm-none-eabi/lib/armv7-m\libm.a(lib_a-w_pow.o)
 .rodata.str1.4
                0x0000a1b4        0x5 c:/program files (x86)/cypress/psoc creator/3.0/psoc creator/import/gnu_cs/arm/4.7.3/bin/../lib/gcc/arm-none-eabi/4.7.3/../../../../arm-none-eabi/lib/armv7-m\libm.a(lib_a-w_sqrt.o)
                                  0x8 (size before relaxing)
 *fill*         0x0000a1b9        0x7 00
 .rodata.dp_h   0x0000a1c0       0x10 c:/program files (x86)/cypress/psoc creator/3.0/psoc creator/import/gnu_cs/arm/4.7.3/bin/../lib/gcc/arm-none-eabi/4.7.3/../../../../arm-none-eabi/lib/armv7-m\libm.a(lib_a-e_pow.o)
 .rodata.dp_l   0x0000a1d0       0x10 c:/program files (x86)/cypress/psoc creator/3.0/psoc creator/import/gnu_cs/arm/4.7.3/bin/../lib/gcc/arm-none-eabi/4.7.3/../../../../arm-none-eabi/lib/armv7-m\libm.a(lib_a-e_pow.o)
 .rodata.bp     0x0000a1e0       0x10 c:/program files (x86)/cypress/psoc creator/3.0/psoc creator/import/gnu_cs/arm/4.7.3/bin/../lib/gcc/arm-none-eabi/4.7.3/../../../../arm-none-eabi/lib/armv7-m\libm.a(lib_a-e_pow.o)
 .rodata.str1.4
                0x00000000        0x8 c:/program files (x86)/cypress/psoc creator/3.0/psoc creator/import/gnu_cs/arm/4.7.3/bin/../lib/gcc/arm-none-eabi/4.7.3/../../../../arm-none-eabi/lib/armv7-m\libm.a(lib_a-e_pow.o)
                                  0x4 (size before relaxing)
 .rodata.npio2_hw
                0x0000a1f0       0x80 c:/program files (x86)/cypress/psoc creator/3.0/psoc creator/import/gnu_cs/arm/4.7.3/bin/../lib/gcc/arm-none-eabi/4.7.3/../../../../arm-none-eabi/lib/armv7-m\libm.a(lib_a-e_rem_pio2.o)
 .rodata.two_over_pi
                0x0000a270      0x108 c:/program files (x86)/cypress/psoc creator/3.0/psoc creator/import/gnu_cs/arm/4.7.3/bin/../lib/gcc/arm-none-eabi/4.7.3/../../../../arm-none-eabi/lib/armv7-m\libm.a(lib_a-e_rem_pio2.o)
 .rodata.init_jk
                0x0000a378       0x10 c:/program files (x86)/cypress/psoc creator/3.0/psoc creator/import/gnu_cs/arm/4.7.3/bin/../lib/gcc/arm-none-eabi/4.7.3/../../../../arm-none-eabi/lib/armv7-m\libm.a(lib_a-k_rem_pio2.o)
 .rodata.PIo2   0x0000a388       0x40 c:/program files (x86)/cypress/psoc creator/3.0/psoc creator/import/gnu_cs/arm/4.7.3/bin/../lib/gcc/arm-none-eabi/4.7.3/../../../../arm-none-eabi/lib/armv7-m\libm.a(lib_a-k_rem_pio2.o)
 .rodata.TWO52  0x0000a3c8       0x10 c:/program files (x86)/cypress/psoc creator/3.0/psoc creator/import/gnu_cs/arm/4.7.3/bin/../lib/gcc/arm-none-eabi/4.7.3/../../../../arm-none-eabi/lib/armv7-m\libm.a(lib_a-s_rint.o)
 .rodata.str1.1
                0x0000a3d8        0x2 c:/program files (x86)/cypress/psoc creator/3.0/psoc creator/import/gnu_cs/arm/4.7.3/bin/../lib/gcc/arm-none-eabi/4.7.3/../../../../arm-none-eabi/lib/armv7-m\libc_s.a(lib_a-impure.o)
 .rodata.str1.1
                0x0000a3da        0x5 c:/program files (x86)/cypress/psoc creator/3.0/psoc creator/import/gnu_cs/arm/4.7.3/bin/../lib/gcc/arm-none-eabi/4.7.3/../../../../arm-none-eabi/lib/armv7-m\libc_s.a(lib_a-vfscanf_float.o)
 *fill*         0x0000a3df        0x1 00
 .rodata        0x0000a3e0        0xc c:/program files (x86)/cypress/psoc creator/3.0/psoc creator/import/gnu_cs/arm/4.7.3/bin/../lib/gcc/arm-none-eabi/4.7.3/../../../../arm-none-eabi/lib/armv7-m\libc_s.a(lib_a-vfscanf_i.o)
 .rodata.str1.1
                0x0000a3ec       0x1b c:/program files (x86)/cypress/psoc creator/3.0/psoc creator/import/gnu_cs/arm/4.7.3/bin/../lib/gcc/arm-none-eabi/4.7.3/../../../../arm-none-eabi/lib/armv7-m\libc_s.a(lib_a-vfscanf_i.o)
 .rodata._ctype_
                0x0000a407      0x101 c:/program files (x86)/cypress/psoc creator/3.0/psoc creator/import/gnu_cs/arm/4.7.3/bin/../lib/gcc/arm-none-eabi/4.7.3/../../../../arm-none-eabi/lib/armv7-m\libc_s.a(lib_a-ctype_.o)
                0x0000a407                _ctype_
 .rodata.__sf_fake_stdin
                0x0000a508       0x20 c:/program files (x86)/cypress/psoc creator/3.0/psoc creator/import/gnu_cs/arm/4.7.3/bin/../lib/gcc/arm-none-eabi/4.7.3/../../../../arm-none-eabi/lib/armv7-m\libc_s.a(lib_a-findfp.o)
                0x0000a508                __sf_fake_stdin
 .rodata.__sf_fake_stdout
                0x0000a528       0x20 c:/program files (x86)/cypress/psoc creator/3.0/psoc creator/import/gnu_cs/arm/4.7.3/bin/../lib/gcc/arm-none-eabi/4.7.3/../../../../arm-none-eabi/lib/armv7-m\libc_s.a(lib_a-findfp.o)
                0x0000a528                __sf_fake_stdout
 .rodata.__sf_fake_stderr
                0x0000a548       0x20 c:/program files (x86)/cypress/psoc creator/3.0/psoc creator/import/gnu_cs/arm/4.7.3/bin/../lib/gcc/arm-none-eabi/4.7.3/../../../../arm-none-eabi/lib/armv7-m\libc_s.a(lib_a-findfp.o)
                0x0000a548                __sf_fake_stderr
 .rodata.str1.1
                0x0000a568        0xc c:/program files (x86)/cypress/psoc creator/3.0/psoc creator/import/gnu_cs/arm/4.7.3/bin/../lib/gcc/arm-none-eabi/4.7.3/../../../../arm-none-eabi/lib/armv7-m\libc_s.a(lib_a-strtod.o)
 *fill*         0x0000a574        0x4 00
 .rodata.tinytens
                0x0000a578       0x28 c:/program files (x86)/cypress/psoc creator/3.0/psoc creator/import/gnu_cs/arm/4.7.3/bin/../lib/gcc/arm-none-eabi/4.7.3/../../../../arm-none-eabi/lib/armv7-m\libc_s.a(lib_a-strtod.o)
 .rodata.str1.1
                0x0000a5a0       0x11 c:/program files (x86)/cypress/psoc creator/3.0/psoc creator/import/gnu_cs/arm/4.7.3/bin/../lib/gcc/arm-none-eabi/4.7.3/../../../../arm-none-eabi/lib/armv7-m\libc_s.a(lib_a-svfprintf.o)
 .rodata.str1.1
                0x0000a5b1       0x22 c:/program files (x86)/cypress/psoc creator/3.0/psoc creator/import/gnu_cs/arm/4.7.3/bin/../lib/gcc/arm-none-eabi/4.7.3/../../../../arm-none-eabi/lib/armv7-m\libc_s.a(lib_a-vfprintf_i.o)
 .rodata.str1.1
                0x0000a5d3        0xb c:/program files (x86)/cypress/psoc creator/3.0/psoc creator/import/gnu_cs/arm/4.7.3/bin/../lib/gcc/arm-none-eabi/4.7.3/../../../../arm-none-eabi/lib/armv7-m\libc_s.a(lib_a-gdtoa-gethex.o)
                                 0x19 (size before relaxing)
 .rodata.str1.1
                0x0000a5de        0x8 c:/program files (x86)/cypress/psoc creator/3.0/psoc creator/import/gnu_cs/arm/4.7.3/bin/../lib/gcc/arm-none-eabi/4.7.3/../../../../arm-none-eabi/lib/armv7-m\libc_s.a(lib_a-locale.o)
                                  0xb (size before relaxing)
 *fill*         0x0000a5e6        0x2 00
 .rodata.__mprec_tens
                0x0000a5e8       0xc8 c:/program files (x86)/cypress/psoc creator/3.0/psoc creator/import/gnu_cs/arm/4.7.3/bin/../lib/gcc/arm-none-eabi/4.7.3/../../../../arm-none-eabi/lib/armv7-m\libc_s.a(lib_a-mprec.o)
                0x0000a5e8                __mprec_tens
 .rodata.p05.5252
                0x0000a6b0        0xc c:/program files (x86)/cypress/psoc creator/3.0/psoc creator/import/gnu_cs/arm/4.7.3/bin/../lib/gcc/arm-none-eabi/4.7.3/../../../../arm-none-eabi/lib/armv7-m\libc_s.a(lib_a-mprec.o)
 *fill*         0x0000a6bc        0x4 00
 .rodata.__mprec_bigtens
                0x0000a6c0       0x28 c:/program files (x86)/cypress/psoc creator/3.0/psoc creator/import/gnu_cs/arm/4.7.3/bin/../lib/gcc/arm-none-eabi/4.7.3/../../../../arm-none-eabi/lib/armv7-m\libc_s.a(lib_a-mprec.o)
                0x0000a6c0                __mprec_bigtens
                0x0000a6e8                . = ALIGN (0x4)
 *(.init)
 .init          0x0000a6e8        0x4 c:/program files (x86)/cypress/psoc creator/3.0/psoc creator/import/gnu_cs/arm/4.7.3/bin/../lib/gcc/arm-none-eabi/4.7.3/armv7-m/crti.o
                0x0000a6e8                _init
 .init          0x0000a6ec        0x8 c:/program files (x86)/cypress/psoc creator/3.0/psoc creator/import/gnu_cs/arm/4.7.3/bin/../lib/gcc/arm-none-eabi/4.7.3/armv7-m/crtn.o
                0x0000a6f4                . = ALIGN (0x4)
                0x0000a6f4                __preinit_array_start = .
 *(.preinit_array)
                0x0000a6f4                __preinit_array_end = .
                0x0000a6f4                . = ALIGN (0x4)
                0x0000a6f4                __init_array_start = .
 *(SORT(.init_array.*))
 *(.init_array)
 .init_array    0x0000a6f4        0x4 c:/program files (x86)/cypress/psoc creator/3.0/psoc creator/import/gnu_cs/arm/4.7.3/bin/../lib/gcc/arm-none-eabi/4.7.3/armv7-m/crtbegin.o
 .init_array    0x0000a6f8        0x4 .\CortexM3\ARM_GCC_473\Debug\Cm3Start.o
                0x0000a6fc                __init_array_end = .
                0x0000a6fc                . = ALIGN (0x4)
 *(.fini)
 .fini          0x0000a6fc        0x4 c:/program files (x86)/cypress/psoc creator/3.0/psoc creator/import/gnu_cs/arm/4.7.3/bin/../lib/gcc/arm-none-eabi/4.7.3/armv7-m/crti.o
                0x0000a6fc                _fini
 .fini          0x0000a700        0x8 c:/program files (x86)/cypress/psoc creator/3.0/psoc creator/import/gnu_cs/arm/4.7.3/bin/../lib/gcc/arm-none-eabi/4.7.3/armv7-m/crtn.o
                0x0000a708                . = ALIGN (0x4)
                0x0000a708                __fini_array_start = .
 *(.fini_array)
 .fini_array    0x0000a708        0x4 c:/program files (x86)/cypress/psoc creator/3.0/psoc creator/import/gnu_cs/arm/4.7.3/bin/../lib/gcc/arm-none-eabi/4.7.3/armv7-m/crtbegin.o
 *(SORT(.fini_array.*))
                0x0000a70c                __fini_array_end = .
                0x0000a70c                . = ALIGN (0x4)
 *crtbegin.o(.ctors)
 *(EXCLUDE_FILE(*crtend.o) .ctors)
 *(SORT(.ctors.*))
 *crtend.o(.ctors)
                0x0000a70c                . = ALIGN (0x4)
 *crtbegin.o(.dtors)
 *(EXCLUDE_FILE(*crtend.o) .dtors)
 *(SORT(.dtors.*))
 *crtend.o(.dtors)
                0x0000a70c                . = ALIGN (0x4)
                0x0000a70c                __cy_regions = .
                0x0000a70c        0x4 LONG 0xa720 __cy_region_init_ram
                0x0000a710        0x4 LONG 0x1fff8108 __cy_region_start_data
                0x0000a714        0x4 LONG 0xe8 __cy_region_init_size_ram
                0x0000a718        0x4 LONG 0x6e8 __cy_region_zero_size_ram
                0x0000a71c                __cy_regions_end = .
                0x0000a720                . = ALIGN (0x8)
 *fill*         0x0000a71c        0x4 00
                0x0000a720                _etext = .

.ramvectors     0x1fff8000      0x100
                0x1fff8000                __cy_region_start_ram = .
 *(.ramvectors)
 .ramvectors    0x1fff8000      0x100 .\CortexM3\ARM_GCC_473\Debug\Cm3Start.o
                0x1fff8000                CyRamVectors

.noinit         0x1fff8100        0x5
 *(.noinit)
 .noinit        0x1fff8100        0x4 .\CortexM3\ARM_GCC_473\Debug\Cm3Start.o
 .noinit        0x1fff8104        0x1 .\CortexM3\ARM_GCC_473\Debug\airmar_NoGPS.a(CyLib.o)
                0x1fff8104                CyResetStatus

.data           0x1fff8108       0xe8 load address 0x0000a720
                0x1fff8108                __cy_region_start_data = .
 *(.jcr)
 .jcr           0x1fff8108        0x0 c:/program files (x86)/cypress/psoc creator/3.0/psoc creator/import/gnu_cs/arm/4.7.3/bin/../lib/gcc/arm-none-eabi/4.7.3/armv7-m/crtbegin.o
 .jcr           0x1fff8108        0x4 c:/program files (x86)/cypress/psoc creator/3.0/psoc creator/import/gnu_cs/arm/4.7.3/bin/../lib/gcc/arm-none-eabi/4.7.3/armv7-m/crtend.o
 *(.got.plt)
 *(.got)
 *(.shdata)
 *(.data .data.* .gnu.linkonce.d.*)
 .data          0x1fff810c       0x10 .\CortexM3\ARM_GCC_473\Debug\airmar_NoGPS.a(CyLib.o)
                0x1fff810c                cydelay_freq_hz
                0x1fff8110                cydelay_freq_khz
                0x1fff8114                cydelay_freq_mhz
                0x1fff8118                cydelay_32k_ms
 .data.__fdlib_version
                0x1fff811c        0x1 c:/program files (x86)/cypress/psoc creator/3.0/psoc creator/import/gnu_cs/arm/4.7.3/bin/../lib/gcc/arm-none-eabi/4.7.3/../../../../arm-none-eabi/lib/armv7-m\libm.a(lib_a-s_lib_ver.o)
                0x1fff811c                __fdlib_version
 *fill*         0x1fff811d        0x3 00
 .data.impure_data
                0x1fff8120       0x64 c:/program files (x86)/cypress/psoc creator/3.0/psoc creator/import/gnu_cs/arm/4.7.3/bin/../lib/gcc/arm-none-eabi/4.7.3/../../../../arm-none-eabi/lib/armv7-m\libc_s.a(lib_a-impure.o)
 .data._impure_ptr
                0x1fff8184        0x4 c:/program files (x86)/cypress/psoc creator/3.0/psoc creator/import/gnu_cs/arm/4.7.3/bin/../lib/gcc/arm-none-eabi/4.7.3/../../../../arm-none-eabi/lib/armv7-m\libc_s.a(lib_a-impure.o)
                0x1fff8184                _impure_ptr
 .data.__ctype_ptr__
                0x1fff8188        0x4 c:/program files (x86)/cypress/psoc creator/3.0/psoc creator/import/gnu_cs/arm/4.7.3/bin/../lib/gcc/arm-none-eabi/4.7.3/../../../../arm-none-eabi/lib/armv7-m\libc_s.a(lib_a-ctype_.o)
                0x1fff8188                __ctype_ptr__
 .data.fpi.5208
                0x1fff818c       0x14 c:/program files (x86)/cypress/psoc creator/3.0/psoc creator/import/gnu_cs/arm/4.7.3/bin/../lib/gcc/arm-none-eabi/4.7.3/../../../../arm-none-eabi/lib/armv7-m\libc_s.a(lib_a-strtod.o)
 .data.fpinan.5244
                0x1fff81a0       0x14 c:/program files (x86)/cypress/psoc creator/3.0/psoc creator/import/gnu_cs/arm/4.7.3/bin/../lib/gcc/arm-none-eabi/4.7.3/../../../../arm-none-eabi/lib/armv7-m\libc_s.a(lib_a-strtod.o)
 .data.lconv    0x1fff81b4       0x38 c:/program files (x86)/cypress/psoc creator/3.0/psoc creator/import/gnu_cs/arm/4.7.3/bin/../lib/gcc/arm-none-eabi/4.7.3/../../../../arm-none-eabi/lib/armv7-m\libc_s.a(lib_a-locale.o)
                0x1fff81f0                . = ALIGN (0x8)
 *fill*         0x1fff81ec        0x4 00
 *(.ram)
                0x1fff81f0                _edata = .

.igot.plt       0x1fff81f0        0x0 load address 0x0000a808
 .igot.plt      0x00000000        0x0 c:/program files (x86)/cypress/psoc creator/3.0/psoc creator/import/gnu_cs/arm/4.7.3/bin/../lib/gcc/arm-none-eabi/4.7.3/armv7-m/crtbegin.o

.bss            0x1fff81f0      0x6e8 load address 0x0000a808
                0x1fff81f0                PROVIDE (__bss_start__, .)
 *(.shbss)
 *(.bss .bss.* .gnu.linkonce.b.*)
 .bss           0x1fff81f0       0x1c c:/program files (x86)/cypress/psoc creator/3.0/psoc creator/import/gnu_cs/arm/4.7.3/bin/../lib/gcc/arm-none-eabi/4.7.3/armv7-m/crtbegin.o
 .bss           0x1fff820c       0x30 .\CortexM3\ARM_GCC_473\Debug\main.o
                0x1fff820c                SBDPointer
                0x1fff8210                samplesize
                0x1fff8214                windDataPointer
                0x1fff8218                windpacketReceived
                0x1fff821c                headingandwindReceived
                0x1fff8220                gpsvalid
                0x1fff8224                i
                0x1fff8228                gpsretry
                0x1fff822c                validornot
                0x1fff8230                validgpsfound
                0x1fff8234                windsum
                0x1fff8238                scalerspeed
 .bss           0x1fff823c        0x2 .\CortexM3\ARM_GCC_473\Debug\airmar_NoGPS.a(Airmar.o)
                0x1fff823c                Airmar_initVar
 .bss           0x1fff823e        0x1 .\CortexM3\ARM_GCC_473\Debug\airmar_NoGPS.a(Comp.o)
                0x1fff823e                Comp_initVar
 .bss           0x1fff823f        0x1 .\CortexM3\ARM_GCC_473\Debug\airmar_NoGPS.a(master.o)
                0x1fff823f                master_initVar
 .bss           0x1fff8240        0x2 .\CortexM3\ARM_GCC_473\Debug\airmar_NoGPS.a(UART_SBD.o)
                0x1fff8240                UART_SBD_initVar
 .bss           0x1fff8242        0x1 .\CortexM3\ARM_GCC_473\Debug\airmar_NoGPS.a(psoc.o)
                0x1fff8242                psoc_initVar
 .bss           0x1fff8243        0x1 .\CortexM3\ARM_GCC_473\Debug\airmar_NoGPS.a(ADC.o)
                0x1fff8243                ADC_initVar
 .bss.__malloc_free_list
                0x1fff8244        0x4 c:/program files (x86)/cypress/psoc creator/3.0/psoc creator/import/gnu_cs/arm/4.7.3/bin/../lib/gcc/arm-none-eabi/4.7.3/../../../../arm-none-eabi/lib/armv7-m\libc_s.a(lib_a-mallocr.o)
                0x1fff8244                __malloc_free_list
 .bss.heap_end.4231
                0x1fff8248        0x4 c:/program files (x86)/cypress/psoc creator/3.0/psoc creator/import/gnu_cs/arm/4.7.3/bin/../lib/gcc/arm-none-eabi/4.7.3/../../../../arm-none-eabi/lib/armv7-m\libnosys.a(sbrk.o)
 *(COMMON)
 COMMON         0x1fff824c      0x568 .\CortexM3\ARM_GCC_473\Debug\main.o
                0x1fff824c                startofheadingdata
                0x1fff8250                relativewindheading
                0x1fff8254                leftorright
                0x1fff8255                SBDpacketReceived
                0x1fff8258                windData
                0x1fff82d8                windDirection
                0x1fff82dc                pressure
                0x1fff82e0                text
                0x1fff83e0                windSpeed
                0x1fff83e4                relh
                0x1fff83e8                vectorforavg
                0x1fff85e8                gpsData
                0x1fff8668                float32size
                0x1fff866c                SBDData
                0x1fff876c                watertemp
                0x1fff8770                pch
                0x1fff8774                uint32size
                0x1fff8778                resultantavg
                0x1fff8780                uint8size
                0x1fff8784                westgps
                0x1fff8788                time
                0x1fff878c                count
                0x1fff8790                northgps
                0x1fff8794                int16size
                0x1fff8798                date
                0x1fff879c                startofwinddata
                0x1fff87a0                battery
                0x1fff87a4                matches
                0x1fff87a8                uint16size
                0x1fff87ac                airtemp
                0x1fff87b0                heading
 COMMON         0x1fff87b4        0x1 .\CortexM3\ARM_GCC_473\Debug\airmar_NoGPS.a(psoc.o)
                0x1fff87b4                psoc_state
 *fill*         0x1fff87b5        0x3 00
 COMMON         0x1fff87b8       0x10 .\CortexM3\ARM_GCC_473\Debug\airmar_NoGPS.a(psoc_MASTER.o)
                0x1fff87b8                psoc_mstrWrBufPtr
                0x1fff87bc                psoc_mstrStatus
                0x1fff87bd                psoc_mstrWrBufSize
                0x1fff87be                psoc_mstrRdBufSize
                0x1fff87bf                psoc_mstrControl
                0x1fff87c0                psoc_mstrRdBufIndex
                0x1fff87c1                psoc_mstrWrBufIndex
                0x1fff87c4                psoc_mstrRdBufPtr
 COMMON         0x1fff87c8        0xa .\CortexM3\ARM_GCC_473\Debug\airmar_NoGPS.a(ADC.o)
                0x1fff87c8                ADC_countsPer10Volt
                0x1fff87cc                ADC_shift
                0x1fff87ce                ADC_countsPerVolt
                0x1fff87d0                ADC_offset
 *fill*         0x1fff87d2        0x2 00
 COMMON         0x1fff87d4        0x4 c:/program files (x86)/cypress/psoc creator/3.0/psoc creator/import/gnu_cs/arm/4.7.3/bin/../lib/gcc/arm-none-eabi/4.7.3/../../../../arm-none-eabi/lib/armv7-m\libc_s.a(lib_a-reent.o)
                0x1fff87d4                errno
 COMMON         0x1fff87d8      0x100 c:/program files (x86)/cypress/psoc creator/3.0/psoc creator/import/gnu_cs/arm/4.7.3/bin/../lib/gcc/arm-none-eabi/4.7.3/../../../../arm-none-eabi/lib/armv7-m\libc_s.a(lib_a-gdtoa-gethex.o)
                0x1fff87d8                __hexdig
                0x1fff88d8                . = ALIGN (0x8)
 *(.ram.b)
                0x1fff88d8                _end = .
                0x1fff88d8                __end = .
                0x1fff88d8                PROVIDE (end, .)
                0x1fff88d8                PROVIDE (__bss_end__, .)
                0x0000a720                __cy_region_init_ram = LOADADDR (.data)
                0x000000e8                __cy_region_init_size_ram = (_edata - ADDR (.data))
                0x000006e8                __cy_region_zero_size_ram = (_end - _edata)

.heap           0x1fff88d8     0x1000 load address 0x0000a808
                0x1fff88d8                . = _end
                0x1fff98d8                . = (. + 0x1000)
 *fill*         0x1fff88d8     0x1000 00
                0x1fff98d8                __cy_heap_limit = .

.stack          0x20004000     0x4000
                0x20004000                __cy_stack_limit = .
                0x20008000                . = (. + 0x4000)
 *fill*         0x20004000     0x4000 00
                0x00000001                ASSERT ((__cy_stack_limit >= __cy_heap_limit), region RAM overflowed with stack)

.cyloadermeta
 *(.cyloadermeta)

.cyloadablemeta
 *(.cyloadablemeta)

.cyconfigecc    0x80000000      0x924
 *(.cyconfigecc)
 .cyconfigecc   0x80000000      0x924 .\CortexM3\ARM_GCC_473\Debug\cymetadata.o
                0x80000000                cy_meta_configecc

.cycustnvl      0x90000000        0x4
 *(.cycustnvl)
 .cycustnvl     0x90000000        0x4 .\CortexM3\ARM_GCC_473\Debug\cymetadata.o
                0x90000000                cy_meta_custnvl

.cywolatch      0x90100000        0x4
 *(.cywolatch)
 .cywolatch     0x90100000        0x4 .\CortexM3\ARM_GCC_473\Debug\cymetadata.o
                0x90100000                cy_meta_wonvl

.cyeeprom       0x90200000        0x0
 *(.cyeeprom)
                0x00000001                ASSERT ((. <= ((0x90200000 + ee_offset) + ee_size)), .cyeeprom data will not fit in EEPROM)

.cyflashprotect
                0x90400000      0x100
 *(.cyflashprotect)
 .cyflashprotect
                0x90400000      0x100 .\CortexM3\ARM_GCC_473\Debug\cymetadata.o
                0x90400000                cy_meta_flashprotect

.cymeta         0x90500000        0xc
 *(.cymeta)
 .cymeta        0x90500000        0xc .\CortexM3\ARM_GCC_473\Debug\cymetadata.o
                0x90500000                cy_metadata

.rel.dyn        0x0000a808        0x0 load address 0x9050000c
 .rel.iplt      0x00000000        0x0 c:/program files (x86)/cypress/psoc creator/3.0/psoc creator/import/gnu_cs/arm/4.7.3/bin/../lib/gcc/arm-none-eabi/4.7.3/armv7-m/crtbegin.o

.stab           0x00000000       0x6c
 *(.stab)
 .stab          0x00000000       0x24 c:/program files (x86)/cypress/psoc creator/3.0/psoc creator/import/gnu_cs/arm/4.7.3/bin/../lib/gcc/arm-none-eabi/4.7.3/../../../../arm-none-eabi/lib/armv7-m\libnosys.a(close.o)
 .stab          0x00000024       0x18 c:/program files (x86)/cypress/psoc creator/3.0/psoc creator/import/gnu_cs/arm/4.7.3/bin/../lib/gcc/arm-none-eabi/4.7.3/../../../../arm-none-eabi/lib/armv7-m\libnosys.a(lseek.o)
                                 0x24 (size before relaxing)
 .stab          0x0000003c       0x18 c:/program files (x86)/cypress/psoc creator/3.0/psoc creator/import/gnu_cs/arm/4.7.3/bin/../lib/gcc/arm-none-eabi/4.7.3/../../../../arm-none-eabi/lib/armv7-m\libnosys.a(read.o)
                                 0x24 (size before relaxing)
 .stab          0x00000054       0x18 c:/program files (x86)/cypress/psoc creator/3.0/psoc creator/import/gnu_cs/arm/4.7.3/bin/../lib/gcc/arm-none-eabi/4.7.3/../../../../arm-none-eabi/lib/armv7-m\libnosys.a(write.o)
                                 0x24 (size before relaxing)

.stabstr        0x00000000       0xdf
 *(.stabstr)
 .stabstr       0x00000000       0xdf c:/program files (x86)/cypress/psoc creator/3.0/psoc creator/import/gnu_cs/arm/4.7.3/bin/../lib/gcc/arm-none-eabi/4.7.3/../../../../arm-none-eabi/lib/armv7-m\libnosys.a(close.o)

.debug
 *(.debug)

.line
 *(.line)

.debug_srcinfo
 *(.debug_srcinfo)

.debug_sfnames
 *(.debug_sfnames)

.debug_aranges  0x00000000      0xd30
 *(.debug_aranges)
 .debug_aranges
                0x00000000       0x40 .\CortexM3\ARM_GCC_473\Debug\main.o
 .debug_aranges
                0x00000040       0x20 .\CortexM3\ARM_GCC_473\Debug\thermocouple.o
 .debug_aranges
                0x00000060       0x40 .\CortexM3\ARM_GCC_473\Debug\wind.o
 .debug_aranges
                0x000000a0       0x38 .\CortexM3\ARM_GCC_473\Debug\RH.o
 .debug_aranges
                0x000000d8       0x20 .\CortexM3\ARM_GCC_473\Debug\Batteryvoltage.o
 .debug_aranges
                0x000000f8       0x18 .\CortexM3\ARM_GCC_473\Debug\cymetadata.o
 .debug_aranges
                0x00000110       0x40 .\CortexM3\ARM_GCC_473\Debug\Cm3Start.o
 .debug_aranges
                0x00000150       0x60 .\CortexM3\ARM_GCC_473\Debug\airmar_NoGPS.a(cyfitter_cfg.o)
 .debug_aranges
                0x000001b0       0xf0 .\CortexM3\ARM_GCC_473\Debug\airmar_NoGPS.a(Airmar.o)
 .debug_aranges
                0x000002a0       0x80 .\CortexM3\ARM_GCC_473\Debug\airmar_NoGPS.a(isr_airmar.o)
 .debug_aranges
                0x00000320       0x70 .\CortexM3\ARM_GCC_473\Debug\airmar_NoGPS.a(Airmar_IntClock.o)
 .debug_aranges
                0x00000390       0x20 .\CortexM3\ARM_GCC_473\Debug\airmar_NoGPS.a(CyBootAsmGnu.o)
 .debug_aranges
                0x000003b0      0x218 .\CortexM3\ARM_GCC_473\Debug\airmar_NoGPS.a(CyLib.o)
 .debug_aranges
                0x000005c8       0x90 .\CortexM3\ARM_GCC_473\Debug\airmar_NoGPS.a(cyPm.o)
 .debug_aranges
                0x00000658       0x70 .\CortexM3\ARM_GCC_473\Debug\airmar_NoGPS.a(Comp.o)
 .debug_aranges
                0x000006c8       0xd8 .\CortexM3\ARM_GCC_473\Debug\airmar_NoGPS.a(master.o)
 .debug_aranges
                0x000007a0       0x70 .\CortexM3\ARM_GCC_473\Debug\airmar_NoGPS.a(clock.o)
 .debug_aranges
                0x00000810       0xf0 .\CortexM3\ARM_GCC_473\Debug\airmar_NoGPS.a(UART_SBD.o)
 .debug_aranges
                0x00000900       0x80 .\CortexM3\ARM_GCC_473\Debug\airmar_NoGPS.a(SBD_reply.o)
 .debug_aranges
                0x00000980       0x70 .\CortexM3\ARM_GCC_473\Debug\airmar_NoGPS.a(UART_SBD_IntClock.o)
 .debug_aranges
                0x000009f0       0x38 .\CortexM3\ARM_GCC_473\Debug\airmar_NoGPS.a(psoc.o)
 .debug_aranges
                0x00000a28       0x20 .\CortexM3\ARM_GCC_473\Debug\airmar_NoGPS.a(psoc_INT.o)
 .debug_aranges
                0x00000a48       0x38 .\CortexM3\ARM_GCC_473\Debug\airmar_NoGPS.a(psoc_PM.o)
 .debug_aranges
                0x00000a80       0x88 .\CortexM3\ARM_GCC_473\Debug\airmar_NoGPS.a(psoc_MASTER.o)
 .debug_aranges
                0x00000b08       0xa8 .\CortexM3\ARM_GCC_473\Debug\airmar_NoGPS.a(ADC.o)
 .debug_aranges
                0x00000bb0       0x20 .\CortexM3\ARM_GCC_473\Debug\airmar_NoGPS.a(ADC_INT.o)
 .debug_aranges
                0x00000bd0       0x80 .\CortexM3\ARM_GCC_473\Debug\airmar_NoGPS.a(ADC_theACLK.o)
 .debug_aranges
                0x00000c50       0x78 .\CortexM3\ARM_GCC_473\Debug\airmar_NoGPS.a(CyFlash.o)
 .debug_aranges
                0x00000cc8       0x68 .\CortexM3\ARM_GCC_473\Debug\airmar_NoGPS.a(CySpc.o)

.debug_pubnames
 *(.debug_pubnames)

.debug_info     0x00000000     0x6092
 *(.debug_info .gnu.linkonce.wi.*)
 .debug_info    0x00000000      0x646 .\CortexM3\ARM_GCC_473\Debug\main.o
 .debug_info    0x00000646      0x161 .\CortexM3\ARM_GCC_473\Debug\thermocouple.o
 .debug_info    0x000007a7      0x260 .\CortexM3\ARM_GCC_473\Debug\wind.o
 .debug_info    0x00000a07      0x230 .\CortexM3\ARM_GCC_473\Debug\RH.o
 .debug_info    0x00000c37      0x105 .\CortexM3\ARM_GCC_473\Debug\Batteryvoltage.o
 .debug_info    0x00000d3c      0x143 .\CortexM3\ARM_GCC_473\Debug\cymetadata.o
 .debug_info    0x00000e7f      0x2ea .\CortexM3\ARM_GCC_473\Debug\Cm3Start.o
 .debug_info    0x00001169      0x49c .\CortexM3\ARM_GCC_473\Debug\airmar_NoGPS.a(cyfitter_cfg.o)
 .debug_info    0x00001605      0x58b .\CortexM3\ARM_GCC_473\Debug\airmar_NoGPS.a(Airmar.o)
 .debug_info    0x00001b90      0x278 .\CortexM3\ARM_GCC_473\Debug\airmar_NoGPS.a(isr_airmar.o)
 .debug_info    0x00001e08      0x294 .\CortexM3\ARM_GCC_473\Debug\airmar_NoGPS.a(Airmar_IntClock.o)
 .debug_info    0x0000209c       0x91 .\CortexM3\ARM_GCC_473\Debug\airmar_NoGPS.a(CyBootAsmGnu.o)
 .debug_info    0x0000212d      0xcd7 .\CortexM3\ARM_GCC_473\Debug\airmar_NoGPS.a(CyLib.o)
 .debug_info    0x00002e04      0x5c3 .\CortexM3\ARM_GCC_473\Debug\airmar_NoGPS.a(cyPm.o)
 .debug_info    0x000033c7      0x276 .\CortexM3\ARM_GCC_473\Debug\airmar_NoGPS.a(Comp.o)
 .debug_info    0x0000363d      0x485 .\CortexM3\ARM_GCC_473\Debug\airmar_NoGPS.a(master.o)
 .debug_info    0x00003ac2      0x294 .\CortexM3\ARM_GCC_473\Debug\airmar_NoGPS.a(clock.o)
 .debug_info    0x00003d56      0x58b .\CortexM3\ARM_GCC_473\Debug\airmar_NoGPS.a(UART_SBD.o)
 .debug_info    0x000042e1      0x278 .\CortexM3\ARM_GCC_473\Debug\airmar_NoGPS.a(SBD_reply.o)
 .debug_info    0x00004559      0x294 .\CortexM3\ARM_GCC_473\Debug\airmar_NoGPS.a(UART_SBD_IntClock.o)
 .debug_info    0x000047ed      0x1d6 .\CortexM3\ARM_GCC_473\Debug\airmar_NoGPS.a(psoc.o)
 .debug_info    0x000049c3      0x166 .\CortexM3\ARM_GCC_473\Debug\airmar_NoGPS.a(psoc_INT.o)
 .debug_info    0x00004b29      0x1a5 .\CortexM3\ARM_GCC_473\Debug\airmar_NoGPS.a(psoc_PM.o)
 .debug_info    0x00004cce      0x453 .\CortexM3\ARM_GCC_473\Debug\airmar_NoGPS.a(psoc_MASTER.o)
 .debug_info    0x00005121      0x4cf .\CortexM3\ARM_GCC_473\Debug\airmar_NoGPS.a(ADC.o)
 .debug_info    0x000055f0       0x9b .\CortexM3\ARM_GCC_473\Debug\airmar_NoGPS.a(ADC_INT.o)
 .debug_info    0x0000568b      0x2da .\CortexM3\ARM_GCC_473\Debug\airmar_NoGPS.a(ADC_theACLK.o)
 .debug_info    0x00005965      0x354 .\CortexM3\ARM_GCC_473\Debug\airmar_NoGPS.a(CyFlash.o)
 .debug_info    0x00005cb9      0x3d9 .\CortexM3\ARM_GCC_473\Debug\airmar_NoGPS.a(CySpc.o)

.debug_abbrev   0x00000000     0x1f55
 *(.debug_abbrev)
 .debug_abbrev  0x00000000      0x137 .\CortexM3\ARM_GCC_473\Debug\main.o
 .debug_abbrev  0x00000137       0x9b .\CortexM3\ARM_GCC_473\Debug\thermocouple.o
 .debug_abbrev  0x000001d2       0xb6 .\CortexM3\ARM_GCC_473\Debug\wind.o
 .debug_abbrev  0x00000288       0xfb .\CortexM3\ARM_GCC_473\Debug\RH.o
 .debug_abbrev  0x00000383       0x7a .\CortexM3\ARM_GCC_473\Debug\Batteryvoltage.o
 .debug_abbrev  0x000003fd       0x77 .\CortexM3\ARM_GCC_473\Debug\cymetadata.o
 .debug_abbrev  0x00000474      0x175 .\CortexM3\ARM_GCC_473\Debug\Cm3Start.o
 .debug_abbrev  0x000005e9      0x1b9 .\CortexM3\ARM_GCC_473\Debug\airmar_NoGPS.a(cyfitter_cfg.o)
 .debug_abbrev  0x000007a2      0x165 .\CortexM3\ARM_GCC_473\Debug\airmar_NoGPS.a(Airmar.o)
 .debug_abbrev  0x00000907      0x12d .\CortexM3\ARM_GCC_473\Debug\airmar_NoGPS.a(isr_airmar.o)
 .debug_abbrev  0x00000a34      0x11f .\CortexM3\ARM_GCC_473\Debug\airmar_NoGPS.a(Airmar_IntClock.o)
 .debug_abbrev  0x00000b53       0x14 .\CortexM3\ARM_GCC_473\Debug\airmar_NoGPS.a(CyBootAsmGnu.o)
 .debug_abbrev  0x00000b67      0x207 .\CortexM3\ARM_GCC_473\Debug\airmar_NoGPS.a(CyLib.o)
 .debug_abbrev  0x00000d6e      0x170 .\CortexM3\ARM_GCC_473\Debug\airmar_NoGPS.a(cyPm.o)
 .debug_abbrev  0x00000ede      0x148 .\CortexM3\ARM_GCC_473\Debug\airmar_NoGPS.a(Comp.o)
 .debug_abbrev  0x00001026      0x158 .\CortexM3\ARM_GCC_473\Debug\airmar_NoGPS.a(master.o)
 .debug_abbrev  0x0000117e      0x11f .\CortexM3\ARM_GCC_473\Debug\airmar_NoGPS.a(clock.o)
 .debug_abbrev  0x0000129d      0x165 .\CortexM3\ARM_GCC_473\Debug\airmar_NoGPS.a(UART_SBD.o)
 .debug_abbrev  0x00001402      0x12d .\CortexM3\ARM_GCC_473\Debug\airmar_NoGPS.a(SBD_reply.o)
 .debug_abbrev  0x0000152f      0x11f .\CortexM3\ARM_GCC_473\Debug\airmar_NoGPS.a(UART_SBD_IntClock.o)
 .debug_abbrev  0x0000164e       0xce .\CortexM3\ARM_GCC_473\Debug\airmar_NoGPS.a(psoc.o)
 .debug_abbrev  0x0000171c       0x83 .\CortexM3\ARM_GCC_473\Debug\airmar_NoGPS.a(psoc_INT.o)
 .debug_abbrev  0x0000179f       0xed .\CortexM3\ARM_GCC_473\Debug\airmar_NoGPS.a(psoc_PM.o)
 .debug_abbrev  0x0000188c      0x120 .\CortexM3\ARM_GCC_473\Debug\airmar_NoGPS.a(psoc_MASTER.o)
 .debug_abbrev  0x000019ac      0x175 .\CortexM3\ARM_GCC_473\Debug\airmar_NoGPS.a(ADC.o)
 .debug_abbrev  0x00001b21       0x44 .\CortexM3\ARM_GCC_473\Debug\airmar_NoGPS.a(ADC_INT.o)
 .debug_abbrev  0x00001b65      0x11f .\CortexM3\ARM_GCC_473\Debug\airmar_NoGPS.a(ADC_theACLK.o)
 .debug_abbrev  0x00001c84      0x172 .\CortexM3\ARM_GCC_473\Debug\airmar_NoGPS.a(CyFlash.o)
 .debug_abbrev  0x00001df6      0x15f .\CortexM3\ARM_GCC_473\Debug\airmar_NoGPS.a(CySpc.o)

.debug_line     0x00000000     0x33d8
 *(.debug_line)
 .debug_line    0x00000000      0x21f .\CortexM3\ARM_GCC_473\Debug\main.o
 .debug_line    0x0000021f      0x151 .\CortexM3\ARM_GCC_473\Debug\thermocouple.o
 .debug_line    0x00000370      0x117 .\CortexM3\ARM_GCC_473\Debug\wind.o
 .debug_line    0x00000487      0x166 .\CortexM3\ARM_GCC_473\Debug\RH.o
 .debug_line    0x000005ed      0x125 .\CortexM3\ARM_GCC_473\Debug\Batteryvoltage.o
 .debug_line    0x00000712       0x53 .\CortexM3\ARM_GCC_473\Debug\cymetadata.o
 .debug_line    0x00000765      0x1b0 .\CortexM3\ARM_GCC_473\Debug\Cm3Start.o
 .debug_line    0x00000915      0x238 .\CortexM3\ARM_GCC_473\Debug\airmar_NoGPS.a(cyfitter_cfg.o)
 .debug_line    0x00000b4d      0x2f1 .\CortexM3\ARM_GCC_473\Debug\airmar_NoGPS.a(Airmar.o)
 .debug_line    0x00000e3e      0x155 .\CortexM3\ARM_GCC_473\Debug\airmar_NoGPS.a(isr_airmar.o)
 .debug_line    0x00000f93      0x1a6 .\CortexM3\ARM_GCC_473\Debug\airmar_NoGPS.a(Airmar_IntClock.o)
 .debug_line    0x00001139       0x68 .\CortexM3\ARM_GCC_473\Debug\airmar_NoGPS.a(CyBootAsmGnu.o)
 .debug_line    0x000011a1      0x73b .\CortexM3\ARM_GCC_473\Debug\airmar_NoGPS.a(CyLib.o)
 .debug_line    0x000018dc      0x370 .\CortexM3\ARM_GCC_473\Debug\airmar_NoGPS.a(cyPm.o)
 .debug_line    0x00001c4c      0x169 .\CortexM3\ARM_GCC_473\Debug\airmar_NoGPS.a(Comp.o)
 .debug_line    0x00001db5      0x274 .\CortexM3\ARM_GCC_473\Debug\airmar_NoGPS.a(master.o)
 .debug_line    0x00002029      0x19c .\CortexM3\ARM_GCC_473\Debug\airmar_NoGPS.a(clock.o)
 .debug_line    0x000021c5      0x2f3 .\CortexM3\ARM_GCC_473\Debug\airmar_NoGPS.a(UART_SBD.o)
 .debug_line    0x000024b8      0x144 .\CortexM3\ARM_GCC_473\Debug\airmar_NoGPS.a(SBD_reply.o)
 .debug_line    0x000025fc      0x1a8 .\CortexM3\ARM_GCC_473\Debug\airmar_NoGPS.a(UART_SBD_IntClock.o)
 .debug_line    0x000027a4       0xd6 .\CortexM3\ARM_GCC_473\Debug\airmar_NoGPS.a(psoc.o)
 .debug_line    0x0000287a      0x13d .\CortexM3\ARM_GCC_473\Debug\airmar_NoGPS.a(psoc_INT.o)
 .debug_line    0x000029b7       0xc0 .\CortexM3\ARM_GCC_473\Debug\airmar_NoGPS.a(psoc_PM.o)
 .debug_line    0x00002a77      0x1f5 .\CortexM3\ARM_GCC_473\Debug\airmar_NoGPS.a(psoc_MASTER.o)
 .debug_line    0x00002c6c      0x201 .\CortexM3\ARM_GCC_473\Debug\airmar_NoGPS.a(ADC.o)
 .debug_line    0x00002e6d       0x55 .\CortexM3\ARM_GCC_473\Debug\airmar_NoGPS.a(ADC_INT.o)
 .debug_line    0x00002ec2      0x1c6 .\CortexM3\ARM_GCC_473\Debug\airmar_NoGPS.a(ADC_theACLK.o)
 .debug_line    0x00003088      0x1a9 .\CortexM3\ARM_GCC_473\Debug\airmar_NoGPS.a(CyFlash.o)
 .debug_line    0x00003231      0x1a7 .\CortexM3\ARM_GCC_473\Debug\airmar_NoGPS.a(CySpc.o)

.debug_frame    0x00000000     0x3bd0
 *(.debug_frame)
 .debug_frame   0x00000000       0xb0 .\CortexM3\ARM_GCC_473\Debug\main.o
 .debug_frame   0x000000b0       0x3c .\CortexM3\ARM_GCC_473\Debug\thermocouple.o
 .debug_frame   0x000000ec       0xbc .\CortexM3\ARM_GCC_473\Debug\wind.o
 .debug_frame   0x000001a8       0x90 .\CortexM3\ARM_GCC_473\Debug\RH.o
 .debug_frame   0x00000238       0x30 .\CortexM3\ARM_GCC_473\Debug\Batteryvoltage.o
 .debug_frame   0x00000268       0xa4 .\CortexM3\ARM_GCC_473\Debug\Cm3Start.o
 .debug_frame   0x0000030c      0x120 .\CortexM3\ARM_GCC_473\Debug\airmar_NoGPS.a(cyfitter_cfg.o)
 .debug_frame   0x0000042c      0x328 .\CortexM3\ARM_GCC_473\Debug\airmar_NoGPS.a(Airmar.o)
 .debug_frame   0x00000754      0x180 .\CortexM3\ARM_GCC_473\Debug\airmar_NoGPS.a(isr_airmar.o)
 .debug_frame   0x000008d4      0x14c .\CortexM3\ARM_GCC_473\Debug\airmar_NoGPS.a(Airmar_IntClock.o)
 .debug_frame   0x00000a20      0x778 .\CortexM3\ARM_GCC_473\Debug\airmar_NoGPS.a(CyLib.o)
 .debug_frame   0x00001198      0x1d0 .\CortexM3\ARM_GCC_473\Debug\airmar_NoGPS.a(cyPm.o)
 .debug_frame   0x00001368      0x14c .\CortexM3\ARM_GCC_473\Debug\airmar_NoGPS.a(Comp.o)
 .debug_frame   0x000014b4      0x2c4 .\CortexM3\ARM_GCC_473\Debug\airmar_NoGPS.a(master.o)
 .debug_frame   0x00001778      0x14c .\CortexM3\ARM_GCC_473\Debug\airmar_NoGPS.a(clock.o)
 .debug_frame   0x000018c4      0x328 .\CortexM3\ARM_GCC_473\Debug\airmar_NoGPS.a(UART_SBD.o)
 .debug_frame   0x00001bec      0x180 .\CortexM3\ARM_GCC_473\Debug\airmar_NoGPS.a(SBD_reply.o)
 .debug_frame   0x00001d6c      0x14c .\CortexM3\ARM_GCC_473\Debug\airmar_NoGPS.a(UART_SBD_IntClock.o)
 .debug_frame   0x00001eb8       0x88 .\CortexM3\ARM_GCC_473\Debug\airmar_NoGPS.a(psoc.o)
 .debug_frame   0x00001f40       0x30 .\CortexM3\ARM_GCC_473\Debug\airmar_NoGPS.a(psoc_INT.o)
 .debug_frame   0x00001f70       0x84 .\CortexM3\ARM_GCC_473\Debug\airmar_NoGPS.a(psoc_PM.o)
 .debug_frame   0x00001ff4      0x198 .\CortexM3\ARM_GCC_473\Debug\airmar_NoGPS.a(psoc_MASTER.o)
 .debug_frame   0x0000218c      0x22c .\CortexM3\ARM_GCC_473\Debug\airmar_NoGPS.a(ADC.o)
 .debug_frame   0x000023b8       0x2c .\CortexM3\ARM_GCC_473\Debug\airmar_NoGPS.a(ADC_INT.o)
 .debug_frame   0x000023e4      0x184 .\CortexM3\ARM_GCC_473\Debug\airmar_NoGPS.a(ADC_theACLK.o)
 .debug_frame   0x00002568      0x178 .\CortexM3\ARM_GCC_473\Debug\airmar_NoGPS.a(CyFlash.o)
 .debug_frame   0x000026e0      0x13c .\CortexM3\ARM_GCC_473\Debug\airmar_NoGPS.a(CySpc.o)
 .debug_frame   0x0000281c       0x38 c:/program files (x86)/cypress/psoc creator/3.0/psoc creator/import/gnu_cs/arm/4.7.3/bin/../lib/gcc/arm-none-eabi/4.7.3/../../../../arm-none-eabi/lib/armv7-m\libm.a(lib_a-s_atan.o)
 .debug_frame   0x00002854       0x2c c:/program files (x86)/cypress/psoc creator/3.0/psoc creator/import/gnu_cs/arm/4.7.3/bin/../lib/gcc/arm-none-eabi/4.7.3/../../../../arm-none-eabi/lib/armv7-m\libm.a(lib_a-s_cos.o)
 .debug_frame   0x00002880       0x20 c:/program files (x86)/cypress/psoc creator/3.0/psoc creator/import/gnu_cs/arm/4.7.3/bin/../lib/gcc/arm-none-eabi/4.7.3/../../../../arm-none-eabi/lib/armv7-m\libm.a(lib_a-s_fabs.o)
 .debug_frame   0x000028a0       0x2c c:/program files (x86)/cypress/psoc creator/3.0/psoc creator/import/gnu_cs/arm/4.7.3/bin/../lib/gcc/arm-none-eabi/4.7.3/../../../../arm-none-eabi/lib/armv7-m\libm.a(lib_a-s_sin.o)
 .debug_frame   0x000028cc       0x38 c:/program files (x86)/cypress/psoc creator/3.0/psoc creator/import/gnu_cs/arm/4.7.3/bin/../lib/gcc/arm-none-eabi/4.7.3/../../../../arm-none-eabi/lib/armv7-m\libm.a(lib_a-w_pow.o)
 .debug_frame   0x00002904       0x38 c:/program files (x86)/cypress/psoc creator/3.0/psoc creator/import/gnu_cs/arm/4.7.3/bin/../lib/gcc/arm-none-eabi/4.7.3/../../../../arm-none-eabi/lib/armv7-m\libm.a(lib_a-w_sqrt.o)
 .debug_frame   0x0000293c       0x38 c:/program files (x86)/cypress/psoc creator/3.0/psoc creator/import/gnu_cs/arm/4.7.3/bin/../lib/gcc/arm-none-eabi/4.7.3/../../../../arm-none-eabi/lib/armv7-m\libm.a(lib_a-e_pow.o)
 .debug_frame   0x00002974       0x38 c:/program files (x86)/cypress/psoc creator/3.0/psoc creator/import/gnu_cs/arm/4.7.3/bin/../lib/gcc/arm-none-eabi/4.7.3/../../../../arm-none-eabi/lib/armv7-m\libm.a(lib_a-e_rem_pio2.o)
 .debug_frame   0x000029ac       0x34 c:/program files (x86)/cypress/psoc creator/3.0/psoc creator/import/gnu_cs/arm/4.7.3/bin/../lib/gcc/arm-none-eabi/4.7.3/../../../../arm-none-eabi/lib/armv7-m\libm.a(lib_a-e_sqrt.o)
 .debug_frame   0x000029e0       0x38 c:/program files (x86)/cypress/psoc creator/3.0/psoc creator/import/gnu_cs/arm/4.7.3/bin/../lib/gcc/arm-none-eabi/4.7.3/../../../../arm-none-eabi/lib/armv7-m\libm.a(lib_a-k_cos.o)
 .debug_frame   0x00002a18       0x3c c:/program files (x86)/cypress/psoc creator/3.0/psoc creator/import/gnu_cs/arm/4.7.3/bin/../lib/gcc/arm-none-eabi/4.7.3/../../../../arm-none-eabi/lib/armv7-m\libm.a(lib_a-k_rem_pio2.o)
 .debug_frame   0x00002a54       0x38 c:/program files (x86)/cypress/psoc creator/3.0/psoc creator/import/gnu_cs/arm/4.7.3/bin/../lib/gcc/arm-none-eabi/4.7.3/../../../../arm-none-eabi/lib/armv7-m\libm.a(lib_a-k_sin.o)
 .debug_frame   0x00002a8c       0x20 c:/program files (x86)/cypress/psoc creator/3.0/psoc creator/import/gnu_cs/arm/4.7.3/bin/../lib/gcc/arm-none-eabi/4.7.3/../../../../arm-none-eabi/lib/armv7-m\libm.a(lib_a-s_finite.o)
 .debug_frame   0x00002aac       0x34 c:/program files (x86)/cypress/psoc creator/3.0/psoc creator/import/gnu_cs/arm/4.7.3/bin/../lib/gcc/arm-none-eabi/4.7.3/../../../../arm-none-eabi/lib/armv7-m\libm.a(lib_a-s_floor.o)
 .debug_frame   0x00002ae0       0x20 c:/program files (x86)/cypress/psoc creator/3.0/psoc creator/import/gnu_cs/arm/4.7.3/bin/../lib/gcc/arm-none-eabi/4.7.3/../../../../arm-none-eabi/lib/armv7-m\libm.a(lib_a-s_fpclassify.o)
 .debug_frame   0x00002b00       0x20 c:/program files (x86)/cypress/psoc creator/3.0/psoc creator/import/gnu_cs/arm/4.7.3/bin/../lib/gcc/arm-none-eabi/4.7.3/../../../../arm-none-eabi/lib/armv7-m\libm.a(lib_a-s_matherr.o)
 .debug_frame   0x00002b20       0x20 c:/program files (x86)/cypress/psoc creator/3.0/psoc creator/import/gnu_cs/arm/4.7.3/bin/../lib/gcc/arm-none-eabi/4.7.3/../../../../arm-none-eabi/lib/armv7-m\libm.a(lib_a-s_nan.o)
 .debug_frame   0x00002b40       0x34 c:/program files (x86)/cypress/psoc creator/3.0/psoc creator/import/gnu_cs/arm/4.7.3/bin/../lib/gcc/arm-none-eabi/4.7.3/../../../../arm-none-eabi/lib/armv7-m\libm.a(lib_a-s_rint.o)
 .debug_frame   0x00002b74       0x30 c:/program files (x86)/cypress/psoc creator/3.0/psoc creator/import/gnu_cs/arm/4.7.3/bin/../lib/gcc/arm-none-eabi/4.7.3/../../../../arm-none-eabi/lib/armv7-m\libm.a(lib_a-s_scalbn.o)