Archive member included because of file (symbol)

.\CortexM3\ARM_GCC_473\Debug\thermocouple interface.a(cyfitter_cfg.o)
                              .\CortexM3\ARM_GCC_473\Debug\Cm3Start.o (cyfitter_cfg)
.\CortexM3\ARM_GCC_473\Debug\thermocouple interface.a(master.o)
                              .\CortexM3\ARM_GCC_473\Debug\main.o (master_Start)
.\CortexM3\ARM_GCC_473\Debug\thermocouple interface.a(CyBootAsmGnu.o)
                              .\CortexM3\ARM_GCC_473\Debug\thermocouple interface.a(cyfitter_cfg.o) (CyDelayCycles)
.\CortexM3\ARM_GCC_473\Debug\thermocouple interface.a(CyLib.o)
                              .\CortexM3\ARM_GCC_473\Debug\Cm3Start.o (CyResetStatus)
.\CortexM3\ARM_GCC_473\Debug\thermocouple interface.a(cyPm.o)
                              .\CortexM3\ARM_GCC_473\Debug\thermocouple interface.a(CyLib.o) (CyPmReadStatus)
.\CortexM3\ARM_GCC_473\Debug\thermocouple interface.a(clock.o)
                              .\CortexM3\ARM_GCC_473\Debug\main.o (clock_Start)
.\CortexM3\ARM_GCC_473\Debug\thermocouple interface.a(LCD.o)
                              .\CortexM3\ARM_GCC_473\Debug\main.o (LCD_Start)
.\CortexM3\ARM_GCC_473\Debug\thermocouple interface.a(CyFlash.o)
                              .\CortexM3\ARM_GCC_473\Debug\thermocouple interface.a(cyPm.o) (CyFlash_SetWaitCycles)
.\CortexM3\ARM_GCC_473\Debug\thermocouple interface.a(CySpc.o)
                              .\CortexM3\ARM_GCC_473\Debug\thermocouple interface.a(CyFlash.o) (CySpcStart)
c:/program files (x86)/cypress/psoc creator/3.0/psoc creator/import/gnu_cs/arm/4.7.3/bin/../lib/gcc/arm-none-eabi/4.7.3/../../../../arm-none-eabi/lib/armv7-m\libm.a(lib_a-w_pow.o)
                              .\CortexM3\ARM_GCC_473\Debug\main.o (pow)
c:/program files (x86)/cypress/psoc creator/3.0/psoc creator/import/gnu_cs/arm/4.7.3/bin/../lib/gcc/arm-none-eabi/4.7.3/../../../../arm-none-eabi/lib/armv7-m\libm.a(lib_a-e_pow.o)
                              c:/program files (x86)/cypress/psoc creator/3.0/psoc creator/import/gnu_cs/arm/4.7.3/bin/../lib/gcc/arm-none-eabi/4.7.3/../../../../arm-none-eabi/lib/armv7-m\libm.a(lib_a-w_pow.o) (__ieee754_pow)
c:/program files (x86)/cypress/psoc creator/3.0/psoc creator/import/gnu_cs/arm/4.7.3/bin/../lib/gcc/arm-none-eabi/4.7.3/../../../../arm-none-eabi/lib/armv7-m\libm.a(lib_a-e_sqrt.o)
                              c:/program files (x86)/cypress/psoc creator/3.0/psoc creator/import/gnu_cs/arm/4.7.3/bin/../lib/gcc/arm-none-eabi/4.7.3/../../../../arm-none-eabi/lib/armv7-m\libm.a(lib_a-e_pow.o) (__ieee754_sqrt)
c:/program files (x86)/cypress/psoc creator/3.0/psoc creator/import/gnu_cs/arm/4.7.3/bin/../lib/gcc/arm-none-eabi/4.7.3/../../../../arm-none-eabi/lib/armv7-m\libm.a(lib_a-s_fabs.o)
                              c:/program files (x86)/cypress/psoc creator/3.0/psoc creator/import/gnu_cs/arm/4.7.3/bin/../lib/gcc/arm-none-eabi/4.7.3/../../../../arm-none-eabi/lib/armv7-m\libm.a(lib_a-e_pow.o) (fabs)
c:/program files (x86)/cypress/psoc creator/3.0/psoc creator/import/gnu_cs/arm/4.7.3/bin/../lib/gcc/arm-none-eabi/4.7.3/../../../../arm-none-eabi/lib/armv7-m\libm.a(lib_a-s_finite.o)
                              c:/program files (x86)/cypress/psoc creator/3.0/psoc creator/import/gnu_cs/arm/4.7.3/bin/../lib/gcc/arm-none-eabi/4.7.3/../../../../arm-none-eabi/lib/armv7-m\libm.a(lib_a-w_pow.o) (finite)
c:/program files (x86)/cypress/psoc creator/3.0/psoc creator/import/gnu_cs/arm/4.7.3/bin/../lib/gcc/arm-none-eabi/4.7.3/../../../../arm-none-eabi/lib/armv7-m\libm.a(lib_a-s_fpclassify.o)
                              c:/program files (x86)/cypress/psoc creator/3.0/psoc creator/import/gnu_cs/arm/4.7.3/bin/../lib/gcc/arm-none-eabi/4.7.3/../../../../arm-none-eabi/lib/armv7-m\libm.a(lib_a-w_pow.o) (__fpclassifyd)
c:/program files (x86)/cypress/psoc creator/3.0/psoc creator/import/gnu_cs/arm/4.7.3/bin/../lib/gcc/arm-none-eabi/4.7.3/../../../../arm-none-eabi/lib/armv7-m\libm.a(lib_a-s_lib_ver.o)
                              c:/program files (x86)/cypress/psoc creator/3.0/psoc creator/import/gnu_cs/arm/4.7.3/bin/../lib/gcc/arm-none-eabi/4.7.3/../../../../arm-none-eabi/lib/armv7-m\libm.a(lib_a-w_pow.o) (__fdlib_version)
c:/program files (x86)/cypress/psoc creator/3.0/psoc creator/import/gnu_cs/arm/4.7.3/bin/../lib/gcc/arm-none-eabi/4.7.3/../../../../arm-none-eabi/lib/armv7-m\libm.a(lib_a-s_matherr.o)
                              c:/program files (x86)/cypress/psoc creator/3.0/psoc creator/import/gnu_cs/arm/4.7.3/bin/../lib/gcc/arm-none-eabi/4.7.3/../../../../arm-none-eabi/lib/armv7-m\libm.a(lib_a-w_pow.o) (matherr)
c:/program files (x86)/cypress/psoc creator/3.0/psoc creator/import/gnu_cs/arm/4.7.3/bin/../lib/gcc/arm-none-eabi/4.7.3/../../../../arm-none-eabi/lib/armv7-m\libm.a(lib_a-s_nan.o)
                              c:/program files (x86)/cypress/psoc creator/3.0/psoc creator/import/gnu_cs/arm/4.7.3/bin/../lib/gcc/arm-none-eabi/4.7.3/../../../../arm-none-eabi/lib/armv7-m\libm.a(lib_a-e_pow.o) (nan)
[...]
Memory Configuration

Name             Origin             Length             Attributes
rom              0x00000000         0x00040000         xr
ram              0x1fff8000         0x00010000         xrw
*default*        0x00000000         0xffffffff

Linker script and memory map

LOAD c:/program files (x86)/cypress/psoc creator/3.0/psoc creator/import/gnu_cs/arm/4.7.3/bin/../lib/gcc/arm-none-eabi/4.7.3/armv7-m/crti.o
LOAD c:/program files (x86)/cypress/psoc creator/3.0/psoc creator/import/gnu_cs/arm/4.7.3/bin/../lib/gcc/arm-none-eabi/4.7.3/armv7-m/crtbegin.o
LOAD c:/program files (x86)/cypress/psoc creator/3.0/psoc creator/import/gnu_cs/arm/4.7.3/bin/../lib/gcc/arm-none-eabi/4.7.3/../../../../arm-none-eabi/lib/armv7-m/crt0.o
START GROUP
LOAD .\CortexM3\ARM_GCC_473\Debug\main.o
LOAD .\CortexM3\ARM_GCC_473\Debug\cymetadata.o
LOAD .\CortexM3\ARM_GCC_473\Debug\Cm3Start.o
LOAD .\CortexM3\ARM_GCC_473\Debug\thermocouple interface.a
LOAD C:\Program Files (x86)\Cypress\PSoC Creator\3.0\PSoC Creator\psoc\content\cycomponentlibrary\CyComponentLibrary.cylib\CortexM3\ARM_GCC_473\Debug\CyComponentLibrary.a
LOAD c:/program files (x86)/cypress/psoc creator/3.0/psoc creator/import/gnu_cs/arm/4.7.3/bin/../lib/gcc/arm-none-eabi/4.7.3/../../../../arm-none-eabi/lib/armv7-m\libm.a
END GROUP
START GROUP
LOAD c:/program files (x86)/cypress/psoc creator/3.0/psoc creator/import/gnu_cs/arm/4.7.3/bin/../lib/gcc/arm-none-eabi/4.7.3/armv7-m\libgcc.a
LOAD c:/program files (x86)/cypress/psoc creator/3.0/psoc creator/import/gnu_cs/arm/4.7.3/bin/../lib/gcc/arm-none-eabi/4.7.3/../../../../arm-none-eabi/lib/armv7-m\libc_s.a
END GROUP
LOAD c:/program files (x86)/cypress/psoc creator/3.0/psoc creator/import/gnu_cs/arm/4.7.3/bin/../lib/gcc/arm-none-eabi/4.7.3/armv7-m/crtend.o
LOAD c:/program files (x86)/cypress/psoc creator/3.0/psoc creator/import/gnu_cs/arm/4.7.3/bin/../lib/gcc/arm-none-eabi/4.7.3/armv7-m/crtn.o
START GROUP
LOAD c:/program files (x86)/cypress/psoc creator/3.0/psoc creator/import/gnu_cs/arm/4.7.3/bin/../lib/gcc/arm-none-eabi/4.7.3/armv7-m\libgcc.a
LOAD c:/program files (x86)/cypress/psoc creator/3.0/psoc creator/import/gnu_cs/arm/4.7.3/bin/../lib/gcc/arm-none-eabi/4.7.3/../../../../arm-none-eabi/lib/armv7-m\libc.a
LOAD c:/program files (x86)/cypress/psoc creator/3.0/psoc creator/import/gnu_cs/arm/4.7.3/bin/../lib/gcc/arm-none-eabi/4.7.3/../../../../arm-none-eabi/lib/armv7-m\libnosys.a
END GROUP
                0x00000000                CY_APPL_ORIGIN = 0x0
                0x00000100                CY_FLASH_ROW_SIZE = 0x100
                0x00000020                CY_ECC_ROW_SIZE = 0x20
                0x00000000                CY_EE_IN_BTLDR = 0x0
                0x00000000                CY_APPL_LOADABLE = 0x0
                0x00000800                CY_EE_SIZE = 0x800
                0x00000001                CY_APPL_NUM = 0x1
                0x00000001                CY_APPL_MAX = 0x1
                0x00000040                CY_METADATA_SIZE = 0x40
                0x1fff81a8                PROVIDE (__cy_heap_start, _end)
                0x00000001                PROVIDE (__cy_region_num, ((__cy_regions_end - __cy_regions) / 0x10))
                0x20008000                PROVIDE (__cy_stack, (ORIGIN (ram) + 0x10000))
                0x20004000                PROVIDE (__cy_heap_end, (__cy_stack - 0x4000))

.cybootloader   0x00000000        0x0
 *(.cybootloader)
                0x00000000                appl1_start = CY_APPL_ORIGIN?CY_APPL_ORIGIN:ALIGN (CY_FLASH_ROW_SIZE)
                0x0001ff00                appl2_start = (appl1_start + ALIGN ((((0x40000 - appl1_start) - (0x2 * CY_FLASH_ROW_SIZE)) / 0x2), CY_FLASH_ROW_SIZE))
                0x00000000                appl_start = (CY_APPL_NUM == 0x1)?appl1_start:appl2_start
                0x00000000                ecc_offset = ((appl_start / CY_FLASH_ROW_SIZE) * CY_ECC_ROW_SIZE)
                0x00000000                ee_offset = (CY_APPL_LOADABLE && ! (CY_EE_IN_BTLDR))?((CY_EE_SIZE / CY_APPL_MAX) * (CY_APPL_NUM - 0x1)):0x0
                0x00000800                ee_size = (CY_APPL_LOADABLE && ! (CY_EE_IN_BTLDR))?(CY_EE_SIZE / CY_APPL_MAX):CY_EE_SIZE
                0x00000000                PROVIDE (CY_ECC_OFFSET, ecc_offset)

.text           0x00000000     0x3086
 CREATE_OBJECT_SYMBOLS
                0x00000000                PROVIDE (__cy_interrupt_vector, RomVectors)
 *(.romvectors)
 .romvectors    0x00000000       0x10 .\CortexM3\ARM_GCC_473\Debug\Cm3Start.o
                0x00000000                RomVectors
                0x00000001                ASSERT ((. != __cy_interrupt_vector), No interrupt vector)
                0x00000001                ASSERT (CY_APPL_ORIGIN?(SIZEOF (.cybootloader) <= CY_APPL_ORIGIN):0x1, Wrong image location)
                0x00000010                PROVIDE (__cy_reset, Reset)
 *(.text.Reset)
 .text.Reset    0x00000010       0x1c .\CortexM3\ARM_GCC_473\Debug\Cm3Start.o
                0x00000010                Reset
                0x00000001                ASSERT ((. != __cy_reset), No reset code)
 *(.dma_init)
                0x00000001                ASSERT ((((appl_start + .) <= 0x10000) || 0x1), DMA Init must be within the first 64k of flash)
 *(.text .text.* .gnu.linkonce.t.*)
 .text          0x0000002c       0x54 c:/program files (x86)/cypress/psoc creator/3.0/psoc creator/import/gnu_cs/arm/4.7.3/bin/../lib/gcc/arm-none-eabi/4.7.3/armv7-m/crtbegin.o
 .text.main     0x00000080      0x188 .\CortexM3\ARM_GCC_473\Debug\main.o
                0x00000080                main
 .text.IntDefaultHandler
                0x00000208        0x8 .\CortexM3\ARM_GCC_473\Debug\Cm3Start.o
                0x00000208                IntDefaultHandler
 .text.Start_c  0x00000210       0xcc .\CortexM3\ARM_GCC_473\Debug\Cm3Start.o
                0x00000210                Start_c
 .text.initialize_psoc
                0x000002dc       0xb4 .\CortexM3\ARM_GCC_473\Debug\Cm3Start.o
                0x000002dc                initialize_psoc
 .text.CYMEMZERO
                0x00000390       0x20 .\CortexM3\ARM_GCC_473\Debug\thermocouple interface.a(cyfitter_cfg.o)
 .text.CYCONFIGCPY
                0x000003b0       0x20 .\CortexM3\ARM_GCC_473\Debug\thermocouple interface.a(cyfitter_cfg.o)
 .text.CyClockStartupError
                0x000003d0        0xc .\CortexM3\ARM_GCC_473\Debug\thermocouple interface.a(cyfitter_cfg.o)
 .text.cfg_write_bytes32
                0x000003dc       0x84 .\CortexM3\ARM_GCC_473\Debug\thermocouple interface.a(cyfitter_cfg.o)
 .text.ClockSetup
                0x00000460      0x150 .\CortexM3\ARM_GCC_473\Debug\thermocouple interface.a(cyfitter_cfg.o)
 .text.AnalogSetDefault
                0x000005b0       0x50 .\CortexM3\ARM_GCC_473\Debug\thermocouple interface.a(cyfitter_cfg.o)
 .text.cyfitter_cfg
                0x00000600      0x184 .\CortexM3\ARM_GCC_473\Debug\thermocouple interface.a(cyfitter_cfg.o)
                0x00000600                cyfitter_cfg
 .text.master_Init
                0x00000784       0x3c .\CortexM3\ARM_GCC_473\Debug\thermocouple interface.a(master.o)
                0x00000784                master_Init
 .text.master_Enable
                0x000007c0       0x7c .\CortexM3\ARM_GCC_473\Debug\thermocouple interface.a(master.o)
                0x000007c0                master_Enable
 .text.master_Start
                0x0000083c       0x2c .\CortexM3\ARM_GCC_473\Debug\thermocouple interface.a(master.o)
                0x0000083c                master_Start
 .text.master_EnableTxInt
                0x00000868        0xc .\CortexM3\ARM_GCC_473\Debug\thermocouple interface.a(master.o)
                0x00000868                master_EnableTxInt
 .text.master_EnableRxInt
                0x00000874        0xc .\CortexM3\ARM_GCC_473\Debug\thermocouple interface.a(master.o)
                0x00000874                master_EnableRxInt
 .text.master_ReadTxStatus
                0x00000880       0x20 .\CortexM3\ARM_GCC_473\Debug\thermocouple interface.a(master.o)
                0x00000880                master_ReadTxStatus
 .text.master_ReadRxStatus
                0x000008a0       0x20 .\CortexM3\ARM_GCC_473\Debug\thermocouple interface.a(master.o)
                0x000008a0                master_ReadRxStatus
 .text.master_WriteTxData
                0x000008c0       0x38 .\CortexM3\ARM_GCC_473\Debug\thermocouple interface.a(master.o)
                0x000008c0                master_WriteTxData
 .text.master_ReadRxData
                0x000008f8       0x20 .\CortexM3\ARM_GCC_473\Debug\thermocouple interface.a(master.o)
                0x000008f8                master_ReadRxData
 .text.master_GetRxBufferSize
                0x00000918       0x34 .\CortexM3\ARM_GCC_473\Debug\thermocouple interface.a(master.o)
                0x00000918                master_GetRxBufferSize
 .text.master_ClearFIFO
                0x0000094c       0xb0 .\CortexM3\ARM_GCC_473\Debug\thermocouple interface.a(master.o)
                0x0000094c                master_ClearFIFO
 *fill*         0x000009fc        0x4 00
 .text          0x00000a00       0x28 .\CortexM3\ARM_GCC_473\Debug\thermocouple interface.a(CyBootAsmGnu.o)
                0x00000a00                CyDelayCycles
                0x00000a14                CyEnterCriticalSection
                0x00000a1c                CyExitCriticalSection
 .text.CyDelay  0x00000a28       0x48 .\CortexM3\ARM_GCC_473\Debug\thermocouple interface.a(CyLib.o)
                0x00000a28                CyDelay
 .text.CyDelayUs
                0x00000a70       0x28 .\CortexM3\ARM_GCC_473\Debug\thermocouple interface.a(CyLib.o)
                0x00000a70                CyDelayUs
 .text.clock_Start
                0x00000a98       0x44 .\CortexM3\ARM_GCC_473\Debug\thermocouple interface.a(clock.o)
                0x00000a98                clock_Start
 .text.LCD_Init
                0x00000adc       0x90 .\CortexM3\ARM_GCC_473\Debug\thermocouple interface.a(LCD.o)
                0x00000adc                LCD_Init
 .text.LCD_Enable
                0x00000b6c       0x1c .\CortexM3\ARM_GCC_473\Debug\thermocouple interface.a(LCD.o)
                0x00000b6c                LCD_Enable
 .text.LCD_Start
                0x00000b88       0x2c .\CortexM3\ARM_GCC_473\Debug\thermocouple interface.a(LCD.o)
                0x00000b88                LCD_Start
 .text.LCD_Position
                0x00000bb4       0x78 .\CortexM3\ARM_GCC_473\Debug\thermocouple interface.a(LCD.o)
                0x00000bb4                LCD_Position
 .text.LCD_PrintString
                0x00000c2c       0x40 .\CortexM3\ARM_GCC_473\Debug\thermocouple interface.a(LCD.o)
                0x00000c2c                LCD_PrintString
 .text.LCD_WriteData
                0x00000c6c       0x38 .\CortexM3\ARM_GCC_473\Debug\thermocouple interface.a(LCD.o)
                0x00000c6c                LCD_WriteData
 .text.LCD_WriteControl
                0x00000ca4       0x38 .\CortexM3\ARM_GCC_473\Debug\thermocouple interface.a(LCD.o)
                0x00000ca4                LCD_WriteControl
 .text.LCD_IsReady
                0x00000cdc      0x208 .\CortexM3\ARM_GCC_473\Debug\thermocouple interface.a(LCD.o)
                0x00000cdc                LCD_IsReady
 .text.LCD_WrDatNib
                0x00000ee4       0xb4 .\CortexM3\ARM_GCC_473\Debug\thermocouple interface.a(LCD.o)
 .text.LCD_WrCntrlNib
                0x00000f98       0x90 .\CortexM3\ARM_GCC_473\Debug\thermocouple interface.a(LCD.o)
 .text.LCD_PrintU32Number
                0x00001028       0xcc .\CortexM3\ARM_GCC_473\Debug\thermocouple interface.a(LCD.o)
                0x00001028                LCD_PrintU32Number
 .text.pow      0x000010f4      0x310 c:/program files (x86)/cypress/psoc creator/3.0/psoc creator/import/gnu_cs/arm/4.7.3/bin/../lib/gcc/arm-none-eabi/4.7.3/../../../../arm-none-eabi/lib/armv7-m\libm.a(lib_a-w_pow.o)
                0x000010f4                pow
 *fill*         0x00001404        0x4 00
 .text.__ieee754_pow
                0x00001408      0xb00 c:/program files (x86)/cypress/psoc creator/3.0/psoc creator/import/gnu_cs/arm/4.7.3/bin/../lib/gcc/arm-none-eabi/4.7.3/../../../../arm-none-eabi/lib/armv7-m\libm.a(lib_a-e_pow.o)
                0x00001408                __ieee754_pow
 .text.__ieee754_sqrt
                0x00001f08      0x208 c:/program files (x86)/cypress/psoc creator/3.0/psoc creator/import/gnu_cs/arm/4.7.3/bin/../lib/gcc/arm-none-eabi/4.7.3/../../../../arm-none-eabi/lib/armv7-m\libm.a(lib_a-e_sqrt.o)
                0x00001f08                __ieee754_sqrt
 .text.fabs     0x00002110        0x8 c:/program files (x86)/cypress/psoc creator/3.0/psoc creator/import/gnu_cs/arm/4.7.3/bin/../lib/gcc/arm-none-eabi/4.7.3/../../../../arm-none-eabi/lib/armv7-m\libm.a(lib_a-s_fabs.o)
                0x00002110                fabs
 .text.finite   0x00002118        0xc c:/program files (x86)/cypress/psoc creator/3.0/psoc creator/import/gnu_cs/arm/4.7.3/bin/../lib/gcc/arm-none-eabi/4.7.3/../../../../arm-none-eabi/lib/armv7-m\libm.a(lib_a-s_finite.o)
                0x00002118                finite
 .text.__fpclassifyd
                0x00002124       0x68 c:/program files (x86)/cypress/psoc creator/3.0/psoc creator/import/gnu_cs/arm/4.7.3/bin/../lib/gcc/arm-none-eabi/4.7.3/../../../../arm-none-eabi/lib/armv7-m\libm.a(lib_a-s_fpclassify.o)
                0x00002124                __fpclassifyd
 .text.matherr  0x0000218c        0x4 c:/program files (x86)/cypress/psoc creator/3.0/psoc creator/import/gnu_cs/arm/4.7.3/bin/../lib/gcc/arm-none-eabi/4.7.3/../../../../arm-none-eabi/lib/armv7-m\libm.a(lib_a-s_matherr.o)
                0x0000218c                matherr
 .text.nan      0x00002190        0xc c:/program files (x86)/cypress/psoc creator/3.0/psoc creator/import/gnu_cs/arm/4.7.3/bin/../lib/gcc/arm-none-eabi/4.7.3/../../../../arm-none-eabi/lib/armv7-m\libm.a(lib_a-s_nan.o)
                0x00002190                nan
 .text.rint     0x0000219c      0x128 c:/program files (x86)/cypress/psoc creator/3.0/psoc creator/import/gnu_cs/arm/4.7.3/bin/../lib/gcc/arm-none-eabi/4.7.3/../../../../arm-none-eabi/lib/armv7-m\libm.a(lib_a-s_rint.o)
                0x0000219c                rint
 *fill*         0x000022c4        0x4 00
 .text.scalbn   0x000022c8      0x108 c:/program files (x86)/cypress/psoc creator/3.0/psoc creator/import/gnu_cs/arm/4.7.3/bin/../lib/gcc/arm-none-eabi/4.7.3/../../../../arm-none-eabi/lib/armv7-m\libm.a(lib_a-s_scalbn.o)
                0x000022c8                scalbn
 .text.copysign
                0x000023d0       0x18 c:/program files (x86)/cypress/psoc creator/3.0/psoc creator/import/gnu_cs/arm/4.7.3/bin/../lib/gcc/arm-none-eabi/4.7.3/../../../../arm-none-eabi/lib/armv7-m\libm.a(lib_a-s_copysign.o)
                0x000023d0                copysign
 .text          0x000023e8      0x370 c:/program files (x86)/cypress/psoc creator/3.0/psoc creator/import/gnu_cs/arm/4.7.3/bin/../lib/gcc/arm-none-eabi/4.7.3/armv7-m\libgcc.a(_arm_addsubdf3.o)
                0x000023e8                __aeabi_drsub
                0x000023f0                __aeabi_dsub
                0x000023f0                __subdf3
                0x000023f4                __aeabi_dadd
                0x000023f4                __adddf3
                0x0000266c                __floatunsidf
                0x0000266c                __aeabi_ui2d
                0x0000268c                __floatsidf
                0x0000268c                __aeabi_i2d
                0x000026b0                __aeabi_f2d
                0x000026b0                __extendsfdf2
                0x000026ec                __floatundidf
                0x000026ec                __aeabi_ul2d
                0x000026fc                __floatdidf
                0x000026fc                __aeabi_l2d
 .text          0x00002758      0x424 c:/program files (x86)/cypress/psoc creator/3.0/psoc creator/import/gnu_cs/arm/4.7.3/bin/../lib/gcc/arm-none-eabi/4.7.3/armv7-m\libgcc.a(_arm_muldivdf3.o)
                0x00002758                __aeabi_dmul
                0x00002758                __muldf3
                0x000029ac                __divdf3
                0x000029ac                __aeabi_ddiv
 .text          0x00002b7c      0x110 c:/program files (x86)/cypress/psoc creator/3.0/psoc creator/import/gnu_cs/arm/4.7.3/bin/../lib/gcc/arm-none-eabi/4.7.3/armv7-m\libgcc.a(_arm_cmpdf2.o)
                0x00002b7c                __gtdf2
                0x00002b7c                __gedf2
                0x00002b84                __ltdf2
                0x00002b84                __ledf2
                0x00002b8c                __nedf2
                0x00002b8c                __eqdf2
                0x00002b8c                __cmpdf2
                0x00002c08                __aeabi_cdrcmple
                0x00002c18                __aeabi_cdcmpeq
                0x00002c18                __aeabi_cdcmple
                0x00002c28                __aeabi_dcmpeq
                0x00002c3c                __aeabi_dcmplt
                0x00002c50                __aeabi_dcmple
                0x00002c64                __aeabi_dcmpge
                0x00002c78                __aeabi_dcmpgt
 .text          0x00002c8c       0xa0 c:/program files (x86)/cypress/psoc creator/3.0/psoc creator/import/gnu_cs/arm/4.7.3/bin/../lib/gcc/arm-none-eabi/4.7.3/armv7-m\libgcc.a(_arm_truncdfsf2.o)
                0x00002c8c                __truncdfsf2
                0x00002c8c                __aeabi_d2f
 .text          0x00002d2c      0x2a0 c:/program files (x86)/cypress/psoc creator/3.0/psoc creator/import/gnu_cs/arm/4.7.3/bin/../lib/gcc/arm-none-eabi/4.7.3/armv7-m\libgcc.a(_arm_muldivsf3.o)
                0x00002d2c                __mulsf3
                0x00002d2c                __aeabi_fmul
                0x00002e94                __aeabi_fdiv
                0x00002e94                __divsf3
 .text          0x00002fcc       0x40 c:/program files (x86)/cypress/psoc creator/3.0/psoc creator/import/gnu_cs/arm/4.7.3/bin/../lib/gcc/arm-none-eabi/4.7.3/armv7-m\libgcc.a(_arm_fixunssfsi.o)
                0x00002fcc                __fixunssfsi
                0x00002fcc                __aeabi_f2uiz
 .text.__errno  0x0000300c        0xc c:/program files (x86)/cypress/psoc creator/3.0/psoc creator/import/gnu_cs/arm/4.7.3/bin/../lib/gcc/arm-none-eabi/4.7.3/../../../../arm-none-eabi/lib/armv7-m\libc_s.a(lib_a-errno.o)
                0x0000300c                __errno
 .text.__libc_init_array
                0x00003018       0x4c c:/program files (x86)/cypress/psoc creator/3.0/psoc creator/import/gnu_cs/arm/4.7.3/bin/../lib/gcc/arm-none-eabi/4.7.3/../../../../arm-none-eabi/lib/armv7-m\libc_s.a(lib_a-init.o)
                0x00003018                __libc_init_array
 .text.memcpy   0x00003064       0x12 c:/program files (x86)/cypress/psoc creator/3.0/psoc creator/import/gnu_cs/arm/4.7.3/bin/../lib/gcc/arm-none-eabi/4.7.3/../../../../arm-none-eabi/lib/armv7-m\libc_s.a(lib_a-memcpy.o)
                0x00003064                memcpy
 .text.memset   0x00003076       0x10 c:/program files (x86)/cypress/psoc creator/3.0/psoc creator/import/gnu_cs/arm/4.7.3/bin/../lib/gcc/arm-none-eabi/4.7.3/../../../../arm-none-eabi/lib/armv7-m\libc_s.a(lib_a-memset.o)
                0x00003076                memset
 *(.plt)
 *(.gnu.warning)
 *(.glue_7t)
 .glue_7t       0x00000000        0x0 linker stubs
 *(.glue_7)
 .glue_7        0x00000000        0x0 linker stubs
 *(.vfp11_veneer)
 .vfp11_veneer  0x00000000        0x0 linker stubs
 *(.bootloader)
 *(.ARM.extab* .gnu.linkonce.armextab.*)
 *(.gcc_except_table)

.v4_bx          0x00003088        0x0
 .v4_bx         0x00000000        0x0 linker stubs

.iplt           0x00003088        0x0
 .iplt          0x00000000        0x0 c:/program files (x86)/cypress/psoc creator/3.0/psoc creator/import/gnu_cs/arm/4.7.3/bin/../lib/gcc/arm-none-eabi/4.7.3/armv7-m/crtbegin.o

.eh_frame_hdr
 *(.eh_frame_hdr)

.eh_frame       0x00003088        0x4
 *(.eh_frame)
 .eh_frame      0x00003088        0x0 c:/program files (x86)/cypress/psoc creator/3.0/psoc creator/import/gnu_cs/arm/4.7.3/bin/../lib/gcc/arm-none-eabi/4.7.3/armv7-m/crtbegin.o
 .eh_frame      0x00003088        0x4 c:/program files (x86)/cypress/psoc creator/3.0/psoc creator/import/gnu_cs/arm/4.7.3/bin/../lib/gcc/arm-none-eabi/4.7.3/armv7-m/crtend.o
                0x0000308c                PROVIDE (__exidx_start, .)

.ARM.exidx
 *(.ARM.exidx* .gnu.linkonce.armexidx.*)
                0x0000308c                __exidx_end = .

.rodata         0x00003090       0xc8
 *(.rodata .rodata.* .gnu.linkonce.r.*)
 .rodata        0x00003090        0x8 .\CortexM3\ARM_GCC_473\Debug\main.o
 .rodata        0x00003098       0x38 .\CortexM3\ARM_GCC_473\Debug\thermocouple interface.a(cyfitter_cfg.o)
 .rodata.str1.4
                0x000030d0        0x4 c:/program files (x86)/cypress/psoc creator/3.0/psoc creator/import/gnu_cs/arm/4.7.3/bin/../lib/gcc/arm-none-eabi/4.7.3/../../../../arm-none-eabi/lib/armv7-m\libm.a(lib_a-w_pow.o)
 *fill*         0x000030d4        0x4 00
 .rodata.dp_h   0x000030d8       0x10 c:/program files (x86)/cypress/psoc creator/3.0/psoc creator/import/gnu_cs/arm/4.7.3/bin/../lib/gcc/arm-none-eabi/4.7.3/../../../../arm-none-eabi/lib/armv7-m\libm.a(lib_a-e_pow.o)
 .rodata.dp_l   0x000030e8       0x10 c:/program files (x86)/cypress/psoc creator/3.0/psoc creator/import/gnu_cs/arm/4.7.3/bin/../lib/gcc/arm-none-eabi/4.7.3/../../../../arm-none-eabi/lib/armv7-m\libm.a(lib_a-e_pow.o)
 .rodata.bp     0x000030f8       0x10 c:/program files (x86)/cypress/psoc creator/3.0/psoc creator/import/gnu_cs/arm/4.7.3/bin/../lib/gcc/arm-none-eabi/4.7.3/../../../../arm-none-eabi/lib/armv7-m\libm.a(lib_a-e_pow.o)
 .rodata.str1.4
                0x00003108        0x4 c:/program files (x86)/cypress/psoc creator/3.0/psoc creator/import/gnu_cs/arm/4.7.3/bin/../lib/gcc/arm-none-eabi/4.7.3/../../../../arm-none-eabi/lib/armv7-m\libm.a(lib_a-e_pow.o)
 *fill*         0x0000310c        0x4 00
 .rodata.TWO52  0x00003110       0x10 c:/program files (x86)/cypress/psoc creator/3.0/psoc creator/import/gnu_cs/arm/4.7.3/bin/../lib/gcc/arm-none-eabi/4.7.3/../../../../arm-none-eabi/lib/armv7-m\libm.a(lib_a-s_rint.o)
 .rodata.str1.1
                0x00003120        0x2 c:/program files (x86)/cypress/psoc creator/3.0/psoc creator/import/gnu_cs/arm/4.7.3/bin/../lib/gcc/arm-none-eabi/4.7.3/../../../../arm-none-eabi/lib/armv7-m\libc_s.a(lib_a-impure.o)
                0x00003124                . = ALIGN (0x4)
 *fill*         0x00003122        0x2 00
 *(.init)
 .init          0x00003124        0x4 c:/program files (x86)/cypress/psoc creator/3.0/psoc creator/import/gnu_cs/arm/4.7.3/bin/../lib/gcc/arm-none-eabi/4.7.3/armv7-m/crti.o
                0x00003124                _init
 .init          0x00003128        0x8 c:/program files (x86)/cypress/psoc creator/3.0/psoc creator/import/gnu_cs/arm/4.7.3/bin/../lib/gcc/arm-none-eabi/4.7.3/armv7-m/crtn.o
                0x00003130                . = ALIGN (0x4)
                0x00003130                __preinit_array_start = .
 *(.preinit_array)
                0x00003130                __preinit_array_end = .
                0x00003130                . = ALIGN (0x4)
                0x00003130                __init_array_start = .
 *(SORT(.init_array.*))
 *(.init_array)
 .init_array    0x00003130        0x4 c:/program files (x86)/cypress/psoc creator/3.0/psoc creator/import/gnu_cs/arm/4.7.3/bin/../lib/gcc/arm-none-eabi/4.7.3/armv7-m/crtbegin.o
 .init_array    0x00003134        0x4 .\CortexM3\ARM_GCC_473\Debug\Cm3Start.o
                0x00003138                __init_array_end = .
                0x00003138                . = ALIGN (0x4)
 *(.fini)
 .fini          0x00003138        0x4 c:/program files (x86)/cypress/psoc creator/3.0/psoc creator/import/gnu_cs/arm/4.7.3/bin/../lib/gcc/arm-none-eabi/4.7.3/armv7-m/crti.o
                0x00003138                _fini
 .fini          0x0000313c        0x8 c:/program files (x86)/cypress/psoc creator/3.0/psoc creator/import/gnu_cs/arm/4.7.3/bin/../lib/gcc/arm-none-eabi/4.7.3/armv7-m/crtn.o
                0x00003144                . = ALIGN (0x4)
                0x00003144                __fini_array_start = .
 *(.fini_array)
 .fini_array    0x00003144        0x4 c:/program files (x86)/cypress/psoc creator/3.0/psoc creator/import/gnu_cs/arm/4.7.3/bin/../lib/gcc/arm-none-eabi/4.7.3/armv7-m/crtbegin.o
 *(SORT(.fini_array.*))
                0x00003148                __fini_array_end = .
                0x00003148                . = ALIGN (0x4)
 *crtbegin.o(.ctors)
 *(EXCLUDE_FILE(*crtend.o) .ctors)
 *(SORT(.ctors.*))
 *crtend.o(.ctors)
                0x00003148                . = ALIGN (0x4)
 *crtbegin.o(.dtors)
 *(EXCLUDE_FILE(*crtend.o) .dtors)
 *(SORT(.dtors.*))
 *crtend.o(.dtors)
                0x00003148                . = ALIGN (0x4)
                0x00003148                __cy_regions = .
                0x00003148        0x4 LONG 0x3158 __cy_region_init_ram
                0x0000314c        0x4 LONG 0x1fff8108 __cy_region_start_data
                0x00003150        0x4 LONG 0x80 __cy_region_init_size_ram
                0x00003154        0x4 LONG 0x20 __cy_region_zero_size_ram
                0x00003158                __cy_regions_end = .
                0x00003158                . = ALIGN (0x8)
                0x00003158                _etext = .

.ramvectors     0x1fff8000      0x100
                0x1fff8000                __cy_region_start_ram = .
 *(.ramvectors)
 .ramvectors    0x1fff8000      0x100 .\CortexM3\ARM_GCC_473\Debug\Cm3Start.o
                0x1fff8000                CyRamVectors

.noinit         0x1fff8100        0x5
 *(.noinit)
 .noinit        0x1fff8100        0x4 .\CortexM3\ARM_GCC_473\Debug\Cm3Start.o
 .noinit        0x1fff8104        0x1 .\CortexM3\ARM_GCC_473\Debug\thermocouple interface.a(CyLib.o)
                0x1fff8104                CyResetStatus

.data           0x1fff8108       0x80 load address 0x00003158
                0x1fff8108                __cy_region_start_data = .
 *(.jcr)
 .jcr           0x1fff8108        0x0 c:/program files (x86)/cypress/psoc creator/3.0/psoc creator/import/gnu_cs/arm/4.7.3/bin/../lib/gcc/arm-none-eabi/4.7.3/armv7-m/crtbegin.o
 .jcr           0x1fff8108        0x4 c:/program files (x86)/cypress/psoc creator/3.0/psoc creator/import/gnu_cs/arm/4.7.3/bin/../lib/gcc/arm-none-eabi/4.7.3/armv7-m/crtend.o
 *(.got.plt)
 *(.got)
 *(.shdata)
 *(.data .data.* .gnu.linkonce.d.*)
 .data          0x1fff810c       0x10 .\CortexM3\ARM_GCC_473\Debug\thermocouple interface.a(CyLib.o)
                0x1fff810c                cydelay_freq_hz
                0x1fff8110                cydelay_freq_khz
                0x1fff8114                cydelay_freq_mhz
                0x1fff8118                cydelay_32k_ms
 .data.__fdlib_version
                0x1fff811c        0x1 c:/program files (x86)/cypress/psoc creator/3.0/psoc creator/import/gnu_cs/arm/4.7.3/bin/../lib/gcc/arm-none-eabi/4.7.3/../../../../arm-none-eabi/lib/armv7-m\libm.a(lib_a-s_lib_ver.o)
                0x1fff811c                __fdlib_version
 *fill*         0x1fff811d        0x3 00
 .data.impure_data
                0x1fff8120       0x64 c:/program files (x86)/cypress/psoc creator/3.0/psoc creator/import/gnu_cs/arm/4.7.3/bin/../lib/gcc/arm-none-eabi/4.7.3/../../../../arm-none-eabi/lib/armv7-m\libc_s.a(lib_a-impure.o)
 .data._impure_ptr
                0x1fff8184        0x4 c:/program files (x86)/cypress/psoc creator/3.0/psoc creator/import/gnu_cs/arm/4.7.3/bin/../lib/gcc/arm-none-eabi/4.7.3/../../../../arm-none-eabi/lib/armv7-m\libc_s.a(lib_a-impure.o)
                0x1fff8184                _impure_ptr
                0x1fff8188                . = ALIGN (0x8)
 *(.ram)
                0x1fff8188                _edata = .

.igot.plt       0x1fff8188        0x0 load address 0x000031d8
 .igot.plt      0x00000000        0x0 c:/program files (x86)/cypress/psoc creator/3.0/psoc creator/import/gnu_cs/arm/4.7.3/bin/../lib/gcc/arm-none-eabi/4.7.3/armv7-m/crtbegin.o

.bss            0x1fff8188       0x20 load address 0x000031d8
                0x1fff8188                PROVIDE (__bss_start__, .)
 *(.shbss)
 *(.bss .bss.* .gnu.linkonce.b.*)
 .bss           0x1fff8188       0x1c c:/program files (x86)/cypress/psoc creator/3.0/psoc creator/import/gnu_cs/arm/4.7.3/bin/../lib/gcc/arm-none-eabi/4.7.3/armv7-m/crtbegin.o
 .bss           0x1fff81a4        0x1 .\CortexM3\ARM_GCC_473\Debug\thermocouple interface.a(master.o)
                0x1fff81a4                master_initVar
 .bss           0x1fff81a5        0x2 .\CortexM3\ARM_GCC_473\Debug\thermocouple interface.a(LCD.o)
                0x1fff81a5                LCD_enableState
                0x1fff81a6                LCD_initVar
 *(COMMON)
                0x1fff81a8                . = ALIGN (0x8)
 *fill*         0x1fff81a7        0x1 00
 *(.ram.b)
                0x1fff81a8                _end = .
                0x1fff81a8                __end = .
                0x1fff81a8                PROVIDE (end, .)
                0x1fff81a8                PROVIDE (__bss_end__, .)
                0x00003158                __cy_region_init_ram = LOADADDR (.data)
                0x00000080                __cy_region_init_size_ram = (_edata - ADDR (.data))
                0x00000020                __cy_region_zero_size_ram = (_end - _edata)

.heap           0x1fff81a8     0x1000 load address 0x000031d8
                0x1fff81a8                . = _end
                0x1fff91a8                . = (. + 0x1000)
 *fill*         0x1fff81a8     0x1000 00
                0x1fff91a8                __cy_heap_limit = .

.stack          0x20004000     0x4000
                0x20004000                __cy_stack_limit = .
                0x20008000                . = (. + 0x4000)
 *fill*         0x20004000     0x4000 00
                0x00000001                ASSERT ((__cy_stack_limit >= __cy_heap_limit), region RAM overflowed with stack)

.cyloadermeta
 *(.cyloadermeta)

.cyloadablemeta
 *(.cyloadablemeta)

.cyconfigecc    0x80000000      0x2a4
 *(.cyconfigecc)
 .cyconfigecc   0x80000000      0x2a4 .\CortexM3\ARM_GCC_473\Debug\cymetadata.o
                0x80000000                cy_meta_configecc

.cycustnvl      0x90000000        0x4
 *(.cycustnvl)
 .cycustnvl     0x90000000        0x4 .\CortexM3\ARM_GCC_473\Debug\cymetadata.o
                0x90000000                cy_meta_custnvl

.cywolatch      0x90100000        0x4
 *(.cywolatch)
 .cywolatch     0x90100000        0x4 .\CortexM3\ARM_GCC_473\Debug\cymetadata.o
                0x90100000                cy_meta_wonvl

.cyeeprom       0x90200000        0x0
 *(.cyeeprom)
                0x00000001                ASSERT ((. <= ((0x90200000 + ee_offset) + ee_size)), .cyeeprom data will not fit in EEPROM)

.cyflashprotect
                0x90400000      0x100
 *(.cyflashprotect)
 .cyflashprotect
                0x90400000      0x100 .\CortexM3\ARM_GCC_473\Debug\cymetadata.o
                0x90400000                cy_meta_flashprotect

.cymeta         0x90500000        0xc
 *(.cymeta)
 .cymeta        0x90500000        0xc .\CortexM3\ARM_GCC_473\Debug\cymetadata.o
                0x90500000                cy_metadata

.rel.dyn        0x000031d8        0x0 load address 0x9050000c
 .rel.iplt      0x00000000        0x0 c:/program files (x86)/cypress/psoc creator/3.0/psoc creator/import/gnu_cs/arm/4.7.3/bin/../lib/gcc/arm-none-eabi/4.7.3/armv7-m/crtbegin.o

.stab
 *(.stab)

.stabstr
 *(.stabstr)

.debug
 *(.debug)

.line
 *(.line)

.debug_srcinfo
 *(.debug_srcinfo)

.debug_sfnames
 *(.debug_sfnames)

.debug_aranges  0x00000000      0x660
 *(.debug_aranges)
 .debug_aranges
                0x00000000       0x20 .\CortexM3\ARM_GCC_473\Debug\main.o
 .debug_aranges
                0x00000020       0x18 .\CortexM3\ARM_GCC_473\Debug\cymetadata.o
 .debug_aranges
                0x00000038       0x40 .\CortexM3\ARM_GCC_473\Debug\Cm3Start.o
 .debug_aranges
                0x00000078       0x60 .\CortexM3\ARM_GCC_473\Debug\thermocouple interface.a(cyfitter_cfg.o)
 .debug_aranges
                0x000000d8       0xd8 .\CortexM3\ARM_GCC_473\Debug\thermocouple interface.a(master.o)
 .debug_aranges
                0x000001b0       0x20 .\CortexM3\ARM_GCC_473\Debug\thermocouple interface.a(CyBootAsmGnu.o)
 .debug_aranges
                0x000001d0      0x218 .\CortexM3\ARM_GCC_473\Debug\thermocouple interface.a(CyLib.o)
 .debug_aranges
                0x000003e8       0x90 .\CortexM3\ARM_GCC_473\Debug\thermocouple interface.a(cyPm.o)
 .debug_aranges
                0x00000478       0x70 .\CortexM3\ARM_GCC_473\Debug\thermocouple interface.a(clock.o)
 .debug_aranges
                0x000004e8       0x98 .\CortexM3\ARM_GCC_473\Debug\thermocouple interface.a(LCD.o)
 .debug_aranges
                0x00000580       0x78 .\CortexM3\ARM_GCC_473\Debug\thermocouple interface.a(CyFlash.o)
 .debug_aranges
                0x000005f8       0x68 .\CortexM3\ARM_GCC_473\Debug\thermocouple interface.a(CySpc.o)

.debug_pubnames
 *(.debug_pubnames)

.debug_info     0x00000000     0x2ec9
 *(.debug_info .gnu.linkonce.wi.*)
 .debug_info    0x00000000      0x15d .\CortexM3\ARM_GCC_473\Debug\main.o
 .debug_info    0x0000015d      0x13f .\CortexM3\ARM_GCC_473\Debug\cymetadata.o
 .debug_info    0x0000029c      0x2ea .\CortexM3\ARM_GCC_473\Debug\Cm3Start.o
 .debug_info    0x00000586      0x3c0 .\CortexM3\ARM_GCC_473\Debug\thermocouple interface.a(cyfitter_cfg.o)
 .debug_info    0x00000946      0x485 .\CortexM3\ARM_GCC_473\Debug\thermocouple interface.a(master.o)
 .debug_info    0x00000dcb       0x9b .\CortexM3\ARM_GCC_473\Debug\thermocouple interface.a(CyBootAsmGnu.o)
 .debug_info    0x00000e66      0xcd7 .\CortexM3\ARM_GCC_473\Debug\thermocouple interface.a(CyLib.o)
 .debug_info    0x00001b3d      0x5c3 .\CortexM3\ARM_GCC_473\Debug\thermocouple interface.a(cyPm.o)
 .debug_info    0x00002100      0x294 .\CortexM3\ARM_GCC_473\Debug\thermocouple interface.a(clock.o)
 .debug_info    0x00002394      0x408 .\CortexM3\ARM_GCC_473\Debug\thermocouple interface.a(LCD.o)
 .debug_info    0x0000279c      0x354 .\CortexM3\ARM_GCC_473\Debug\thermocouple interface.a(CyFlash.o)
 .debug_info    0x00002af0      0x3d9 .\CortexM3\ARM_GCC_473\Debug\thermocouple interface.a(CySpc.o)

.debug_abbrev   0x00000000      0xe13
 *(.debug_abbrev)
 .debug_abbrev  0x00000000       0xa4 .\CortexM3\ARM_GCC_473\Debug\main.o
 .debug_abbrev  0x000000a4       0x66 .\CortexM3\ARM_GCC_473\Debug\cymetadata.o
 .debug_abbrev  0x0000010a      0x175 .\CortexM3\ARM_GCC_473\Debug\Cm3Start.o
 .debug_abbrev  0x0000027f      0x19f .\CortexM3\ARM_GCC_473\Debug\thermocouple interface.a(cyfitter_cfg.o)
 .debug_abbrev  0x0000041e      0x158 .\CortexM3\ARM_GCC_473\Debug\thermocouple interface.a(master.o)
 .debug_abbrev  0x00000576       0x14 .\CortexM3\ARM_GCC_473\Debug\thermocouple interface.a(CyBootAsmGnu.o)
 .debug_abbrev  0x0000058a      0x207 .\CortexM3\ARM_GCC_473\Debug\thermocouple interface.a(CyLib.o)
 .debug_abbrev  0x00000791      0x170 .\CortexM3\ARM_GCC_473\Debug\thermocouple interface.a(cyPm.o)
 .debug_abbrev  0x00000901      0x11f .\CortexM3\ARM_GCC_473\Debug\thermocouple interface.a(clock.o)
 .debug_abbrev  0x00000a20      0x122 .\CortexM3\ARM_GCC_473\Debug\thermocouple interface.a(LCD.o)
 .debug_abbrev  0x00000b42      0x172 .\CortexM3\ARM_GCC_473\Debug\thermocouple interface.a(CyFlash.o)
 .debug_abbrev  0x00000cb4      0x15f .\CortexM3\ARM_GCC_473\Debug\thermocouple interface.a(CySpc.o)

.debug_line     0x00000000     0x19d0
 *(.debug_line)
 .debug_line    0x00000000      0x151 .\CortexM3\ARM_GCC_473\Debug\main.o
 .debug_line    0x00000151       0x53 .\CortexM3\ARM_GCC_473\Debug\cymetadata.o
 .debug_line    0x000001a4      0x1b0 .\CortexM3\ARM_GCC_473\Debug\Cm3Start.o
 .debug_line    0x00000354      0x1f5 .\CortexM3\ARM_GCC_473\Debug\thermocouple interface.a(cyfitter_cfg.o)
 .debug_line    0x00000549      0x274 .\CortexM3\ARM_GCC_473\Debug\thermocouple interface.a(master.o)
 .debug_line    0x000007bd       0x68 .\CortexM3\ARM_GCC_473\Debug\thermocouple interface.a(CyBootAsmGnu.o)
 .debug_line    0x00000825      0x73b .\CortexM3\ARM_GCC_473\Debug\thermocouple interface.a(CyLib.o)
 .debug_line    0x00000f60      0x370 .\CortexM3\ARM_GCC_473\Debug\thermocouple interface.a(cyPm.o)
 .debug_line    0x000012d0      0x19c .\CortexM3\ARM_GCC_473\Debug\thermocouple interface.a(clock.o)
 .debug_line    0x0000146c      0x214 .\CortexM3\ARM_GCC_473\Debug\thermocouple interface.a(LCD.o)
 .debug_line    0x00001680      0x1a9 .\CortexM3\ARM_GCC_473\Debug\thermocouple interface.a(CyFlash.o)
 .debug_line    0x00001829      0x1a7 .\CortexM3\ARM_GCC_473\Debug\thermocouple interface.a(CySpc.o)

.debug_frame    0x00000000     0x16ec
 *(.debug_frame)
 .debug_frame   0x00000000       0x3c .\CortexM3\ARM_GCC_473\Debug\main.o
 .debug_frame   0x0000003c       0xa4 .\CortexM3\ARM_GCC_473\Debug\Cm3Start.o
 .debug_frame   0x000000e0      0x120 .\CortexM3\ARM_GCC_473\Debug\thermocouple interface.a(cyfitter_cfg.o)
 .debug_frame   0x00000200      0x2c4 .\CortexM3\ARM_GCC_473\Debug\thermocouple interface.a(master.o)
 .debug_frame   0x000004c4      0x778 .\CortexM3\ARM_GCC_473\Debug\thermocouple interface.a(CyLib.o)
 .debug_frame   0x00000c3c      0x1d0 .\CortexM3\ARM_GCC_473\Debug\thermocouple interface.a(cyPm.o)
 .debug_frame   0x00000e0c      0x14c .\CortexM3\ARM_GCC_473\Debug\thermocouple interface.a(clock.o)
 .debug_frame   0x00000f58      0x200 .\CortexM3\ARM_GCC_473\Debug\thermocouple interface.a(LCD.o)
 .debug_frame   0x00001158      0x178 .\CortexM3\ARM_GCC_473\Debug\thermocouple interface.a(CyFlash.o)
 .debug_frame   0x000012d0      0x13c .\CortexM3\ARM_GCC_473\Debug\thermocouple interface.a(CySpc.o)
 .debug_frame   0x0000140c       0x38 c:/program files (x86)/cypress/psoc creator/3.0/psoc creator/import/gnu_cs/arm/4.7.3/bin/../lib/gcc/arm-none-eabi/4.7.3/../../../../arm-none-eabi/lib/armv7-m\libm.a(lib_a-w_pow.o)
 .debug_frame   0x00001444       0x38 c:/program files (x86)/cypress/psoc creator/3.0/psoc creator/import/gnu_cs/arm/4.7.3/bin/../lib/gcc/arm-none-eabi/4.7.3/../../../../arm-none-eabi/lib/armv7-m\libm.a(lib_a-e_pow.o)
 .debug_frame   0x0000147c       0x34 c:/program files (x86)/cypress/psoc creator/3.0/psoc creator/import/gnu_cs/arm/4.7.3/bin/../lib/gcc/arm-none-eabi/4.7.3/../../../../arm-none-eabi/lib/armv7-m\libm.a(lib_a-e_sqrt.o)
 .debug_frame   0x000014b0       0x20 c:/program files (x86)/cypress/psoc creator/3.0/psoc creator/import/gnu_cs/arm/4.7.3/bin/../lib/gcc/arm-none-eabi/4.7.3/../../../../arm-none-eabi/lib/armv7-m\libm.a(lib_a-s_fabs.o)
 .debug_frame   0x000014d0       0x20 c:/program files (x86)/cypress/psoc creator/3.0/psoc creator/import/gnu_cs/arm/4.7.3/bin/../lib/gcc/arm-none-eabi/4.7.3/../../../../arm-none-eabi/lib/armv7-m\libm.a(lib_a-s_finite.o)
 .debug_frame   0x000014f0       0x20 c:/program files (x86)/cypress/psoc creator/3.0/psoc creator/import/gnu_cs/arm/4.7.3/bin/../lib/gcc/arm-none-eabi/4.7.3/../../../../arm-none-eabi/lib/armv7-m\libm.a(lib_a-s_fpclassify.o)
 .debug_frame   0x00001510       0x20 c:/program files (x86)/cypress/psoc creator/3.0/psoc creator/import/gnu_cs/arm/4.7.3/bin/../lib/gcc/arm-none-eabi/4.7.3/../../../../arm-none-eabi/lib/armv7-m\libm.a(lib_a-s_matherr.o)
 .debug_frame   0x00001530       0x20 c:/program files (x86)/cypress/psoc creator/3.0/psoc creator/import/gnu_cs/arm/4.7.3/bin/../lib/gcc/arm-none-eabi/4.7.3/../../../../arm-none-eabi/lib/armv7-m\libm.a(lib_a-s_nan.o)
 .debug_frame   0x00001550       0x34 c:/program files (x86)/cypress/psoc creator/3.0/psoc creator/import/gnu_cs/arm/4.7.3/bin/../lib/gcc/arm-none-eabi/4.7.3/../../../../arm-none-eabi/lib/armv7-m\libm.a(lib_a-s_rint.o)
 .debug_frame   0x00001584       0x30 c:/program files (x86)/cypress/psoc creator/3.0/psoc creator/import/gnu_cs/arm/4.7.3/bin/../lib/gcc/arm-none-eabi/4.7.3/../../../../arm-none-eabi/lib/armv7-m\libm.a(lib_a-s_scalbn.o)
 .debug_frame   0x000015b4       0x28 c:/program files (x86)/cypress/psoc creator/3.0/psoc creator/import/gnu_cs/arm/4.7.3/bin/../lib/gcc/arm-none-eabi/4.7.3/../../../../arm-none-eabi/lib/armv7-m\libm.a(lib_a-s_copysign.o)
 .debug_frame   0x000015dc       0x28 c:/program files (x86)/cypress/psoc creator/3.0/psoc creator/import/gnu_cs/arm/4.7.3/bin/../lib/gcc/arm-none-eabi/4.7.3/../../../../arm-none-eabi/lib/armv7-m\libc_s.a(lib_a-__atexit2.o)
 .debug_frame   0x00001604       0x20 c:/program files (x86)/cypress/psoc creator/3.0/psoc creator/import/gnu_cs/arm/4.7.3/bin/../lib/gcc/arm-none-eabi/4.7.3/../../../../arm-none-eabi/lib/armv7-m\libc_s.a(lib_a-errno.o)
 .debug_frame   0x00001624       0x28 c:/program files (x86)/cypress/psoc creator/3.0/psoc creator/import/gnu_cs/arm/4.7.3/bin/../lib/gcc/arm-none-eabi/4.7.3/../../../../arm-none-eabi/lib/armv7-m\libc_s.a(lib_a-exit.o)
 .debug_frame   0x0000164c       0x2c c:/program files (x86)/cypress/psoc creator/3.0/psoc creator/import/gnu_cs/arm/4.7.3/bin/../lib/gcc/arm-none-eabi/4.7.3/../../../../arm-none-eabi/lib/armv7-m\libc_s.a(lib_a-fini.o)
 .debug_frame   0x00001678       0x2c c:/program files (x86)/cypress/psoc creator/3.0/psoc creator/import/gnu_cs/arm/4.7.3/bin/../lib/gcc/arm-none-eabi/4.7.3/../../../../arm-none-eabi/lib/armv7-m\libc_s.a(lib_a-init.o)
 .debug_frame   0x000016a4       0x28 c:/program files (x86)/cypress/psoc creator/3.0/psoc creator/import/gnu_cs/arm/4.7.3/bin/../lib/gcc/arm-none-eabi/4.7.3/../../../../arm-none-eabi/lib/armv7-m\libc_s.a(lib_a-memcpy.o)
 .debug_frame   0x000016cc       0x20 c:/program files (x86)/cypress/psoc creator/3.0/psoc creator/import/gnu_cs/arm/4.7.3/bin/../lib/gcc/arm-none-eabi/4.7.3/../../../../arm-none-eabi/lib/armv7-m\libc_s.a(lib_a-memset.o)

.debug_str      0x00000000     0x1524
 *(.debug_str)
 .debug_str     0x00000000      0x150 .\CortexM3\ARM_GCC_473\Debug\main.o
                                0x1a0 (size before relaxing)
 .debug_str     0x00000150       0x77 .\CortexM3\ARM_GCC_473\Debug\cymetadata.o
                                0x1b0 (size before relaxing)
 .debug_str     0x000001c7      0x119 .\CortexM3\ARM_GCC_473\Debug\Cm3Start.o
                                0x26c (size before relaxing)
 .debug_str     0x000002e0      0x157 .\CortexM3\ARM_GCC_473\Debug\thermocouple interface.a(cyfitter_cfg.o)
                                0x2bd (size before relaxing)
 .debug_str     0x00000437      0x267 .\CortexM3\ARM_GCC_473\Debug\thermocouple interface.a(master.o)
                                0x3b7 (size before relaxing)
 .debug_str     0x0000069e      0x642 .\CortexM3\ARM_GCC_473\Debug\thermocouple interface.a(CyLib.o)
                                0x7d2 (size before relaxing)
 .debug_str     0x00000ce0      0x367 .\CortexM3\ARM_GCC_473\Debug\thermocouple interface.a(cyPm.o)
                                0x4e1 (size before relaxing)
 .debug_str     0x00001047      0x14c .\CortexM3\ARM_GCC_473\Debug\thermocouple interface.a(clock.o)
                                0x29c (size before relaxing)
 .debug_str     0x00001193      0x16a .\CortexM3\ARM_GCC_473\Debug\thermocouple interface.a(LCD.o)
                                0x2cb (size before relaxing)
 .debug_str     0x000012fd      0x129 .\CortexM3\ARM_GCC_473\Debug\thermocouple interface.a(CyFlash.o)
                                0x2a7 (size before relaxing)
 .debug_str     0x00001426       0xfe .\CortexM3\ARM_GCC_473\Debug\thermocouple interface.a(CySpc.o)
                                0x283 (size before relaxing)

.debug_loc      0x00000000     0x21d2
 *(.debug_loc)
 .debug_loc     0x00000000       0x3a .\CortexM3\ARM_GCC_473\Debug\main.o
 .debug_loc     0x0000003a      0x100 .\CortexM3\ARM_GCC_473\Debug\Cm3Start.o
 .debug_loc     0x0000013a      0x1f8 .\CortexM3\ARM_GCC_473\Debug\thermocouple interface.a(cyfitter_cfg.o)
 .debug_loc     0x00000332      0x4d4 .\CortexM3\ARM_GCC_473\Debug\thermocouple interface.a(master.o)
 .debug_loc     0x00000806      0xce0 .\CortexM3\ARM_GCC_473\Debug\thermocouple interface.a(CyLib.o)
 .debug_loc     0x000014e6      0x2e8 .\CortexM3\ARM_GCC_473\Debug\thermocouple interface.a(cyPm.o)
 .debug_loc     0x000017ce      0x22c .\CortexM3\ARM_GCC_473\Debug\thermocouple interface.a(clock.o)
 .debug_loc     0x000019fa      0x350 .\CortexM3\ARM_GCC_473\Debug\thermocouple interface.a(LCD.o)
 .debug_loc     0x00001d4a      0x258 .\CortexM3\ARM_GCC_473\Debug\thermocouple interface.a(CyFlash.o)
 .debug_loc     0x00001fa2      0x230 .\CortexM3\ARM_GCC_473\Debug\thermocouple interface.a(CySpc.o)

.debug_macinfo
 *(.debug_macinfo)

.debug_ranges   0x00000000      0x588
 *(.debug_ranges)
 .debug_ranges  0x00000000       0x10 .\CortexM3\ARM_GCC_473\Debug\main.o
 .debug_ranges  0x00000010       0x30 .\CortexM3\ARM_GCC_473\Debug\Cm3Start.o
 .debug_ranges  0x00000040       0x50 .\CortexM3\ARM_GCC_473\Debug\thermocouple interface.a(cyfitter_cfg.o)
 .debug_ranges  0x00000090       0xc8 .\CortexM3\ARM_GCC_473\Debug\thermocouple interface.a(master.o)
 .debug_ranges  0x00000158      0x208 .\CortexM3\ARM_GCC_473\Debug\thermocouple interface.a(CyLib.o)
 .debug_ranges  0x00000360       0x80 .\CortexM3\ARM_GCC_473\Debug\thermocouple interface.a(cyPm.o)
 .debug_ranges  0x000003e0       0x60 .\CortexM3\ARM_GCC_473\Debug\thermocouple interface.a(clock.o)
 .debug_ranges  0x00000440       0x88 .\CortexM3\ARM_GCC_473\Debug\thermocouple interface.a(LCD.o)
 .debug_ranges  0x000004c8       0x68 .\CortexM3\ARM_GCC_473\Debug\thermocouple interface.a(CyFlash.o)
 .debug_ranges  0x00000530       0x58 .\CortexM3\ARM_GCC_473\Debug\thermocouple interface.a(CySpc.o)

.comment        0x00000000       0x70
 .comment       0x00000000       0x70 .\CortexM3\ARM_GCC_473\Debug\main.o
                                 0x71 (size before relaxing)
 .comment       0x00000000       0x71 .\CortexM3\ARM_GCC_473\Debug\cymetadata.o
 .comment       0x00000000       0x71 .\CortexM3\ARM_GCC_473\Debug\Cm3Start.o
 .comment       0x00000000       0x71 .\CortexM3\ARM_GCC_473\Debug\thermocouple interface.a(cyfitter_cfg.o)
 .comment       0x00000000       0x71 .\CortexM3\ARM_GCC_473\Debug\thermocouple interface.a(master.o)
 .comment       0x00000000       0x71 .\CortexM3\ARM_GCC_473\Debug\thermocouple interface.a(CyLib.o)
 .comment       0x00000000       0x71 .\CortexM3\ARM_GCC_473\Debug\thermocouple interface.a(cyPm.o)
 .comment       0x00000000       0x71 .\CortexM3\ARM_GCC_473\Debug\thermocouple interface.a(clock.o)
 .comment       0x00000000       0x71 .\CortexM3\ARM_GCC_473\Debug\thermocouple interface.a(LCD.o)
 .comment       0x00000000       0x71 .\CortexM3\ARM_GCC_473\Debug\thermocouple interface.a(CyFlash.o)
 .comment       0x00000000       0x71 .\CortexM3\ARM_GCC_473\Debug\thermocouple interface.a(CySpc.o)

.debug_weaknames
 *(.debug_weaknames)

.debug_funcnames
 *(.debug_funcnames)

.debug_typenames
 *(.debug_typenames)

.debug_varnames
 *(.debug_varnames)

.note.gnu.arm.ident
 *(.note.gnu.arm.ident)

.ARM.attributes
                0x00000000       0x29
 *(.ARM.attributes)
 .ARM.attributes
                0x00000000       0x1d c:/program files (x86)/cypress/psoc creator/3.0/psoc creator/import/gnu_cs/arm/4.7.3/bin/../lib/gcc/arm-none-eabi/4.7.3/armv7-m/crti.o
 .ARM.attributes
                0x0000001d       0x2d c:/program files (x86)/cypress/psoc creator/3.0/psoc creator/import/gnu_cs/arm/4.7.3/bin/../lib/gcc/arm-none-eabi/4.7.3/armv7-m/crtbegin.o
 .ARM.attributes
                0x0000004a       0x1b c:/program files (x86)/cypress/psoc creator/3.0/psoc creator/import/gnu_cs/arm/4.7.3/bin/../lib/gcc/arm-none-eabi/4.7.3/../../../../arm-none-eabi/lib/armv7-m/crt0.o
 .ARM.attributes
                0x00000065       0x33 .\CortexM3\ARM_GCC_473\Debug\main.o
 .ARM.attributes
                0x00000098       0x33 .\CortexM3\ARM_GCC_473\Debug\cymetadata.o
 .ARM.attributes
                0x000000cb       0x33 .\CortexM3\ARM_GCC_473\Debug\Cm3Start.o
 .ARM.attributes
                0x000000fe       0x33 .\CortexM3\ARM_GCC_473\Debug\thermocouple interface.a(cyfitter_cfg.o)
 .ARM.attributes
                0x00000131       0x33 .\CortexM3\ARM_GCC_473\Debug\thermocouple interface.a(master.o)
 .ARM.attributes
                0x00000164       0x21 .\CortexM3\ARM_GCC_473\Debug\thermocouple interface.a(CyBootAsmGnu.o)
 .ARM.attributes
                0x00000185       0x33 .\CortexM3\ARM_GCC_473\Debug\thermocouple interface.a(CyLib.o)
 .ARM.attributes
                0x000001b8       0x33 .\CortexM3\ARM_GCC_473\Debug\thermocouple interface.a(cyPm.o)
 .ARM.attributes
                0x000001eb       0x33 .\CortexM3\ARM_GCC_473\Debug\thermocouple interface.a(clock.o)
 .ARM.attributes
                0x0000021e       0x33 .\CortexM3\ARM_GCC_473\Debug\thermocouple interface.a(LCD.o)
 .ARM.attributes
                0x00000251       0x33 .\CortexM3\ARM_GCC_473\Debug\thermocouple interface.a(CyFlash.o)
 .ARM.attributes
                0x00000284       0x33 .\CortexM3\ARM_GCC_473\Debug\thermocouple interface.a(CySpc.o)
 .ARM.attributes
                0x000002b7       0x2d c:/program files (x86)/cypress/psoc creator/3.0/psoc creator/import/gnu_cs/arm/4.7.3/bin/../lib/gcc/arm-none-eabi/4.7.3/../../../../arm-none-eabi/lib/armv7-m\libm.a(lib_a-w_pow.o)
 .ARM.attributes
                0x000002e4       0x2d c:/program files (x86)/cypress/psoc creator/3.0/psoc creator/import/gnu_cs/arm/4.7.3/bin/../lib/gcc/arm-none-eabi/4.7.3/../../../../arm-none-eabi/lib/armv7-m\libm.a(lib_a-e_pow.o)
 .ARM.attributes
                0x00000311       0x2d c:/program files (x86)/cypress/psoc creator/3.0/psoc creator/import/gnu_cs/arm/4.7.3/bin/../lib/gcc/arm-none-eabi/4.7.3/../../../../arm-none-eabi/lib/armv7-m\libm.a(lib_a-e_sqrt.o)
 .ARM.attributes
                0x0000033e       0x2d c:/program files (x86)/cypress/psoc creator/3.0/psoc creator/import/gnu_cs/arm/4.7.3/bin/../lib/gcc/arm-none-eabi/4.7.3/../../../../arm-none-eabi/lib/armv7-m\libm.a(lib_a-s_fabs.o)
 .ARM.attributes
                0x0000036b       0x2d c:/program files (x86)/cypress/psoc creator/3.0/psoc creator/import/gnu_cs/arm/4.7.3/bin/../lib/gcc/arm-none-eabi/4.7.3/../../../../arm-none-eabi/lib/armv7-m\libm.a(lib_a-s_finite.o)
 .ARM.attributes
                0x00000398       0x2d c:/program files (x86)/cypress/psoc creator/3.0/psoc creator/import/gnu_cs/arm/4.7.3/bin/../lib/gcc/arm-none-eabi/4.7.3/../../../../arm-none-eabi/lib/armv7-m\libm.a(lib_a-s_fpclassify.o)
 .ARM.attributes
                0x000003c5       0x2d c:/program files (x86)/cypress/psoc creator/3.0/psoc creator/import/gnu_cs/arm/4.7.3/bin/../lib/gcc/arm-none-eabi/4.7.3/../../../../arm-none-eabi/lib/armv7-m\libm.a(lib_a-s_lib_ver.o)
 .ARM.attributes
                0x000003f2       0x2d c:/program files (x86)/cypress/psoc creator/3.0/psoc creator/import/gnu_cs/arm/4.7.3/bin/../lib/gcc/arm-none-eabi/4.7.3/../../../../arm-none-eabi/lib/armv7-m\libm.a(lib_a-s_matherr.o)
 .ARM.attributes
                0x0000041f       0x2d c:/program files (x86)/cypress/psoc creator/3.0/psoc creator/import/gnu_cs/arm/4.7.3/bin/../lib/gcc/arm-none-eabi/4.7.3/../../../../arm-none-eabi/lib/armv7-m\libm.a(lib_a-s_nan.o)
 .ARM.attributes
                0x0000044c       0x2d c:/program files (x86)/cypress/psoc creator/3.0/psoc creator/import/gnu_cs/arm/4.7.3/bin/../lib/gcc/arm-none-eabi/4.7.3/../../../../arm-none-eabi/lib/armv7-m\libm.a(lib_a-s_rint.o)
 .ARM.attributes
                0x00000479       0x2d c:/program files (x86)/cypress/psoc creator/3.0/psoc creator/import/gnu_cs/arm/4.7.3/bin/../lib/gcc/arm-none-eabi/4.7.3/../../../../arm-none-eabi/lib/armv7-m\libm.a(lib_a-s_scalbn.o)
 .ARM.attributes
                0x000004a6       0x2d c:/program files (x86)/cypress/psoc creator/3.0/psoc creator/import/gnu_cs/arm/4.7.3/bin/../lib/gcc/arm-none-eabi/4.7.3/../../../../arm-none-eabi/lib/armv7-m\libm.a(lib_a-s_copysign.o)
 .ARM.attributes
                0x000004d3       0x1d c:/program files (x86)/cypress/psoc creator/3.0/psoc creator/import/gnu_cs/arm/4.7.3/bin/../lib/gcc/arm-none-eabi/4.7.3/armv7-m\libgcc.a(_arm_addsubdf3.o)
 .ARM.attributes
                0x000004f0       0x1d c:/program files (x86)/cypress/psoc creator/3.0/psoc creator/import/gnu_cs/arm/4.7.3/bin/../lib/gcc/arm-none-eabi/4.7.3/armv7-m\libgcc.a(_arm_muldivdf3.o)
 .ARM.attributes
                0x0000050d       0x1d c:/program files (x86)/cypress/psoc creator/3.0/psoc creator/import/gnu_cs/arm/4.7.3/bin/../lib/gcc/arm-none-eabi/4.7.3/armv7-m\libgcc.a(_arm_cmpdf2.o)
 .ARM.attributes
                0x0000052a       0x1d c:/program files (x86)/cypress/psoc creator/3.0/psoc creator/import/gnu_cs/arm/4.7.3/bin/../lib/gcc/arm-none-eabi/4.7.3/armv7-m\libgcc.a(_arm_truncdfsf2.o)
 .ARM.attributes
                0x00000547       0x1d c:/program files (x86)/cypress/psoc creator/3.0/psoc creator/import/gnu_cs/arm/4.7.3/bin/../lib/gcc/arm-none-eabi/4.7.3/armv7-m\libgcc.a(_arm_muldivsf3.o)
 .ARM.attributes
                0x00000564       0x1d c:/program files (x86)/cypress/psoc creator/3.0/psoc creator/import/gnu_cs/arm/4.7.3/bin/../lib/gcc/arm-none-eabi/4.7.3/armv7-m\libgcc.a(_arm_fixunssfsi.o)
 .ARM.attributes
                0x00000581       0x2d c:/program files (x86)/cypress/psoc creator/3.0/psoc creator/import/gnu_cs/arm/4.7.3/bin/../lib/gcc/arm-none-eabi/4.7.3/../../../../arm-none-eabi/lib/armv7-m\libc_s.a(lib_a-__atexit2.o)
 .ARM.attributes
                0x000005ae       0x2d c:/program files (x86)/cypress/psoc creator/3.0/psoc creator/import/gnu_cs/arm/4.7.3/bin/../lib/gcc/arm-none-eabi/4.7.3/../../../../arm-none-eabi/lib/armv7-m\libc_s.a(lib_a-errno.o)
 .ARM.attributes
                0x000005db       0x2d c:/program files (x86)/cypress/psoc creator/3.0/psoc creator/import/gnu_cs/arm/4.7.3/bin/../lib/gcc/arm-none-eabi/4.7.3/../../../../arm-none-eabi/lib/armv7-m\libc_s.a(lib_a-exit.o)
 .ARM.attributes
                0x00000608       0x2d c:/program files (x86)/cypress/psoc creator/3.0/psoc creator/import/gnu_cs/arm/4.7.3/bin/../lib/gcc/arm-none-eabi/4.7.3/../../../../arm-none-eabi/lib/armv7-m\libc_s.a(lib_a-fini.o)
 .ARM.attributes
                0x00000635       0x2d c:/program files (x86)/cypress/psoc creator/3.0/psoc creator/import/gnu_cs/arm/4.7.3/bin/../lib/gcc/arm-none-eabi/4.7.3/../../../../arm-none-eabi/lib/armv7-m\libc_s.a(lib_a-impure.o)
 .ARM.attributes
                0x00000662       0x2d c:/program files (x86)/cypress/psoc creator/3.0/psoc creator/import/gnu_cs/arm/4.7.3/bin/../lib/gcc/arm-none-eabi/4.7.3/../../../../arm-none-eabi/lib/armv7-m\libc_s.a(lib_a-init.o)
 .ARM.attributes
                0x0000068f       0x2d c:/program files (x86)/cypress/psoc creator/3.0/psoc creator/import/gnu_cs/arm/4.7.3/bin/../lib/gcc/arm-none-eabi/4.7.3/../../../../arm-none-eabi/lib/armv7-m\libc_s.a(lib_a-memcpy.o)
 .ARM.attributes
                0x000006bc       0x2d c:/program files (x86)/cypress/psoc creator/3.0/psoc creator/import/gnu_cs/arm/4.7.3/bin/../lib/gcc/arm-none-eabi/4.7.3/../../../../arm-none-eabi/lib/armv7-m\libc_s.a(lib_a-memset.o)
 .ARM.attributes
                0x000006e9       0x2d c:/program files (x86)/cypress/psoc creator/3.0/psoc creator/import/gnu_cs/arm/4.7.3/bin/../lib/gcc/arm-none-eabi/4.7.3/armv7-m/crtend.o
 .ARM.attributes
                0x00000716       0x1d c:/program files (x86)/cypress/psoc creator/3.0/psoc creator/import/gnu_cs/arm/4.7.3/bin/../lib/gcc/arm-none-eabi/4.7.3/armv7-m/crtn.o

/DISCARD/
 *(.note.GNU-stack)
OUTPUT(.\CortexM3\ARM_GCC_473\Debug\thermocouple interface.elf elf32-littlearm)
