Archive member included because of file (symbol)

.\CortexM3\ARM_GCC_473\Debug\TransmitReadings_freeSoC.a(cyfitter_cfg.o)
                              .\CortexM3\ARM_GCC_473\Debug\Cm3Start.o (cyfitter_cfg)
.\CortexM3\ARM_GCC_473\Debug\TransmitReadings_freeSoC.a(CyBootAsmGnu.o)
                              .\CortexM3\ARM_GCC_473\Debug\TransmitReadings_freeSoC.a(cyfitter_cfg.o) (CyDelayCycles)
.\CortexM3\ARM_GCC_473\Debug\TransmitReadings_freeSoC.a(CyLib.o)
                              .\CortexM3\ARM_GCC_473\Debug\Cm3Start.o (CyResetStatus)
.\CortexM3\ARM_GCC_473\Debug\TransmitReadings_freeSoC.a(cyPm.o)
                              .\CortexM3\ARM_GCC_473\Debug\TransmitReadings_freeSoC.a(CyLib.o) (CyPmReadStatus)
.\CortexM3\ARM_GCC_473\Debug\TransmitReadings_freeSoC.a(psoc.o)
                              .\CortexM3\ARM_GCC_473\Debug\main.o (psoc_Start)
.\CortexM3\ARM_GCC_473\Debug\TransmitReadings_freeSoC.a(psoc_INT.o)
                              .\CortexM3\ARM_GCC_473\Debug\TransmitReadings_freeSoC.a(psoc.o) (psoc_ISR)
.\CortexM3\ARM_GCC_473\Debug\TransmitReadings_freeSoC.a(psoc_PM.o)
                              .\CortexM3\ARM_GCC_473\Debug\TransmitReadings_freeSoC.a(psoc.o) (psoc_backup)
.\CortexM3\ARM_GCC_473\Debug\TransmitReadings_freeSoC.a(psoc_MASTER.o)
                              .\CortexM3\ARM_GCC_473\Debug\TransmitReadings_freeSoC.a(psoc_INT.o) (psoc_mstrStatus)
.\CortexM3\ARM_GCC_473\Debug\TransmitReadings_freeSoC.a(UART_Wind.o)
                              .\CortexM3\ARM_GCC_473\Debug\main.o (UART_Wind_Start)
.\CortexM3\ARM_GCC_473\Debug\TransmitReadings_freeSoC.a(isr_Wind.o)
                              .\CortexM3\ARM_GCC_473\Debug\main.o (isr_Wind_StartEx)
.\CortexM3\ARM_GCC_473\Debug\TransmitReadings_freeSoC.a(UART_SBD.o)
                              .\CortexM3\ARM_GCC_473\Debug\main.o (UART_SBD_Start)
.\CortexM3\ARM_GCC_473\Debug\TransmitReadings_freeSoC.a(SBD_reply.o)
                              .\CortexM3\ARM_GCC_473\Debug\main.o (SBD_reply_Start)
.\CortexM3\ARM_GCC_473\Debug\TransmitReadings_freeSoC.a(UART_Wind_IntClock.o)
                              .\CortexM3\ARM_GCC_473\Debug\TransmitReadings_freeSoC.a(UART_Wind.o) (UART_Wind_IntClock_Start)
.\CortexM3\ARM_GCC_473\Debug\TransmitReadings_freeSoC.a(UART_SBD_IntClock.o)
                              .\CortexM3\ARM_GCC_473\Debug\TransmitReadings_freeSoC.a(UART_SBD.o) (UART_SBD_IntClock_Start)
.\CortexM3\ARM_GCC_473\Debug\TransmitReadings_freeSoC.a(AMux.o)
                              .\CortexM3\ARM_GCC_473\Debug\Batteryvoltage.o (AMux_Select)
.\CortexM3\ARM_GCC_473\Debug\TransmitReadings_freeSoC.a(master.o)
                              .\CortexM3\ARM_GCC_473\Debug\main.o (master_Start)
.\CortexM3\ARM_GCC_473\Debug\TransmitReadings_freeSoC.a(clock.o)
                              .\CortexM3\ARM_GCC_473\Debug\main.o (clock_Start)
.\CortexM3\ARM_GCC_473\Debug\TransmitReadings_freeSoC.a(ADC.o)
                              .\CortexM3\ARM_GCC_473\Debug\Batteryvoltage.o (ADC_StartConvert)
.\CortexM3\ARM_GCC_473\Debug\TransmitReadings_freeSoC.a(ADC_INT.o)
                              .\CortexM3\ARM_GCC_473\Debug\TransmitReadings_freeSoC.a(ADC.o) (ADC_ISR1)
.\CortexM3\ARM_GCC_473\Debug\TransmitReadings_freeSoC.a(ADC_Ext_CP_Clk.o)
                              .\CortexM3\ARM_GCC_473\Debug\TransmitReadings_freeSoC.a(ADC.o) (ADC_Ext_CP_Clk_SetDividerRegister)
.\CortexM3\ARM_GCC_473\Debug\TransmitReadings_freeSoC.a(ADC_theACLK.o)
                              .\CortexM3\ARM_GCC_473\Debug\TransmitReadings_freeSoC.a(ADC.o) (ADC_theACLK_SetDividerRegister)
.\CortexM3\ARM_GCC_473\Debug\TransmitReadings_freeSoC.a(CyFlash.o)
                              .\CortexM3\ARM_GCC_473\Debug\TransmitReadings_freeSoC.a(cyPm.o) (CyFlash_SetWaitCycles)
.\CortexM3\ARM_GCC_473\Debug\TransmitReadings_freeSoC.a(CySpc.o)
                              .\CortexM3\ARM_GCC_473\Debug\TransmitReadings_freeSoC.a(CyFlash.o) (CySpcStart)
c:/program files (x86)/cypress/psoc creator/3.0/psoc creator/import/gnu_cs/arm/4.7.3/bin/../lib/gcc/arm-none-eabi/4.7.3/../../../../arm-none-eabi/lib/armv7-m\libm.a(lib_a-s_atan.o)
                              .\CortexM3\ARM_GCC_473\Debug\magnetometer.o (atan)
c:/program files (x86)/cypress/psoc creator/3.0/psoc creator/import/gnu_cs/arm/4.7.3/bin/../lib/gcc/arm-none-eabi/4.7.3/../../../../arm-none-eabi/lib/armv7-m\libm.a(lib_a-s_fabs.o)
                              c:/program files (x86)/cypress/psoc creator/3.0/psoc creator/import/gnu_cs/arm/4.7.3/bin/../lib/gcc/arm-none-eabi/4.7.3/../../../../arm-none-eabi/lib/armv7-m\libm.a(lib_a-s_atan.o) (fabs)
c:/program files (x86)/cypress/psoc creator/3.0/psoc creator/import/gnu_cs/arm/4.7.3/bin/../lib/gcc/arm-none-eabi/4.7.3/../../../../arm-none-eabi/lib/armv7-m\libm.a(lib_a-w_pow.o)
                              .\CortexM3\ARM_GCC_473\Debug\thermocouple.o (pow)
[...]
Memory Configuration

Name             Origin             Length             Attributes
rom              0x00000000         0x00040000         xr
ram              0x1fff8000         0x00010000         xrw
*default*        0x00000000         0xffffffff

Linker script and memory map

LOAD c:/program files (x86)/cypress/psoc creator/3.0/psoc creator/import/gnu_cs/arm/4.7.3/bin/../lib/gcc/arm-none-eabi/4.7.3/armv7-m/crti.o
LOAD c:/program files (x86)/cypress/psoc creator/3.0/psoc creator/import/gnu_cs/arm/4.7.3/bin/../lib/gcc/arm-none-eabi/4.7.3/armv7-m/crtbegin.o
LOAD c:/program files (x86)/cypress/psoc creator/3.0/psoc creator/import/gnu_cs/arm/4.7.3/bin/../lib/gcc/arm-none-eabi/4.7.3/../../../../arm-none-eabi/lib/armv7-m/crt0.o
START GROUP
LOAD .\CortexM3\ARM_GCC_473\Debug\main.o
LOAD .\CortexM3\ARM_GCC_473\Debug\magnetometer.o
LOAD .\CortexM3\ARM_GCC_473\Debug\thermocouple.o
LOAD .\CortexM3\ARM_GCC_473\Debug\Batteryvoltage.o
LOAD .\CortexM3\ARM_GCC_473\Debug\cymetadata.o
LOAD .\CortexM3\ARM_GCC_473\Debug\Cm3Start.o
LOAD .\CortexM3\ARM_GCC_473\Debug\TransmitReadings_freeSoC.a
LOAD C:\Program Files (x86)\Cypress\PSoC Creator\3.0\PSoC Creator\psoc\content\cycomponentlibrary\CyComponentLibrary.cylib\CortexM3\ARM_GCC_473\Debug\CyComponentLibrary.a
LOAD c:/program files (x86)/cypress/psoc creator/3.0/psoc creator/import/gnu_cs/arm/4.7.3/bin/../lib/gcc/arm-none-eabi/4.7.3/../../../../arm-none-eabi/lib/armv7-m\libm.a
END GROUP
START GROUP
LOAD c:/program files (x86)/cypress/psoc creator/3.0/psoc creator/import/gnu_cs/arm/4.7.3/bin/../lib/gcc/arm-none-eabi/4.7.3/armv7-m\libgcc.a
LOAD c:/program files (x86)/cypress/psoc creator/3.0/psoc creator/import/gnu_cs/arm/4.7.3/bin/../lib/gcc/arm-none-eabi/4.7.3/../../../../arm-none-eabi/lib/armv7-m\libc_s.a
END GROUP
LOAD c:/program files (x86)/cypress/psoc creator/3.0/psoc creator/import/gnu_cs/arm/4.7.3/bin/../lib/gcc/arm-none-eabi/4.7.3/armv7-m/crtend.o
LOAD c:/program files (x86)/cypress/psoc creator/3.0/psoc creator/import/gnu_cs/arm/4.7.3/bin/../lib/gcc/arm-none-eabi/4.7.3/armv7-m/crtn.o
START GROUP
LOAD c:/program files (x86)/cypress/psoc creator/3.0/psoc creator/import/gnu_cs/arm/4.7.3/bin/../lib/gcc/arm-none-eabi/4.7.3/armv7-m\libgcc.a
LOAD c:/program files (x86)/cypress/psoc creator/3.0/psoc creator/import/gnu_cs/arm/4.7.3/bin/../lib/gcc/arm-none-eabi/4.7.3/../../../../arm-none-eabi/lib/armv7-m\libc.a
LOAD c:/program files (x86)/cypress/psoc creator/3.0/psoc creator/import/gnu_cs/arm/4.7.3/bin/../lib/gcc/arm-none-eabi/4.7.3/../../../../arm-none-eabi/lib/armv7-m\libnosys.a
END GROUP
                0x00000000                CY_APPL_ORIGIN = 0x0
                0x00000100                CY_FLASH_ROW_SIZE = 0x100
                0x00000020                CY_ECC_ROW_SIZE = 0x20
                0x00000000                CY_EE_IN_BTLDR = 0x0
                0x00000000                CY_APPL_LOADABLE = 0x0
                0x00000800                CY_EE_SIZE = 0x800
                0x00000001                CY_APPL_NUM = 0x1
                0x00000001                CY_APPL_MAX = 0x1
                0x00000040                CY_METADATA_SIZE = 0x40
                0x1fff8570                PROVIDE (__cy_heap_start, _end)
                0x00000001                PROVIDE (__cy_region_num, ((__cy_regions_end - __cy_regions) / 0x10))
                0x20008000                PROVIDE (__cy_stack, (ORIGIN (ram) + 0x10000))
                0x20004000                PROVIDE (__cy_heap_end, (__cy_stack - 0x4000))

.cybootloader   0x00000000        0x0
 *(.cybootloader)
                0x00000000                appl1_start = CY_APPL_ORIGIN?CY_APPL_ORIGIN:ALIGN (CY_FLASH_ROW_SIZE)
                0x0001ff00                appl2_start = (appl1_start + ALIGN ((((0x40000 - appl1_start) - (0x2 * CY_FLASH_ROW_SIZE)) / 0x2), CY_FLASH_ROW_SIZE))
                0x00000000                appl_start = (CY_APPL_NUM == 0x1)?appl1_start:appl2_start
                0x00000000                ecc_offset = ((appl_start / CY_FLASH_ROW_SIZE) * CY_ECC_ROW_SIZE)
                0x00000000                ee_offset = (CY_APPL_LOADABLE && ! (CY_EE_IN_BTLDR))?((CY_EE_SIZE / CY_APPL_MAX) * (CY_APPL_NUM - 0x1)):0x0
                0x00000800                ee_size = (CY_APPL_LOADABLE && ! (CY_EE_IN_BTLDR))?(CY_EE_SIZE / CY_APPL_MAX):CY_EE_SIZE
                0x00000000                PROVIDE (CY_ECC_OFFSET, ecc_offset)

.text           0x00000000     0x80ac
 CREATE_OBJECT_SYMBOLS
                0x00000000                PROVIDE (__cy_interrupt_vector, RomVectors)
 *(.romvectors)
 .romvectors    0x00000000       0x10 .\CortexM3\ARM_GCC_473\Debug\Cm3Start.o
                0x00000000                RomVectors
                0x00000001                ASSERT ((. != __cy_interrupt_vector), No interrupt vector)
                0x00000001                ASSERT (CY_APPL_ORIGIN?(SIZEOF (.cybootloader) <= CY_APPL_ORIGIN):0x1, Wrong image location)
                0x00000010                PROVIDE (__cy_reset, Reset)
 *(.text.Reset)
 .text.Reset    0x00000010       0x1c .\CortexM3\ARM_GCC_473\Debug\Cm3Start.o
                0x00000010                Reset
                0x00000001                ASSERT ((. != __cy_reset), No reset code)
 *(.dma_init)
                0x00000001                ASSERT ((((appl_start + .) <= 0x10000) || 0x1), DMA Init must be within the first 64k of flash)
 *(.text .text.* .gnu.linkonce.t.*)
 .text          0x0000002c       0x54 c:/program files (x86)/cypress/psoc creator/3.0/psoc creator/import/gnu_cs/arm/4.7.3/bin/../lib/gcc/arm-none-eabi/4.7.3/armv7-m/crtbegin.o
 .text.main     0x00000080       0xa0 .\CortexM3\ARM_GCC_473\Debug\main.o
                0x00000080                main
 .text.windprocessPacket
                0x00000120      0x594 .\CortexM3\ARM_GCC_473\Debug\main.o
                0x00000120                windprocessPacket
 .text.clearPacketSBD
                0x000006b4       0x28 .\CortexM3\ARM_GCC_473\Debug\main.o
                0x000006b4                clearPacketSBD
 .text.clearPacketwind
                0x000006dc       0x28 .\CortexM3\ARM_GCC_473\Debug\main.o
                0x000006dc                clearPacketwind
 .text.IntWind  0x00000704       0x64 .\CortexM3\ARM_GCC_473\Debug\main.o
                0x00000704                IntWind
 .text.SBD_int  0x00000768       0x80 .\CortexM3\ARM_GCC_473\Debug\main.o
                0x00000768                SBD_int
 .text.writeregister
                0x000007e8       0x48 .\CortexM3\ARM_GCC_473\Debug\magnetometer.o
                0x000007e8                writeregister
 .text.readregister
                0x00000830       0x64 .\CortexM3\ARM_GCC_473\Debug\magnetometer.o
                0x00000830                readregister
 .text.getmeasurement
                0x00000894       0x44 .\CortexM3\ARM_GCC_473\Debug\magnetometer.o
                0x00000894                getmeasurement
 .text.getheading
                0x000008d8      0x130 .\CortexM3\ARM_GCC_473\Debug\magnetometer.o
                0x000008d8                getheading
 .text.gettemperature
                0x00000a08      0x13c .\CortexM3\ARM_GCC_473\Debug\thermocouple.o
                0x00000a08                gettemperature
 *fill*         0x00000b44        0x4 00
 .text.getvoltage
                0x00000b48       0xc0 .\CortexM3\ARM_GCC_473\Debug\Batteryvoltage.o
                0x00000b48                getvoltage
 .text.IntDefaultHandler
                0x00000c08        0x8 .\CortexM3\ARM_GCC_473\Debug\Cm3Start.o
                0x00000c08                IntDefaultHandler
 .text.Start_c  0x00000c10       0xcc .\CortexM3\ARM_GCC_473\Debug\Cm3Start.o
                0x00000c10                Start_c
 .text.initialize_psoc
                0x00000cdc       0xb4 .\CortexM3\ARM_GCC_473\Debug\Cm3Start.o
                0x00000cdc                initialize_psoc
 .text.CYMEMZERO
                0x00000d90       0x20 .\CortexM3\ARM_GCC_473\Debug\TransmitReadings_freeSoC.a(cyfitter_cfg.o)
 .text.CYCONFIGCPY
                0x00000db0       0x20 .\CortexM3\ARM_GCC_473\Debug\TransmitReadings_freeSoC.a(cyfitter_cfg.o)
 .text.CyClockStartupError
                0x00000dd0        0xc .\CortexM3\ARM_GCC_473\Debug\TransmitReadings_freeSoC.a(cyfitter_cfg.o)
 .text.cfg_write_bytes32
                0x00000ddc       0x84 .\CortexM3\ARM_GCC_473\Debug\TransmitReadings_freeSoC.a(cyfitter_cfg.o)
 .text.ClockSetup
                0x00000e60      0x200 .\CortexM3\ARM_GCC_473\Debug\TransmitReadings_freeSoC.a(cyfitter_cfg.o)
 .text.AnalogSetDefault
                0x00001060       0x78 .\CortexM3\ARM_GCC_473\Debug\TransmitReadings_freeSoC.a(cyfitter_cfg.o)
 .text.AMux_CYAMUXSIDE_A_Set
                0x000010d8       0x8c .\CortexM3\ARM_GCC_473\Debug\TransmitReadings_freeSoC.a(cyfitter_cfg.o)
                0x000010d8                AMux_CYAMUXSIDE_A_Set
 .text.AMux_CYAMUXSIDE_A_Unset
                0x00001164       0x98 .\CortexM3\ARM_GCC_473\Debug\TransmitReadings_freeSoC.a(cyfitter_cfg.o)
                0x00001164                AMux_CYAMUXSIDE_A_Unset
 .text.AMux_CYAMUXSIDE_B_Set
                0x000011fc       0x8c .\CortexM3\ARM_GCC_473\Debug\TransmitReadings_freeSoC.a(cyfitter_cfg.o)
                0x000011fc                AMux_CYAMUXSIDE_B_Set
 .text.AMux_CYAMUXSIDE_B_Unset
                0x00001288       0x98 .\CortexM3\ARM_GCC_473\Debug\TransmitReadings_freeSoC.a(cyfitter_cfg.o)
                0x00001288                AMux_CYAMUXSIDE_B_Unset
 .text.cyfitter_cfg
                0x00001320      0x218 .\CortexM3\ARM_GCC_473\Debug\TransmitReadings_freeSoC.a(cyfitter_cfg.o)
                0x00001320                cyfitter_cfg
 .text          0x00001538       0x28 .\CortexM3\ARM_GCC_473\Debug\TransmitReadings_freeSoC.a(CyBootAsmGnu.o)
                0x00001538                CyDelayCycles
                0x0000154c                CyEnterCriticalSection
                0x00001554                CyExitCriticalSection
 .text.CyHalt   0x00001560       0x18 .\CortexM3\ARM_GCC_473\Debug\TransmitReadings_freeSoC.a(CyLib.o)
                0x00001560                CyHalt
 .text.CyDelay  0x00001578       0x48 .\CortexM3\ARM_GCC_473\Debug\TransmitReadings_freeSoC.a(CyLib.o)
                0x00001578                CyDelay
 .text.CyIntSetVector
                0x000015c0       0x60 .\CortexM3\ARM_GCC_473\Debug\TransmitReadings_freeSoC.a(CyLib.o)
                0x000015c0                CyIntSetVector
 .text.CyIntSetPriority
                0x00001620       0x4c .\CortexM3\ARM_GCC_473\Debug\TransmitReadings_freeSoC.a(CyLib.o)
                0x00001620                CyIntSetPriority
 .text.psoc_Init
                0x0000166c       0x84 .\CortexM3\ARM_GCC_473\Debug\TransmitReadings_freeSoC.a(psoc.o)
                0x0000166c                psoc_Init
 .text.psoc_Enable
                0x000016f0       0x58 .\CortexM3\ARM_GCC_473\Debug\TransmitReadings_freeSoC.a(psoc.o)
                0x000016f0                psoc_Enable
 .text.psoc_Start
                0x00001748       0x38 .\CortexM3\ARM_GCC_473\Debug\TransmitReadings_freeSoC.a(psoc.o)
                0x00001748                psoc_Start
 .text.psoc_ISR
                0x00001780      0x598 .\CortexM3\ARM_GCC_473\Debug\TransmitReadings_freeSoC.a(psoc_INT.o)
                0x00001780                psoc_ISR
 .text.psoc_MasterSendStart
                0x00001d18       0xf4 .\CortexM3\ARM_GCC_473\Debug\TransmitReadings_freeSoC.a(psoc_MASTER.o)
                0x00001d18                psoc_MasterSendStart
 .text.psoc_MasterSendStop
                0x00001e0c       0x74 .\CortexM3\ARM_GCC_473\Debug\TransmitReadings_freeSoC.a(psoc_MASTER.o)
                0x00001e0c                psoc_MasterSendStop
 .text.psoc_MasterWriteByte
                0x00001e80       0xb0 .\CortexM3\ARM_GCC_473\Debug\TransmitReadings_freeSoC.a(psoc_MASTER.o)
                0x00001e80                psoc_MasterWriteByte
 .text.psoc_MasterReadByte
                0x00001f30       0xa4 .\CortexM3\ARM_GCC_473\Debug\TransmitReadings_freeSoC.a(psoc_MASTER.o)
                0x00001f30                psoc_MasterReadByte
 .text.psoc_MasterClearStatus
                0x00001fd4       0x30 .\CortexM3\ARM_GCC_473\Debug\TransmitReadings_freeSoC.a(psoc_MASTER.o)
                0x00001fd4                psoc_MasterClearStatus
 .text.psoc_MasterClearReadBuf
                0x00002004       0x34 .\CortexM3\ARM_GCC_473\Debug\TransmitReadings_freeSoC.a(psoc_MASTER.o)
                0x00002004                psoc_MasterClearReadBuf
 .text.psoc_MasterClearWriteBuf
                0x00002038       0x34 .\CortexM3\ARM_GCC_473\Debug\TransmitReadings_freeSoC.a(psoc_MASTER.o)
                0x00002038                psoc_MasterClearWriteBuf
 .text.psoc_Workaround
                0x0000206c        0xc .\CortexM3\ARM_GCC_473\Debug\TransmitReadings_freeSoC.a(psoc_MASTER.o)
                0x0000206c                psoc_Workaround
 .text.UART_Wind_Start
                0x00002078       0x2c .\CortexM3\ARM_GCC_473\Debug\TransmitReadings_freeSoC.a(UART_Wind.o)
                0x00002078                UART_Wind_Start
 .text.UART_Wind_Init
                0x000020a4       0x50 .\CortexM3\ARM_GCC_473\Debug\TransmitReadings_freeSoC.a(UART_Wind.o)
                0x000020a4                UART_Wind_Init
 .text.UART_Wind_Enable
                0x000020f4       0x78 .\CortexM3\ARM_GCC_473\Debug\TransmitReadings_freeSoC.a(UART_Wind.o)
                0x000020f4                UART_Wind_Enable
 .text.UART_Wind_GetChar
                0x0000216c       0x4c .\CortexM3\ARM_GCC_473\Debug\TransmitReadings_freeSoC.a(UART_Wind.o)
                0x0000216c                UART_Wind_GetChar
 .text.UART_Wind_PutChar
                0x000021b8       0x38 .\CortexM3\ARM_GCC_473\Debug\TransmitReadings_freeSoC.a(UART_Wind.o)
                0x000021b8                UART_Wind_PutChar
 .text.UART_Wind_PutString
                0x000021f0       0x48 .\CortexM3\ARM_GCC_473\Debug\TransmitReadings_freeSoC.a(UART_Wind.o)
                0x000021f0                UART_Wind_PutString
 .text.isr_Wind_StartEx
                0x00002238       0x28 .\CortexM3\ARM_GCC_473\Debug\TransmitReadings_freeSoC.a(isr_Wind.o)
                0x00002238                isr_Wind_StartEx
 .text.isr_Wind_SetVector
                0x00002260       0x28 .\CortexM3\ARM_GCC_473\Debug\TransmitReadings_freeSoC.a(isr_Wind.o)
                0x00002260                isr_Wind_SetVector
 .text.isr_Wind_SetPriority
                0x00002288       0x28 .\CortexM3\ARM_GCC_473\Debug\TransmitReadings_freeSoC.a(isr_Wind.o)
                0x00002288                isr_Wind_SetPriority
 .text.isr_Wind_Enable
                0x000022b0       0x18 .\CortexM3\ARM_GCC_473\Debug\TransmitReadings_freeSoC.a(isr_Wind.o)
                0x000022b0                isr_Wind_Enable
 .text.isr_Wind_Disable
                0x000022c8       0x18 .\CortexM3\ARM_GCC_473\Debug\TransmitReadings_freeSoC.a(isr_Wind.o)
                0x000022c8                isr_Wind_Disable
 .text.UART_SBD_Start
                0x000022e0       0x2c .\CortexM3\ARM_GCC_473\Debug\TransmitReadings_freeSoC.a(UART_SBD.o)
                0x000022e0                UART_SBD_Start
 .text.UART_SBD_Init
                0x0000230c       0x50 .\CortexM3\ARM_GCC_473\Debug\TransmitReadings_freeSoC.a(UART_SBD.o)
                0x0000230c                UART_SBD_Init
 .text.UART_SBD_Enable
                0x0000235c       0x78 .\CortexM3\ARM_GCC_473\Debug\TransmitReadings_freeSoC.a(UART_SBD.o)
                0x0000235c                UART_SBD_Enable
 .text.UART_SBD_GetChar
                0x000023d4       0x4c .\CortexM3\ARM_GCC_473\Debug\TransmitReadings_freeSoC.a(UART_SBD.o)
                0x000023d4                UART_SBD_GetChar
 .text.UART_SBD_PutChar
                0x00002420       0x38 .\CortexM3\ARM_GCC_473\Debug\TransmitReadings_freeSoC.a(UART_SBD.o)
                0x00002420                UART_SBD_PutChar
 .text.UART_SBD_PutString
                0x00002458       0x48 .\CortexM3\ARM_GCC_473\Debug\TransmitReadings_freeSoC.a(UART_SBD.o)
                0x00002458                UART_SBD_PutString
 .text.UART_SBD_PutArray
                0x000024a0       0x48 .\CortexM3\ARM_GCC_473\Debug\TransmitReadings_freeSoC.a(UART_SBD.o)
                0x000024a0                UART_SBD_PutArray
 .text.SBD_reply_Start
                0x000024e8       0x24 .\CortexM3\ARM_GCC_473\Debug\TransmitReadings_freeSoC.a(SBD_reply.o)
                0x000024e8                SBD_reply_Start
 .text.SBD_reply_StartEx
                0x0000250c       0x28 .\CortexM3\ARM_GCC_473\Debug\TransmitReadings_freeSoC.a(SBD_reply.o)
                0x0000250c                SBD_reply_StartEx
 .text.SBD_reply_Stop
                0x00002534       0x18 .\CortexM3\ARM_GCC_473\Debug\TransmitReadings_freeSoC.a(SBD_reply.o)
                0x00002534                SBD_reply_Stop
 .text.SBD_reply_Interrupt
                0x0000254c        0xc .\CortexM3\ARM_GCC_473\Debug\TransmitReadings_freeSoC.a(SBD_reply.o)
                0x0000254c                SBD_reply_Interrupt
 .text.SBD_reply_SetVector
                0x00002558       0x28 .\CortexM3\ARM_GCC_473\Debug\TransmitReadings_freeSoC.a(SBD_reply.o)
                0x00002558                SBD_reply_SetVector
 .text.SBD_reply_SetPriority
                0x00002580       0x28 .\CortexM3\ARM_GCC_473\Debug\TransmitReadings_freeSoC.a(SBD_reply.o)
                0x00002580                SBD_reply_SetPriority
 .text.SBD_reply_Enable
                0x000025a8       0x18 .\CortexM3\ARM_GCC_473\Debug\TransmitReadings_freeSoC.a(SBD_reply.o)
                0x000025a8                SBD_reply_Enable
 .text.SBD_reply_Disable
                0x000025c0       0x18 .\CortexM3\ARM_GCC_473\Debug\TransmitReadings_freeSoC.a(SBD_reply.o)
                0x000025c0                SBD_reply_Disable
 .text.UART_Wind_IntClock_Start
                0x000025d8       0x44 .\CortexM3\ARM_GCC_473\Debug\TransmitReadings_freeSoC.a(UART_Wind_IntClock.o)
                0x000025d8                UART_Wind_IntClock_Start
 .text.UART_SBD_IntClock_Start
                0x0000261c       0x44 .\CortexM3\ARM_GCC_473\Debug\TransmitReadings_freeSoC.a(UART_SBD_IntClock.o)
                0x0000261c                UART_SBD_IntClock_Start
 .text.AMux_Start
                0x00002660       0x44 .\CortexM3\ARM_GCC_473\Debug\TransmitReadings_freeSoC.a(AMux.o)
                0x00002660                AMux_Start
 .text.AMux_Select
                0x000026a4       0x2c .\CortexM3\ARM_GCC_473\Debug\TransmitReadings_freeSoC.a(AMux.o)
                0x000026a4                AMux_Select
 .text.AMux_Connect
                0x000026d0       0x24 .\CortexM3\ARM_GCC_473\Debug\TransmitReadings_freeSoC.a(AMux.o)
                0x000026d0                AMux_Connect
 .text.master_Init
                0x000026f4       0x3c .\CortexM3\ARM_GCC_473\Debug\TransmitReadings_freeSoC.a(master.o)
                0x000026f4                master_Init
 .text.master_Enable
                0x00002730       0x7c .\CortexM3\ARM_GCC_473\Debug\TransmitReadings_freeSoC.a(master.o)
                0x00002730                master_Enable
 .text.master_Start
                0x000027ac       0x2c .\CortexM3\ARM_GCC_473\Debug\TransmitReadings_freeSoC.a(master.o)
                0x000027ac                master_Start
 .text.master_EnableTxInt
                0x000027d8        0xc .\CortexM3\ARM_GCC_473\Debug\TransmitReadings_freeSoC.a(master.o)
                0x000027d8                master_EnableTxInt
 .text.master_EnableRxInt
                0x000027e4        0xc .\CortexM3\ARM_GCC_473\Debug\TransmitReadings_freeSoC.a(master.o)
                0x000027e4                master_EnableRxInt
 .text.master_ReadTxStatus
                0x000027f0       0x20 .\CortexM3\ARM_GCC_473\Debug\TransmitReadings_freeSoC.a(master.o)
                0x000027f0                master_ReadTxStatus
 .text.master_ReadRxStatus
                0x00002810       0x20 .\CortexM3\ARM_GCC_473\Debug\TransmitReadings_freeSoC.a(master.o)
                0x00002810                master_ReadRxStatus
 .text.master_WriteTxData
                0x00002830       0x38 .\CortexM3\ARM_GCC_473\Debug\TransmitReadings_freeSoC.a(master.o)
                0x00002830                master_WriteTxData
 .text.master_ReadRxData
                0x00002868       0x20 .\CortexM3\ARM_GCC_473\Debug\TransmitReadings_freeSoC.a(master.o)
                0x00002868                master_ReadRxData
 .text.master_GetRxBufferSize
                0x00002888       0x34 .\CortexM3\ARM_GCC_473\Debug\TransmitReadings_freeSoC.a(master.o)
                0x00002888                master_GetRxBufferSize
 .text.master_ClearFIFO
                0x000028bc       0xb0 .\CortexM3\ARM_GCC_473\Debug\TransmitReadings_freeSoC.a(master.o)
                0x000028bc                master_ClearFIFO
 .text.clock_Start
                0x0000296c       0x44 .\CortexM3\ARM_GCC_473\Debug\TransmitReadings_freeSoC.a(clock.o)
                0x0000296c                clock_Start
 .text.ADC_StartConvert
                0x000029b0       0x28 .\CortexM3\ARM_GCC_473\Debug\TransmitReadings_freeSoC.a(ADC.o)
                0x000029b0                ADC_StartConvert
 .text.ADC_StopConvert
                0x000029d8       0x28 .\CortexM3\ARM_GCC_473\Debug\TransmitReadings_freeSoC.a(ADC.o)
                0x000029d8                ADC_StopConvert
 .text.ADC_IsEndConversion
                0x00002a00       0x54 .\CortexM3\ARM_GCC_473\Debug\TransmitReadings_freeSoC.a(ADC.o)
                0x00002a00                ADC_IsEndConversion
 .text.ADC_GetResult16
                0x00002a54       0x90 .\CortexM3\ARM_GCC_473\Debug\TransmitReadings_freeSoC.a(ADC.o)
                0x00002a54                ADC_GetResult16
 .text.ADC_SetOffset
                0x00002ae4       0x20 .\CortexM3\ARM_GCC_473\Debug\TransmitReadings_freeSoC.a(ADC.o)
                0x00002ae4                ADC_SetOffset
 .text.ADC_CountsTo_Volts
                0x00002b04       0x4c .\CortexM3\ARM_GCC_473\Debug\TransmitReadings_freeSoC.a(ADC.o)
                0x00002b04                ADC_CountsTo_Volts
 .text.atan     0x00002b50      0x368 c:/program files (x86)/cypress/psoc creator/3.0/psoc creator/import/gnu_cs/arm/4.7.3/bin/../lib/gcc/arm-none-eabi/4.7.3/../../../../arm-none-eabi/lib/armv7-m\libm.a(lib_a-s_atan.o)
                0x00002b50                atan
 .text.fabs     0x00002eb8        0x8 c:/program files (x86)/cypress/psoc creator/3.0/psoc creator/import/gnu_cs/arm/4.7.3/bin/../lib/gcc/arm-none-eabi/4.7.3/../../../../arm-none-eabi/lib/armv7-m\libm.a(lib_a-s_fabs.o)
                0x00002eb8                fabs
 .text.pow      0x00002ec0      0x310 c:/program files (x86)/cypress/psoc creator/3.0/psoc creator/import/gnu_cs/arm/4.7.3/bin/../lib/gcc/arm-none-eabi/4.7.3/../../../../arm-none-eabi/lib/armv7-m\libm.a(lib_a-w_pow.o)
                0x00002ec0                pow
 .text.__ieee754_pow
                0x000031d0      0xb00 c:/program files (x86)/cypress/psoc creator/3.0/psoc creator/import/gnu_cs/arm/4.7.3/bin/../lib/gcc/arm-none-eabi/4.7.3/../../../../arm-none-eabi/lib/armv7-m\libm.a(lib_a-e_pow.o)
                0x000031d0                __ieee754_pow
 .text.__ieee754_sqrt
                0x00003cd0      0x208 c:/program files (x86)/cypress/psoc creator/3.0/psoc creator/import/gnu_cs/arm/4.7.3/bin/../lib/gcc/arm-none-eabi/4.7.3/../../../../arm-none-eabi/lib/armv7-m\libm.a(lib_a-e_sqrt.o)
                0x00003cd0                __ieee754_sqrt
 .text.finite   0x00003ed8        0xc c:/program files (x86)/cypress/psoc creator/3.0/psoc creator/import/gnu_cs/arm/4.7.3/bin/../lib/gcc/arm-none-eabi/4.7.3/../../../../arm-none-eabi/lib/armv7-m\libm.a(lib_a-s_finite.o)
                0x00003ed8                finite
 .text.__fpclassifyd
                0x00003ee4       0x68 c:/program files (x86)/cypress/psoc creator/3.0/psoc creator/import/gnu_cs/arm/4.7.3/bin/../lib/gcc/arm-none-eabi/4.7.3/../../../../arm-none-eabi/lib/armv7-m\libm.a(lib_a-s_fpclassify.o)
                0x00003ee4                __fpclassifyd
 .text.matherr  0x00003f4c        0x4 c:/program files (x86)/cypress/psoc creator/3.0/psoc creator/import/gnu_cs/arm/4.7.3/bin/../lib/gcc/arm-none-eabi/4.7.3/../../../../arm-none-eabi/lib/armv7-m\libm.a(lib_a-s_matherr.o)
                0x00003f4c                matherr
 .text.nan      0x00003f50        0xc c:/program files (x86)/cypress/psoc creator/3.0/psoc creator/import/gnu_cs/arm/4.7.3/bin/../lib/gcc/arm-none-eabi/4.7.3/../../../../arm-none-eabi/lib/armv7-m\libm.a(lib_a-s_nan.o)
                0x00003f50                nan
 .text.rint     0x00003f5c      0x128 c:/program files (x86)/cypress/psoc creator/3.0/psoc creator/import/gnu_cs/arm/4.7.3/bin/../lib/gcc/arm-none-eabi/4.7.3/../../../../arm-none-eabi/lib/armv7-m\libm.a(lib_a-s_rint.o)
                0x00003f5c                rint
 *fill*         0x00004084        0x4 00
 .text.scalbn   0x00004088      0x108 c:/program files (x86)/cypress/psoc creator/3.0/psoc creator/import/gnu_cs/arm/4.7.3/bin/../lib/gcc/arm-none-eabi/4.7.3/../../../../arm-none-eabi/lib/armv7-m\libm.a(lib_a-s_scalbn.o)
                0x00004088                scalbn
 .text.copysign
                0x00004190       0x18 c:/program files (x86)/cypress/psoc creator/3.0/psoc creator/import/gnu_cs/arm/4.7.3/bin/../lib/gcc/arm-none-eabi/4.7.3/../../../../arm-none-eabi/lib/armv7-m\libm.a(lib_a-s_copysign.o)
                0x00004190                copysign
 .text          0x000041a8      0x370 c:/program files (x86)/cypress/psoc creator/3.0/psoc creator/import/gnu_cs/arm/4.7.3/bin/../lib/gcc/arm-none-eabi/4.7.3/armv7-m\libgcc.a(_arm_addsubdf3.o)
                0x000041a8                __aeabi_drsub
                0x000041b0                __aeabi_dsub
                0x000041b0                __subdf3
                0x000041b4                __aeabi_dadd
                0x000041b4                __adddf3
                0x0000442c                __floatunsidf
                0x0000442c                __aeabi_ui2d
                0x0000444c                __floatsidf
                0x0000444c                __aeabi_i2d
                0x00004470                __aeabi_f2d
                0x00004470                __extendsfdf2
                0x000044ac                __floatundidf
                0x000044ac                __aeabi_ul2d
                0x000044bc                __floatdidf
                0x000044bc                __aeabi_l2d
 .text          0x00004518      0x424 c:/program files (x86)/cypress/psoc creator/3.0/psoc creator/import/gnu_cs/arm/4.7.3/bin/../lib/gcc/arm-none-eabi/4.7.3/armv7-m\libgcc.a(_arm_muldivdf3.o)
                0x00004518                __aeabi_dmul
                0x00004518                __muldf3
                0x0000476c                __divdf3
                0x0000476c                __aeabi_ddiv
 .text          0x0000493c      0x110 c:/program files (x86)/cypress/psoc creator/3.0/psoc creator/import/gnu_cs/arm/4.7.3/bin/../lib/gcc/arm-none-eabi/4.7.3/armv7-m\libgcc.a(_arm_cmpdf2.o)
                0x0000493c                __gtdf2
                0x0000493c                __gedf2
                0x00004944                __ltdf2
                0x00004944                __ledf2
                0x0000494c                __nedf2
                0x0000494c                __eqdf2
                0x0000494c                __cmpdf2
                0x000049c8                __aeabi_cdrcmple
                0x000049d8                __aeabi_cdcmpeq
                0x000049d8                __aeabi_cdcmple
                0x000049e8                __aeabi_dcmpeq
                0x000049fc                __aeabi_dcmplt
                0x00004a10                __aeabi_dcmple
                0x00004a24                __aeabi_dcmpge
                0x00004a38                __aeabi_dcmpgt
 .text          0x00004a4c       0x50 c:/program files (x86)/cypress/psoc creator/3.0/psoc creator/import/gnu_cs/arm/4.7.3/bin/../lib/gcc/arm-none-eabi/4.7.3/armv7-m\libgcc.a(_arm_fixdfsi.o)
                0x00004a4c                __aeabi_d2iz
                0x00004a4c                __fixdfsi
 .text          0x00004a9c       0x40 c:/program files (x86)/cypress/psoc creator/3.0/psoc creator/import/gnu_cs/arm/4.7.3/bin/../lib/gcc/arm-none-eabi/4.7.3/armv7-m\libgcc.a(_arm_fixunsdfsi.o)
                0x00004a9c                __aeabi_d2uiz
                0x00004a9c                __fixunsdfsi
 .text          0x00004adc       0xa0 c:/program files (x86)/cypress/psoc creator/3.0/psoc creator/import/gnu_cs/arm/4.7.3/bin/../lib/gcc/arm-none-eabi/4.7.3/armv7-m\libgcc.a(_arm_truncdfsf2.o)
                0x00004adc                __truncdfsf2
                0x00004adc                __aeabi_d2f
 .text          0x00004b7c      0x21c c:/program files (x86)/cypress/psoc creator/3.0/psoc creator/import/gnu_cs/arm/4.7.3/bin/../lib/gcc/arm-none-eabi/4.7.3/armv7-m\libgcc.a(_arm_addsubsf3.o)
                0x00004b7c                __aeabi_frsub
                0x00004b84                __subsf3
                0x00004b84                __aeabi_fsub
                0x00004b88                __aeabi_fadd
                0x00004b88                __addsf3
                0x00004ce8                __aeabi_ui2f
                0x00004ce8                __floatunsisf
                0x00004cf0                __aeabi_i2f
                0x00004cf0                __floatsisf
                0x00004d0c                __aeabi_ul2f
                0x00004d0c                __floatundisf
                0x00004d1c                __aeabi_l2f
                0x00004d1c                __floatdisf
 .text          0x00004d98      0x2a0 c:/program files (x86)/cypress/psoc creator/3.0/psoc creator/import/gnu_cs/arm/4.7.3/bin/../lib/gcc/arm-none-eabi/4.7.3/armv7-m\libgcc.a(_arm_muldivsf3.o)
                0x00004d98                __mulsf3
                0x00004d98                __aeabi_fmul
                0x00004f00                __aeabi_fdiv
                0x00004f00                __divsf3
 .text          0x00005038       0x4c c:/program files (x86)/cypress/psoc creator/3.0/psoc creator/import/gnu_cs/arm/4.7.3/bin/../lib/gcc/arm-none-eabi/4.7.3/armv7-m\libgcc.a(_arm_fixsfsi.o)
                0x00005038                __aeabi_f2iz
                0x00005038                __fixsfsi
 .text.atof     0x00005084        0x6 c:/program files (x86)/cypress/psoc creator/3.0/psoc creator/import/gnu_cs/arm/4.7.3/bin/../lib/gcc/arm-none-eabi/4.7.3/../../../../arm-none-eabi/lib/armv7-m\libc_s.a(lib_a-atof.o)
                0x00005084                atof
 .text.atoi     0x0000508a        0x8 c:/program files (x86)/cypress/psoc creator/3.0/psoc creator/import/gnu_cs/arm/4.7.3/bin/../lib/gcc/arm-none-eabi/4.7.3/../../../../arm-none-eabi/lib/armv7-m\libc_s.a(lib_a-atoi.o)
                0x0000508a                atoi
 *fill*         0x00005092        0x2 00
 .text.__errno  0x00005094        0xc c:/program files (x86)/cypress/psoc creator/3.0/psoc creator/import/gnu_cs/arm/4.7.3/bin/../lib/gcc/arm-none-eabi/4.7.3/../../../../arm-none-eabi/lib/armv7-m\libc_s.a(lib_a-errno.o)
                0x00005094                __errno
 .text.__libc_init_array
                0x000050a0       0x4c c:/program files (x86)/cypress/psoc creator/3.0/psoc creator/import/gnu_cs/arm/4.7.3/bin/../lib/gcc/arm-none-eabi/4.7.3/../../../../arm-none-eabi/lib/armv7-m\libc_s.a(lib_a-init.o)
                0x000050a0                __libc_init_array
 .text.memcpy   0x000050ec       0x12 c:/program files (x86)/cypress/psoc creator/3.0/psoc creator/import/gnu_cs/arm/4.7.3/bin/../lib/gcc/arm-none-eabi/4.7.3/../../../../arm-none-eabi/lib/armv7-m\libc_s.a(lib_a-memcpy.o)
                0x000050ec                memcpy
 .text.memset   0x000050fe       0x10 c:/program files (x86)/cypress/psoc creator/3.0/psoc creator/import/gnu_cs/arm/4.7.3/bin/../lib/gcc/arm-none-eabi/4.7.3/../../../../arm-none-eabi/lib/armv7-m\libc_s.a(lib_a-memset.o)
                0x000050fe                memset
 *fill*         0x0000510e        0x2 00
 .text.sscanf   0x00005110       0x54 c:/program files (x86)/cypress/psoc creator/3.0/psoc creator/import/gnu_cs/arm/4.7.3/bin/../lib/gcc/arm-none-eabi/4.7.3/../../../../arm-none-eabi/lib/armv7-m\libc_s.a(lib_a-sscanf.o)
                0x00005110                siscanf
                0x00005110                sscanf
 .text.__seofread
                0x00005164        0x4 c:/program files (x86)/cypress/psoc creator/3.0/psoc creator/import/gnu_cs/arm/4.7.3/bin/../lib/gcc/arm-none-eabi/4.7.3/../../../../arm-none-eabi/lib/armv7-m\libc_s.a(lib_a-stdio.o)
                0x00005164                __seofread
 .text.strlen   0x00005168       0x10 c:/program files (x86)/cypress/psoc creator/3.0/psoc creator/import/gnu_cs/arm/4.7.3/bin/../lib/gcc/arm-none-eabi/4.7.3/../../../../arm-none-eabi/lib/armv7-m\libc_s.a(lib_a-strlen.o)
                0x00005168                strlen
 .text.match    0x00005178       0x2a c:/program files (x86)/cypress/psoc creator/3.0/psoc creator/import/gnu_cs/arm/4.7.3/bin/../lib/gcc/arm-none-eabi/4.7.3/../../../../arm-none-eabi/lib/armv7-m\libc_s.a(lib_a-strtod.o)
 *fill*         0x000051a2        0x6 00
 .text._strtod_r
                0x000051a8      0xb20 c:/program files (x86)/cypress/psoc creator/3.0/psoc creator/import/gnu_cs/arm/4.7.3/bin/../lib/gcc/arm-none-eabi/4.7.3/../../../../arm-none-eabi/lib/armv7-m\libc_s.a(lib_a-strtod.o)
                0x000051a8                _strtod_r
 .text.strtod   0x00005cc8       0x14 c:/program files (x86)/cypress/psoc creator/3.0/psoc creator/import/gnu_cs/arm/4.7.3/bin/../lib/gcc/arm-none-eabi/4.7.3/../../../../arm-none-eabi/lib/armv7-m\libc_s.a(lib_a-strtod.o)
                0x00005cc8                strtod
 .text._strtol_r
                0x00005cdc      0x10c c:/program files (x86)/cypress/psoc creator/3.0/psoc creator/import/gnu_cs/arm/4.7.3/bin/../lib/gcc/arm-none-eabi/4.7.3/../../../../arm-none-eabi/lib/armv7-m\libc_s.a(lib_a-strtol.o)
                0x00005cdc                _strtol_r
 .text.strtol   0x00005de8       0x1c c:/program files (x86)/cypress/psoc creator/3.0/psoc creator/import/gnu_cs/arm/4.7.3/bin/../lib/gcc/arm-none-eabi/4.7.3/../../../../arm-none-eabi/lib/armv7-m\libc_s.a(lib_a-strtol.o)
                0x00005de8                strtol
 .text._sungetc_r
                0x00005e04       0x7a c:/program files (x86)/cypress/psoc creator/3.0/psoc creator/import/gnu_cs/arm/4.7.3/bin/../lib/gcc/arm-none-eabi/4.7.3/../../../../arm-none-eabi/lib/armv7-m\libc_s.a(lib_a-svfscanf.o)
                0x00005e04                _sungetc_r
 .text.__ssrefill_r
                0x00005e7e       0x3a c:/program files (x86)/cypress/psoc creator/3.0/psoc creator/import/gnu_cs/arm/4.7.3/bin/../lib/gcc/arm-none-eabi/4.7.3/../../../../arm-none-eabi/lib/armv7-m\libc_s.a(lib_a-svfscanf.o)
                0x00005e7e                __ssrefill_r
 .text.__ssvfscanf_r
                0x00005eb8      0x2d0 c:/program files (x86)/cypress/psoc creator/3.0/psoc creator/import/gnu_cs/arm/4.7.3/bin/../lib/gcc/arm-none-eabi/4.7.3/../../../../arm-none-eabi/lib/armv7-m\libc_s.a(lib_a-svfscanf.o)
                0x00005eb8                __ssvfiscanf_r
                0x00005eb8                __ssvfscanf_r
 .text.__submore
                0x00006188       0x76 c:/program files (x86)/cypress/psoc creator/3.0/psoc creator/import/gnu_cs/arm/4.7.3/bin/../lib/gcc/arm-none-eabi/4.7.3/../../../../arm-none-eabi/lib/armv7-m\libc_s.a(lib_a-ungetc.o)
                0x00006188                __submore
 *fill*         0x000061fe        0x2 00
 .text._scanf_float
                0x00006200      0x3b8 c:/program files (x86)/cypress/psoc creator/3.0/psoc creator/import/gnu_cs/arm/4.7.3/bin/../lib/gcc/arm-none-eabi/4.7.3/../../../../arm-none-eabi/lib/armv7-m\libc_s.a(lib_a-vfscanf_float.o)
                0x00006200                _scanf_float
 .text._scanf_chars
                0x000065b8       0xcc c:/program files (x86)/cypress/psoc creator/3.0/psoc creator/import/gnu_cs/arm/4.7.3/bin/../lib/gcc/arm-none-eabi/4.7.3/../../../../arm-none-eabi/lib/armv7-m\libc_s.a(lib_a-vfscanf_i.o)
                0x000065b8                _scanf_chars
 .text._scanf_i
                0x00006684      0x1e4 c:/program files (x86)/cypress/psoc creator/3.0/psoc creator/import/gnu_cs/arm/4.7.3/bin/../lib/gcc/arm-none-eabi/4.7.3/../../../../arm-none-eabi/lib/armv7-m\libc_s.a(lib_a-vfscanf_i.o)
                0x00006684                _scanf_i
 .text.__sfp_lock_acquire
                0x00006868        0x2 c:/program files (x86)/cypress/psoc creator/3.0/psoc creator/import/gnu_cs/arm/4.7.3/bin/../lib/gcc/arm-none-eabi/4.7.3/../../../../arm-none-eabi/lib/armv7-m\libc_s.a(lib_a-findfp.o)
                0x00006868                __sfp_lock_acquire
 .text.__sfp_lock_release
                0x0000686a        0x2 c:/program files (x86)/cypress/psoc creator/3.0/psoc creator/import/gnu_cs/arm/4.7.3/bin/../lib/gcc/arm-none-eabi/4.7.3/../../../../arm-none-eabi/lib/armv7-m\libc_s.a(lib_a-findfp.o)
                0x0000686a                __sfp_lock_release
 .text._free_r  0x0000686c       0x88 c:/program files (x86)/cypress/psoc creator/3.0/psoc creator/import/gnu_cs/arm/4.7.3/bin/../lib/gcc/arm-none-eabi/4.7.3/../../../../arm-none-eabi/lib/armv7-m\libc_s.a(lib_a-freer.o)
                0x0000686c                _free_r
 .text.rshift   0x000068f4       0x72 c:/program files (x86)/cypress/psoc creator/3.0/psoc creator/import/gnu_cs/arm/4.7.3/bin/../lib/gcc/arm-none-eabi/4.7.3/../../../../arm-none-eabi/lib/armv7-m\libc_s.a(lib_a-gdtoa-gethex.o)
 *fill*         0x00006966        0x2 00
 .text.htinit.constprop.0
                0x00006968       0x18 c:/program files (x86)/cypress/psoc creator/3.0/psoc creator/import/gnu_cs/arm/4.7.3/bin/../lib/gcc/arm-none-eabi/4.7.3/../../../../arm-none-eabi/lib/armv7-m\libc_s.a(lib_a-gdtoa-gethex.o)
 .text.__hexdig_init
                0x00006980       0x2c c:/program files (x86)/cypress/psoc creator/3.0/psoc creator/import/gnu_cs/arm/4.7.3/bin/../lib/gcc/arm-none-eabi/4.7.3/../../../../arm-none-eabi/lib/armv7-m\libc_s.a(lib_a-gdtoa-gethex.o)
                0x00006980                __hexdig_init
 .text.__gethex
                0x000069ac      0x474 c:/program files (x86)/cypress/psoc creator/3.0/psoc creator/import/gnu_cs/arm/4.7.3/bin/../lib/gcc/arm-none-eabi/4.7.3/../../../../arm-none-eabi/lib/armv7-m\libc_s.a(lib_a-gdtoa-gethex.o)
                0x000069ac                __gethex
 .text.L_shift  0x00006e20       0x28 c:/program files (x86)/cypress/psoc creator/3.0/psoc creator/import/gnu_cs/arm/4.7.3/bin/../lib/gcc/arm-none-eabi/4.7.3/../../../../arm-none-eabi/lib/armv7-m\libc_s.a(lib_a-gdtoa-hexnan.o)
 .text.__hexnan
                0x00006e48      0x124 c:/program files (x86)/cypress/psoc creator/3.0/psoc creator/import/gnu_cs/arm/4.7.3/bin/../lib/gcc/arm-none-eabi/4.7.3/../../../../arm-none-eabi/lib/armv7-m\libc_s.a(lib_a-gdtoa-hexnan.o)
                0x00006e48                __hexnan
 .text._localeconv_r
                0x00006f6c        0x8 c:/program files (x86)/cypress/psoc creator/3.0/psoc creator/import/gnu_cs/arm/4.7.3/bin/../lib/gcc/arm-none-eabi/4.7.3/../../../../arm-none-eabi/lib/armv7-m\libc_s.a(lib_a-locale.o)
                0x00006f6c                _localeconv_r
 .text._malloc_r
                0x00006f74       0x94 c:/program files (x86)/cypress/psoc creator/3.0/psoc creator/import/gnu_cs/arm/4.7.3/bin/../lib/gcc/arm-none-eabi/4.7.3/../../../../arm-none-eabi/lib/armv7-m\libc_s.a(lib_a-mallocr.o)
                0x00006f74                _malloc_r
 .text.memchr   0x00007008       0x1c c:/program files (x86)/cypress/psoc creator/3.0/psoc creator/import/gnu_cs/arm/4.7.3/bin/../lib/gcc/arm-none-eabi/4.7.3/../../../../arm-none-eabi/lib/armv7-m\libc_s.a(lib_a-memchr.o)
                0x00007008                memchr
 .text._Balloc  0x00007024       0x6a c:/program files (x86)/cypress/psoc creator/3.0/psoc creator/import/gnu_cs/arm/4.7.3/bin/../lib/gcc/arm-none-eabi/4.7.3/../../../../arm-none-eabi/lib/armv7-m\libc_s.a(lib_a-mprec.o)
                0x00007024                _Balloc
 .text._Bfree   0x0000708e       0x2e c:/program files (x86)/cypress/psoc creator/3.0/psoc creator/import/gnu_cs/arm/4.7.3/bin/../lib/gcc/arm-none-eabi/4.7.3/../../../../arm-none-eabi/lib/armv7-m\libc_s.a(lib_a-mprec.o)
                0x0000708e                _Bfree
 .text.__multadd
                0x000070bc       0x78 c:/program files (x86)/cypress/psoc creator/3.0/psoc creator/import/gnu_cs/arm/4.7.3/bin/../lib/gcc/arm-none-eabi/4.7.3/../../../../arm-none-eabi/lib/armv7-m\libc_s.a(lib_a-mprec.o)
                0x000070bc                __multadd
 .text.__s2b    0x00007134       0x84 c:/program files (x86)/cypress/psoc creator/3.0/psoc creator/import/gnu_cs/arm/4.7.3/bin/../lib/gcc/arm-none-eabi/4.7.3/../../../../arm-none-eabi/lib/armv7-m\libc_s.a(lib_a-mprec.o)
                0x00007134                __s2b
 .text.__hi0bits
                0x000071b8       0x3e c:/program files (x86)/cypress/psoc creator/3.0/psoc creator/import/gnu_cs/arm/4.7.3/bin/../lib/gcc/arm-none-eabi/4.7.3/../../../../arm-none-eabi/lib/armv7-m\libc_s.a(lib_a-mprec.o)
                0x000071b8                __hi0bits
 .text.__lo0bits
                0x000071f6       0x5a c:/program files (x86)/cypress/psoc creator/3.0/psoc creator/import/gnu_cs/arm/4.7.3/bin/../lib/gcc/arm-none-eabi/4.7.3/../../../../arm-none-eabi/lib/armv7-m\libc_s.a(lib_a-mprec.o)
                0x000071f6                __lo0bits
 .text.__i2b    0x00007250       0x12 c:/program files (x86)/cypress/psoc creator/3.0/psoc creator/import/gnu_cs/arm/4.7.3/bin/../lib/gcc/arm-none-eabi/4.7.3/../../../../arm-none-eabi/lib/armv7-m\libc_s.a(lib_a-mprec.o)
                0x00007250                __i2b
 .text.__multiply
                0x00007262      0x122 c:/program files (x86)/cypress/psoc creator/3.0/psoc creator/import/gnu_cs/arm/4.7.3/bin/../lib/gcc/arm-none-eabi/4.7.3/../../../../arm-none-eabi/lib/armv7-m\libc_s.a(lib_a-mprec.o)
                0x00007262                __multiply
 .text.__pow5mult
                0x00007384       0xa4 c:/program files (x86)/cypress/psoc creator/3.0/psoc creator/import/gnu_cs/arm/4.7.3/bin/../lib/gcc/arm-none-eabi/4.7.3/../../../../arm-none-eabi/lib/armv7-m\libc_s.a(lib_a-mprec.o)
                0x00007384                __pow5mult
 .text.__lshift
                0x00007428       0xa8 c:/program files (x86)/cypress/psoc creator/3.0/psoc creator/import/gnu_cs/arm/4.7.3/bin/../lib/gcc/arm-none-eabi/4.7.3/../../../../arm-none-eabi/lib/armv7-m\libc_s.a(lib_a-mprec.o)
                0x00007428                __lshift
 .text.__mcmp   0x000074d0       0x3a c:/program files (x86)/cypress/psoc creator/3.0/psoc creator/import/gnu_cs/arm/4.7.3/bin/../lib/gcc/arm-none-eabi/4.7.3/../../../../arm-none-eabi/lib/armv7-m\libc_s.a(lib_a-mprec.o)
                0x000074d0                __mcmp
 .text.__mdiff  0x0000750a       0xc4 c:/program files (x86)/cypress/psoc creator/3.0/psoc creator/import/gnu_cs/arm/4.7.3/bin/../lib/gcc/arm-none-eabi/4.7.3/../../../../arm-none-eabi/lib/armv7-m\libc_s.a(lib_a-mprec.o)
                0x0000750a                __mdiff
 *fill*         0x000075ce        0x2 00
 .text.__ulp    0x000075d0       0x40 c:/program files (x86)/cypress/psoc creator/3.0/psoc creator/import/gnu_cs/arm/4.7.3/bin/../lib/gcc/arm-none-eabi/4.7.3/../../../../arm-none-eabi/lib/armv7-m\libc_s.a(lib_a-mprec.o)
                0x000075d0                __ulp
 .text.__b2d    0x00007610       0xa8 c:/program files (x86)/cypress/psoc creator/3.0/psoc creator/import/gnu_cs/arm/4.7.3/bin/../lib/gcc/arm-none-eabi/4.7.3/../../../../arm-none-eabi/lib/armv7-m\libc_s.a(lib_a-mprec.o)
                0x00007610                __b2d
 .text.__d2b    0x000076b8       0xa8 c:/program files (x86)/cypress/psoc creator/3.0/psoc creator/import/gnu_cs/arm/4.7.3/bin/../lib/gcc/arm-none-eabi/4.7.3/../../../../arm-none-eabi/lib/armv7-m\libc_s.a(lib_a-mprec.o)
                0x000076b8                __d2b
 .text.__ratio  0x00007760       0x4a c:/program files (x86)/cypress/psoc creator/3.0/psoc creator/import/gnu_cs/arm/4.7.3/bin/../lib/gcc/arm-none-eabi/4.7.3/../../../../arm-none-eabi/lib/armv7-m\libc_s.a(lib_a-mprec.o)
                0x00007760                __ratio
 .text.__copybits
                0x000077aa       0x32 c:/program files (x86)/cypress/psoc creator/3.0/psoc creator/import/gnu_cs/arm/4.7.3/bin/../lib/gcc/arm-none-eabi/4.7.3/../../../../arm-none-eabi/lib/armv7-m\libc_s.a(lib_a-mprec.o)
                0x000077aa                __copybits
 .text.__any_on
                0x000077dc       0x4c c:/program files (x86)/cypress/psoc creator/3.0/psoc creator/import/gnu_cs/arm/4.7.3/bin/../lib/gcc/arm-none-eabi/4.7.3/../../../../arm-none-eabi/lib/armv7-m\libc_s.a(lib_a-mprec.o)
                0x000077dc                __any_on
 .text._realloc_r
                0x00007828       0x48 c:/program files (x86)/cypress/psoc creator/3.0/psoc creator/import/gnu_cs/arm/4.7.3/bin/../lib/gcc/arm-none-eabi/4.7.3/../../../../arm-none-eabi/lib/armv7-m\libc_s.a(lib_a-reallocr.o)
                0x00007828                _realloc_r
 .text._sbrk_r  0x00007870       0x20 c:/program files (x86)/cypress/psoc creator/3.0/psoc creator/import/gnu_cs/arm/4.7.3/bin/../lib/gcc/arm-none-eabi/4.7.3/../../../../arm-none-eabi/lib/armv7-m\libc_s.a(lib_a-sbrkr.o)
                0x00007870                _sbrk_r
 .text.__sccl   0x00007890       0x60 c:/program files (x86)/cypress/psoc creator/3.0/psoc creator/import/gnu_cs/arm/4.7.3/bin/../lib/gcc/arm-none-eabi/4.7.3/../../../../arm-none-eabi/lib/armv7-m\libc_s.a(lib_a-sccl.o)
                0x00007890                __sccl
 .text.nanf     0x000078f0        0x8 c:/program files (x86)/cypress/psoc creator/3.0/psoc creator/import/gnu_cs/arm/4.7.3/bin/../lib/gcc/arm-none-eabi/4.7.3/../../../../arm-none-eabi/lib/armv7-m\libc_s.a(lib_a-sf_nan.o)
                0x000078f0                nanf
 .text.sprintf  0x000078f8       0x48 c:/program files (x86)/cypress/psoc creator/3.0/psoc creator/import/gnu_cs/arm/4.7.3/bin/../lib/gcc/arm-none-eabi/4.7.3/../../../../arm-none-eabi/lib/armv7-m\libc_s.a(lib_a-sprintf.o)
                0x000078f8                siprintf
                0x000078f8                sprintf
 .text.strncmp  0x00007940       0x2e c:/program files (x86)/cypress/psoc creator/3.0/psoc creator/import/gnu_cs/arm/4.7.3/bin/../lib/gcc/arm-none-eabi/4.7.3/../../../../arm-none-eabi/lib/armv7-m\libc_s.a(lib_a-strncmp.o)
                0x00007940                strncmp
 *fill*         0x0000796e        0x2 00
 .text._strtoul_r
                0x00007970       0xfc c:/program files (x86)/cypress/psoc creator/3.0/psoc creator/import/gnu_cs/arm/4.7.3/bin/../lib/gcc/arm-none-eabi/4.7.3/../../../../arm-none-eabi/lib/armv7-m\libc_s.a(lib_a-strtoul.o)
                0x00007970                _strtoul_r
 .text.__ssputc_r
                0x00007a6c       0xae c:/program files (x86)/cypress/psoc creator/3.0/psoc creator/import/gnu_cs/arm/4.7.3/bin/../lib/gcc/arm-none-eabi/4.7.3/../../../../arm-none-eabi/lib/armv7-m\libc_s.a(lib_a-svfprintf.o)
                0x00007a6c                __ssputc_r
 *fill*         0x00007b1a        0x2 00
 .text._svfprintf_r
                0x00007b1c      0x1f4 c:/program files (x86)/cypress/psoc creator/3.0/psoc creator/import/gnu_cs/arm/4.7.3/bin/../lib/gcc/arm-none-eabi/4.7.3/../../../../arm-none-eabi/lib/armv7-m\libc_s.a(lib_a-svfprintf.o)
                0x00007b1c                _svfiprintf_r
                0x00007b1c                _svfprintf_r
 .text._printf_common
                0x00007d10       0xde c:/program files (x86)/cypress/psoc creator/3.0/psoc creator/import/gnu_cs/arm/4.7.3/bin/../lib/gcc/arm-none-eabi/4.7.3/../../../../arm-none-eabi/lib/armv7-m\libc_s.a(lib_a-vfprintf_i.o)
                0x00007d10                _printf_common
 *fill*         0x00007dee        0x2 00
 .text._printf_i
                0x00007df0      0x248 c:/program files (x86)/cypress/psoc creator/3.0/psoc creator/import/gnu_cs/arm/4.7.3/bin/../lib/gcc/arm-none-eabi/4.7.3/../../../../arm-none-eabi/lib/armv7-m\libc_s.a(lib_a-vfprintf_i.o)
                0x00007df0                _printf_i
 .text._calloc_r
                0x00008038       0x1c c:/program files (x86)/cypress/psoc creator/3.0/psoc creator/import/gnu_cs/arm/4.7.3/bin/../lib/gcc/arm-none-eabi/4.7.3/../../../../arm-none-eabi/lib/armv7-m\libc_s.a(lib_a-callocr.o)
                0x00008038                _calloc_r
 .text.malloc   0x00008054       0x10 c:/program files (x86)/cypress/psoc creator/3.0/psoc creator/import/gnu_cs/arm/4.7.3/bin/../lib/gcc/arm-none-eabi/4.7.3/../../../../arm-none-eabi/lib/armv7-m\libc_s.a(lib_a-malloc.o)
                0x00008054                malloc
 .text._malloc_usable_size_r
                0x00008064       0x12 c:/program files (x86)/cypress/psoc creator/3.0/psoc creator/import/gnu_cs/arm/4.7.3/bin/../lib/gcc/arm-none-eabi/4.7.3/../../../../arm-none-eabi/lib/armv7-m\libc_s.a(lib_a-msizer.o)
                0x00008064                _malloc_usable_size_r
 *fill*         0x00008076        0x2 00
 .text._sbrk    0x00008078       0x34 c:/program files (x86)/cypress/psoc creator/3.0/psoc creator/import/gnu_cs/arm/4.7.3/bin/../lib/gcc/arm-none-eabi/4.7.3/../../../../arm-none-eabi/lib/armv7-m\libnosys.a(sbrk.o)
                0x00008078                _sbrk
 *(.plt)
 *(.gnu.warning)
 *(.glue_7t)
 .glue_7t       0x00000000        0x0 linker stubs
 *(.glue_7)
 .glue_7        0x00000000        0x0 linker stubs
 *(.vfp11_veneer)
 .vfp11_veneer  0x00000000        0x0 linker stubs
 *(.bootloader)
 *(.ARM.extab* .gnu.linkonce.armextab.*)
 *(.gcc_except_table)

.v4_bx          0x000080ac        0x0
 .v4_bx         0x00000000        0x0 linker stubs

.iplt           0x000080ac        0x0
 .iplt          0x00000000        0x0 c:/program files (x86)/cypress/psoc creator/3.0/psoc creator/import/gnu_cs/arm/4.7.3/bin/../lib/gcc/arm-none-eabi/4.7.3/armv7-m/crtbegin.o

.eh_frame_hdr
 *(.eh_frame_hdr)

.eh_frame       0x000080ac        0x4
 *(.eh_frame)
 .eh_frame      0x000080ac        0x0 c:/program files (x86)/cypress/psoc creator/3.0/psoc creator/import/gnu_cs/arm/4.7.3/bin/../lib/gcc/arm-none-eabi/4.7.3/armv7-m/crtbegin.o
 .eh_frame      0x000080ac        0x4 c:/program files (x86)/cypress/psoc creator/3.0/psoc creator/import/gnu_cs/arm/4.7.3/bin/../lib/gcc/arm-none-eabi/4.7.3/armv7-m/crtend.o
                0x000080b0                PROVIDE (__exidx_start, .)

.ARM.exidx
 *(.ARM.exidx* .gnu.linkonce.armexidx.*)
                0x000080b0                __exidx_end = .

.rodata         0x000080b0      0x4f0
 *(.rodata .rodata.* .gnu.linkonce.r.*)
 .rodata        0x000080b0       0x9c .\CortexM3\ARM_GCC_473\Debug\main.o
 .rodata        0x0000814c       0x78 .\CortexM3\ARM_GCC_473\Debug\TransmitReadings_freeSoC.a(cyfitter_cfg.o)
                0x0000814c                AMux_CYAMUXSIDE_A__addrTable
                0x0000815c                AMux_CYAMUXSIDE_A__maskTable
                0x00008160                AMux_CYAMUXSIDE_B__addrTable
                0x00008170                AMux_CYAMUXSIDE_B__maskTable
 *fill*         0x000081c4        0x4 00
 .rodata.atanlo
                0x000081c8       0x20 c:/program files (x86)/cypress/psoc creator/3.0/psoc creator/import/gnu_cs/arm/4.7.3/bin/../lib/gcc/arm-none-eabi/4.7.3/../../../../arm-none-eabi/lib/armv7-m\libm.a(lib_a-s_atan.o)
 .rodata.atanhi
                0x000081e8       0x20 c:/program files (x86)/cypress/psoc creator/3.0/psoc creator/import/gnu_cs/arm/4.7.3/bin/../lib/gcc/arm-none-eabi/4.7.3/../../../../arm-none-eabi/lib/armv7-m\libm.a(lib_a-s_atan.o)
 .rodata.str1.4
                0x00008208        0x4 c:/program files (x86)/cypress/psoc creator/3.0/psoc creator/import/gnu_cs/arm/4.7.3/bin/../lib/gcc/arm-none-eabi/4.7.3/../../../../arm-none-eabi/lib/armv7-m\libm.a(lib_a-w_pow.o)
 *fill*         0x0000820c        0x4 00
 .rodata.dp_h   0x00008210       0x10 c:/program files (x86)/cypress/psoc creator/3.0/psoc creator/import/gnu_cs/arm/4.7.3/bin/../lib/gcc/arm-none-eabi/4.7.3/../../../../arm-none-eabi/lib/armv7-m\libm.a(lib_a-e_pow.o)
 .rodata.dp_l   0x00008220       0x10 c:/program files (x86)/cypress/psoc creator/3.0/psoc creator/import/gnu_cs/arm/4.7.3/bin/../lib/gcc/arm-none-eabi/4.7.3/../../../../arm-none-eabi/lib/armv7-m\libm.a(lib_a-e_pow.o)
 .rodata.bp     0x00008230       0x10 c:/program files (x86)/cypress/psoc creator/3.0/psoc creator/import/gnu_cs/arm/4.7.3/bin/../lib/gcc/arm-none-eabi/4.7.3/../../../../arm-none-eabi/lib/armv7-m\libm.a(lib_a-e_pow.o)
 .rodata.str1.4
                0x00008240        0x4 c:/program files (x86)/cypress/psoc creator/3.0/psoc creator/import/gnu_cs/arm/4.7.3/bin/../lib/gcc/arm-none-eabi/4.7.3/../../../../arm-none-eabi/lib/armv7-m\libm.a(lib_a-e_pow.o)
 *fill*         0x00008244        0x4 00
 .rodata.TWO52  0x00008248       0x10 c:/program files (x86)/cypress/psoc creator/3.0/psoc creator/import/gnu_cs/arm/4.7.3/bin/../lib/gcc/arm-none-eabi/4.7.3/../../../../arm-none-eabi/lib/armv7-m\libm.a(lib_a-s_rint.o)
 .rodata.str1.1
                0x00008258        0x2 c:/program files (x86)/cypress/psoc creator/3.0/psoc creator/import/gnu_cs/arm/4.7.3/bin/../lib/gcc/arm-none-eabi/4.7.3/../../../../arm-none-eabi/lib/armv7-m\libc_s.a(lib_a-impure.o)
 .rodata.str1.1
                0x0000825a        0xc c:/program files (x86)/cypress/psoc creator/3.0/psoc creator/import/gnu_cs/arm/4.7.3/bin/../lib/gcc/arm-none-eabi/4.7.3/../../../../arm-none-eabi/lib/armv7-m\libc_s.a(lib_a-strtod.o)
 *fill*         0x00008266        0x2 00
 .rodata.tinytens
                0x00008268       0x28 c:/program files (x86)/cypress/psoc creator/3.0/psoc creator/import/gnu_cs/arm/4.7.3/bin/../lib/gcc/arm-none-eabi/4.7.3/../../../../arm-none-eabi/lib/armv7-m\libc_s.a(lib_a-strtod.o)
 .rodata.str1.1
                0x00008290        0x5 c:/program files (x86)/cypress/psoc creator/3.0/psoc creator/import/gnu_cs/arm/4.7.3/bin/../lib/gcc/arm-none-eabi/4.7.3/../../../../arm-none-eabi/lib/armv7-m\libc_s.a(lib_a-vfscanf_float.o)
 *fill*         0x00008295        0x3 00
 .rodata        0x00008298        0xc c:/program files (x86)/cypress/psoc creator/3.0/psoc creator/import/gnu_cs/arm/4.7.3/bin/../lib/gcc/arm-none-eabi/4.7.3/../../../../arm-none-eabi/lib/armv7-m\libc_s.a(lib_a-vfscanf_i.o)
 .rodata.str1.1
                0x000082a4       0x1b c:/program files (x86)/cypress/psoc creator/3.0/psoc creator/import/gnu_cs/arm/4.7.3/bin/../lib/gcc/arm-none-eabi/4.7.3/../../../../arm-none-eabi/lib/armv7-m\libc_s.a(lib_a-vfscanf_i.o)
 .rodata._ctype_
                0x000082bf      0x101 c:/program files (x86)/cypress/psoc creator/3.0/psoc creator/import/gnu_cs/arm/4.7.3/bin/../lib/gcc/arm-none-eabi/4.7.3/../../../../arm-none-eabi/lib/armv7-m\libc_s.a(lib_a-ctype_.o)
                0x000082bf                _ctype_
 .rodata.__sf_fake_stdin
                0x000083c0       0x20 c:/program files (x86)/cypress/psoc creator/3.0/psoc creator/import/gnu_cs/arm/4.7.3/bin/../lib/gcc/arm-none-eabi/4.7.3/../../../../arm-none-eabi/lib/armv7-m\libc_s.a(lib_a-findfp.o)
                0x000083c0                __sf_fake_stdin
 .rodata.__sf_fake_stdout
                0x000083e0       0x20 c:/program files (x86)/cypress/psoc creator/3.0/psoc creator/import/gnu_cs/arm/4.7.3/bin/../lib/gcc/arm-none-eabi/4.7.3/../../../../arm-none-eabi/lib/armv7-m\libc_s.a(lib_a-findfp.o)
                0x000083e0                __sf_fake_stdout
 .rodata.__sf_fake_stderr
                0x00008400       0x20 c:/program files (x86)/cypress/psoc creator/3.0/psoc creator/import/gnu_cs/arm/4.7.3/bin/../lib/gcc/arm-none-eabi/4.7.3/../../../../arm-none-eabi/lib/armv7-m\libc_s.a(lib_a-findfp.o)
                0x00008400                __sf_fake_stderr
 .rodata.str1.1
                0x00008420        0xb c:/program files (x86)/cypress/psoc creator/3.0/psoc creator/import/gnu_cs/arm/4.7.3/bin/../lib/gcc/arm-none-eabi/4.7.3/../../../../arm-none-eabi/lib/armv7-m\libc_s.a(lib_a-gdtoa-gethex.o)
                                 0x19 (size before relaxing)
 .rodata.str1.1
                0x0000842b        0x8 c:/program files (x86)/cypress/psoc creator/3.0/psoc creator/import/gnu_cs/arm/4.7.3/bin/../lib/gcc/arm-none-eabi/4.7.3/../../../../arm-none-eabi/lib/armv7-m\libc_s.a(lib_a-locale.o)
                                  0xb (size before relaxing)
 *fill*         0x00008433        0x5 00
 .rodata.__mprec_tens
                0x00008438       0xc8 c:/program files (x86)/cypress/psoc creator/3.0/psoc creator/import/gnu_cs/arm/4.7.3/bin/../lib/gcc/arm-none-eabi/4.7.3/../../../../arm-none-eabi/lib/armv7-m\libc_s.a(lib_a-mprec.o)
                0x00008438                __mprec_tens
 .rodata.p05.5252
                0x00008500        0xc c:/program files (x86)/cypress/psoc creator/3.0/psoc creator/import/gnu_cs/arm/4.7.3/bin/../lib/gcc/arm-none-eabi/4.7.3/../../../../arm-none-eabi/lib/armv7-m\libc_s.a(lib_a-mprec.o)
 *fill*         0x0000850c        0x4 00
 .rodata.__mprec_bigtens
                0x00008510       0x28 c:/program files (x86)/cypress/psoc creator/3.0/psoc creator/import/gnu_cs/arm/4.7.3/bin/../lib/gcc/arm-none-eabi/4.7.3/../../../../arm-none-eabi/lib/armv7-m\libc_s.a(lib_a-mprec.o)
                0x00008510                __mprec_bigtens
 .rodata.str1.1
                0x00008538       0x11 c:/program files (x86)/cypress/psoc creator/3.0/psoc creator/import/gnu_cs/arm/4.7.3/bin/../lib/gcc/arm-none-eabi/4.7.3/../../../../arm-none-eabi/lib/armv7-m\libc_s.a(lib_a-svfprintf.o)
 .rodata.str1.1
                0x00008549       0x22 c:/program files (x86)/cypress/psoc creator/3.0/psoc creator/import/gnu_cs/arm/4.7.3/bin/../lib/gcc/arm-none-eabi/4.7.3/../../../../arm-none-eabi/lib/armv7-m\libc_s.a(lib_a-vfprintf_i.o)
                0x0000856c                . = ALIGN (0x4)
 *fill*         0x0000856b        0x1 00
 *(.init)
 .init          0x0000856c        0x4 c:/program files (x86)/cypress/psoc creator/3.0/psoc creator/import/gnu_cs/arm/4.7.3/bin/../lib/gcc/arm-none-eabi/4.7.3/armv7-m/crti.o
                0x0000856c                _init
 .init          0x00008570        0x8 c:/program files (x86)/cypress/psoc creator/3.0/psoc creator/import/gnu_cs/arm/4.7.3/bin/../lib/gcc/arm-none-eabi/4.7.3/armv7-m/crtn.o
                0x00008578                . = ALIGN (0x4)
                0x00008578                __preinit_array_start = .
 *(.preinit_array)
                0x00008578                __preinit_array_end = .
                0x00008578                . = ALIGN (0x4)
                0x00008578                __init_array_start = .
 *(SORT(.init_array.*))
 *(.init_array)
 .init_array    0x00008578        0x4 c:/program files (x86)/cypress/psoc creator/3.0/psoc creator/import/gnu_cs/arm/4.7.3/bin/../lib/gcc/arm-none-eabi/4.7.3/armv7-m/crtbegin.o
 .init_array    0x0000857c        0x4 .\CortexM3\ARM_GCC_473\Debug\Cm3Start.o
                0x00008580                __init_array_end = .
                0x00008580                . = ALIGN (0x4)
 *(.fini)
 .fini          0x00008580        0x4 c:/program files (x86)/cypress/psoc creator/3.0/psoc creator/import/gnu_cs/arm/4.7.3/bin/../lib/gcc/arm-none-eabi/4.7.3/armv7-m/crti.o
                0x00008580                _fini
 .fini          0x00008584        0x8 c:/program files (x86)/cypress/psoc creator/3.0/psoc creator/import/gnu_cs/arm/4.7.3/bin/../lib/gcc/arm-none-eabi/4.7.3/armv7-m/crtn.o
                0x0000858c                . = ALIGN (0x4)
                0x0000858c                __fini_array_start = .
 *(.fini_array)
 .fini_array    0x0000858c        0x4 c:/program files (x86)/cypress/psoc creator/3.0/psoc creator/import/gnu_cs/arm/4.7.3/bin/../lib/gcc/arm-none-eabi/4.7.3/armv7-m/crtbegin.o
 *(SORT(.fini_array.*))
                0x00008590                __fini_array_end = .
                0x00008590                . = ALIGN (0x4)
 *crtbegin.o(.ctors)
 *(EXCLUDE_FILE(*crtend.o) .ctors)
 *(SORT(.ctors.*))
 *crtend.o(.ctors)
                0x00008590                . = ALIGN (0x4)
 *crtbegin.o(.dtors)
 *(EXCLUDE_FILE(*crtend.o) .dtors)
 *(SORT(.dtors.*))
 *crtend.o(.dtors)
                0x00008590                . = ALIGN (0x4)
                0x00008590                __cy_regions = .
                0x00008590        0x4 LONG 0x85a0 __cy_region_init_ram
                0x00008594        0x4 LONG 0x1fff8108 __cy_region_start_data
                0x00008598        0x4 LONG 0xe8 __cy_region_init_size_ram
                0x0000859c        0x4 LONG 0x380 __cy_region_zero_size_ram
                0x000085a0                __cy_regions_end = .
                0x000085a0                . = ALIGN (0x8)
                0x000085a0                _etext = .

.ramvectors     0x1fff8000      0x100
                0x1fff8000                __cy_region_start_ram = .
 *(.ramvectors)
 .ramvectors    0x1fff8000      0x100 .\CortexM3\ARM_GCC_473\Debug\Cm3Start.o
                0x1fff8000                CyRamVectors

.noinit         0x1fff8100        0x5
 *(.noinit)
 .noinit        0x1fff8100        0x4 .\CortexM3\ARM_GCC_473\Debug\Cm3Start.o
 .noinit        0x1fff8104        0x1 .\CortexM3\ARM_GCC_473\Debug\TransmitReadings_freeSoC.a(CyLib.o)
                0x1fff8104                CyResetStatus

.data           0x1fff8108       0xe8 load address 0x000085a0
                0x1fff8108                __cy_region_start_data = .
 *(.jcr)
 .jcr           0x1fff8108        0x0 c:/program files (x86)/cypress/psoc creator/3.0/psoc creator/import/gnu_cs/arm/4.7.3/bin/../lib/gcc/arm-none-eabi/4.7.3/armv7-m/crtbegin.o
 .jcr           0x1fff8108        0x4 c:/program files (x86)/cypress/psoc creator/3.0/psoc creator/import/gnu_cs/arm/4.7.3/bin/../lib/gcc/arm-none-eabi/4.7.3/armv7-m/crtend.o
 *(.got.plt)
 *(.got)
 *(.shdata)
 *(.data .data.* .gnu.linkonce.d.*)
 .data          0x1fff810c       0x10 .\CortexM3\ARM_GCC_473\Debug\TransmitReadings_freeSoC.a(CyLib.o)
                0x1fff810c                cydelay_freq_hz
                0x1fff8110                cydelay_freq_khz
                0x1fff8114                cydelay_freq_mhz
                0x1fff8118                cydelay_32k_ms
 .data          0x1fff811c        0x1 .\CortexM3\ARM_GCC_473\Debug\TransmitReadings_freeSoC.a(AMux.o)
 .data.__fdlib_version
                0x1fff811d        0x1 c:/program files (x86)/cypress/psoc creator/3.0/psoc creator/import/gnu_cs/arm/4.7.3/bin/../lib/gcc/arm-none-eabi/4.7.3/../../../../arm-none-eabi/lib/armv7-m\libm.a(lib_a-s_lib_ver.o)
                0x1fff811d                __fdlib_version
 *fill*         0x1fff811e        0x2 00
 .data.impure_data
                0x1fff8120       0x64 c:/program files (x86)/cypress/psoc creator/3.0/psoc creator/import/gnu_cs/arm/4.7.3/bin/../lib/gcc/arm-none-eabi/4.7.3/../../../../arm-none-eabi/lib/armv7-m\libc_s.a(lib_a-impure.o)
 .data._impure_ptr
                0x1fff8184        0x4 c:/program files (x86)/cypress/psoc creator/3.0/psoc creator/import/gnu_cs/arm/4.7.3/bin/../lib/gcc/arm-none-eabi/4.7.3/../../../../arm-none-eabi/lib/armv7-m\libc_s.a(lib_a-impure.o)
                0x1fff8184                _impure_ptr
 .data.fpi.5208
                0x1fff8188       0x14 c:/program files (x86)/cypress/psoc creator/3.0/psoc creator/import/gnu_cs/arm/4.7.3/bin/../lib/gcc/arm-none-eabi/4.7.3/../../../../arm-none-eabi/lib/armv7-m\libc_s.a(lib_a-strtod.o)
 .data.fpinan.5244
                0x1fff819c       0x14 c:/program files (x86)/cypress/psoc creator/3.0/psoc creator/import/gnu_cs/arm/4.7.3/bin/../lib/gcc/arm-none-eabi/4.7.3/../../../../arm-none-eabi/lib/armv7-m\libc_s.a(lib_a-strtod.o)
 .data.__ctype_ptr__
                0x1fff81b0        0x4 c:/program files (x86)/cypress/psoc creator/3.0/psoc creator/import/gnu_cs/arm/4.7.3/bin/../lib/gcc/arm-none-eabi/4.7.3/../../../../arm-none-eabi/lib/armv7-m\libc_s.a(lib_a-ctype_.o)
                0x1fff81b0                __ctype_ptr__
 .data.lconv    0x1fff81b4       0x38 c:/program files (x86)/cypress/psoc creator/3.0/psoc creator/import/gnu_cs/arm/4.7.3/bin/../lib/gcc/arm-none-eabi/4.7.3/../../../../arm-none-eabi/lib/armv7-m\libc_s.a(lib_a-locale.o)
                0x1fff81f0                . = ALIGN (0x8)
 *fill*         0x1fff81ec        0x4 00
 *(.ram)
                0x1fff81f0                _edata = .

.igot.plt       0x1fff81f0        0x0 load address 0x00008688
 .igot.plt      0x00000000        0x0 c:/program files (x86)/cypress/psoc creator/3.0/psoc creator/import/gnu_cs/arm/4.7.3/bin/../lib/gcc/arm-none-eabi/4.7.3/armv7-m/crtbegin.o

.bss            0x1fff81f0      0x380 load address 0x00008688
                0x1fff81f0                PROVIDE (__bss_start__, .)
 *(.shbss)
 *(.bss .bss.* .gnu.linkonce.b.*)
 .bss           0x1fff81f0       0x1c c:/program files (x86)/cypress/psoc creator/3.0/psoc creator/import/gnu_cs/arm/4.7.3/bin/../lib/gcc/arm-none-eabi/4.7.3/armv7-m/crtbegin.o
 .bss           0x1fff820c        0x4 .\CortexM3\ARM_GCC_473\Debug\main.o
                0x1fff820c                SBDPointer
                0x1fff820e                windDataPointer
 .bss           0x1fff8210        0x1 .\CortexM3\ARM_GCC_473\Debug\TransmitReadings_freeSoC.a(psoc.o)
                0x1fff8210                psoc_initVar
 .bss           0x1fff8211        0x2 .\CortexM3\ARM_GCC_473\Debug\TransmitReadings_freeSoC.a(UART_Wind.o)
                0x1fff8211                UART_Wind_initVar
 .bss           0x1fff8213        0x2 .\CortexM3\ARM_GCC_473\Debug\TransmitReadings_freeSoC.a(UART_SBD.o)
                0x1fff8213                UART_SBD_initVar
 .bss           0x1fff8215        0x1 .\CortexM3\ARM_GCC_473\Debug\TransmitReadings_freeSoC.a(master.o)
                0x1fff8215                master_initVar
 *fill*         0x1fff8216        0x2 00
 .bss           0x1fff8218       0x14 .\CortexM3\ARM_GCC_473\Debug\TransmitReadings_freeSoC.a(ADC.o)
                0x1fff8218                ADC_convDone
                0x1fff8219                ADC_stopConversion
                0x1fff821a                ADC_initVar
                0x1fff821b                ADC_started
 .bss.__malloc_free_list
                0x1fff822c        0x4 c:/program files (x86)/cypress/psoc creator/3.0/psoc creator/import/gnu_cs/arm/4.7.3/bin/../lib/gcc/arm-none-eabi/4.7.3/../../../../arm-none-eabi/lib/armv7-m\libc_s.a(lib_a-mallocr.o)
                0x1fff822c                __malloc_free_list
 .bss.heap_end.4231
                0x1fff8230        0x4 c:/program files (x86)/cypress/psoc creator/3.0/psoc creator/import/gnu_cs/arm/4.7.3/bin/../lib/gcc/arm-none-eabi/4.7.3/../../../../arm-none-eabi/lib/armv7-m\libnosys.a(sbrk.o)
 *(COMMON)
 COMMON         0x1fff8234      0x21c .\CortexM3\ARM_GCC_473\Debug\main.o
                0x1fff8234                readingx
                0x1fff8236                SBDpacketReceived
                0x1fff8238                windData
                0x1fff8338                readingz
                0x1fff833a                voltage
                0x1fff833c                float32size
                0x1fff8340                SBDData
                0x1fff8440                uint32size
                0x1fff8444                uint8size
                0x1fff8446                readingy
                0x1fff8448                windpacketReceived
                0x1fff844a                int16size
                0x1fff844c                uint16size
                0x1fff844e                heading
 COMMON         0x1fff8450        0x1 .\CortexM3\ARM_GCC_473\Debug\TransmitReadings_freeSoC.a(psoc.o)
                0x1fff8450                psoc_state
 *fill*         0x1fff8451        0x3 00
 COMMON         0x1fff8454       0x10 .\CortexM3\ARM_GCC_473\Debug\TransmitReadings_freeSoC.a(psoc_MASTER.o)
                0x1fff8454                psoc_mstrWrBufPtr
                0x1fff8458                psoc_mstrStatus
                0x1fff8459                psoc_mstrWrBufSize
                0x1fff845a                psoc_mstrRdBufSize
                0x1fff845b                psoc_mstrControl
                0x1fff845c                psoc_mstrRdBufIndex
                0x1fff845d                psoc_mstrWrBufIndex
                0x1fff8460                psoc_mstrRdBufPtr
 COMMON         0x1fff8464        0x8 .\CortexM3\ARM_GCC_473\Debug\TransmitReadings_freeSoC.a(ADC.o)
                0x1fff8464                ADC_Offset
                0x1fff8468                ADC_CountsPerVolt
 COMMON         0x1fff846c      0x100 c:/program files (x86)/cypress/psoc creator/3.0/psoc creator/import/gnu_cs/arm/4.7.3/bin/../lib/gcc/arm-none-eabi/4.7.3/../../../../arm-none-eabi/lib/armv7-m\libc_s.a(lib_a-gdtoa-gethex.o)
                0x1fff846c                __hexdig
 COMMON         0x1fff856c        0x4 c:/program files (x86)/cypress/psoc creator/3.0/psoc creator/import/gnu_cs/arm/4.7.3/bin/../lib/gcc/arm-none-eabi/4.7.3/../../../../arm-none-eabi/lib/armv7-m\libc_s.a(lib_a-reent.o)
                0x1fff856c                errno
                0x1fff8570                . = ALIGN (0x8)
 *(.ram.b)
                0x1fff8570                _end = .
                0x1fff8570                __end = .
                0x1fff8570                PROVIDE (end, .)
                0x1fff8570                PROVIDE (__bss_end__, .)
                0x000085a0                __cy_region_init_ram = LOADADDR (.data)
                0x000000e8                __cy_region_init_size_ram = (_edata - ADDR (.data))
                0x00000380                __cy_region_zero_size_ram = (_end - _edata)

.heap           0x1fff8570     0x1000 load address 0x00008688
                0x1fff8570                . = _end
                0x1fff9570                . = (. + 0x1000)
 *fill*         0x1fff8570     0x1000 00
                0x1fff9570                __cy_heap_limit = .

.stack          0x20004000     0x4000
                0x20004000                __cy_stack_limit = .
                0x20008000                . = (. + 0x4000)
 *fill*         0x20004000     0x4000 00
                0x00000001                ASSERT ((__cy_stack_limit >= __cy_heap_limit), region RAM overflowed with stack)

.cyloadermeta
 *(.cyloadermeta)

.cyloadablemeta
 *(.cyloadablemeta)

.cyconfigecc    0x80000000      0x94c
 *(.cyconfigecc)
 .cyconfigecc   0x80000000      0x94c .\CortexM3\ARM_GCC_473\Debug\cymetadata.o
                0x80000000                cy_meta_configecc

.cycustnvl      0x90000000        0x4
 *(.cycustnvl)
 .cycustnvl     0x90000000        0x4 .\CortexM3\ARM_GCC_473\Debug\cymetadata.o
                0x90000000                cy_meta_custnvl

.cywolatch      0x90100000        0x4
 *(.cywolatch)
 .cywolatch     0x90100000        0x4 .\CortexM3\ARM_GCC_473\Debug\cymetadata.o
                0x90100000                cy_meta_wonvl

.cyeeprom       0x90200000        0x0
 *(.cyeeprom)
                0x00000001                ASSERT ((. <= ((0x90200000 + ee_offset) + ee_size)), .cyeeprom data will not fit in EEPROM)

.cyflashprotect
                0x90400000      0x100
 *(.cyflashprotect)
 .cyflashprotect
                0x90400000      0x100 .\CortexM3\ARM_GCC_473\Debug\cymetadata.o
                0x90400000                cy_meta_flashprotect

.cymeta         0x90500000        0xc
 *(.cymeta)
 .cymeta        0x90500000        0xc .\CortexM3\ARM_GCC_473\Debug\cymetadata.o
                0x90500000                cy_metadata

.rel.dyn        0x00008688        0x0 load address 0x9050000c
 .rel.iplt      0x00000000        0x0 c:/program files (x86)/cypress/psoc creator/3.0/psoc creator/import/gnu_cs/arm/4.7.3/bin/../lib/gcc/arm-none-eabi/4.7.3/armv7-m/crtbegin.o

.stab           0x00000000       0x6c
 *(.stab)
 .stab          0x00000000       0x24 c:/program files (x86)/cypress/psoc creator/3.0/psoc creator/import/gnu_cs/arm/4.7.3/bin/../lib/gcc/arm-none-eabi/4.7.3/../../../../arm-none-eabi/lib/armv7-m\libnosys.a(close.o)
 .stab          0x00000024       0x18 c:/program files (x86)/cypress/psoc creator/3.0/psoc creator/import/gnu_cs/arm/4.7.3/bin/../lib/gcc/arm-none-eabi/4.7.3/../../../../arm-none-eabi/lib/armv7-m\libnosys.a(lseek.o)
                                 0x24 (size before relaxing)
 .stab          0x0000003c       0x18 c:/program files (x86)/cypress/psoc creator/3.0/psoc creator/import/gnu_cs/arm/4.7.3/bin/../lib/gcc/arm-none-eabi/4.7.3/../../../../arm-none-eabi/lib/armv7-m\libnosys.a(read.o)
                                 0x24 (size before relaxing)
 .stab          0x00000054       0x18 c:/program files (x86)/cypress/psoc creator/3.0/psoc creator/import/gnu_cs/arm/4.7.3/bin/../lib/gcc/arm-none-eabi/4.7.3/../../../../arm-none-eabi/lib/armv7-m\libnosys.a(write.o)
                                 0x24 (size before relaxing)

.stabstr        0x00000000       0xdf
 *(.stabstr)
 .stabstr       0x00000000       0xdf c:/program files (x86)/cypress/psoc creator/3.0/psoc creator/import/gnu_cs/arm/4.7.3/bin/../lib/gcc/arm-none-eabi/4.7.3/../../../../arm-none-eabi/lib/armv7-m\libnosys.a(close.o)

.debug
 *(.debug)

.line
 *(.line)

.debug_srcinfo
 *(.debug_srcinfo)

.debug_sfnames
 *(.debug_sfnames)

.debug_aranges  0x00000000      0xdb0
 *(.debug_aranges)
 .debug_aranges
                0x00000000       0x48 .\CortexM3\ARM_GCC_473\Debug\main.o
 .debug_aranges
                0x00000048       0x38 .\CortexM3\ARM_GCC_473\Debug\magnetometer.o
 .debug_aranges
                0x00000080       0x20 .\CortexM3\ARM_GCC_473\Debug\thermocouple.o
 .debug_aranges
                0x000000a0       0x20 .\CortexM3\ARM_GCC_473\Debug\Batteryvoltage.o
 .debug_aranges
                0x000000c0       0x18 .\CortexM3\ARM_GCC_473\Debug\cymetadata.o
 .debug_aranges
                0x000000d8       0x40 .\CortexM3\ARM_GCC_473\Debug\Cm3Start.o
 .debug_aranges
                0x00000118       0x80 .\CortexM3\ARM_GCC_473\Debug\TransmitReadings_freeSoC.a(cyfitter_cfg.o)
 .debug_aranges
                0x00000198       0x20 .\CortexM3\ARM_GCC_473\Debug\TransmitReadings_freeSoC.a(CyBootAsmGnu.o)
 .debug_aranges
                0x000001b8      0x218 .\CortexM3\ARM_GCC_473\Debug\TransmitReadings_freeSoC.a(CyLib.o)
 .debug_aranges
                0x000003d0       0x90 .\CortexM3\ARM_GCC_473\Debug\TransmitReadings_freeSoC.a(cyPm.o)
 .debug_aranges
                0x00000460       0x38 .\CortexM3\ARM_GCC_473\Debug\TransmitReadings_freeSoC.a(psoc.o)
 .debug_aranges
                0x00000498       0x20 .\CortexM3\ARM_GCC_473\Debug\TransmitReadings_freeSoC.a(psoc_INT.o)
 .debug_aranges
                0x000004b8       0x38 .\CortexM3\ARM_GCC_473\Debug\TransmitReadings_freeSoC.a(psoc_PM.o)
 .debug_aranges
                0x000004f0       0x88 .\CortexM3\ARM_GCC_473\Debug\TransmitReadings_freeSoC.a(psoc_MASTER.o)
 .debug_aranges
                0x00000578       0xf0 .\CortexM3\ARM_GCC_473\Debug\TransmitReadings_freeSoC.a(UART_Wind.o)
 .debug_aranges
                0x00000668       0x80 .\CortexM3\ARM_GCC_473\Debug\TransmitReadings_freeSoC.a(isr_Wind.o)
 .debug_aranges
                0x000006e8       0xf0 .\CortexM3\ARM_GCC_473\Debug\TransmitReadings_freeSoC.a(UART_SBD.o)
 .debug_aranges
                0x000007d8       0x80 .\CortexM3\ARM_GCC_473\Debug\TransmitReadings_freeSoC.a(SBD_reply.o)
 .debug_aranges
                0x00000858       0x70 .\CortexM3\ARM_GCC_473\Debug\TransmitReadings_freeSoC.a(UART_Wind_IntClock.o)
 .debug_aranges
                0x000008c8       0x70 .\CortexM3\ARM_GCC_473\Debug\TransmitReadings_freeSoC.a(UART_SBD_IntClock.o)
 .debug_aranges
                0x00000938       0x40 .\CortexM3\ARM_GCC_473\Debug\TransmitReadings_freeSoC.a(AMux.o)
 .debug_aranges
                0x00000978       0xd8 .\CortexM3\ARM_GCC_473\Debug\TransmitReadings_freeSoC.a(master.o)
 .debug_aranges
                0x00000a50       0x70 .\CortexM3\ARM_GCC_473\Debug\TransmitReadings_freeSoC.a(clock.o)
 .debug_aranges
                0x00000ac0       0xe8 .\CortexM3\ARM_GCC_473\Debug\TransmitReadings_freeSoC.a(ADC.o)
 .debug_aranges
                0x00000ba8       0x38 .\CortexM3\ARM_GCC_473\Debug\TransmitReadings_freeSoC.a(ADC_INT.o)
 .debug_aranges
                0x00000be0       0x70 .\CortexM3\ARM_GCC_473\Debug\TransmitReadings_freeSoC.a(ADC_Ext_CP_Clk.o)
 .debug_aranges
                0x00000c50       0x80 .\CortexM3\ARM_GCC_473\Debug\TransmitReadings_freeSoC.a(ADC_theACLK.o)
 .debug_aranges
                0x00000cd0       0x78 .\CortexM3\ARM_GCC_473\Debug\TransmitReadings_freeSoC.a(CyFlash.o)
 .debug_aranges
                0x00000d48       0x68 .\CortexM3\ARM_GCC_473\Debug\TransmitReadings_freeSoC.a(CySpc.o)

.debug_pubnames
 *(.debug_pubnames)

.debug_info     0x00000000     0x62c0
 *(.debug_info .gnu.linkonce.wi.*)
 .debug_info    0x00000000      0x527 .\CortexM3\ARM_GCC_473\Debug\main.o
 .debug_info    0x00000527      0x218 .\CortexM3\ARM_GCC_473\Debug\magnetometer.o
 .debug_info    0x0000073f      0x13a .\CortexM3\ARM_GCC_473\Debug\thermocouple.o
 .debug_info    0x00000879      0x11e .\CortexM3\ARM_GCC_473\Debug\Batteryvoltage.o
 .debug_info    0x00000997      0x143 .\CortexM3\ARM_GCC_473\Debug\cymetadata.o
 .debug_info    0x00000ada      0x2ea .\CortexM3\ARM_GCC_473\Debug\Cm3Start.o
 .debug_info    0x00000dc4      0x5b4 .\CortexM3\ARM_GCC_473\Debug\TransmitReadings_freeSoC.a(cyfitter_cfg.o)
 .debug_info    0x00001378       0x9d .\CortexM3\ARM_GCC_473\Debug\TransmitReadings_freeSoC.a(CyBootAsmGnu.o)
 .debug_info    0x00001415      0xcd7 .\CortexM3\ARM_GCC_473\Debug\TransmitReadings_freeSoC.a(CyLib.o)
 .debug_info    0x000020ec      0x5c3 .\CortexM3\ARM_GCC_473\Debug\TransmitReadings_freeSoC.a(cyPm.o)
 .debug_info    0x000026af      0x1d6 .\CortexM3\ARM_GCC_473\Debug\TransmitReadings_freeSoC.a(psoc.o)
 .debug_info    0x00002885      0x166 .\CortexM3\ARM_GCC_473\Debug\TransmitReadings_freeSoC.a(psoc_INT.o)
 .debug_info    0x000029eb      0x1a5 .\CortexM3\ARM_GCC_473\Debug\TransmitReadings_freeSoC.a(psoc_PM.o)
 .debug_info    0x00002b90      0x453 .\CortexM3\ARM_GCC_473\Debug\TransmitReadings_freeSoC.a(psoc_MASTER.o)
 .debug_info    0x00002fe3      0x58b .\CortexM3\ARM_GCC_473\Debug\TransmitReadings_freeSoC.a(UART_Wind.o)
 .debug_info    0x0000356e      0x278 .\CortexM3\ARM_GCC_473\Debug\TransmitReadings_freeSoC.a(isr_Wind.o)
 .debug_info    0x000037e6      0x58b .\CortexM3\ARM_GCC_473\Debug\TransmitReadings_freeSoC.a(UART_SBD.o)
 .debug_info    0x00003d71      0x278 .\CortexM3\ARM_GCC_473\Debug\TransmitReadings_freeSoC.a(SBD_reply.o)
 .debug_info    0x00003fe9      0x294 .\CortexM3\ARM_GCC_473\Debug\TransmitReadings_freeSoC.a(UART_Wind_IntClock.o)
 .debug_info    0x0000427d      0x294 .\CortexM3\ARM_GCC_473\Debug\TransmitReadings_freeSoC.a(UART_SBD_IntClock.o)
 .debug_info    0x00004511      0x16e .\CortexM3\ARM_GCC_473\Debug\TransmitReadings_freeSoC.a(AMux.o)
 .debug_info    0x0000467f      0x485 .\CortexM3\ARM_GCC_473\Debug\TransmitReadings_freeSoC.a(master.o)
 .debug_info    0x00004b04      0x294 .\CortexM3\ARM_GCC_473\Debug\TransmitReadings_freeSoC.a(clock.o)
 .debug_info    0x00004d98      0x7a9 .\CortexM3\ARM_GCC_473\Debug\TransmitReadings_freeSoC.a(ADC.o)
 .debug_info    0x00005541       0xe4 .\CortexM3\ARM_GCC_473\Debug\TransmitReadings_freeSoC.a(ADC_INT.o)
 .debug_info    0x00005625      0x294 .\CortexM3\ARM_GCC_473\Debug\TransmitReadings_freeSoC.a(ADC_Ext_CP_Clk.o)
 .debug_info    0x000058b9      0x2da .\CortexM3\ARM_GCC_473\Debug\TransmitReadings_freeSoC.a(ADC_theACLK.o)
 .debug_info    0x00005b93      0x354 .\CortexM3\ARM_GCC_473\Debug\TransmitReadings_freeSoC.a(CyFlash.o)
 .debug_info    0x00005ee7      0x3d9 .\CortexM3\ARM_GCC_473\Debug\TransmitReadings_freeSoC.a(CySpc.o)

.debug_abbrev   0x00000000     0x1ee1
 *(.debug_abbrev)
 .debug_abbrev  0x00000000      0x139 .\CortexM3\ARM_GCC_473\Debug\main.o
 .debug_abbrev  0x00000139       0xc3 .\CortexM3\ARM_GCC_473\Debug\magnetometer.o
 .debug_abbrev  0x000001fc       0x9b .\CortexM3\ARM_GCC_473\Debug\thermocouple.o
 .debug_abbrev  0x00000297       0x7a .\CortexM3\ARM_GCC_473\Debug\Batteryvoltage.o
 .debug_abbrev  0x00000311       0x77 .\CortexM3\ARM_GCC_473\Debug\cymetadata.o
 .debug_abbrev  0x00000388      0x175 .\CortexM3\ARM_GCC_473\Debug\Cm3Start.o
 .debug_abbrev  0x000004fd      0x1cc .\CortexM3\ARM_GCC_473\Debug\TransmitReadings_freeSoC.a(cyfitter_cfg.o)
 .debug_abbrev  0x000006c9       0x14 .\CortexM3\ARM_GCC_473\Debug\TransmitReadings_freeSoC.a(CyBootAsmGnu.o)
 .debug_abbrev  0x000006dd      0x207 .\CortexM3\ARM_GCC_473\Debug\TransmitReadings_freeSoC.a(CyLib.o)
 .debug_abbrev  0x000008e4      0x170 .\CortexM3\ARM_GCC_473\Debug\TransmitReadings_freeSoC.a(cyPm.o)
 .debug_abbrev  0x00000a54       0xce .\CortexM3\ARM_GCC_473\Debug\TransmitReadings_freeSoC.a(psoc.o)
 .debug_abbrev  0x00000b22       0x83 .\CortexM3\ARM_GCC_473\Debug\TransmitReadings_freeSoC.a(psoc_INT.o)
 .debug_abbrev  0x00000ba5       0xed .\CortexM3\ARM_GCC_473\Debug\TransmitReadings_freeSoC.a(psoc_PM.o)
 .debug_abbrev  0x00000c92      0x120 .\CortexM3\ARM_GCC_473\Debug\TransmitReadings_freeSoC.a(psoc_MASTER.o)
 .debug_abbrev  0x00000db2      0x165 .\CortexM3\ARM_GCC_473\Debug\TransmitReadings_freeSoC.a(UART_Wind.o)
 .debug_abbrev  0x00000f17      0x12d .\CortexM3\ARM_GCC_473\Debug\TransmitReadings_freeSoC.a(isr_Wind.o)
 .debug_abbrev  0x00001044      0x165 .\CortexM3\ARM_GCC_473\Debug\TransmitReadings_freeSoC.a(UART_SBD.o)
 .debug_abbrev  0x000011a9      0x12d .\CortexM3\ARM_GCC_473\Debug\TransmitReadings_freeSoC.a(SBD_reply.o)
 .debug_abbrev  0x000012d6      0x11f .\CortexM3\ARM_GCC_473\Debug\TransmitReadings_freeSoC.a(UART_Wind_IntClock.o)
 .debug_abbrev  0x000013f5      0x11f .\CortexM3\ARM_GCC_473\Debug\TransmitReadings_freeSoC.a(UART_SBD_IntClock.o)
 .debug_abbrev  0x00001514       0x71 .\CortexM3\ARM_GCC_473\Debug\TransmitReadings_freeSoC.a(AMux.o)
 .debug_abbrev  0x00001585      0x158 .\CortexM3\ARM_GCC_473\Debug\TransmitReadings_freeSoC.a(master.o)
 .debug_abbrev  0x000016dd      0x11f .\CortexM3\ARM_GCC_473\Debug\TransmitReadings_freeSoC.a(clock.o)
 .debug_abbrev  0x000017fc      0x192 .\CortexM3\ARM_GCC_473\Debug\TransmitReadings_freeSoC.a(ADC.o)
 .debug_abbrev  0x0000198e       0x44 .\CortexM3\ARM_GCC_473\Debug\TransmitReadings_freeSoC.a(ADC_INT.o)
 .debug_abbrev  0x000019d2      0x11f .\CortexM3\ARM_GCC_473\Debug\TransmitReadings_freeSoC.a(ADC_Ext_CP_Clk.o)
 .debug_abbrev  0x00001af1      0x11f .\CortexM3\ARM_GCC_473\Debug\TransmitReadings_freeSoC.a(ADC_theACLK.o)
 .debug_abbrev  0x00001c10      0x172 .\CortexM3\ARM_GCC_473\Debug\TransmitReadings_freeSoC.a(CyFlash.o)
 .debug_abbrev  0x00001d82      0x15f .\CortexM3\ARM_GCC_473\Debug\TransmitReadings_freeSoC.a(CySpc.o)

.debug_line     0x00000000     0x3653
 *(.debug_line)
 .debug_line    0x00000000      0x250 .\CortexM3\ARM_GCC_473\Debug\main.o
 .debug_line    0x00000250      0x16e .\CortexM3\ARM_GCC_473\Debug\magnetometer.o
 .debug_line    0x000003be      0x14f .\CortexM3\ARM_GCC_473\Debug\thermocouple.o
 .debug_line    0x0000050d      0x12a .\CortexM3\ARM_GCC_473\Debug\Batteryvoltage.o
 .debug_line    0x00000637       0x53 .\CortexM3\ARM_GCC_473\Debug\cymetadata.o
 .debug_line    0x0000068a      0x1b0 .\CortexM3\ARM_GCC_473\Debug\Cm3Start.o
 .debug_line    0x0000083a      0x290 .\CortexM3\ARM_GCC_473\Debug\TransmitReadings_freeSoC.a(cyfitter_cfg.o)
 .debug_line    0x00000aca       0x68 .\CortexM3\ARM_GCC_473\Debug\TransmitReadings_freeSoC.a(CyBootAsmGnu.o)
 .debug_line    0x00000b32      0x73b .\CortexM3\ARM_GCC_473\Debug\TransmitReadings_freeSoC.a(CyLib.o)
 .debug_line    0x0000126d      0x370 .\CortexM3\ARM_GCC_473\Debug\TransmitReadings_freeSoC.a(cyPm.o)
 .debug_line    0x000015dd       0xd6 .\CortexM3\ARM_GCC_473\Debug\TransmitReadings_freeSoC.a(psoc.o)
 .debug_line    0x000016b3      0x13d .\CortexM3\ARM_GCC_473\Debug\TransmitReadings_freeSoC.a(psoc_INT.o)
 .debug_line    0x000017f0       0xc0 .\CortexM3\ARM_GCC_473\Debug\TransmitReadings_freeSoC.a(psoc_PM.o)
 .debug_line    0x000018b0      0x1f5 .\CortexM3\ARM_GCC_473\Debug\TransmitReadings_freeSoC.a(psoc_MASTER.o)
 .debug_line    0x00001aa5      0x2f4 .\CortexM3\ARM_GCC_473\Debug\TransmitReadings_freeSoC.a(UART_Wind.o)
 .debug_line    0x00001d99      0x153 .\CortexM3\ARM_GCC_473\Debug\TransmitReadings_freeSoC.a(isr_Wind.o)
 .debug_line    0x00001eec      0x2f3 .\CortexM3\ARM_GCC_473\Debug\TransmitReadings_freeSoC.a(UART_SBD.o)
 .debug_line    0x000021df      0x144 .\CortexM3\ARM_GCC_473\Debug\TransmitReadings_freeSoC.a(SBD_reply.o)
 .debug_line    0x00002323      0x1a9 .\CortexM3\ARM_GCC_473\Debug\TransmitReadings_freeSoC.a(UART_Wind_IntClock.o)
 .debug_line    0x000024cc      0x1a8 .\CortexM3\ARM_GCC_473\Debug\TransmitReadings_freeSoC.a(UART_SBD_IntClock.o)
 .debug_line    0x00002674       0xc9 .\CortexM3\ARM_GCC_473\Debug\TransmitReadings_freeSoC.a(AMux.o)
 .debug_line    0x0000273d      0x274 .\CortexM3\ARM_GCC_473\Debug\TransmitReadings_freeSoC.a(master.o)
 .debug_line    0x000029b1      0x19c .\CortexM3\ARM_GCC_473\Debug\TransmitReadings_freeSoC.a(clock.o)
 .debug_line    0x00002b4d      0x3bd .\CortexM3\ARM_GCC_473\Debug\TransmitReadings_freeSoC.a(ADC.o)
 .debug_line    0x00002f0a       0x8e .\CortexM3\ARM_GCC_473\Debug\TransmitReadings_freeSoC.a(ADC_INT.o)
 .debug_line    0x00002f98      0x1a5 .\CortexM3\ARM_GCC_473\Debug\TransmitReadings_freeSoC.a(ADC_Ext_CP_Clk.o)
 .debug_line    0x0000313d      0x1c6 .\CortexM3\ARM_GCC_473\Debug\TransmitReadings_freeSoC.a(ADC_theACLK.o)
 .debug_line    0x00003303      0x1a9 .\CortexM3\ARM_GCC_473\Debug\TransmitReadings_freeSoC.a(CyFlash.o)
 .debug_line    0x000034ac      0x1a7 .\CortexM3\ARM_GCC_473\Debug\TransmitReadings_freeSoC.a(CySpc.o)

.debug_frame    0x00000000     0x3b4c
 *(.debug_frame)
 .debug_frame   0x00000000       0xc8 .\CortexM3\ARM_GCC_473\Debug\main.o
 .debug_frame   0x000000c8       0x90 .\CortexM3\ARM_GCC_473\Debug\magnetometer.o
 .debug_frame   0x00000158       0x34 .\CortexM3\ARM_GCC_473\Debug\thermocouple.o
 .debug_frame   0x0000018c       0x30 .\CortexM3\ARM_GCC_473\Debug\Batteryvoltage.o
 .debug_frame   0x000001bc       0xa4 .\CortexM3\ARM_GCC_473\Debug\Cm3Start.o
 .debug_frame   0x00000260      0x190 .\CortexM3\ARM_GCC_473\Debug\TransmitReadings_freeSoC.a(cyfitter_cfg.o)
 .debug_frame   0x000003f0      0x778 .\CortexM3\ARM_GCC_473\Debug\TransmitReadings_freeSoC.a(CyLib.o)
 .debug_frame   0x00000b68      0x1d0 .\CortexM3\ARM_GCC_473\Debug\TransmitReadings_freeSoC.a(cyPm.o)
 .debug_frame   0x00000d38       0x88 .\CortexM3\ARM_GCC_473\Debug\TransmitReadings_freeSoC.a(psoc.o)
 .debug_frame   0x00000dc0       0x30 .\CortexM3\ARM_GCC_473\Debug\TransmitReadings_freeSoC.a(psoc_INT.o)
 .debug_frame   0x00000df0       0x84 .\CortexM3\ARM_GCC_473\Debug\TransmitReadings_freeSoC.a(psoc_PM.o)
 .debug_frame   0x00000e74      0x198 .\CortexM3\ARM_GCC_473\Debug\TransmitReadings_freeSoC.a(psoc_MASTER.o)
 .debug_frame   0x0000100c      0x328 .\CortexM3\ARM_GCC_473\Debug\TransmitReadings_freeSoC.a(UART_Wind.o)
 .debug_frame   0x00001334      0x180 .\CortexM3\ARM_GCC_473\Debug\TransmitReadings_freeSoC.a(isr_Wind.o)
 .debug_frame   0x000014b4      0x328 .\CortexM3\ARM_GCC_473\Debug\TransmitReadings_freeSoC.a(UART_SBD.o)
 .debug_frame   0x000017dc      0x180 .\CortexM3\ARM_GCC_473\Debug\TransmitReadings_freeSoC.a(SBD_reply.o)
 .debug_frame   0x0000195c      0x14c .\CortexM3\ARM_GCC_473\Debug\TransmitReadings_freeSoC.a(UART_Wind_IntClock.o)
 .debug_frame   0x00001aa8      0x14c .\CortexM3\ARM_GCC_473\Debug\TransmitReadings_freeSoC.a(UART_SBD_IntClock.o)
 .debug_frame   0x00001bf4       0xb0 .\CortexM3\ARM_GCC_473\Debug\TransmitReadings_freeSoC.a(AMux.o)
 .debug_frame   0x00001ca4      0x2c4 .\CortexM3\ARM_GCC_473\Debug\TransmitReadings_freeSoC.a(master.o)
 .debug_frame   0x00001f68      0x14c .\CortexM3\ARM_GCC_473\Debug\TransmitReadings_freeSoC.a(clock.o)
 .debug_frame   0x000020b4      0x31c .\CortexM3\ARM_GCC_473\Debug\TransmitReadings_freeSoC.a(ADC.o)
 .debug_frame   0x000023d0       0x80 .\CortexM3\ARM_GCC_473\Debug\TransmitReadings_freeSoC.a(ADC_INT.o)
 .debug_frame   0x00002450      0x14c .\CortexM3\ARM_GCC_473\Debug\TransmitReadings_freeSoC.a(ADC_Ext_CP_Clk.o)
 .debug_frame   0x0000259c      0x184 .\CortexM3\ARM_GCC_473\Debug\TransmitReadings_freeSoC.a(ADC_theACLK.o)
 .debug_frame   0x00002720      0x178 .\CortexM3\ARM_GCC_473\Debug\TransmitReadings_freeSoC.a(CyFlash.o)
 .debug_frame   0x00002898      0x13c .\CortexM3\ARM_GCC_473\Debug\TransmitReadings_freeSoC.a(CySpc.o)
 .debug_frame   0x000029d4       0x38 c:/program files (x86)/cypress/psoc creator/3.0/psoc creator/import/gnu_cs/arm/4.7.3/bin/../lib/gcc/arm-none-eabi/4.7.3/../../../../arm-none-eabi/lib/armv7-m\libm.a(lib_a-s_atan.o)
 .debug_frame   0x00002a0c       0x20 c:/program files (x86)/cypress/psoc creator/3.0/psoc creator/import/gnu_cs/arm/4.7.3/bin/../lib/gcc/arm-none-eabi/4.7.3/../../../../arm-none-eabi/lib/armv7-m\libm.a(lib_a-s_fabs.o)
 .debug_frame   0x00002a2c       0x38 c:/program files (x86)/cypress/psoc creator/3.0/psoc creator/import/gnu_cs/arm/4.7.3/bin/../lib/gcc/arm-none-eabi/4.7.3/../../../../arm-none-eabi/lib/armv7-m\libm.a(lib_a-w_pow.o)
 .debug_frame   0x00002a64       0x38 c:/program files (x86)/cypress/psoc creator/3.0/psoc creator/import/gnu_cs/arm/4.7.3/bin/../lib/gcc/arm-none-eabi/4.7.3/../../../../arm-none-eabi/lib/armv7-m\libm.a(lib_a-e_pow.o)
 .debug_frame   0x00002a9c       0x34 c:/program files (x86)/cypress/psoc creator/3.0/psoc creator/import/gnu_cs/arm/4.7.3/bin/../lib/gcc/arm-none-eabi/4.7.3/../../../../arm-none-eabi/lib/armv7-m\libm.a(lib_a-e_sqrt.o)
 .debug_frame   0x00002ad0       0x20 c:/program files (x86)/cypress/psoc creator/3.0/psoc creator/import/gnu_cs/arm/4.7.3/bin/../lib/gcc/arm-none-eabi/4.7.3/../../../../arm-none-eabi/lib/armv7-m\libm.a(lib_a-s_finite.o)
 .debug_frame   0x00002af0       0x20 c:/program files (x86)/cypress/psoc creator/3.0/psoc creator/import/gnu_cs/arm/4.7.3/bin/../lib/gcc/arm-none-eabi/4.7.3/../../../../arm-none-eabi/lib/armv7-m\libm.a(lib_a-s_fpclassify.o)
 .debug_frame   0x00002b10       0x20 c:/program files (x86)/cypress/psoc creator/3.0/psoc creator/import/gnu_cs/arm/4.7.3/bin/../lib/gcc/arm-none-eabi/4.7.3/../../../../arm-none-eabi/lib/armv7-m\libm.a(lib_a-s_matherr.o)
 .debug_frame   0x00002b30       0x20 c:/program files (x86)/cypress/psoc creator/3.0/psoc creator/import/gnu_cs/arm/4.7.3/bin/../lib/gcc/arm-none-eabi/4.7.3/../../../../arm-none-eabi/lib/armv7-m\libm.a(lib_a-s_nan.o)
 .debug_frame   0x00002b50       0x34 c:/program files (x86)/cypress/psoc creator/3.0/psoc creator/import/gnu_cs/arm/4.7.3/bin/../lib/gcc/arm-none-eabi/4.7.3/../../../../arm-none-eabi/lib/armv7-m\libm.a(lib_a-s_rint.o)
 .debug_frame   0x00002b84       0x30 c:/program files (x86)/cypress/psoc creator/3.0/psoc creator/import/gnu_cs/arm/4.7.3/bin/../lib/gcc/arm-none-eabi/4.7.3/../../../../arm-none-eabi/lib/armv7-m\libm.a(lib_a-s_scalbn.o)
 .debug_frame   0x00002bb4       0x28 c:/program files (x86)/cypress/psoc creator/3.0/psoc creator/import/gnu_cs/arm/4.7.3/bin/../lib/gcc/arm-none-eabi/4.7.3/../../../../arm-none-eabi/lib/armv7-m\libm.a(lib_a-s_copysign.o)
 .debug_frame   0x00002bdc       0x28 c:/program files (x86)/cypress/psoc creator/3.0/psoc creator/import/gnu_cs/arm/4.7.3/bin/../lib/gcc/arm-none-eabi/4.7.3/../../../../arm-none-eabi/lib/armv7-m\libc_s.a(lib_a-__atexit2.o)
 .debug_frame   0x00002c04       0x20 c:/program files (x86)/cypress/psoc creator/3.0/psoc creator/import/gnu_cs/arm/4.7.3/bin/../lib/gcc/arm-none-eabi/4.7.3/../../../../arm-none-eabi/lib/armv7-m\libc_s.a(lib_a-atof.o)
 .debug_frame   0x00002c24       0x30 c:/program files (x86)/cypress/psoc creator/3.0/psoc creator/import/gnu_cs/arm/4.7.3/bin/../lib/gcc/arm-none-eabi/4.7.3/../../../../arm-none-eabi/lib/armv7-m\libc_s.a(lib_a-atoi.o)
 .debug_frame   0x00002c54       0x20 c:/program files (x86)/cypress/psoc creator/3.0/psoc creator/import/gnu_cs/arm/4.7.3/bin/../lib/gcc/arm-none-eabi/4.7.3/../../../../arm-none-eabi/lib/armv7-m\libc_s.a(lib_a-errno.o)
 .debug_frame   0x00002c74       0x28 c:/program files (x86)/cypress/psoc creator/3.0/psoc creator/import/gnu_cs/arm/4.7.3/bin/../lib/gcc/arm-none-eabi/4.7.3/../../../../arm-none-eabi/lib/armv7-m\libc_s.a(lib_a-exit.o)
 .debug_frame   0x00002c9c       0x2c c:/program files (x86)/cypress/psoc creator/3.0/psoc creator/import/gnu_cs/arm/4.7.3/bin/../lib/gcc/arm-none-eabi/4.7.3/../../../../arm-none-eabi/lib/armv7-m\libc_s.a(lib_a-fini.o)
 .debug_frame   0x00002cc8       0x2c c:/program files (x86)/cypress/psoc creator/3.0/psoc creator/import/gnu_cs/arm/4.7.3/bin/../lib/gcc/arm-none-eabi/4.7.3/../../../../arm-none-eabi/lib/armv7-m\libc_s.a(lib_a-init.o)
 .debug_frame   0x00002cf4       0x28 c:/program files (x86)/cypress/psoc creator/3.0/psoc creator/import/gnu_cs/arm/4.7.3/bin/../lib/gcc/arm-none-eabi/4.7.3/../../../../arm-none-eabi/lib/armv7-m\libc_s.a(lib_a-memcpy.o)
 .debug_frame   0x00002d1c       0x20 c:/program files (x86)/cypress/psoc creator/3.0/psoc creator/import/gnu_cs/arm/4.7.3/bin/../lib/gcc/arm-none-eabi/4.7.3/../../../../arm-none-eabi/lib/armv7-m\libc_s.a(lib_a-memset.o)
 .debug_frame   0x00002d3c       0x60 c:/program files (x86)/cypress/psoc creator/3.0/psoc creator/import/gnu_cs/arm/4.7.3/bin/../lib/gcc/arm-none-eabi/4.7.3/../../../../arm-none-eabi/lib/armv7-m\libc_s.a(lib_a-sscanf.o)
 .debug_frame   0x00002d9c       0x80 c:/program files (x86)/cypress/psoc creator/3.0/psoc creator/import/gnu_cs/arm/4.7.3/bin/../lib/gcc/arm-none-eabi/4.7.3/../../../../arm-none-eabi/lib/armv7-m\libc_s.a(lib_a-stdio.o)
 .debug_frame   0x00002e1c       0x20 c:/program files (x86)/cypress/psoc creator/3.0/psoc creator/import/gnu_cs/arm/4.7.3/bin/../lib/gcc/arm-none-eabi/4.7.3/../../../../arm-none-eabi/lib/armv7-m\libc_s.a(lib_a-strlen.o)
 .debug_frame   0x00002e3c       0x84 c:/program files (x86)/cypress/psoc creator/3.0/psoc creator/import/gnu_cs/arm/4.7.3/bin/../lib/gcc/arm-none-eabi/4.7.3/../../../../arm-none-eabi/lib/armv7-m\libc_s.a(lib_a-strtod.o)
 .debug_frame   0x00002ec0       0x58 c:/program files (x86)/cypress/psoc creator/3.0/psoc creator/import/gnu_cs/arm/4.7.3/bin/../lib/gcc/arm-none-eabi/4.7.3/../../../../arm-none-eabi/lib/armv7-m\libc_s.a(lib_a-strtol.o)
 .debug_frame   0x00002f18       0x68 c:/program files (x86)/cypress/psoc creator/3.0/psoc creator/import/gnu_cs/arm/4.7.3/bin/../lib/gcc/arm-none-eabi/4.7.3/../../../../arm-none-eabi/lib/armv7-m\libc_s.a(lib_a-svfscanf.o)
 .debug_frame   0x00002f80       0x5c c:/program files (x86)/cypress/psoc creator/3.0/psoc creator/import/gnu_cs/arm/4.7.3/bin/../lib/gcc/arm-none-eabi/4.7.3/../../../../arm-none-eabi/lib/armv7-m\libc_s.a(lib_a-ungetc.o)