Archive member included because of file (symbol)

.\CortexM3\ARM_GCC_473\Debug\TransmitReadings_freeSoC.a(cyfitter_cfg.o)
                              .\CortexM3\ARM_GCC_473\Debug\Cm3Start.o (cyfitter_cfg)
.\CortexM3\ARM_GCC_473\Debug\TransmitReadings_freeSoC.a(CyBootAsmGnu.o)
                              .\CortexM3\ARM_GCC_473\Debug\TransmitReadings_freeSoC.a(cyfitter_cfg.o) (CyDelayCycles)
.\CortexM3\ARM_GCC_473\Debug\TransmitReadings_freeSoC.a(CyLib.o)
                              .\CortexM3\ARM_GCC_473\Debug\Cm3Start.o (CyResetStatus)
.\CortexM3\ARM_GCC_473\Debug\TransmitReadings_freeSoC.a(cyPm.o)
                              .\CortexM3\ARM_GCC_473\Debug\TransmitReadings_freeSoC.a(CyLib.o) (CyPmReadStatus)
.\CortexM3\ARM_GCC_473\Debug\TransmitReadings_freeSoC.a(psoc.o)
                              .\CortexM3\ARM_GCC_473\Debug\main.o (psoc_Start)
.\CortexM3\ARM_GCC_473\Debug\TransmitReadings_freeSoC.a(psoc_INT.o)
                              .\CortexM3\ARM_GCC_473\Debug\TransmitReadings_freeSoC.a(psoc.o) (psoc_ISR)
.\CortexM3\ARM_GCC_473\Debug\TransmitReadings_freeSoC.a(psoc_MASTER.o)
                              .\CortexM3\ARM_GCC_473\Debug\TransmitReadings_freeSoC.a(psoc_INT.o) (psoc_mstrStatus)
.\CortexM3\ARM_GCC_473\Debug\TransmitReadings_freeSoC.a(UART_Wind.o)
                              .\CortexM3\ARM_GCC_473\Debug\main.o (UART_Wind_Start)
.\CortexM3\ARM_GCC_473\Debug\TransmitReadings_freeSoC.a(isr_Wind.o)
                              .\CortexM3\ARM_GCC_473\Debug\main.o (isr_Wind_StartEx)
.\CortexM3\ARM_GCC_473\Debug\TransmitReadings_freeSoC.a(UART_SBD.o)
                              .\CortexM3\ARM_GCC_473\Debug\main.o (UART_SBD_Start)
.\CortexM3\ARM_GCC_473\Debug\TransmitReadings_freeSoC.a(SBD_reply.o)
                              .\CortexM3\ARM_GCC_473\Debug\main.o (SBD_reply_Start)
.\CortexM3\ARM_GCC_473\Debug\TransmitReadings_freeSoC.a(UART_Wind_IntClock.o)
                              .\CortexM3\ARM_GCC_473\Debug\TransmitReadings_freeSoC.a(UART_Wind.o) (UART_Wind_IntClock_Start)
.\CortexM3\ARM_GCC_473\Debug\TransmitReadings_freeSoC.a(UART_SBD_IntClock.o)
                              .\CortexM3\ARM_GCC_473\Debug\TransmitReadings_freeSoC.a(UART_SBD.o) (UART_SBD_IntClock_Start)
.\CortexM3\ARM_GCC_473\Debug\TransmitReadings_freeSoC.a(master.o)
                              .\CortexM3\ARM_GCC_473\Debug\main.o (master_Start)
.\CortexM3\ARM_GCC_473\Debug\TransmitReadings_freeSoC.a(clock.o)
                              .\CortexM3\ARM_GCC_473\Debug\main.o (clock_Start)
.\CortexM3\ARM_GCC_473\Debug\TransmitReadings_freeSoC.a(ADC.o)
                              .\CortexM3\ARM_GCC_473\Debug\main.o (ADC_Start)
.\CortexM3\ARM_GCC_473\Debug\TransmitReadings_freeSoC.a(ADC_INT.o)
                              .\CortexM3\ARM_GCC_473\Debug\TransmitReadings_freeSoC.a(ADC.o) (ADC_ISR)
.\CortexM3\ARM_GCC_473\Debug\TransmitReadings_freeSoC.a(ADC_theACLK.o)
                              .\CortexM3\ARM_GCC_473\Debug\TransmitReadings_freeSoC.a(ADC.o) (ADC_theACLK_SetModeRegister)
.\CortexM3\ARM_GCC_473\Debug\TransmitReadings_freeSoC.a(Timer.o)
                              .\CortexM3\ARM_GCC_473\Debug\main.o (Timer_Start)
.\CortexM3\ARM_GCC_473\Debug\TransmitReadings_freeSoC.a(timer_clock.o)
                              .\CortexM3\ARM_GCC_473\Debug\main.o (timer_clock_Start)
.\CortexM3\ARM_GCC_473\Debug\TransmitReadings_freeSoC.a(timeout_isr.o)
                              .\CortexM3\ARM_GCC_473\Debug\main.o (timeout_isr_StartEx)
.\CortexM3\ARM_GCC_473\Debug\TransmitReadings_freeSoC.a(CyFlash.o)
                              .\CortexM3\ARM_GCC_473\Debug\TransmitReadings_freeSoC.a(cyPm.o) (CyFlash_SetWaitCycles)
.\CortexM3\ARM_GCC_473\Debug\TransmitReadings_freeSoC.a(CySpc.o)
                              .\CortexM3\ARM_GCC_473\Debug\TransmitReadings_freeSoC.a(CyFlash.o) (CySpcStart)
c:/program files (x86)/cypress/psoc creator/3.0/psoc creator/import/gnu_cs/arm/4.7.3/bin/../lib/gcc/arm-none-eabi/4.7.3/../../../../arm-none-eabi/lib/armv7-m\libm.a(lib_a-s_atan.o)
                              .\CortexM3\ARM_GCC_473\Debug\magnetometer.o (atan)
c:/program files (x86)/cypress/psoc creator/3.0/psoc creator/import/gnu_cs/arm/4.7.3/bin/../lib/gcc/arm-none-eabi/4.7.3/../../../../arm-none-eabi/lib/armv7-m\libm.a(lib_a-s_fabs.o)
                              c:/program files (x86)/cypress/psoc creator/3.0/psoc creator/import/gnu_cs/arm/4.7.3/bin/../lib/gcc/arm-none-eabi/4.7.3/../../../../arm-none-eabi/lib/armv7-m\libm.a(lib_a-s_atan.o) (fabs)
c:/program files (x86)/cypress/psoc creator/3.0/psoc creator/import/gnu_cs/arm/4.7.3/bin/../lib/gcc/arm-none-eabi/4.7.3/../../../../arm-none-eabi/lib/armv7-m\libm.a(lib_a-w_pow.o)
                              .\CortexM3\ARM_GCC_473\Debug\thermocouple.o (pow)
c:/program files (x86)/cypress/psoc creator/3.0/psoc creator/import/gnu_cs/arm/4.7.3/bin/../lib/gcc/arm-none-eabi/4.7.3/../../../../arm-none-eabi/lib/armv7-m\libm.a(lib_a-e_pow.o)
[...]
Memory Configuration

Name             Origin             Length             Attributes
rom              0x00000000         0x00040000         xr
ram              0x1fff8000         0x00010000         xrw
*default*        0x00000000         0xffffffff

Linker script and memory map

LOAD c:/program files (x86)/cypress/psoc creator/3.0/psoc creator/import/gnu_cs/arm/4.7.3/bin/../lib/gcc/arm-none-eabi/4.7.3/armv7-m/crti.o
LOAD c:/program files (x86)/cypress/psoc creator/3.0/psoc creator/import/gnu_cs/arm/4.7.3/bin/../lib/gcc/arm-none-eabi/4.7.3/armv7-m/crtbegin.o
LOAD c:/program files (x86)/cypress/psoc creator/3.0/psoc creator/import/gnu_cs/arm/4.7.3/bin/../lib/gcc/arm-none-eabi/4.7.3/../../../../arm-none-eabi/lib/armv7-m/crt0.o
START GROUP
LOAD .\CortexM3\ARM_GCC_473\Debug\main.o
LOAD .\CortexM3\ARM_GCC_473\Debug\magnetometer.o
LOAD .\CortexM3\ARM_GCC_473\Debug\thermocouple.o
LOAD .\CortexM3\ARM_GCC_473\Debug\Batteryvoltage.o
LOAD .\CortexM3\ARM_GCC_473\Debug\RH.o
LOAD .\CortexM3\ARM_GCC_473\Debug\cymetadata.o
LOAD .\CortexM3\ARM_GCC_473\Debug\Cm3Start.o
LOAD .\CortexM3\ARM_GCC_473\Debug\TransmitReadings_freeSoC.a
LOAD C:\Program Files (x86)\Cypress\PSoC Creator\3.0\PSoC Creator\psoc\content\cycomponentlibrary\CyComponentLibrary.cylib\CortexM3\ARM_GCC_473\Debug\CyComponentLibrary.a
LOAD c:/program files (x86)/cypress/psoc creator/3.0/psoc creator/import/gnu_cs/arm/4.7.3/bin/../lib/gcc/arm-none-eabi/4.7.3/../../../../arm-none-eabi/lib/armv7-m\libm.a
END GROUP
START GROUP
LOAD c:/program files (x86)/cypress/psoc creator/3.0/psoc creator/import/gnu_cs/arm/4.7.3/bin/../lib/gcc/arm-none-eabi/4.7.3/armv7-m\libgcc.a
LOAD c:/program files (x86)/cypress/psoc creator/3.0/psoc creator/import/gnu_cs/arm/4.7.3/bin/../lib/gcc/arm-none-eabi/4.7.3/../../../../arm-none-eabi/lib/armv7-m\libc_s.a
END GROUP
LOAD c:/program files (x86)/cypress/psoc creator/3.0/psoc creator/import/gnu_cs/arm/4.7.3/bin/../lib/gcc/arm-none-eabi/4.7.3/armv7-m/crtend.o
LOAD c:/program files (x86)/cypress/psoc creator/3.0/psoc creator/import/gnu_cs/arm/4.7.3/bin/../lib/gcc/arm-none-eabi/4.7.3/armv7-m/crtn.o
START GROUP
LOAD c:/program files (x86)/cypress/psoc creator/3.0/psoc creator/import/gnu_cs/arm/4.7.3/bin/../lib/gcc/arm-none-eabi/4.7.3/armv7-m\libgcc.a
LOAD c:/program files (x86)/cypress/psoc creator/3.0/psoc creator/import/gnu_cs/arm/4.7.3/bin/../lib/gcc/arm-none-eabi/4.7.3/../../../../arm-none-eabi/lib/armv7-m\libc.a
LOAD c:/program files (x86)/cypress/psoc creator/3.0/psoc creator/import/gnu_cs/arm/4.7.3/bin/../lib/gcc/arm-none-eabi/4.7.3/../../../../arm-none-eabi/lib/armv7-m\libnosys.a
END GROUP
                0x00000000                CY_APPL_ORIGIN = 0x0
                0x00000100                CY_FLASH_ROW_SIZE = 0x100
                0x00000020                CY_ECC_ROW_SIZE = 0x20
                0x00000000                CY_EE_IN_BTLDR = 0x0
                0x00000000                CY_APPL_LOADABLE = 0x0
                0x00000800                CY_EE_SIZE = 0x800
                0x00000001                CY_APPL_NUM = 0x1
                0x00000001                CY_APPL_MAX = 0x1
                0x00000040                CY_METADATA_SIZE = 0x40
                0x1fff8558                PROVIDE (__cy_heap_start, _end)
                0x00000001                PROVIDE (__cy_region_num, ((__cy_regions_end - __cy_regions) / 0x10))
                0x20008000                PROVIDE (__cy_stack, (ORIGIN (ram) + 0x10000))
                0x20004000                PROVIDE (__cy_heap_end, (__cy_stack - 0x4000))

.cybootloader   0x00000000        0x0
 *(.cybootloader)
                0x00000000                appl1_start = CY_APPL_ORIGIN?CY_APPL_ORIGIN:ALIGN (CY_FLASH_ROW_SIZE)
                0x0001ff00                appl2_start = (appl1_start + ALIGN ((((0x40000 - appl1_start) - (0x2 * CY_FLASH_ROW_SIZE)) / 0x2), CY_FLASH_ROW_SIZE))
                0x00000000                appl_start = (CY_APPL_NUM == 0x1)?appl1_start:appl2_start
                0x00000000                ecc_offset = ((appl_start / CY_FLASH_ROW_SIZE) * CY_ECC_ROW_SIZE)
                0x00000000                ee_offset = (CY_APPL_LOADABLE && ! (CY_EE_IN_BTLDR))?((CY_EE_SIZE / CY_APPL_MAX) * (CY_APPL_NUM - 0x1)):0x0
                0x00000800                ee_size = (CY_APPL_LOADABLE && ! (CY_EE_IN_BTLDR))?(CY_EE_SIZE / CY_APPL_MAX):CY_EE_SIZE
                0x00000000                PROVIDE (CY_ECC_OFFSET, ecc_offset)

.text           0x00000000     0x8d0c
 CREATE_OBJECT_SYMBOLS
                0x00000000                PROVIDE (__cy_interrupt_vector, RomVectors)
 *(.romvectors)
 .romvectors    0x00000000       0x10 .\CortexM3\ARM_GCC_473\Debug\Cm3Start.o
                0x00000000                RomVectors
                0x00000001                ASSERT ((. != __cy_interrupt_vector), No interrupt vector)
                0x00000001                ASSERT (CY_APPL_ORIGIN?(SIZEOF (.cybootloader) <= CY_APPL_ORIGIN):0x1, Wrong image location)
                0x00000010                PROVIDE (__cy_reset, Reset)
 *(.text.Reset)
 .text.Reset    0x00000010       0x1c .\CortexM3\ARM_GCC_473\Debug\Cm3Start.o
                0x00000010                Reset
                0x00000001                ASSERT ((. != __cy_reset), No reset code)
 *(.dma_init)
                0x00000001                ASSERT ((((appl_start + .) <= 0x10000) || 0x1), DMA Init must be within the first 64k of flash)
 *(.text .text.* .gnu.linkonce.t.*)
 .text          0x0000002c       0x54 c:/program files (x86)/cypress/psoc creator/3.0/psoc creator/import/gnu_cs/arm/4.7.3/bin/../lib/gcc/arm-none-eabi/4.7.3/armv7-m/crtbegin.o
 .text.main     0x00000080       0xf4 .\CortexM3\ARM_GCC_473\Debug\main.o
                0x00000080                main
 .text.windprocessPacket
                0x00000174      0x7d4 .\CortexM3\ARM_GCC_473\Debug\main.o
                0x00000174                windprocessPacket
 .text.clearPacketSBD
                0x00000948       0x28 .\CortexM3\ARM_GCC_473\Debug\main.o
                0x00000948                clearPacketSBD
 .text.clearPacketwind
                0x00000970       0x28 .\CortexM3\ARM_GCC_473\Debug\main.o
                0x00000970                clearPacketwind
 .text.IntWind  0x00000998       0x64 .\CortexM3\ARM_GCC_473\Debug\main.o
                0x00000998                IntWind
 .text.SBD_int  0x000009fc       0x80 .\CortexM3\ARM_GCC_473\Debug\main.o
                0x000009fc                SBD_int
 .text.windtimer
                0x00000a7c       0x5c .\CortexM3\ARM_GCC_473\Debug\main.o
                0x00000a7c                windtimer
 .text.writeregister
                0x00000ad8       0x48 .\CortexM3\ARM_GCC_473\Debug\magnetometer.o
                0x00000ad8                writeregister
 .text.readregister
                0x00000b20       0x64 .\CortexM3\ARM_GCC_473\Debug\magnetometer.o
                0x00000b20                readregister
 .text.getmeasurement
                0x00000b84       0x44 .\CortexM3\ARM_GCC_473\Debug\magnetometer.o
                0x00000b84                getmeasurement
 .text.getheading
                0x00000bc8      0x130 .\CortexM3\ARM_GCC_473\Debug\magnetometer.o
                0x00000bc8                getheading
 .text.gettemperature
                0x00000cf8      0x154 .\CortexM3\ARM_GCC_473\Debug\thermocouple.o
                0x00000cf8                gettemperature
 .text.getvoltage
                0x00000e4c       0x6c .\CortexM3\ARM_GCC_473\Debug\Batteryvoltage.o
                0x00000e4c                getvoltage
 .text.GetSensirionValue
                0x00000eb8       0x78 .\CortexM3\ARM_GCC_473\Debug\RH.o
                0x00000eb8                GetSensirionValue
 .text.TakeTempRHReading
                0x00000f30      0x100 .\CortexM3\ARM_GCC_473\Debug\RH.o
                0x00000f30                TakeTempRHReading
 .text.IntDefaultHandler
                0x00001030        0x8 .\CortexM3\ARM_GCC_473\Debug\Cm3Start.o
                0x00001030                IntDefaultHandler
 .text.Start_c  0x00001038       0xcc .\CortexM3\ARM_GCC_473\Debug\Cm3Start.o
                0x00001038                Start_c
 .text.initialize_psoc
                0x00001104       0xb4 .\CortexM3\ARM_GCC_473\Debug\Cm3Start.o
                0x00001104                initialize_psoc
 .text.CYMEMZERO
                0x000011b8       0x20 .\CortexM3\ARM_GCC_473\Debug\TransmitReadings_freeSoC.a(cyfitter_cfg.o)
 .text.CYCONFIGCPY
                0x000011d8       0x20 .\CortexM3\ARM_GCC_473\Debug\TransmitReadings_freeSoC.a(cyfitter_cfg.o)
 .text.CyClockStartupError
                0x000011f8        0xc .\CortexM3\ARM_GCC_473\Debug\TransmitReadings_freeSoC.a(cyfitter_cfg.o)
 .text.cfg_write_bytes32
                0x00001204       0x84 .\CortexM3\ARM_GCC_473\Debug\TransmitReadings_freeSoC.a(cyfitter_cfg.o)
 .text.ClockSetup
                0x00001288      0x21c .\CortexM3\ARM_GCC_473\Debug\TransmitReadings_freeSoC.a(cyfitter_cfg.o)
 .text.AnalogSetDefault
                0x000014a4       0xdc .\CortexM3\ARM_GCC_473\Debug\TransmitReadings_freeSoC.a(cyfitter_cfg.o)
 .text.cyfitter_cfg
                0x00001580      0x1f4 .\CortexM3\ARM_GCC_473\Debug\TransmitReadings_freeSoC.a(cyfitter_cfg.o)
                0x00001580                cyfitter_cfg
 *fill*         0x00001774        0x4 00
 .text          0x00001778       0x28 .\CortexM3\ARM_GCC_473\Debug\TransmitReadings_freeSoC.a(CyBootAsmGnu.o)
                0x00001778                CyDelayCycles
                0x0000178c                CyEnterCriticalSection
                0x00001794                CyExitCriticalSection
 .text.CyHalt   0x000017a0       0x18 .\CortexM3\ARM_GCC_473\Debug\TransmitReadings_freeSoC.a(CyLib.o)
                0x000017a0                CyHalt
 .text.CyDelay  0x000017b8       0x48 .\CortexM3\ARM_GCC_473\Debug\TransmitReadings_freeSoC.a(CyLib.o)
                0x000017b8                CyDelay
 .text.CyDelayUs
                0x00001800       0x28 .\CortexM3\ARM_GCC_473\Debug\TransmitReadings_freeSoC.a(CyLib.o)
                0x00001800                CyDelayUs
 .text.CyIntSetVector
                0x00001828       0x60 .\CortexM3\ARM_GCC_473\Debug\TransmitReadings_freeSoC.a(CyLib.o)
                0x00001828                CyIntSetVector
 .text.CyIntSetPriority
                0x00001888       0x4c .\CortexM3\ARM_GCC_473\Debug\TransmitReadings_freeSoC.a(CyLib.o)
                0x00001888                CyIntSetPriority
 .text.psoc_Init
                0x000018d4       0xb8 .\CortexM3\ARM_GCC_473\Debug\TransmitReadings_freeSoC.a(psoc.o)
                0x000018d4                psoc_Init
 .text.psoc_Enable
                0x0000198c       0x28 .\CortexM3\ARM_GCC_473\Debug\TransmitReadings_freeSoC.a(psoc.o)
                0x0000198c                psoc_Enable
 .text.psoc_Start
                0x000019b4       0x38 .\CortexM3\ARM_GCC_473\Debug\TransmitReadings_freeSoC.a(psoc.o)
                0x000019b4                psoc_Start
 .text.psoc_ISR
                0x000019ec      0x5e0 .\CortexM3\ARM_GCC_473\Debug\TransmitReadings_freeSoC.a(psoc_INT.o)
                0x000019ec                psoc_ISR
 .text.psoc_MasterWriteBuf
                0x00001fcc      0x168 .\CortexM3\ARM_GCC_473\Debug\TransmitReadings_freeSoC.a(psoc_MASTER.o)
                0x00001fcc                psoc_MasterWriteBuf
 .text.psoc_MasterReadBuf
                0x00002134      0x16c .\CortexM3\ARM_GCC_473\Debug\TransmitReadings_freeSoC.a(psoc_MASTER.o)
                0x00002134                psoc_MasterReadBuf
 .text.psoc_MasterSendStart
                0x000022a0      0x100 .\CortexM3\ARM_GCC_473\Debug\TransmitReadings_freeSoC.a(psoc_MASTER.o)
                0x000022a0                psoc_MasterSendStart
 .text.psoc_MasterSendStop
                0x000023a0       0x88 .\CortexM3\ARM_GCC_473\Debug\TransmitReadings_freeSoC.a(psoc_MASTER.o)
                0x000023a0                psoc_MasterSendStop
 .text.psoc_MasterWriteByte
                0x00002428       0xd0 .\CortexM3\ARM_GCC_473\Debug\TransmitReadings_freeSoC.a(psoc_MASTER.o)
                0x00002428                psoc_MasterWriteByte
 .text.psoc_MasterReadByte
                0x000024f8       0xe8 .\CortexM3\ARM_GCC_473\Debug\TransmitReadings_freeSoC.a(psoc_MASTER.o)
                0x000024f8                psoc_MasterReadByte
 .text.psoc_MasterStatus
                0x000025e0       0x40 .\CortexM3\ARM_GCC_473\Debug\TransmitReadings_freeSoC.a(psoc_MASTER.o)
                0x000025e0                psoc_MasterStatus
 .text.psoc_MasterClearStatus
                0x00002620       0x30 .\CortexM3\ARM_GCC_473\Debug\TransmitReadings_freeSoC.a(psoc_MASTER.o)
                0x00002620                psoc_MasterClearStatus
 .text.psoc_MasterClearReadBuf
                0x00002650       0x34 .\CortexM3\ARM_GCC_473\Debug\TransmitReadings_freeSoC.a(psoc_MASTER.o)
                0x00002650                psoc_MasterClearReadBuf
 .text.psoc_MasterClearWriteBuf
                0x00002684       0x34 .\CortexM3\ARM_GCC_473\Debug\TransmitReadings_freeSoC.a(psoc_MASTER.o)
                0x00002684                psoc_MasterClearWriteBuf
 .text.psoc_Workaround
                0x000026b8        0xc .\CortexM3\ARM_GCC_473\Debug\TransmitReadings_freeSoC.a(psoc_MASTER.o)
                0x000026b8                psoc_Workaround
 .text.UART_Wind_Start
                0x000026c4       0x2c .\CortexM3\ARM_GCC_473\Debug\TransmitReadings_freeSoC.a(UART_Wind.o)
                0x000026c4                UART_Wind_Start
 .text.UART_Wind_Init
                0x000026f0       0x50 .\CortexM3\ARM_GCC_473\Debug\TransmitReadings_freeSoC.a(UART_Wind.o)
                0x000026f0                UART_Wind_Init
 .text.UART_Wind_Enable
                0x00002740       0x78 .\CortexM3\ARM_GCC_473\Debug\TransmitReadings_freeSoC.a(UART_Wind.o)
                0x00002740                UART_Wind_Enable
 .text.UART_Wind_GetChar
                0x000027b8       0x4c .\CortexM3\ARM_GCC_473\Debug\TransmitReadings_freeSoC.a(UART_Wind.o)
                0x000027b8                UART_Wind_GetChar
 .text.UART_Wind_PutChar
                0x00002804       0x38 .\CortexM3\ARM_GCC_473\Debug\TransmitReadings_freeSoC.a(UART_Wind.o)
                0x00002804                UART_Wind_PutChar
 .text.UART_Wind_PutString
                0x0000283c       0x48 .\CortexM3\ARM_GCC_473\Debug\TransmitReadings_freeSoC.a(UART_Wind.o)
                0x0000283c                UART_Wind_PutString
 .text.isr_Wind_StartEx
                0x00002884       0x28 .\CortexM3\ARM_GCC_473\Debug\TransmitReadings_freeSoC.a(isr_Wind.o)
                0x00002884                isr_Wind_StartEx
 .text.isr_Wind_SetVector
                0x000028ac       0x28 .\CortexM3\ARM_GCC_473\Debug\TransmitReadings_freeSoC.a(isr_Wind.o)
                0x000028ac                isr_Wind_SetVector
 .text.isr_Wind_SetPriority
                0x000028d4       0x28 .\CortexM3\ARM_GCC_473\Debug\TransmitReadings_freeSoC.a(isr_Wind.o)
                0x000028d4                isr_Wind_SetPriority
 .text.isr_Wind_Enable
                0x000028fc       0x18 .\CortexM3\ARM_GCC_473\Debug\TransmitReadings_freeSoC.a(isr_Wind.o)
                0x000028fc                isr_Wind_Enable
 .text.isr_Wind_Disable
                0x00002914       0x18 .\CortexM3\ARM_GCC_473\Debug\TransmitReadings_freeSoC.a(isr_Wind.o)
                0x00002914                isr_Wind_Disable
 .text.UART_SBD_Start
                0x0000292c       0x2c .\CortexM3\ARM_GCC_473\Debug\TransmitReadings_freeSoC.a(UART_SBD.o)
                0x0000292c                UART_SBD_Start
 .text.UART_SBD_Init
                0x00002958       0x50 .\CortexM3\ARM_GCC_473\Debug\TransmitReadings_freeSoC.a(UART_SBD.o)
                0x00002958                UART_SBD_Init
 .text.UART_SBD_Enable
                0x000029a8       0x78 .\CortexM3\ARM_GCC_473\Debug\TransmitReadings_freeSoC.a(UART_SBD.o)
                0x000029a8                UART_SBD_Enable
 .text.UART_SBD_GetChar
                0x00002a20       0x4c .\CortexM3\ARM_GCC_473\Debug\TransmitReadings_freeSoC.a(UART_SBD.o)
                0x00002a20                UART_SBD_GetChar
 .text.UART_SBD_PutChar
                0x00002a6c       0x38 .\CortexM3\ARM_GCC_473\Debug\TransmitReadings_freeSoC.a(UART_SBD.o)
                0x00002a6c                UART_SBD_PutChar
 .text.UART_SBD_PutString
                0x00002aa4       0x48 .\CortexM3\ARM_GCC_473\Debug\TransmitReadings_freeSoC.a(UART_SBD.o)
                0x00002aa4                UART_SBD_PutString
 .text.UART_SBD_PutArray
                0x00002aec       0x48 .\CortexM3\ARM_GCC_473\Debug\TransmitReadings_freeSoC.a(UART_SBD.o)
                0x00002aec                UART_SBD_PutArray
 .text.SBD_reply_Start
                0x00002b34       0x24 .\CortexM3\ARM_GCC_473\Debug\TransmitReadings_freeSoC.a(SBD_reply.o)
                0x00002b34                SBD_reply_Start
 .text.SBD_reply_StartEx
                0x00002b58       0x28 .\CortexM3\ARM_GCC_473\Debug\TransmitReadings_freeSoC.a(SBD_reply.o)
                0x00002b58                SBD_reply_StartEx
 .text.SBD_reply_Stop
                0x00002b80       0x18 .\CortexM3\ARM_GCC_473\Debug\TransmitReadings_freeSoC.a(SBD_reply.o)
                0x00002b80                SBD_reply_Stop
 .text.SBD_reply_Interrupt
                0x00002b98        0xc .\CortexM3\ARM_GCC_473\Debug\TransmitReadings_freeSoC.a(SBD_reply.o)
                0x00002b98                SBD_reply_Interrupt
 .text.SBD_reply_SetVector
                0x00002ba4       0x28 .\CortexM3\ARM_GCC_473\Debug\TransmitReadings_freeSoC.a(SBD_reply.o)
                0x00002ba4                SBD_reply_SetVector
 .text.SBD_reply_SetPriority
                0x00002bcc       0x28 .\CortexM3\ARM_GCC_473\Debug\TransmitReadings_freeSoC.a(SBD_reply.o)
                0x00002bcc                SBD_reply_SetPriority
 .text.SBD_reply_Enable
                0x00002bf4       0x18 .\CortexM3\ARM_GCC_473\Debug\TransmitReadings_freeSoC.a(SBD_reply.o)
                0x00002bf4                SBD_reply_Enable
 .text.SBD_reply_Disable
                0x00002c0c       0x18 .\CortexM3\ARM_GCC_473\Debug\TransmitReadings_freeSoC.a(SBD_reply.o)
                0x00002c0c                SBD_reply_Disable
 .text.UART_Wind_IntClock_Start
                0x00002c24       0x44 .\CortexM3\ARM_GCC_473\Debug\TransmitReadings_freeSoC.a(UART_Wind_IntClock.o)
                0x00002c24                UART_Wind_IntClock_Start
 .text.UART_SBD_IntClock_Start
                0x00002c68       0x44 .\CortexM3\ARM_GCC_473\Debug\TransmitReadings_freeSoC.a(UART_SBD_IntClock.o)
                0x00002c68                UART_SBD_IntClock_Start
 .text.master_Init
                0x00002cac       0x3c .\CortexM3\ARM_GCC_473\Debug\TransmitReadings_freeSoC.a(master.o)
                0x00002cac                master_Init
 .text.master_Enable
                0x00002ce8       0x7c .\CortexM3\ARM_GCC_473\Debug\TransmitReadings_freeSoC.a(master.o)
                0x00002ce8                master_Enable
 .text.master_Start
                0x00002d64       0x2c .\CortexM3\ARM_GCC_473\Debug\TransmitReadings_freeSoC.a(master.o)
                0x00002d64                master_Start
 .text.master_EnableTxInt
                0x00002d90        0xc .\CortexM3\ARM_GCC_473\Debug\TransmitReadings_freeSoC.a(master.o)
                0x00002d90                master_EnableTxInt
 .text.master_EnableRxInt
                0x00002d9c        0xc .\CortexM3\ARM_GCC_473\Debug\TransmitReadings_freeSoC.a(master.o)
                0x00002d9c                master_EnableRxInt
 .text.master_ReadTxStatus
                0x00002da8       0x20 .\CortexM3\ARM_GCC_473\Debug\TransmitReadings_freeSoC.a(master.o)
                0x00002da8                master_ReadTxStatus
 .text.master_ReadRxStatus
                0x00002dc8       0x20 .\CortexM3\ARM_GCC_473\Debug\TransmitReadings_freeSoC.a(master.o)
                0x00002dc8                master_ReadRxStatus
 .text.master_WriteTxData
                0x00002de8       0x38 .\CortexM3\ARM_GCC_473\Debug\TransmitReadings_freeSoC.a(master.o)
                0x00002de8                master_WriteTxData
 .text.master_ReadRxData
                0x00002e20       0x20 .\CortexM3\ARM_GCC_473\Debug\TransmitReadings_freeSoC.a(master.o)
                0x00002e20                master_ReadRxData
 .text.master_GetRxBufferSize
                0x00002e40       0x34 .\CortexM3\ARM_GCC_473\Debug\TransmitReadings_freeSoC.a(master.o)
                0x00002e40                master_GetRxBufferSize
 .text.master_ClearFIFO
                0x00002e74       0xb0 .\CortexM3\ARM_GCC_473\Debug\TransmitReadings_freeSoC.a(master.o)
                0x00002e74                master_ClearFIFO
 .text.clock_Start
                0x00002f24       0x44 .\CortexM3\ARM_GCC_473\Debug\TransmitReadings_freeSoC.a(clock.o)
                0x00002f24                clock_Start
 .text.ADC_Start
                0x00002f68       0x2c .\CortexM3\ARM_GCC_473\Debug\TransmitReadings_freeSoC.a(ADC.o)
                0x00002f68                ADC_Start
 .text.ADC_Init
                0x00002f94       0x5c .\CortexM3\ARM_GCC_473\Debug\TransmitReadings_freeSoC.a(ADC.o)
                0x00002f94                ADC_Init
 .text.ADC_Enable
                0x00002ff0      0x14c .\CortexM3\ARM_GCC_473\Debug\TransmitReadings_freeSoC.a(ADC.o)
                0x00002ff0                ADC_Enable
 .text.ADC_SetResolution
                0x0000313c       0x60 .\CortexM3\ARM_GCC_473\Debug\TransmitReadings_freeSoC.a(ADC.o)
                0x0000313c                ADC_SetResolution
 .text.ADC_StartConvert
                0x0000319c       0x28 .\CortexM3\ARM_GCC_473\Debug\TransmitReadings_freeSoC.a(ADC.o)
                0x0000319c                ADC_StartConvert
 .text.ADC_StopConvert
                0x000031c4       0x28 .\CortexM3\ARM_GCC_473\Debug\TransmitReadings_freeSoC.a(ADC.o)
                0x000031c4                ADC_StopConvert
 .text.ADC_IsEndConversion
                0x000031ec       0x4c .\CortexM3\ARM_GCC_473\Debug\TransmitReadings_freeSoC.a(ADC.o)
                0x000031ec                ADC_IsEndConversion
 .text.ADC_GetResult16
                0x00003238       0x38 .\CortexM3\ARM_GCC_473\Debug\TransmitReadings_freeSoC.a(ADC.o)
                0x00003238                ADC_GetResult16
 .text.ADC_CalcGain
                0x00003270       0x8c .\CortexM3\ARM_GCC_473\Debug\TransmitReadings_freeSoC.a(ADC.o)
 .text.ADC_CountsTo_Volts
                0x000032fc       0x98 .\CortexM3\ARM_GCC_473\Debug\TransmitReadings_freeSoC.a(ADC.o)
                0x000032fc                ADC_CountsTo_Volts
 .text.ADC_ISR  0x00003394        0xc .\CortexM3\ARM_GCC_473\Debug\TransmitReadings_freeSoC.a(ADC_INT.o)
                0x00003394                ADC_ISR
 .text.ADC_theACLK_SetModeRegister
                0x000033a0       0x3c .\CortexM3\ARM_GCC_473\Debug\TransmitReadings_freeSoC.a(ADC_theACLK.o)
                0x000033a0                ADC_theACLK_SetModeRegister
 .text.Timer_Init
                0x000033dc       0xe4 .\CortexM3\ARM_GCC_473\Debug\TransmitReadings_freeSoC.a(Timer.o)
                0x000033dc                Timer_Init
 .text.Timer_Enable
                0x000034c0       0x60 .\CortexM3\ARM_GCC_473\Debug\TransmitReadings_freeSoC.a(Timer.o)
                0x000034c0                Timer_Enable
 .text.Timer_Start
                0x00003520       0x2c .\CortexM3\ARM_GCC_473\Debug\TransmitReadings_freeSoC.a(Timer.o)
                0x00003520                Timer_Start
 .text.Timer_Stop
                0x0000354c       0x60 .\CortexM3\ARM_GCC_473\Debug\TransmitReadings_freeSoC.a(Timer.o)
                0x0000354c                Timer_Stop
 .text.Timer_SetInterruptMode
                0x000035ac       0x20 .\CortexM3\ARM_GCC_473\Debug\TransmitReadings_freeSoC.a(Timer.o)
                0x000035ac                Timer_SetInterruptMode
 .text.Timer_WritePeriod
                0x000035cc       0x24 .\CortexM3\ARM_GCC_473\Debug\TransmitReadings_freeSoC.a(Timer.o)
                0x000035cc                Timer_WritePeriod
 .text.Timer_WriteCounter
                0x000035f0       0x20 .\CortexM3\ARM_GCC_473\Debug\TransmitReadings_freeSoC.a(Timer.o)
                0x000035f0                Timer_WriteCounter
 .text.timer_clock_Start
                0x00003610       0x44 .\CortexM3\ARM_GCC_473\Debug\TransmitReadings_freeSoC.a(timer_clock.o)
                0x00003610                timer_clock_Start
 .text.timer_clock_Stop
                0x00003654       0x44 .\CortexM3\ARM_GCC_473\Debug\TransmitReadings_freeSoC.a(timer_clock.o)
                0x00003654                timer_clock_Stop
 .text.timeout_isr_StartEx
                0x00003698       0x28 .\CortexM3\ARM_GCC_473\Debug\TransmitReadings_freeSoC.a(timeout_isr.o)
                0x00003698                timeout_isr_StartEx
 .text.timeout_isr_Stop
                0x000036c0       0x18 .\CortexM3\ARM_GCC_473\Debug\TransmitReadings_freeSoC.a(timeout_isr.o)
                0x000036c0                timeout_isr_Stop
 .text.timeout_isr_SetVector
                0x000036d8       0x28 .\CortexM3\ARM_GCC_473\Debug\TransmitReadings_freeSoC.a(timeout_isr.o)
                0x000036d8                timeout_isr_SetVector
 .text.timeout_isr_SetPriority
                0x00003700       0x28 .\CortexM3\ARM_GCC_473\Debug\TransmitReadings_freeSoC.a(timeout_isr.o)
                0x00003700                timeout_isr_SetPriority
 .text.timeout_isr_Enable
                0x00003728       0x18 .\CortexM3\ARM_GCC_473\Debug\TransmitReadings_freeSoC.a(timeout_isr.o)
                0x00003728                timeout_isr_Enable
 .text.timeout_isr_Disable
                0x00003740       0x18 .\CortexM3\ARM_GCC_473\Debug\TransmitReadings_freeSoC.a(timeout_isr.o)
                0x00003740                timeout_isr_Disable
 .text.atan     0x00003758      0x368 c:/program files (x86)/cypress/psoc creator/3.0/psoc creator/import/gnu_cs/arm/4.7.3/bin/../lib/gcc/arm-none-eabi/4.7.3/../../../../arm-none-eabi/lib/armv7-m\libm.a(lib_a-s_atan.o)
                0x00003758                atan
 .text.fabs     0x00003ac0        0x8 c:/program files (x86)/cypress/psoc creator/3.0/psoc creator/import/gnu_cs/arm/4.7.3/bin/../lib/gcc/arm-none-eabi/4.7.3/../../../../arm-none-eabi/lib/armv7-m\libm.a(lib_a-s_fabs.o)
                0x00003ac0                fabs
 .text.pow      0x00003ac8      0x310 c:/program files (x86)/cypress/psoc creator/3.0/psoc creator/import/gnu_cs/arm/4.7.3/bin/../lib/gcc/arm-none-eabi/4.7.3/../../../../arm-none-eabi/lib/armv7-m\libm.a(lib_a-w_pow.o)
                0x00003ac8                pow
 .text.__ieee754_pow
                0x00003dd8      0xb00 c:/program files (x86)/cypress/psoc creator/3.0/psoc creator/import/gnu_cs/arm/4.7.3/bin/../lib/gcc/arm-none-eabi/4.7.3/../../../../arm-none-eabi/lib/armv7-m\libm.a(lib_a-e_pow.o)
                0x00003dd8                __ieee754_pow
 .text.__ieee754_sqrt
                0x000048d8      0x208 c:/program files (x86)/cypress/psoc creator/3.0/psoc creator/import/gnu_cs/arm/4.7.3/bin/../lib/gcc/arm-none-eabi/4.7.3/../../../../arm-none-eabi/lib/armv7-m\libm.a(lib_a-e_sqrt.o)
                0x000048d8                __ieee754_sqrt
 .text.finite   0x00004ae0        0xc c:/program files (x86)/cypress/psoc creator/3.0/psoc creator/import/gnu_cs/arm/4.7.3/bin/../lib/gcc/arm-none-eabi/4.7.3/../../../../arm-none-eabi/lib/armv7-m\libm.a(lib_a-s_finite.o)
                0x00004ae0                finite
 .text.__fpclassifyd
                0x00004aec       0x68 c:/program files (x86)/cypress/psoc creator/3.0/psoc creator/import/gnu_cs/arm/4.7.3/bin/../lib/gcc/arm-none-eabi/4.7.3/../../../../arm-none-eabi/lib/armv7-m\libm.a(lib_a-s_fpclassify.o)
                0x00004aec                __fpclassifyd
 .text.matherr  0x00004b54        0x4 c:/program files (x86)/cypress/psoc creator/3.0/psoc creator/import/gnu_cs/arm/4.7.3/bin/../lib/gcc/arm-none-eabi/4.7.3/../../../../arm-none-eabi/lib/armv7-m\libm.a(lib_a-s_matherr.o)
                0x00004b54                matherr
 .text.nan      0x00004b58        0xc c:/program files (x86)/cypress/psoc creator/3.0/psoc creator/import/gnu_cs/arm/4.7.3/bin/../lib/gcc/arm-none-eabi/4.7.3/../../../../arm-none-eabi/lib/armv7-m\libm.a(lib_a-s_nan.o)
                0x00004b58                nan
 .text.rint     0x00004b64      0x128 c:/program files (x86)/cypress/psoc creator/3.0/psoc creator/import/gnu_cs/arm/4.7.3/bin/../lib/gcc/arm-none-eabi/4.7.3/../../../../arm-none-eabi/lib/armv7-m\libm.a(lib_a-s_rint.o)
                0x00004b64                rint
 *fill*         0x00004c8c        0x4 00
 .text.scalbn   0x00004c90      0x108 c:/program files (x86)/cypress/psoc creator/3.0/psoc creator/import/gnu_cs/arm/4.7.3/bin/../lib/gcc/arm-none-eabi/4.7.3/../../../../arm-none-eabi/lib/armv7-m\libm.a(lib_a-s_scalbn.o)
                0x00004c90                scalbn
 .text.copysign
                0x00004d98       0x18 c:/program files (x86)/cypress/psoc creator/3.0/psoc creator/import/gnu_cs/arm/4.7.3/bin/../lib/gcc/arm-none-eabi/4.7.3/../../../../arm-none-eabi/lib/armv7-m\libm.a(lib_a-s_copysign.o)
                0x00004d98                copysign
 .text          0x00004db0      0x370 c:/program files (x86)/cypress/psoc creator/3.0/psoc creator/import/gnu_cs/arm/4.7.3/bin/../lib/gcc/arm-none-eabi/4.7.3/armv7-m\libgcc.a(_arm_addsubdf3.o)
                0x00004db0                __aeabi_drsub
                0x00004db8                __aeabi_dsub
                0x00004db8                __subdf3
                0x00004dbc                __aeabi_dadd
                0x00004dbc                __adddf3
                0x00005034                __floatunsidf
                0x00005034                __aeabi_ui2d
                0x00005054                __floatsidf
                0x00005054                __aeabi_i2d
                0x00005078                __aeabi_f2d
                0x00005078                __extendsfdf2
                0x000050b4                __floatundidf
                0x000050b4                __aeabi_ul2d
                0x000050c4                __floatdidf
                0x000050c4                __aeabi_l2d
 .text          0x00005120      0x424 c:/program files (x86)/cypress/psoc creator/3.0/psoc creator/import/gnu_cs/arm/4.7.3/bin/../lib/gcc/arm-none-eabi/4.7.3/armv7-m\libgcc.a(_arm_muldivdf3.o)
                0x00005120                __aeabi_dmul
                0x00005120                __muldf3
                0x00005374                __divdf3
                0x00005374                __aeabi_ddiv
 .text          0x00005544      0x110 c:/program files (x86)/cypress/psoc creator/3.0/psoc creator/import/gnu_cs/arm/4.7.3/bin/../lib/gcc/arm-none-eabi/4.7.3/armv7-m\libgcc.a(_arm_cmpdf2.o)
                0x00005544                __gtdf2
                0x00005544                __gedf2
                0x0000554c                __ltdf2
                0x0000554c                __ledf2
                0x00005554                __nedf2
                0x00005554                __eqdf2
                0x00005554                __cmpdf2
                0x000055d0                __aeabi_cdrcmple
                0x000055e0                __aeabi_cdcmpeq
                0x000055e0                __aeabi_cdcmple
                0x000055f0                __aeabi_dcmpeq
                0x00005604                __aeabi_dcmplt
                0x00005618                __aeabi_dcmple
                0x0000562c                __aeabi_dcmpge
                0x00005640                __aeabi_dcmpgt
 .text          0x00005654       0x50 c:/program files (x86)/cypress/psoc creator/3.0/psoc creator/import/gnu_cs/arm/4.7.3/bin/../lib/gcc/arm-none-eabi/4.7.3/armv7-m\libgcc.a(_arm_fixdfsi.o)
                0x00005654                __aeabi_d2iz
                0x00005654                __fixdfsi
 .text          0x000056a4       0x40 c:/program files (x86)/cypress/psoc creator/3.0/psoc creator/import/gnu_cs/arm/4.7.3/bin/../lib/gcc/arm-none-eabi/4.7.3/armv7-m\libgcc.a(_arm_fixunsdfsi.o)
                0x000056a4                __aeabi_d2uiz
                0x000056a4                __fixunsdfsi
 .text          0x000056e4       0xa0 c:/program files (x86)/cypress/psoc creator/3.0/psoc creator/import/gnu_cs/arm/4.7.3/bin/../lib/gcc/arm-none-eabi/4.7.3/armv7-m\libgcc.a(_arm_truncdfsf2.o)
                0x000056e4                __truncdfsf2
                0x000056e4                __aeabi_d2f
 .text          0x00005784      0x21c c:/program files (x86)/cypress/psoc creator/3.0/psoc creator/import/gnu_cs/arm/4.7.3/bin/../lib/gcc/arm-none-eabi/4.7.3/armv7-m\libgcc.a(_arm_addsubsf3.o)
                0x00005784                __aeabi_frsub
                0x0000578c                __subsf3
                0x0000578c                __aeabi_fsub
                0x00005790                __aeabi_fadd
                0x00005790                __addsf3
                0x000058f0                __aeabi_ui2f
                0x000058f0                __floatunsisf
                0x000058f8                __aeabi_i2f
                0x000058f8                __floatsisf
                0x00005914                __aeabi_ul2f
                0x00005914                __floatundisf
                0x00005924                __aeabi_l2f
                0x00005924                __floatdisf
 .text          0x000059a0      0x2a0 c:/program files (x86)/cypress/psoc creator/3.0/psoc creator/import/gnu_cs/arm/4.7.3/bin/../lib/gcc/arm-none-eabi/4.7.3/armv7-m\libgcc.a(_arm_muldivsf3.o)
                0x000059a0                __mulsf3
                0x000059a0                __aeabi_fmul
                0x00005b08                __aeabi_fdiv
                0x00005b08                __divsf3
 .text          0x00005c40       0x4c c:/program files (x86)/cypress/psoc creator/3.0/psoc creator/import/gnu_cs/arm/4.7.3/bin/../lib/gcc/arm-none-eabi/4.7.3/armv7-m\libgcc.a(_arm_fixsfsi.o)
                0x00005c40                __aeabi_f2iz
                0x00005c40                __fixsfsi
 .text          0x00005c8c       0x40 c:/program files (x86)/cypress/psoc creator/3.0/psoc creator/import/gnu_cs/arm/4.7.3/bin/../lib/gcc/arm-none-eabi/4.7.3/armv7-m\libgcc.a(_arm_fixunssfsi.o)
                0x00005c8c                __fixunssfsi
                0x00005c8c                __aeabi_f2uiz
 .text.atof     0x00005ccc        0x6 c:/program files (x86)/cypress/psoc creator/3.0/psoc creator/import/gnu_cs/arm/4.7.3/bin/../lib/gcc/arm-none-eabi/4.7.3/../../../../arm-none-eabi/lib/armv7-m\libc_s.a(lib_a-atof.o)
                0x00005ccc                atof
 .text.atoi     0x00005cd2        0x8 c:/program files (x86)/cypress/psoc creator/3.0/psoc creator/import/gnu_cs/arm/4.7.3/bin/../lib/gcc/arm-none-eabi/4.7.3/../../../../arm-none-eabi/lib/armv7-m\libc_s.a(lib_a-atoi.o)
                0x00005cd2                atoi
 *fill*         0x00005cda        0x2 00
 .text.__errno  0x00005cdc        0xc c:/program files (x86)/cypress/psoc creator/3.0/psoc creator/import/gnu_cs/arm/4.7.3/bin/../lib/gcc/arm-none-eabi/4.7.3/../../../../arm-none-eabi/lib/armv7-m\libc_s.a(lib_a-errno.o)
                0x00005cdc                __errno
 .text.__libc_init_array
                0x00005ce8       0x4c c:/program files (x86)/cypress/psoc creator/3.0/psoc creator/import/gnu_cs/arm/4.7.3/bin/../lib/gcc/arm-none-eabi/4.7.3/../../../../arm-none-eabi/lib/armv7-m\libc_s.a(lib_a-init.o)
                0x00005ce8                __libc_init_array
 .text.memcpy   0x00005d34       0x12 c:/program files (x86)/cypress/psoc creator/3.0/psoc creator/import/gnu_cs/arm/4.7.3/bin/../lib/gcc/arm-none-eabi/4.7.3/../../../../arm-none-eabi/lib/armv7-m\libc_s.a(lib_a-memcpy.o)
                0x00005d34                memcpy
 .text.memset   0x00005d46       0x10 c:/program files (x86)/cypress/psoc creator/3.0/psoc creator/import/gnu_cs/arm/4.7.3/bin/../lib/gcc/arm-none-eabi/4.7.3/../../../../arm-none-eabi/lib/armv7-m\libc_s.a(lib_a-memset.o)
                0x00005d46                memset
 *fill*         0x00005d56        0x2 00
 .text.sscanf   0x00005d58       0x54 c:/program files (x86)/cypress/psoc creator/3.0/psoc creator/import/gnu_cs/arm/4.7.3/bin/../lib/gcc/arm-none-eabi/4.7.3/../../../../arm-none-eabi/lib/armv7-m\libc_s.a(lib_a-sscanf.o)
                0x00005d58                siscanf
                0x00005d58                sscanf
 .text.__seofread
                0x00005dac        0x4 c:/program files (x86)/cypress/psoc creator/3.0/psoc creator/import/gnu_cs/arm/4.7.3/bin/../lib/gcc/arm-none-eabi/4.7.3/../../../../arm-none-eabi/lib/armv7-m\libc_s.a(lib_a-stdio.o)
                0x00005dac                __seofread
 .text.strchr   0x00005db0       0x1a c:/program files (x86)/cypress/psoc creator/3.0/psoc creator/import/gnu_cs/arm/4.7.3/bin/../lib/gcc/arm-none-eabi/4.7.3/../../../../arm-none-eabi/lib/armv7-m\libc_s.a(lib_a-strchr.o)
                0x00005db0                strchr
 .text.strlen   0x00005dca       0x10 c:/program files (x86)/cypress/psoc creator/3.0/psoc creator/import/gnu_cs/arm/4.7.3/bin/../lib/gcc/arm-none-eabi/4.7.3/../../../../arm-none-eabi/lib/armv7-m\libc_s.a(lib_a-strlen.o)
                0x00005dca                strlen
 .text.match    0x00005dda       0x2a c:/program files (x86)/cypress/psoc creator/3.0/psoc creator/import/gnu_cs/arm/4.7.3/bin/../lib/gcc/arm-none-eabi/4.7.3/../../../../arm-none-eabi/lib/armv7-m\libc_s.a(lib_a-strtod.o)
 *fill*         0x00005e04        0x4 00
 .text._strtod_r
                0x00005e08      0xb20 c:/program files (x86)/cypress/psoc creator/3.0/psoc creator/import/gnu_cs/arm/4.7.3/bin/../lib/gcc/arm-none-eabi/4.7.3/../../../../arm-none-eabi/lib/armv7-m\libc_s.a(lib_a-strtod.o)
                0x00005e08                _strtod_r
 .text.strtod   0x00006928       0x14 c:/program files (x86)/cypress/psoc creator/3.0/psoc creator/import/gnu_cs/arm/4.7.3/bin/../lib/gcc/arm-none-eabi/4.7.3/../../../../arm-none-eabi/lib/armv7-m\libc_s.a(lib_a-strtod.o)
                0x00006928                strtod
 .text._strtol_r
                0x0000693c      0x10c c:/program files (x86)/cypress/psoc creator/3.0/psoc creator/import/gnu_cs/arm/4.7.3/bin/../lib/gcc/arm-none-eabi/4.7.3/../../../../arm-none-eabi/lib/armv7-m\libc_s.a(lib_a-strtol.o)
                0x0000693c                _strtol_r
 .text.strtol   0x00006a48       0x1c c:/program files (x86)/cypress/psoc creator/3.0/psoc creator/import/gnu_cs/arm/4.7.3/bin/../lib/gcc/arm-none-eabi/4.7.3/../../../../arm-none-eabi/lib/armv7-m\libc_s.a(lib_a-strtol.o)
                0x00006a48                strtol
 .text._sungetc_r
                0x00006a64       0x7a c:/program files (x86)/cypress/psoc creator/3.0/psoc creator/import/gnu_cs/arm/4.7.3/bin/../lib/gcc/arm-none-eabi/4.7.3/../../../../arm-none-eabi/lib/armv7-m\libc_s.a(lib_a-svfscanf.o)
                0x00006a64                _sungetc_r
 .text.__ssrefill_r
                0x00006ade       0x3a c:/program files (x86)/cypress/psoc creator/3.0/psoc creator/import/gnu_cs/arm/4.7.3/bin/../lib/gcc/arm-none-eabi/4.7.3/../../../../arm-none-eabi/lib/armv7-m\libc_s.a(lib_a-svfscanf.o)
                0x00006ade                __ssrefill_r
 .text.__ssvfscanf_r
                0x00006b18      0x2d0 c:/program files (x86)/cypress/psoc creator/3.0/psoc creator/import/gnu_cs/arm/4.7.3/bin/../lib/gcc/arm-none-eabi/4.7.3/../../../../arm-none-eabi/lib/armv7-m\libc_s.a(lib_a-svfscanf.o)
                0x00006b18                __ssvfiscanf_r
                0x00006b18                __ssvfscanf_r
 .text.__submore
                0x00006de8       0x76 c:/program files (x86)/cypress/psoc creator/3.0/psoc creator/import/gnu_cs/arm/4.7.3/bin/../lib/gcc/arm-none-eabi/4.7.3/../../../../arm-none-eabi/lib/armv7-m\libc_s.a(lib_a-ungetc.o)
                0x00006de8                __submore
 *fill*         0x00006e5e        0x2 00
 .text._scanf_float
                0x00006e60      0x3b8 c:/program files (x86)/cypress/psoc creator/3.0/psoc creator/import/gnu_cs/arm/4.7.3/bin/../lib/gcc/arm-none-eabi/4.7.3/../../../../arm-none-eabi/lib/armv7-m\libc_s.a(lib_a-vfscanf_float.o)
                0x00006e60                _scanf_float
 .text._scanf_chars
                0x00007218       0xcc c:/program files (x86)/cypress/psoc creator/3.0/psoc creator/import/gnu_cs/arm/4.7.3/bin/../lib/gcc/arm-none-eabi/4.7.3/../../../../arm-none-eabi/lib/armv7-m\libc_s.a(lib_a-vfscanf_i.o)
                0x00007218                _scanf_chars
 .text._scanf_i
                0x000072e4      0x1e4 c:/program files (x86)/cypress/psoc creator/3.0/psoc creator/import/gnu_cs/arm/4.7.3/bin/../lib/gcc/arm-none-eabi/4.7.3/../../../../arm-none-eabi/lib/armv7-m\libc_s.a(lib_a-vfscanf_i.o)
                0x000072e4                _scanf_i
 .text.__sfp_lock_acquire
                0x000074c8        0x2 c:/program files (x86)/cypress/psoc creator/3.0/psoc creator/import/gnu_cs/arm/4.7.3/bin/../lib/gcc/arm-none-eabi/4.7.3/../../../../arm-none-eabi/lib/armv7-m\libc_s.a(lib_a-findfp.o)
                0x000074c8                __sfp_lock_acquire
 .text.__sfp_lock_release
                0x000074ca        0x2 c:/program files (x86)/cypress/psoc creator/3.0/psoc creator/import/gnu_cs/arm/4.7.3/bin/../lib/gcc/arm-none-eabi/4.7.3/../../../../arm-none-eabi/lib/armv7-m\libc_s.a(lib_a-findfp.o)
                0x000074ca                __sfp_lock_release
 .text._free_r  0x000074cc       0x88 c:/program files (x86)/cypress/psoc creator/3.0/psoc creator/import/gnu_cs/arm/4.7.3/bin/../lib/gcc/arm-none-eabi/4.7.3/../../../../arm-none-eabi/lib/armv7-m\libc_s.a(lib_a-freer.o)
                0x000074cc                _free_r
 .text.rshift   0x00007554       0x72 c:/program files (x86)/cypress/psoc creator/3.0/psoc creator/import/gnu_cs/arm/4.7.3/bin/../lib/gcc/arm-none-eabi/4.7.3/../../../../arm-none-eabi/lib/armv7-m\libc_s.a(lib_a-gdtoa-gethex.o)
 *fill*         0x000075c6        0x2 00
 .text.htinit.constprop.0
                0x000075c8       0x18 c:/program files (x86)/cypress/psoc creator/3.0/psoc creator/import/gnu_cs/arm/4.7.3/bin/../lib/gcc/arm-none-eabi/4.7.3/../../../../arm-none-eabi/lib/armv7-m\libc_s.a(lib_a-gdtoa-gethex.o)
 .text.__hexdig_init
                0x000075e0       0x2c c:/program files (x86)/cypress/psoc creator/3.0/psoc creator/import/gnu_cs/arm/4.7.3/bin/../lib/gcc/arm-none-eabi/4.7.3/../../../../arm-none-eabi/lib/armv7-m\libc_s.a(lib_a-gdtoa-gethex.o)
                0x000075e0                __hexdig_init
 .text.__gethex
                0x0000760c      0x474 c:/program files (x86)/cypress/psoc creator/3.0/psoc creator/import/gnu_cs/arm/4.7.3/bin/../lib/gcc/arm-none-eabi/4.7.3/../../../../arm-none-eabi/lib/armv7-m\libc_s.a(lib_a-gdtoa-gethex.o)
                0x0000760c                __gethex
 .text.L_shift  0x00007a80       0x28 c:/program files (x86)/cypress/psoc creator/3.0/psoc creator/import/gnu_cs/arm/4.7.3/bin/../lib/gcc/arm-none-eabi/4.7.3/../../../../arm-none-eabi/lib/armv7-m\libc_s.a(lib_a-gdtoa-hexnan.o)
 .text.__hexnan
                0x00007aa8      0x124 c:/program files (x86)/cypress/psoc creator/3.0/psoc creator/import/gnu_cs/arm/4.7.3/bin/../lib/gcc/arm-none-eabi/4.7.3/../../../../arm-none-eabi/lib/armv7-m\libc_s.a(lib_a-gdtoa-hexnan.o)
                0x00007aa8                __hexnan
 .text._localeconv_r
                0x00007bcc        0x8 c:/program files (x86)/cypress/psoc creator/3.0/psoc creator/import/gnu_cs/arm/4.7.3/bin/../lib/gcc/arm-none-eabi/4.7.3/../../../../arm-none-eabi/lib/armv7-m\libc_s.a(lib_a-locale.o)
                0x00007bcc                _localeconv_r
 .text._malloc_r
                0x00007bd4       0x94 c:/program files (x86)/cypress/psoc creator/3.0/psoc creator/import/gnu_cs/arm/4.7.3/bin/../lib/gcc/arm-none-eabi/4.7.3/../../../../arm-none-eabi/lib/armv7-m\libc_s.a(lib_a-mallocr.o)
                0x00007bd4                _malloc_r
 .text.memchr   0x00007c68       0x1c c:/program files (x86)/cypress/psoc creator/3.0/psoc creator/import/gnu_cs/arm/4.7.3/bin/../lib/gcc/arm-none-eabi/4.7.3/../../../../arm-none-eabi/lib/armv7-m\libc_s.a(lib_a-memchr.o)
                0x00007c68                memchr
 .text._Balloc  0x00007c84       0x6a c:/program files (x86)/cypress/psoc creator/3.0/psoc creator/import/gnu_cs/arm/4.7.3/bin/../lib/gcc/arm-none-eabi/4.7.3/../../../../arm-none-eabi/lib/armv7-m\libc_s.a(lib_a-mprec.o)
                0x00007c84                _Balloc
 .text._Bfree   0x00007cee       0x2e c:/program files (x86)/cypress/psoc creator/3.0/psoc creator/import/gnu_cs/arm/4.7.3/bin/../lib/gcc/arm-none-eabi/4.7.3/../../../../arm-none-eabi/lib/armv7-m\libc_s.a(lib_a-mprec.o)
                0x00007cee                _Bfree
 .text.__multadd
                0x00007d1c       0x78 c:/program files (x86)/cypress/psoc creator/3.0/psoc creator/import/gnu_cs/arm/4.7.3/bin/../lib/gcc/arm-none-eabi/4.7.3/../../../../arm-none-eabi/lib/armv7-m\libc_s.a(lib_a-mprec.o)
                0x00007d1c                __multadd
 .text.__s2b    0x00007d94       0x84 c:/program files (x86)/cypress/psoc creator/3.0/psoc creator/import/gnu_cs/arm/4.7.3/bin/../lib/gcc/arm-none-eabi/4.7.3/../../../../arm-none-eabi/lib/armv7-m\libc_s.a(lib_a-mprec.o)
                0x00007d94                __s2b
 .text.__hi0bits
                0x00007e18       0x3e c:/program files (x86)/cypress/psoc creator/3.0/psoc creator/import/gnu_cs/arm/4.7.3/bin/../lib/gcc/arm-none-eabi/4.7.3/../../../../arm-none-eabi/lib/armv7-m\libc_s.a(lib_a-mprec.o)
                0x00007e18                __hi0bits
 .text.__lo0bits
                0x00007e56       0x5a c:/program files (x86)/cypress/psoc creator/3.0/psoc creator/import/gnu_cs/arm/4.7.3/bin/../lib/gcc/arm-none-eabi/4.7.3/../../../../arm-none-eabi/lib/armv7-m\libc_s.a(lib_a-mprec.o)
                0x00007e56                __lo0bits
 .text.__i2b    0x00007eb0       0x12 c:/program files (x86)/cypress/psoc creator/3.0/psoc creator/import/gnu_cs/arm/4.7.3/bin/../lib/gcc/arm-none-eabi/4.7.3/../../../../arm-none-eabi/lib/armv7-m\libc_s.a(lib_a-mprec.o)
                0x00007eb0                __i2b
 .text.__multiply
                0x00007ec2      0x122 c:/program files (x86)/cypress/psoc creator/3.0/psoc creator/import/gnu_cs/arm/4.7.3/bin/../lib/gcc/arm-none-eabi/4.7.3/../../../../arm-none-eabi/lib/armv7-m\libc_s.a(lib_a-mprec.o)
                0x00007ec2                __multiply
 .text.__pow5mult
                0x00007fe4       0xa4 c:/program files (x86)/cypress/psoc creator/3.0/psoc creator/import/gnu_cs/arm/4.7.3/bin/../lib/gcc/arm-none-eabi/4.7.3/../../../../arm-none-eabi/lib/armv7-m\libc_s.a(lib_a-mprec.o)
                0x00007fe4                __pow5mult
 .text.__lshift
                0x00008088       0xa8 c:/program files (x86)/cypress/psoc creator/3.0/psoc creator/import/gnu_cs/arm/4.7.3/bin/../lib/gcc/arm-none-eabi/4.7.3/../../../../arm-none-eabi/lib/armv7-m\libc_s.a(lib_a-mprec.o)
                0x00008088                __lshift
 .text.__mcmp   0x00008130       0x3a c:/program files (x86)/cypress/psoc creator/3.0/psoc creator/import/gnu_cs/arm/4.7.3/bin/../lib/gcc/arm-none-eabi/4.7.3/../../../../arm-none-eabi/lib/armv7-m\libc_s.a(lib_a-mprec.o)
                0x00008130                __mcmp
 .text.__mdiff  0x0000816a       0xc4 c:/program files (x86)/cypress/psoc creator/3.0/psoc creator/import/gnu_cs/arm/4.7.3/bin/../lib/gcc/arm-none-eabi/4.7.3/../../../../arm-none-eabi/lib/armv7-m\libc_s.a(lib_a-mprec.o)
                0x0000816a                __mdiff
 *fill*         0x0000822e        0x2 00
 .text.__ulp    0x00008230       0x40 c:/program files (x86)/cypress/psoc creator/3.0/psoc creator/import/gnu_cs/arm/4.7.3/bin/../lib/gcc/arm-none-eabi/4.7.3/../../../../arm-none-eabi/lib/armv7-m\libc_s.a(lib_a-mprec.o)
                0x00008230                __ulp
 .text.__b2d    0x00008270       0xa8 c:/program files (x86)/cypress/psoc creator/3.0/psoc creator/import/gnu_cs/arm/4.7.3/bin/../lib/gcc/arm-none-eabi/4.7.3/../../../../arm-none-eabi/lib/armv7-m\libc_s.a(lib_a-mprec.o)
                0x00008270                __b2d
 .text.__d2b    0x00008318       0xa8 c:/program files (x86)/cypress/psoc creator/3.0/psoc creator/import/gnu_cs/arm/4.7.3/bin/../lib/gcc/arm-none-eabi/4.7.3/../../../../arm-none-eabi/lib/armv7-m\libc_s.a(lib_a-mprec.o)
                0x00008318                __d2b
 .text.__ratio  0x000083c0       0x4a c:/program files (x86)/cypress/psoc creator/3.0/psoc creator/import/gnu_cs/arm/4.7.3/bin/../lib/gcc/arm-none-eabi/4.7.3/../../../../arm-none-eabi/lib/armv7-m\libc_s.a(lib_a-mprec.o)
                0x000083c0                __ratio
 .text.__copybits
                0x0000840a       0x32 c:/program files (x86)/cypress/psoc creator/3.0/psoc creator/import/gnu_cs/arm/4.7.3/bin/../lib/gcc/arm-none-eabi/4.7.3/../../../../arm-none-eabi/lib/armv7-m\libc_s.a(lib_a-mprec.o)
                0x0000840a                __copybits
 .text.__any_on
                0x0000843c       0x4c c:/program files (x86)/cypress/psoc creator/3.0/psoc creator/import/gnu_cs/arm/4.7.3/bin/../lib/gcc/arm-none-eabi/4.7.3/../../../../arm-none-eabi/lib/armv7-m\libc_s.a(lib_a-mprec.o)
                0x0000843c                __any_on
 .text._realloc_r
                0x00008488       0x48 c:/program files (x86)/cypress/psoc creator/3.0/psoc creator/import/gnu_cs/arm/4.7.3/bin/../lib/gcc/arm-none-eabi/4.7.3/../../../../arm-none-eabi/lib/armv7-m\libc_s.a(lib_a-reallocr.o)
                0x00008488                _realloc_r
 .text._sbrk_r  0x000084d0       0x20 c:/program files (x86)/cypress/psoc creator/3.0/psoc creator/import/gnu_cs/arm/4.7.3/bin/../lib/gcc/arm-none-eabi/4.7.3/../../../../arm-none-eabi/lib/armv7-m\libc_s.a(lib_a-sbrkr.o)
                0x000084d0                _sbrk_r
 .text.__sccl   0x000084f0       0x60 c:/program files (x86)/cypress/psoc creator/3.0/psoc creator/import/gnu_cs/arm/4.7.3/bin/../lib/gcc/arm-none-eabi/4.7.3/../../../../arm-none-eabi/lib/armv7-m\libc_s.a(lib_a-sccl.o)
                0x000084f0                __sccl
 .text.nanf     0x00008550        0x8 c:/program files (x86)/cypress/psoc creator/3.0/psoc creator/import/gnu_cs/arm/4.7.3/bin/../lib/gcc/arm-none-eabi/4.7.3/../../../../arm-none-eabi/lib/armv7-m\libc_s.a(lib_a-sf_nan.o)
                0x00008550                nanf
 .text.sprintf  0x00008558       0x48 c:/program files (x86)/cypress/psoc creator/3.0/psoc creator/import/gnu_cs/arm/4.7.3/bin/../lib/gcc/arm-none-eabi/4.7.3/../../../../arm-none-eabi/lib/armv7-m\libc_s.a(lib_a-sprintf.o)
                0x00008558                siprintf
                0x00008558                sprintf
 .text.strncmp  0x000085a0       0x2e c:/program files (x86)/cypress/psoc creator/3.0/psoc creator/import/gnu_cs/arm/4.7.3/bin/../lib/gcc/arm-none-eabi/4.7.3/../../../../arm-none-eabi/lib/armv7-m\libc_s.a(lib_a-strncmp.o)
                0x000085a0                strncmp
 *fill*         0x000085ce        0x2 00
 .text._strtoul_r
                0x000085d0       0xfc c:/program files (x86)/cypress/psoc creator/3.0/psoc creator/import/gnu_cs/arm/4.7.3/bin/../lib/gcc/arm-none-eabi/4.7.3/../../../../arm-none-eabi/lib/armv7-m\libc_s.a(lib_a-strtoul.o)
                0x000085d0                _strtoul_r
 .text.__ssputc_r
                0x000086cc       0xae c:/program files (x86)/cypress/psoc creator/3.0/psoc creator/import/gnu_cs/arm/4.7.3/bin/../lib/gcc/arm-none-eabi/4.7.3/../../../../arm-none-eabi/lib/armv7-m\libc_s.a(lib_a-svfprintf.o)
                0x000086cc                __ssputc_r
 *fill*         0x0000877a        0x2 00
 .text._svfprintf_r
                0x0000877c      0x1f4 c:/program files (x86)/cypress/psoc creator/3.0/psoc creator/import/gnu_cs/arm/4.7.3/bin/../lib/gcc/arm-none-eabi/4.7.3/../../../../arm-none-eabi/lib/armv7-m\libc_s.a(lib_a-svfprintf.o)
                0x0000877c                _svfiprintf_r
                0x0000877c                _svfprintf_r
 .text._printf_common
                0x00008970       0xde c:/program files (x86)/cypress/psoc creator/3.0/psoc creator/import/gnu_cs/arm/4.7.3/bin/../lib/gcc/arm-none-eabi/4.7.3/../../../../arm-none-eabi/lib/armv7-m\libc_s.a(lib_a-vfprintf_i.o)
                0x00008970                _printf_common
 *fill*         0x00008a4e        0x2 00
 .text._printf_i
                0x00008a50      0x248 c:/program files (x86)/cypress/psoc creator/3.0/psoc creator/import/gnu_cs/arm/4.7.3/bin/../lib/gcc/arm-none-eabi/4.7.3/../../../../arm-none-eabi/lib/armv7-m\libc_s.a(lib_a-vfprintf_i.o)
                0x00008a50                _printf_i
 .text._calloc_r
                0x00008c98       0x1c c:/program files (x86)/cypress/psoc creator/3.0/psoc creator/import/gnu_cs/arm/4.7.3/bin/../lib/gcc/arm-none-eabi/4.7.3/../../../../arm-none-eabi/lib/armv7-m\libc_s.a(lib_a-callocr.o)
                0x00008c98                _calloc_r
 .text.malloc   0x00008cb4       0x10 c:/program files (x86)/cypress/psoc creator/3.0/psoc creator/import/gnu_cs/arm/4.7.3/bin/../lib/gcc/arm-none-eabi/4.7.3/../../../../arm-none-eabi/lib/armv7-m\libc_s.a(lib_a-malloc.o)
                0x00008cb4                malloc
 .text._malloc_usable_size_r
                0x00008cc4       0x12 c:/program files (x86)/cypress/psoc creator/3.0/psoc creator/import/gnu_cs/arm/4.7.3/bin/../lib/gcc/arm-none-eabi/4.7.3/../../../../arm-none-eabi/lib/armv7-m\libc_s.a(lib_a-msizer.o)
                0x00008cc4                _malloc_usable_size_r
 *fill*         0x00008cd6        0x2 00
 .text._sbrk    0x00008cd8       0x34 c:/program files (x86)/cypress/psoc creator/3.0/psoc creator/import/gnu_cs/arm/4.7.3/bin/../lib/gcc/arm-none-eabi/4.7.3/../../../../arm-none-eabi/lib/armv7-m\libnosys.a(sbrk.o)
                0x00008cd8                _sbrk
 *(.plt)
 *(.gnu.warning)
 *(.glue_7t)
 .glue_7t       0x00000000        0x0 linker stubs
 *(.glue_7)
 .glue_7        0x00000000        0x0 linker stubs
 *(.vfp11_veneer)
 .vfp11_veneer  0x00000000        0x0 linker stubs
 *(.bootloader)
 *(.ARM.extab* .gnu.linkonce.armextab.*)
 *(.gcc_except_table)

.v4_bx          0x00008d0c        0x0
 .v4_bx         0x00000000        0x0 linker stubs

.iplt           0x00008d0c        0x0
 .iplt          0x00000000        0x0 c:/program files (x86)/cypress/psoc creator/3.0/psoc creator/import/gnu_cs/arm/4.7.3/bin/../lib/gcc/arm-none-eabi/4.7.3/armv7-m/crtbegin.o

.eh_frame_hdr
 *(.eh_frame_hdr)

.eh_frame       0x00008d0c        0x4
 *(.eh_frame)
 .eh_frame      0x00008d0c        0x0 c:/program files (x86)/cypress/psoc creator/3.0/psoc creator/import/gnu_cs/arm/4.7.3/bin/../lib/gcc/arm-none-eabi/4.7.3/armv7-m/crtbegin.o
 .eh_frame      0x00008d0c        0x4 c:/program files (x86)/cypress/psoc creator/3.0/psoc creator/import/gnu_cs/arm/4.7.3/bin/../lib/gcc/arm-none-eabi/4.7.3/armv7-m/crtend.o
                0x00008d10                PROVIDE (__exidx_start, .)

.ARM.exidx
 *(.ARM.exidx* .gnu.linkonce.armexidx.*)
                0x00008d10                __exidx_end = .

.rodata         0x00008d10      0x4b0
 *(.rodata .rodata.* .gnu.linkonce.r.*)
 .rodata        0x00008d10       0x8c .\CortexM3\ARM_GCC_473\Debug\main.o
 .rodata        0x00008d9c       0x48 .\CortexM3\ARM_GCC_473\Debug\TransmitReadings_freeSoC.a(cyfitter_cfg.o)
 *fill*         0x00008de4        0x4 00
 .rodata.atanlo
                0x00008de8       0x20 c:/program files (x86)/cypress/psoc creator/3.0/psoc creator/import/gnu_cs/arm/4.7.3/bin/../lib/gcc/arm-none-eabi/4.7.3/../../../../arm-none-eabi/lib/armv7-m\libm.a(lib_a-s_atan.o)
 .rodata.atanhi
                0x00008e08       0x20 c:/program files (x86)/cypress/psoc creator/3.0/psoc creator/import/gnu_cs/arm/4.7.3/bin/../lib/gcc/arm-none-eabi/4.7.3/../../../../arm-none-eabi/lib/armv7-m\libm.a(lib_a-s_atan.o)
 .rodata.str1.4
                0x00008e28        0x4 c:/program files (x86)/cypress/psoc creator/3.0/psoc creator/import/gnu_cs/arm/4.7.3/bin/../lib/gcc/arm-none-eabi/4.7.3/../../../../arm-none-eabi/lib/armv7-m\libm.a(lib_a-w_pow.o)
 *fill*         0x00008e2c        0x4 00
 .rodata.dp_h   0x00008e30       0x10 c:/program files (x86)/cypress/psoc creator/3.0/psoc creator/import/gnu_cs/arm/4.7.3/bin/../lib/gcc/arm-none-eabi/4.7.3/../../../../arm-none-eabi/lib/armv7-m\libm.a(lib_a-e_pow.o)
 .rodata.dp_l   0x00008e40       0x10 c:/program files (x86)/cypress/psoc creator/3.0/psoc creator/import/gnu_cs/arm/4.7.3/bin/../lib/gcc/arm-none-eabi/4.7.3/../../../../arm-none-eabi/lib/armv7-m\libm.a(lib_a-e_pow.o)
 .rodata.bp     0x00008e50       0x10 c:/program files (x86)/cypress/psoc creator/3.0/psoc creator/import/gnu_cs/arm/4.7.3/bin/../lib/gcc/arm-none-eabi/4.7.3/../../../../arm-none-eabi/lib/armv7-m\libm.a(lib_a-e_pow.o)
 .rodata.str1.4
                0x00008e60        0x4 c:/program files (x86)/cypress/psoc creator/3.0/psoc creator/import/gnu_cs/arm/4.7.3/bin/../lib/gcc/arm-none-eabi/4.7.3/../../../../arm-none-eabi/lib/armv7-m\libm.a(lib_a-e_pow.o)
 *fill*         0x00008e64        0x4 00
 .rodata.TWO52  0x00008e68       0x10 c:/program files (x86)/cypress/psoc creator/3.0/psoc creator/import/gnu_cs/arm/4.7.3/bin/../lib/gcc/arm-none-eabi/4.7.3/../../../../arm-none-eabi/lib/armv7-m\libm.a(lib_a-s_rint.o)
 .rodata.str1.1
                0x00008e78        0x2 c:/program files (x86)/cypress/psoc creator/3.0/psoc creator/import/gnu_cs/arm/4.7.3/bin/../lib/gcc/arm-none-eabi/4.7.3/../../../../arm-none-eabi/lib/armv7-m\libc_s.a(lib_a-impure.o)
 .rodata.str1.1
                0x00008e7a        0xc c:/program files (x86)/cypress/psoc creator/3.0/psoc creator/import/gnu_cs/arm/4.7.3/bin/../lib/gcc/arm-none-eabi/4.7.3/../../../../arm-none-eabi/lib/armv7-m\libc_s.a(lib_a-strtod.o)
 *fill*         0x00008e86        0x2 00
 .rodata.tinytens
                0x00008e88       0x28 c:/program files (x86)/cypress/psoc creator/3.0/psoc creator/import/gnu_cs/arm/4.7.3/bin/../lib/gcc/arm-none-eabi/4.7.3/../../../../arm-none-eabi/lib/armv7-m\libc_s.a(lib_a-strtod.o)
 .rodata.str1.1
                0x00008eb0        0x5 c:/program files (x86)/cypress/psoc creator/3.0/psoc creator/import/gnu_cs/arm/4.7.3/bin/../lib/gcc/arm-none-eabi/4.7.3/../../../../arm-none-eabi/lib/armv7-m\libc_s.a(lib_a-vfscanf_float.o)
 *fill*         0x00008eb5        0x3 00
 .rodata        0x00008eb8        0xc c:/program files (x86)/cypress/psoc creator/3.0/psoc creator/import/gnu_cs/arm/4.7.3/bin/../lib/gcc/arm-none-eabi/4.7.3/../../../../arm-none-eabi/lib/armv7-m\libc_s.a(lib_a-vfscanf_i.o)
 .rodata.str1.1
                0x00008ec4       0x1b c:/program files (x86)/cypress/psoc creator/3.0/psoc creator/import/gnu_cs/arm/4.7.3/bin/../lib/gcc/arm-none-eabi/4.7.3/../../../../arm-none-eabi/lib/armv7-m\libc_s.a(lib_a-vfscanf_i.o)
 .rodata._ctype_
                0x00008edf      0x101 c:/program files (x86)/cypress/psoc creator/3.0/psoc creator/import/gnu_cs/arm/4.7.3/bin/../lib/gcc/arm-none-eabi/4.7.3/../../../../arm-none-eabi/lib/armv7-m\libc_s.a(lib_a-ctype_.o)
                0x00008edf                _ctype_
 .rodata.__sf_fake_stdin
                0x00008fe0       0x20 c:/program files (x86)/cypress/psoc creator/3.0/psoc creator/import/gnu_cs/arm/4.7.3/bin/../lib/gcc/arm-none-eabi/4.7.3/../../../../arm-none-eabi/lib/armv7-m\libc_s.a(lib_a-findfp.o)
                0x00008fe0                __sf_fake_stdin
 .rodata.__sf_fake_stdout
                0x00009000       0x20 c:/program files (x86)/cypress/psoc creator/3.0/psoc creator/import/gnu_cs/arm/4.7.3/bin/../lib/gcc/arm-none-eabi/4.7.3/../../../../arm-none-eabi/lib/armv7-m\libc_s.a(lib_a-findfp.o)
                0x00009000                __sf_fake_stdout
 .rodata.__sf_fake_stderr
                0x00009020       0x20 c:/program files (x86)/cypress/psoc creator/3.0/psoc creator/import/gnu_cs/arm/4.7.3/bin/../lib/gcc/arm-none-eabi/4.7.3/../../../../arm-none-eabi/lib/armv7-m\libc_s.a(lib_a-findfp.o)
                0x00009020                __sf_fake_stderr
 .rodata.str1.1
                0x00009040        0xb c:/program files (x86)/cypress/psoc creator/3.0/psoc creator/import/gnu_cs/arm/4.7.3/bin/../lib/gcc/arm-none-eabi/4.7.3/../../../../arm-none-eabi/lib/armv7-m\libc_s.a(lib_a-gdtoa-gethex.o)
                                 0x19 (size before relaxing)
 .rodata.str1.1
                0x0000904b        0x8 c:/program files (x86)/cypress/psoc creator/3.0/psoc creator/import/gnu_cs/arm/4.7.3/bin/../lib/gcc/arm-none-eabi/4.7.3/../../../../arm-none-eabi/lib/armv7-m\libc_s.a(lib_a-locale.o)
                                  0xb (size before relaxing)
 *fill*         0x00009053        0x5 00
 .rodata.__mprec_tens
                0x00009058       0xc8 c:/program files (x86)/cypress/psoc creator/3.0/psoc creator/import/gnu_cs/arm/4.7.3/bin/../lib/gcc/arm-none-eabi/4.7.3/../../../../arm-none-eabi/lib/armv7-m\libc_s.a(lib_a-mprec.o)
                0x00009058                __mprec_tens
 .rodata.p05.5252
                0x00009120        0xc c:/program files (x86)/cypress/psoc creator/3.0/psoc creator/import/gnu_cs/arm/4.7.3/bin/../lib/gcc/arm-none-eabi/4.7.3/../../../../arm-none-eabi/lib/armv7-m\libc_s.a(lib_a-mprec.o)
 *fill*         0x0000912c        0x4 00
 .rodata.__mprec_bigtens
                0x00009130       0x28 c:/program files (x86)/cypress/psoc creator/3.0/psoc creator/import/gnu_cs/arm/4.7.3/bin/../lib/gcc/arm-none-eabi/4.7.3/../../../../arm-none-eabi/lib/armv7-m\libc_s.a(lib_a-mprec.o)
                0x00009130                __mprec_bigtens
 .rodata.str1.1
                0x00009158       0x11 c:/program files (x86)/cypress/psoc creator/3.0/psoc creator/import/gnu_cs/arm/4.7.3/bin/../lib/gcc/arm-none-eabi/4.7.3/../../../../arm-none-eabi/lib/armv7-m\libc_s.a(lib_a-svfprintf.o)
 .rodata.str1.1
                0x00009169       0x22 c:/program files (x86)/cypress/psoc creator/3.0/psoc creator/import/gnu_cs/arm/4.7.3/bin/../lib/gcc/arm-none-eabi/4.7.3/../../../../arm-none-eabi/lib/armv7-m\libc_s.a(lib_a-vfprintf_i.o)
                0x0000918c                . = ALIGN (0x4)
 *fill*         0x0000918b        0x1 00
 *(.init)
 .init          0x0000918c        0x4 c:/program files (x86)/cypress/psoc creator/3.0/psoc creator/import/gnu_cs/arm/4.7.3/bin/../lib/gcc/arm-none-eabi/4.7.3/armv7-m/crti.o
                0x0000918c                _init
 .init          0x00009190        0x8 c:/program files (x86)/cypress/psoc creator/3.0/psoc creator/import/gnu_cs/arm/4.7.3/bin/../lib/gcc/arm-none-eabi/4.7.3/armv7-m/crtn.o
                0x00009198                . = ALIGN (0x4)
                0x00009198                __preinit_array_start = .
 *(.preinit_array)
                0x00009198                __preinit_array_end = .
                0x00009198                . = ALIGN (0x4)
                0x00009198                __init_array_start = .
 *(SORT(.init_array.*))
 *(.init_array)
 .init_array    0x00009198        0x4 c:/program files (x86)/cypress/psoc creator/3.0/psoc creator/import/gnu_cs/arm/4.7.3/bin/../lib/gcc/arm-none-eabi/4.7.3/armv7-m/crtbegin.o
 .init_array    0x0000919c        0x4 .\CortexM3\ARM_GCC_473\Debug\Cm3Start.o
                0x000091a0                __init_array_end = .
                0x000091a0                . = ALIGN (0x4)
 *(.fini)
 .fini          0x000091a0        0x4 c:/program files (x86)/cypress/psoc creator/3.0/psoc creator/import/gnu_cs/arm/4.7.3/bin/../lib/gcc/arm-none-eabi/4.7.3/armv7-m/crti.o
                0x000091a0                _fini
 .fini          0x000091a4        0x8 c:/program files (x86)/cypress/psoc creator/3.0/psoc creator/import/gnu_cs/arm/4.7.3/bin/../lib/gcc/arm-none-eabi/4.7.3/armv7-m/crtn.o
                0x000091ac                . = ALIGN (0x4)
                0x000091ac                __fini_array_start = .
 *(.fini_array)
 .fini_array    0x000091ac        0x4 c:/program files (x86)/cypress/psoc creator/3.0/psoc creator/import/gnu_cs/arm/4.7.3/bin/../lib/gcc/arm-none-eabi/4.7.3/armv7-m/crtbegin.o
 *(SORT(.fini_array.*))
                0x000091b0                __fini_array_end = .
                0x000091b0                . = ALIGN (0x4)
 *crtbegin.o(.ctors)
 *(EXCLUDE_FILE(*crtend.o) .ctors)
 *(SORT(.ctors.*))
 *crtend.o(.ctors)
                0x000091b0                . = ALIGN (0x4)
 *crtbegin.o(.dtors)
 *(EXCLUDE_FILE(*crtend.o) .dtors)
 *(SORT(.dtors.*))
 *crtend.o(.dtors)
                0x000091b0                . = ALIGN (0x4)
                0x000091b0                __cy_regions = .
                0x000091b0        0x4 LONG 0x91c0 __cy_region_init_ram
                0x000091b4        0x4 LONG 0x1fff8108 __cy_region_start_data
                0x000091b8        0x4 LONG 0xe8 __cy_region_init_size_ram
                0x000091bc        0x4 LONG 0x368 __cy_region_zero_size_ram
                0x000091c0                __cy_regions_end = .
                0x000091c0                . = ALIGN (0x8)
                0x000091c0                _etext = .

.ramvectors     0x1fff8000      0x100
                0x1fff8000                __cy_region_start_ram = .
 *(.ramvectors)
 .ramvectors    0x1fff8000      0x100 .\CortexM3\ARM_GCC_473\Debug\Cm3Start.o
                0x1fff8000                CyRamVectors

.noinit         0x1fff8100        0x5
 *(.noinit)
 .noinit        0x1fff8100        0x4 .\CortexM3\ARM_GCC_473\Debug\Cm3Start.o
 .noinit        0x1fff8104        0x1 .\CortexM3\ARM_GCC_473\Debug\TransmitReadings_freeSoC.a(CyLib.o)
                0x1fff8104                CyResetStatus

.data           0x1fff8108       0xe8 load address 0x000091c0
                0x1fff8108                __cy_region_start_data = .
 *(.jcr)
 .jcr           0x1fff8108        0x0 c:/program files (x86)/cypress/psoc creator/3.0/psoc creator/import/gnu_cs/arm/4.7.3/bin/../lib/gcc/arm-none-eabi/4.7.3/armv7-m/crtbegin.o
 .jcr           0x1fff8108        0x4 c:/program files (x86)/cypress/psoc creator/3.0/psoc creator/import/gnu_cs/arm/4.7.3/bin/../lib/gcc/arm-none-eabi/4.7.3/armv7-m/crtend.o
 *(.got.plt)
 *(.got)
 *(.shdata)
 *(.data .data.* .gnu.linkonce.d.*)
 .data          0x1fff810c       0x10 .\CortexM3\ARM_GCC_473\Debug\TransmitReadings_freeSoC.a(CyLib.o)
                0x1fff810c                cydelay_freq_hz
                0x1fff8110                cydelay_freq_khz
                0x1fff8114                cydelay_freq_mhz
                0x1fff8118                cydelay_32k_ms
 .data.__fdlib_version
                0x1fff811c        0x1 c:/program files (x86)/cypress/psoc creator/3.0/psoc creator/import/gnu_cs/arm/4.7.3/bin/../lib/gcc/arm-none-eabi/4.7.3/../../../../arm-none-eabi/lib/armv7-m\libm.a(lib_a-s_lib_ver.o)
                0x1fff811c                __fdlib_version
 *fill*         0x1fff811d        0x3 00
 .data.impure_data
                0x1fff8120       0x64 c:/program files (x86)/cypress/psoc creator/3.0/psoc creator/import/gnu_cs/arm/4.7.3/bin/../lib/gcc/arm-none-eabi/4.7.3/../../../../arm-none-eabi/lib/armv7-m\libc_s.a(lib_a-impure.o)
 .data._impure_ptr
                0x1fff8184        0x4 c:/program files (x86)/cypress/psoc creator/3.0/psoc creator/import/gnu_cs/arm/4.7.3/bin/../lib/gcc/arm-none-eabi/4.7.3/../../../../arm-none-eabi/lib/armv7-m\libc_s.a(lib_a-impure.o)
                0x1fff8184                _impure_ptr
 .data.fpi.5208
                0x1fff8188       0x14 c:/program files (x86)/cypress/psoc creator/3.0/psoc creator/import/gnu_cs/arm/4.7.3/bin/../lib/gcc/arm-none-eabi/4.7.3/../../../../arm-none-eabi/lib/armv7-m\libc_s.a(lib_a-strtod.o)
 .data.fpinan.5244
                0x1fff819c       0x14 c:/program files (x86)/cypress/psoc creator/3.0/psoc creator/import/gnu_cs/arm/4.7.3/bin/../lib/gcc/arm-none-eabi/4.7.3/../../../../arm-none-eabi/lib/armv7-m\libc_s.a(lib_a-strtod.o)
 .data.__ctype_ptr__
                0x1fff81b0        0x4 c:/program files (x86)/cypress/psoc creator/3.0/psoc creator/import/gnu_cs/arm/4.7.3/bin/../lib/gcc/arm-none-eabi/4.7.3/../../../../arm-none-eabi/lib/armv7-m\libc_s.a(lib_a-ctype_.o)
                0x1fff81b0                __ctype_ptr__
 .data.lconv    0x1fff81b4       0x38 c:/program files (x86)/cypress/psoc creator/3.0/psoc creator/import/gnu_cs/arm/4.7.3/bin/../lib/gcc/arm-none-eabi/4.7.3/../../../../arm-none-eabi/lib/armv7-m\libc_s.a(lib_a-locale.o)
                0x1fff81f0                . = ALIGN (0x8)
 *fill*         0x1fff81ec        0x4 00
 *(.ram)
                0x1fff81f0                _edata = .

.igot.plt       0x1fff81f0        0x0 load address 0x000092a8
 .igot.plt      0x00000000        0x0 c:/program files (x86)/cypress/psoc creator/3.0/psoc creator/import/gnu_cs/arm/4.7.3/bin/../lib/gcc/arm-none-eabi/4.7.3/armv7-m/crtbegin.o

.bss            0x1fff81f0      0x368 load address 0x000092a8
                0x1fff81f0                PROVIDE (__bss_start__, .)
 *(.shbss)
 *(.bss .bss.* .gnu.linkonce.b.*)
 .bss           0x1fff81f0       0x1c c:/program files (x86)/cypress/psoc creator/3.0/psoc creator/import/gnu_cs/arm/4.7.3/bin/../lib/gcc/arm-none-eabi/4.7.3/armv7-m/crtbegin.o
 .bss           0x1fff820c        0x6 .\CortexM3\ARM_GCC_473\Debug\main.o
                0x1fff820c                SBDPointer
                0x1fff820e                windDataPointer
                0x1fff8210                windtimeout
                0x1fff8211                gpstimeout
 .bss           0x1fff8212        0x2 .\CortexM3\ARM_GCC_473\Debug\thermocouple.o
                0x1fff8212                InterruptCnt
                0x1fff8213                temptimeout
 .bss           0x1fff8214        0x1 .\CortexM3\ARM_GCC_473\Debug\TransmitReadings_freeSoC.a(psoc.o)
                0x1fff8214                psoc_initVar
 .bss           0x1fff8215        0x2 .\CortexM3\ARM_GCC_473\Debug\TransmitReadings_freeSoC.a(UART_Wind.o)
                0x1fff8215                UART_Wind_initVar
 .bss           0x1fff8217        0x2 .\CortexM3\ARM_GCC_473\Debug\TransmitReadings_freeSoC.a(UART_SBD.o)
                0x1fff8217                UART_SBD_initVar
 .bss           0x1fff8219        0x1 .\CortexM3\ARM_GCC_473\Debug\TransmitReadings_freeSoC.a(master.o)
                0x1fff8219                master_initVar
 .bss           0x1fff821a        0x1 .\CortexM3\ARM_GCC_473\Debug\TransmitReadings_freeSoC.a(ADC.o)
                0x1fff821a                ADC_initVar
 .bss           0x1fff821b        0x1 .\CortexM3\ARM_GCC_473\Debug\TransmitReadings_freeSoC.a(Timer.o)
                0x1fff821b                Timer_initVar
 .bss.__malloc_free_list
                0x1fff821c        0x4 c:/program files (x86)/cypress/psoc creator/3.0/psoc creator/import/gnu_cs/arm/4.7.3/bin/../lib/gcc/arm-none-eabi/4.7.3/../../../../arm-none-eabi/lib/armv7-m\libc_s.a(lib_a-mallocr.o)
                0x1fff821c                __malloc_free_list
 .bss.heap_end.4231
                0x1fff8220        0x4 c:/program files (x86)/cypress/psoc creator/3.0/psoc creator/import/gnu_cs/arm/4.7.3/bin/../lib/gcc/arm-none-eabi/4.7.3/../../../../arm-none-eabi/lib/armv7-m\libnosys.a(sbrk.o)
 *(COMMON)
 COMMON         0x1fff8224      0x212 .\CortexM3\ARM_GCC_473\Debug\main.o
                0x1fff8224                readingx
                0x1fff8226                gpsbroke
                0x1fff8227                SBDpacketReceived
                0x1fff8228                windData
                0x1fff8328                readingz
                0x1fff832a                voltage
                0x1fff832c                SBDData
                0x1fff842c                windbroke
                0x1fff842e                readingy
                0x1fff8430                windpacketReceived
                0x1fff8432                windtime
                0x1fff8434                heading
 COMMON         0x1fff8436        0x1 .\CortexM3\ARM_GCC_473\Debug\TransmitReadings_freeSoC.a(psoc.o)
                0x1fff8436                psoc_state
 *fill*         0x1fff8437        0x1 00
 COMMON         0x1fff8438       0x10 .\CortexM3\ARM_GCC_473\Debug\TransmitReadings_freeSoC.a(psoc_MASTER.o)
                0x1fff8438                psoc_mstrWrBufPtr
                0x1fff843c                psoc_mstrStatus
                0x1fff843d                psoc_mstrWrBufSize
                0x1fff843e                psoc_mstrRdBufSize
                0x1fff843f                psoc_mstrControl
                0x1fff8440                psoc_mstrRdBufIndex
                0x1fff8441                psoc_mstrWrBufIndex
                0x1fff8444                psoc_mstrRdBufPtr
 COMMON         0x1fff8448        0xa .\CortexM3\ARM_GCC_473\Debug\TransmitReadings_freeSoC.a(ADC.o)
                0x1fff8448                ADC_countsPer10Volt
                0x1fff844c                ADC_shift
                0x1fff844e                ADC_countsPerVolt
                0x1fff8450                ADC_offset
 COMMON         0x1fff8452      0x100 c:/program files (x86)/cypress/psoc creator/3.0/psoc creator/import/gnu_cs/arm/4.7.3/bin/../lib/gcc/arm-none-eabi/4.7.3/../../../../arm-none-eabi/lib/armv7-m\libc_s.a(lib_a-gdtoa-gethex.o)
                0x1fff8452                __hexdig
 *fill*         0x1fff8552        0x2 00
 COMMON         0x1fff8554        0x4 c:/program files (x86)/cypress/psoc creator/3.0/psoc creator/import/gnu_cs/arm/4.7.3/bin/../lib/gcc/arm-none-eabi/4.7.3/../../../../arm-none-eabi/lib/armv7-m\libc_s.a(lib_a-reent.o)
                0x1fff8554                errno
                0x1fff8558                . = ALIGN (0x8)
 *(.ram.b)
                0x1fff8558                _end = .
                0x1fff8558                __end = .
                0x1fff8558                PROVIDE (end, .)
                0x1fff8558                PROVIDE (__bss_end__, .)
                0x000091c0                __cy_region_init_ram = LOADADDR (.data)
                0x000000e8                __cy_region_init_size_ram = (_edata - ADDR (.data))
                0x00000368                __cy_region_zero_size_ram = (_end - _edata)

.heap           0x1fff8558     0x1000 load address 0x000092a8
                0x1fff8558                . = _end
                0x1fff9558                . = (. + 0x1000)
 *fill*         0x1fff8558     0x1000 00
                0x1fff9558                __cy_heap_limit = .

.stack          0x20004000     0x4000
                0x20004000                __cy_stack_limit = .
                0x20008000                . = (. + 0x4000)
 *fill*         0x20004000     0x4000 00
                0x00000001                ASSERT ((__cy_stack_limit >= __cy_heap_limit), region RAM overflowed with stack)

.cyloadermeta
 *(.cyloadermeta)

.cyloadablemeta
 *(.cyloadablemeta)

.cyconfigecc    0x80000000      0xe5c
 *(.cyconfigecc)
 .cyconfigecc   0x80000000      0xe5c .\CortexM3\ARM_GCC_473\Debug\cymetadata.o
                0x80000000                cy_meta_configecc

.cycustnvl      0x90000000        0x4
 *(.cycustnvl)
 .cycustnvl     0x90000000        0x4 .\CortexM3\ARM_GCC_473\Debug\cymetadata.o
                0x90000000                cy_meta_custnvl

.cywolatch      0x90100000        0x4
 *(.cywolatch)
 .cywolatch     0x90100000        0x4 .\CortexM3\ARM_GCC_473\Debug\cymetadata.o
                0x90100000                cy_meta_wonvl

.cyeeprom       0x90200000        0x0
 *(.cyeeprom)
                0x00000001                ASSERT ((. <= ((0x90200000 + ee_offset) + ee_size)), .cyeeprom data will not fit in EEPROM)

.cyflashprotect
                0x90400000      0x100
 *(.cyflashprotect)
 .cyflashprotect
                0x90400000      0x100 .\CortexM3\ARM_GCC_473\Debug\cymetadata.o
                0x90400000                cy_meta_flashprotect

.cymeta         0x90500000        0xc
 *(.cymeta)
 .cymeta        0x90500000        0xc .\CortexM3\ARM_GCC_473\Debug\cymetadata.o
                0x90500000                cy_metadata

.rel.dyn        0x000092a8        0x0 load address 0x9050000c
 .rel.iplt      0x00000000        0x0 c:/program files (x86)/cypress/psoc creator/3.0/psoc creator/import/gnu_cs/arm/4.7.3/bin/../lib/gcc/arm-none-eabi/4.7.3/armv7-m/crtbegin.o

.stab           0x00000000       0x6c
 *(.stab)
 .stab          0x00000000       0x24 c:/program files (x86)/cypress/psoc creator/3.0/psoc creator/import/gnu_cs/arm/4.7.3/bin/../lib/gcc/arm-none-eabi/4.7.3/../../../../arm-none-eabi/lib/armv7-m\libnosys.a(close.o)
 .stab          0x00000024       0x18 c:/program files (x86)/cypress/psoc creator/3.0/psoc creator/import/gnu_cs/arm/4.7.3/bin/../lib/gcc/arm-none-eabi/4.7.3/../../../../arm-none-eabi/lib/armv7-m\libnosys.a(lseek.o)
                                 0x24 (size before relaxing)
 .stab          0x0000003c       0x18 c:/program files (x86)/cypress/psoc creator/3.0/psoc creator/import/gnu_cs/arm/4.7.3/bin/../lib/gcc/arm-none-eabi/4.7.3/../../../../arm-none-eabi/lib/armv7-m\libnosys.a(read.o)
                                 0x24 (size before relaxing)
 .stab          0x00000054       0x18 c:/program files (x86)/cypress/psoc creator/3.0/psoc creator/import/gnu_cs/arm/4.7.3/bin/../lib/gcc/arm-none-eabi/4.7.3/../../../../arm-none-eabi/lib/armv7-m\libnosys.a(write.o)
                                 0x24 (size before relaxing)

.stabstr        0x00000000       0xdf
 *(.stabstr)
 .stabstr       0x00000000       0xdf c:/program files (x86)/cypress/psoc creator/3.0/psoc creator/import/gnu_cs/arm/4.7.3/bin/../lib/gcc/arm-none-eabi/4.7.3/../../../../arm-none-eabi/lib/armv7-m\libnosys.a(close.o)

.debug
 *(.debug)

.line
 *(.line)

.debug_srcinfo
 *(.debug_srcinfo)

.debug_sfnames
 *(.debug_sfnames)

.debug_aranges  0x00000000      0xe38
 *(.debug_aranges)
 .debug_aranges
                0x00000000       0x50 .\CortexM3\ARM_GCC_473\Debug\main.o
 .debug_aranges
                0x00000050       0x38 .\CortexM3\ARM_GCC_473\Debug\magnetometer.o
 .debug_aranges
                0x00000088       0x28 .\CortexM3\ARM_GCC_473\Debug\thermocouple.o
 .debug_aranges
                0x000000b0       0x20 .\CortexM3\ARM_GCC_473\Debug\Batteryvoltage.o
 .debug_aranges
                0x000000d0       0x60 .\CortexM3\ARM_GCC_473\Debug\RH.o
 .debug_aranges
                0x00000130       0x18 .\CortexM3\ARM_GCC_473\Debug\cymetadata.o
 .debug_aranges
                0x00000148       0x40 .\CortexM3\ARM_GCC_473\Debug\Cm3Start.o
 .debug_aranges
                0x00000188       0x60 .\CortexM3\ARM_GCC_473\Debug\TransmitReadings_freeSoC.a(cyfitter_cfg.o)
 .debug_aranges
                0x000001e8       0x20 .\CortexM3\ARM_GCC_473\Debug\TransmitReadings_freeSoC.a(CyBootAsmGnu.o)
 .debug_aranges
                0x00000208      0x218 .\CortexM3\ARM_GCC_473\Debug\TransmitReadings_freeSoC.a(CyLib.o)
 .debug_aranges
                0x00000420       0x90 .\CortexM3\ARM_GCC_473\Debug\TransmitReadings_freeSoC.a(cyPm.o)
 .debug_aranges
                0x000004b0       0x38 .\CortexM3\ARM_GCC_473\Debug\TransmitReadings_freeSoC.a(psoc.o)
 .debug_aranges
                0x000004e8       0x20 .\CortexM3\ARM_GCC_473\Debug\TransmitReadings_freeSoC.a(psoc_INT.o)
 .debug_aranges
                0x00000508       0x88 .\CortexM3\ARM_GCC_473\Debug\TransmitReadings_freeSoC.a(psoc_MASTER.o)
 .debug_aranges
                0x00000590       0xf0 .\CortexM3\ARM_GCC_473\Debug\TransmitReadings_freeSoC.a(UART_Wind.o)
 .debug_aranges
                0x00000680       0x80 .\CortexM3\ARM_GCC_473\Debug\TransmitReadings_freeSoC.a(isr_Wind.o)
 .debug_aranges
                0x00000700       0xf0 .\CortexM3\ARM_GCC_473\Debug\TransmitReadings_freeSoC.a(UART_SBD.o)
 .debug_aranges
                0x000007f0       0x80 .\CortexM3\ARM_GCC_473\Debug\TransmitReadings_freeSoC.a(SBD_reply.o)
 .debug_aranges
                0x00000870       0x70 .\CortexM3\ARM_GCC_473\Debug\TransmitReadings_freeSoC.a(UART_Wind_IntClock.o)
 .debug_aranges
                0x000008e0       0x70 .\CortexM3\ARM_GCC_473\Debug\TransmitReadings_freeSoC.a(UART_SBD_IntClock.o)
 .debug_aranges
                0x00000950       0xd8 .\CortexM3\ARM_GCC_473\Debug\TransmitReadings_freeSoC.a(master.o)
 .debug_aranges
                0x00000a28       0x70 .\CortexM3\ARM_GCC_473\Debug\TransmitReadings_freeSoC.a(clock.o)
 .debug_aranges
                0x00000a98       0xa8 .\CortexM3\ARM_GCC_473\Debug\TransmitReadings_freeSoC.a(ADC.o)
 .debug_aranges
                0x00000b40       0x20 .\CortexM3\ARM_GCC_473\Debug\TransmitReadings_freeSoC.a(ADC_INT.o)
 .debug_aranges
                0x00000b60       0x80 .\CortexM3\ARM_GCC_473\Debug\TransmitReadings_freeSoC.a(ADC_theACLK.o)
 .debug_aranges
                0x00000be0       0x88 .\CortexM3\ARM_GCC_473\Debug\TransmitReadings_freeSoC.a(Timer.o)
 .debug_aranges
                0x00000c68       0x70 .\CortexM3\ARM_GCC_473\Debug\TransmitReadings_freeSoC.a(timer_clock.o)
 .debug_aranges
                0x00000cd8       0x80 .\CortexM3\ARM_GCC_473\Debug\TransmitReadings_freeSoC.a(timeout_isr.o)
 .debug_aranges
                0x00000d58       0x78 .\CortexM3\ARM_GCC_473\Debug\TransmitReadings_freeSoC.a(CyFlash.o)
 .debug_aranges
                0x00000dd0       0x68 .\CortexM3\ARM_GCC_473\Debug\TransmitReadings_freeSoC.a(CySpc.o)

.debug_pubnames
 *(.debug_pubnames)

.debug_info     0x00000000     0x6539
 *(.debug_info .gnu.linkonce.wi.*)
 .debug_info    0x00000000      0x630 .\CortexM3\ARM_GCC_473\Debug\main.o
 .debug_info    0x00000630      0x218 .\CortexM3\ARM_GCC_473\Debug\magnetometer.o
 .debug_info    0x00000848      0x18f .\CortexM3\ARM_GCC_473\Debug\thermocouple.o
 .debug_info    0x000009d7      0x105 .\CortexM3\ARM_GCC_473\Debug\Batteryvoltage.o
 .debug_info    0x00000adc      0x40a .\CortexM3\ARM_GCC_473\Debug\RH.o
 .debug_info    0x00000ee6      0x143 .\CortexM3\ARM_GCC_473\Debug\cymetadata.o
 .debug_info    0x00001029      0x2ea .\CortexM3\ARM_GCC_473\Debug\Cm3Start.o
 .debug_info    0x00001313      0x49c .\CortexM3\ARM_GCC_473\Debug\TransmitReadings_freeSoC.a(cyfitter_cfg.o)
 .debug_info    0x000017af       0x9d .\CortexM3\ARM_GCC_473\Debug\TransmitReadings_freeSoC.a(CyBootAsmGnu.o)
 .debug_info    0x0000184c      0xcd7 .\CortexM3\ARM_GCC_473\Debug\TransmitReadings_freeSoC.a(CyLib.o)
 .debug_info    0x00002523      0x5c3 .\CortexM3\ARM_GCC_473\Debug\TransmitReadings_freeSoC.a(cyPm.o)
 .debug_info    0x00002ae6      0x151 .\CortexM3\ARM_GCC_473\Debug\TransmitReadings_freeSoC.a(psoc.o)
 .debug_info    0x00002c37      0x166 .\CortexM3\ARM_GCC_473\Debug\TransmitReadings_freeSoC.a(psoc_INT.o)
 .debug_info    0x00002d9d      0x453 .\CortexM3\ARM_GCC_473\Debug\TransmitReadings_freeSoC.a(psoc_MASTER.o)
 .debug_info    0x000031f0      0x58b .\CortexM3\ARM_GCC_473\Debug\TransmitReadings_freeSoC.a(UART_Wind.o)
 .debug_info    0x0000377b      0x278 .\CortexM3\ARM_GCC_473\Debug\TransmitReadings_freeSoC.a(isr_Wind.o)
 .debug_info    0x000039f3      0x58b .\CortexM3\ARM_GCC_473\Debug\TransmitReadings_freeSoC.a(UART_SBD.o)
 .debug_info    0x00003f7e      0x278 .\CortexM3\ARM_GCC_473\Debug\TransmitReadings_freeSoC.a(SBD_reply.o)
 .debug_info    0x000041f6      0x294 .\CortexM3\ARM_GCC_473\Debug\TransmitReadings_freeSoC.a(UART_Wind_IntClock.o)
 .debug_info    0x0000448a      0x294 .\CortexM3\ARM_GCC_473\Debug\TransmitReadings_freeSoC.a(UART_SBD_IntClock.o)
 .debug_info    0x0000471e      0x485 .\CortexM3\ARM_GCC_473\Debug\TransmitReadings_freeSoC.a(master.o)
 .debug_info    0x00004ba3      0x294 .\CortexM3\ARM_GCC_473\Debug\TransmitReadings_freeSoC.a(clock.o)
 .debug_info    0x00004e37      0x4cf .\CortexM3\ARM_GCC_473\Debug\TransmitReadings_freeSoC.a(ADC.o)
 .debug_info    0x00005306       0x9b .\CortexM3\ARM_GCC_473\Debug\TransmitReadings_freeSoC.a(ADC_INT.o)
 .debug_info    0x000053a1      0x2da .\CortexM3\ARM_GCC_473\Debug\TransmitReadings_freeSoC.a(ADC_theACLK.o)
 .debug_info    0x0000567b      0x285 .\CortexM3\ARM_GCC_473\Debug\TransmitReadings_freeSoC.a(Timer.o)
 .debug_info    0x00005900      0x294 .\CortexM3\ARM_GCC_473\Debug\TransmitReadings_freeSoC.a(timer_clock.o)
 .debug_info    0x00005b94      0x278 .\CortexM3\ARM_GCC_473\Debug\TransmitReadings_freeSoC.a(timeout_isr.o)
 .debug_info    0x00005e0c      0x354 .\CortexM3\ARM_GCC_473\Debug\TransmitReadings_freeSoC.a(CyFlash.o)
 .debug_info    0x00006160      0x3d9 .\CortexM3\ARM_GCC_473\Debug\TransmitReadings_freeSoC.a(CySpc.o)

.debug_abbrev   0x00000000     0x20f6
 *(.debug_abbrev)
 .debug_abbrev  0x00000000      0x160 .\CortexM3\ARM_GCC_473\Debug\main.o
 .debug_abbrev  0x00000160       0xc3 .\CortexM3\ARM_GCC_473\Debug\magnetometer.o
 .debug_abbrev  0x00000223       0xc4 .\CortexM3\ARM_GCC_473\Debug\thermocouple.o
 .debug_abbrev  0x000002e7       0x7a .\CortexM3\ARM_GCC_473\Debug\Batteryvoltage.o
 .debug_abbrev  0x00000361      0x15f .\CortexM3\ARM_GCC_473\Debug\RH.o
 .debug_abbrev  0x000004c0       0x77 .\CortexM3\ARM_GCC_473\Debug\cymetadata.o
 .debug_abbrev  0x00000537      0x175 .\CortexM3\ARM_GCC_473\Debug\Cm3Start.o
 .debug_abbrev  0x000006ac      0x1b9 .\CortexM3\ARM_GCC_473\Debug\TransmitReadings_freeSoC.a(cyfitter_cfg.o)
 .debug_abbrev  0x00000865       0x14 .\CortexM3\ARM_GCC_473\Debug\TransmitReadings_freeSoC.a(CyBootAsmGnu.o)
 .debug_abbrev  0x00000879      0x207 .\CortexM3\ARM_GCC_473\Debug\TransmitReadings_freeSoC.a(CyLib.o)
 .debug_abbrev  0x00000a80      0x170 .\CortexM3\ARM_GCC_473\Debug\TransmitReadings_freeSoC.a(cyPm.o)
 .debug_abbrev  0x00000bf0       0xaa .\CortexM3\ARM_GCC_473\Debug\TransmitReadings_freeSoC.a(psoc.o)
 .debug_abbrev  0x00000c9a       0x83 .\CortexM3\ARM_GCC_473\Debug\TransmitReadings_freeSoC.a(psoc_INT.o)
 .debug_abbrev  0x00000d1d      0x120 .\CortexM3\ARM_GCC_473\Debug\TransmitReadings_freeSoC.a(psoc_MASTER.o)
 .debug_abbrev  0x00000e3d      0x165 .\CortexM3\ARM_GCC_473\Debug\TransmitReadings_freeSoC.a(UART_Wind.o)
 .debug_abbrev  0x00000fa2      0x12d .\CortexM3\ARM_GCC_473\Debug\TransmitReadings_freeSoC.a(isr_Wind.o)
 .debug_abbrev  0x000010cf      0x165 .\CortexM3\ARM_GCC_473\Debug\TransmitReadings_freeSoC.a(UART_SBD.o)
 .debug_abbrev  0x00001234      0x12d .\CortexM3\ARM_GCC_473\Debug\TransmitReadings_freeSoC.a(SBD_reply.o)
 .debug_abbrev  0x00001361      0x11f .\CortexM3\ARM_GCC_473\Debug\TransmitReadings_freeSoC.a(UART_Wind_IntClock.o)
 .debug_abbrev  0x00001480      0x11f .\CortexM3\ARM_GCC_473\Debug\TransmitReadings_freeSoC.a(UART_SBD_IntClock.o)
 .debug_abbrev  0x0000159f      0x158 .\CortexM3\ARM_GCC_473\Debug\TransmitReadings_freeSoC.a(master.o)
 .debug_abbrev  0x000016f7      0x11f .\CortexM3\ARM_GCC_473\Debug\TransmitReadings_freeSoC.a(clock.o)
 .debug_abbrev  0x00001816      0x175 .\CortexM3\ARM_GCC_473\Debug\TransmitReadings_freeSoC.a(ADC.o)
 .debug_abbrev  0x0000198b       0x44 .\CortexM3\ARM_GCC_473\Debug\TransmitReadings_freeSoC.a(ADC_INT.o)
 .debug_abbrev  0x000019cf      0x11f .\CortexM3\ARM_GCC_473\Debug\TransmitReadings_freeSoC.a(ADC_theACLK.o)
 .debug_abbrev  0x00001aee       0xeb .\CortexM3\ARM_GCC_473\Debug\TransmitReadings_freeSoC.a(Timer.o)
 .debug_abbrev  0x00001bd9      0x11f .\CortexM3\ARM_GCC_473\Debug\TransmitReadings_freeSoC.a(timer_clock.o)
 .debug_abbrev  0x00001cf8      0x12d .\CortexM3\ARM_GCC_473\Debug\TransmitReadings_freeSoC.a(timeout_isr.o)
 .debug_abbrev  0x00001e25      0x172 .\CortexM3\ARM_GCC_473\Debug\TransmitReadings_freeSoC.a(CyFlash.o)
 .debug_abbrev  0x00001f97      0x15f .\CortexM3\ARM_GCC_473\Debug\TransmitReadings_freeSoC.a(CySpc.o)

.debug_line     0x00000000     0x37af
 *(.debug_line)
 .debug_line    0x00000000      0x2ba .\CortexM3\ARM_GCC_473\Debug\main.o
 .debug_line    0x000002ba      0x16e .\CortexM3\ARM_GCC_473\Debug\magnetometer.o
 .debug_line    0x00000428      0x164 .\CortexM3\ARM_GCC_473\Debug\thermocouple.o
 .debug_line    0x0000058c      0x125 .\CortexM3\ARM_GCC_473\Debug\Batteryvoltage.o
 .debug_line    0x000006b1      0x205 .\CortexM3\ARM_GCC_473\Debug\RH.o
 .debug_line    0x000008b6       0x53 .\CortexM3\ARM_GCC_473\Debug\cymetadata.o
 .debug_line    0x00000909      0x1b0 .\CortexM3\ARM_GCC_473\Debug\Cm3Start.o
 .debug_line    0x00000ab9      0x237 .\CortexM3\ARM_GCC_473\Debug\TransmitReadings_freeSoC.a(cyfitter_cfg.o)
 .debug_line    0x00000cf0       0x68 .\CortexM3\ARM_GCC_473\Debug\TransmitReadings_freeSoC.a(CyBootAsmGnu.o)
 .debug_line    0x00000d58      0x73b .\CortexM3\ARM_GCC_473\Debug\TransmitReadings_freeSoC.a(CyLib.o)
 .debug_line    0x00001493      0x370 .\CortexM3\ARM_GCC_473\Debug\TransmitReadings_freeSoC.a(cyPm.o)
 .debug_line    0x00001803       0xb4 .\CortexM3\ARM_GCC_473\Debug\TransmitReadings_freeSoC.a(psoc.o)
 .debug_line    0x000018b7      0x13d .\CortexM3\ARM_GCC_473\Debug\TransmitReadings_freeSoC.a(psoc_INT.o)
 .debug_line    0x000019f4      0x219 .\CortexM3\ARM_GCC_473\Debug\TransmitReadings_freeSoC.a(psoc_MASTER.o)
 .debug_line    0x00001c0d      0x2f4 .\CortexM3\ARM_GCC_473\Debug\TransmitReadings_freeSoC.a(UART_Wind.o)
 .debug_line    0x00001f01      0x153 .\CortexM3\ARM_GCC_473\Debug\TransmitReadings_freeSoC.a(isr_Wind.o)
 .debug_line    0x00002054      0x2f3 .\CortexM3\ARM_GCC_473\Debug\TransmitReadings_freeSoC.a(UART_SBD.o)
 .debug_line    0x00002347      0x144 .\CortexM3\ARM_GCC_473\Debug\TransmitReadings_freeSoC.a(SBD_reply.o)
 .debug_line    0x0000248b      0x1a9 .\CortexM3\ARM_GCC_473\Debug\TransmitReadings_freeSoC.a(UART_Wind_IntClock.o)
 .debug_line    0x00002634      0x1a8 .\CortexM3\ARM_GCC_473\Debug\TransmitReadings_freeSoC.a(UART_SBD_IntClock.o)
 .debug_line    0x000027dc      0x274 .\CortexM3\ARM_GCC_473\Debug\TransmitReadings_freeSoC.a(master.o)
 .debug_line    0x00002a50      0x19c .\CortexM3\ARM_GCC_473\Debug\TransmitReadings_freeSoC.a(clock.o)
 .debug_line    0x00002bec      0x201 .\CortexM3\ARM_GCC_473\Debug\TransmitReadings_freeSoC.a(ADC.o)
 .debug_line    0x00002ded       0x55 .\CortexM3\ARM_GCC_473\Debug\TransmitReadings_freeSoC.a(ADC_INT.o)
 .debug_line    0x00002e42      0x1c6 .\CortexM3\ARM_GCC_473\Debug\TransmitReadings_freeSoC.a(ADC_theACLK.o)
 .debug_line    0x00003008      0x15f .\CortexM3\ARM_GCC_473\Debug\TransmitReadings_freeSoC.a(Timer.o)
 .debug_line    0x00003167      0x1a2 .\CortexM3\ARM_GCC_473\Debug\TransmitReadings_freeSoC.a(timer_clock.o)
 .debug_line    0x00003309      0x156 .\CortexM3\ARM_GCC_473\Debug\TransmitReadings_freeSoC.a(timeout_isr.o)
 .debug_line    0x0000345f      0x1a9 .\CortexM3\ARM_GCC_473\Debug\TransmitReadings_freeSoC.a(CyFlash.o)
 .debug_line    0x00003608      0x1a7 .\CortexM3\ARM_GCC_473\Debug\TransmitReadings_freeSoC.a(CySpc.o)

.debug_frame    0x00000000     0x3db4
 *(.debug_frame)
 .debug_frame   0x00000000       0xe4 .\CortexM3\ARM_GCC_473\Debug\main.o
 .debug_frame   0x000000e4       0x90 .\CortexM3\ARM_GCC_473\Debug\magnetometer.o
 .debug_frame   0x00000174       0x50 .\CortexM3\ARM_GCC_473\Debug\thermocouple.o
 .debug_frame   0x000001c4       0x30 .\CortexM3\ARM_GCC_473\Debug\Batteryvoltage.o
 .debug_frame   0x000001f4      0x12c .\CortexM3\ARM_GCC_473\Debug\RH.o
 .debug_frame   0x00000320       0xa4 .\CortexM3\ARM_GCC_473\Debug\Cm3Start.o
 .debug_frame   0x000003c4      0x120 .\CortexM3\ARM_GCC_473\Debug\TransmitReadings_freeSoC.a(cyfitter_cfg.o)
 .debug_frame   0x000004e4      0x778 .\CortexM3\ARM_GCC_473\Debug\TransmitReadings_freeSoC.a(CyLib.o)
 .debug_frame   0x00000c5c      0x1d0 .\CortexM3\ARM_GCC_473\Debug\TransmitReadings_freeSoC.a(cyPm.o)
 .debug_frame   0x00000e2c       0x84 .\CortexM3\ARM_GCC_473\Debug\TransmitReadings_freeSoC.a(psoc.o)
 .debug_frame   0x00000eb0       0x30 .\CortexM3\ARM_GCC_473\Debug\TransmitReadings_freeSoC.a(psoc_INT.o)
 .debug_frame   0x00000ee0      0x198 .\CortexM3\ARM_GCC_473\Debug\TransmitReadings_freeSoC.a(psoc_MASTER.o)
 .debug_frame   0x00001078      0x328 .\CortexM3\ARM_GCC_473\Debug\TransmitReadings_freeSoC.a(UART_Wind.o)
 .debug_frame   0x000013a0      0x180 .\CortexM3\ARM_GCC_473\Debug\TransmitReadings_freeSoC.a(isr_Wind.o)
 .debug_frame   0x00001520      0x328 .\CortexM3\ARM_GCC_473\Debug\TransmitReadings_freeSoC.a(UART_SBD.o)
 .debug_frame   0x00001848      0x180 .\CortexM3\ARM_GCC_473\Debug\TransmitReadings_freeSoC.a(SBD_reply.o)
 .debug_frame   0x000019c8      0x14c .\CortexM3\ARM_GCC_473\Debug\TransmitReadings_freeSoC.a(UART_Wind_IntClock.o)
 .debug_frame   0x00001b14      0x14c .\CortexM3\ARM_GCC_473\Debug\TransmitReadings_freeSoC.a(UART_SBD_IntClock.o)
 .debug_frame   0x00001c60      0x2c4 .\CortexM3\ARM_GCC_473\Debug\TransmitReadings_freeSoC.a(master.o)
 .debug_frame   0x00001f24      0x14c .\CortexM3\ARM_GCC_473\Debug\TransmitReadings_freeSoC.a(clock.o)
 .debug_frame   0x00002070      0x22c .\CortexM3\ARM_GCC_473\Debug\TransmitReadings_freeSoC.a(ADC.o)
 .debug_frame   0x0000229c       0x2c .\CortexM3\ARM_GCC_473\Debug\TransmitReadings_freeSoC.a(ADC_INT.o)
 .debug_frame   0x000022c8      0x184 .\CortexM3\ARM_GCC_473\Debug\TransmitReadings_freeSoC.a(ADC_theACLK.o)
 .debug_frame   0x0000244c      0x198 .\CortexM3\ARM_GCC_473\Debug\TransmitReadings_freeSoC.a(Timer.o)
 .debug_frame   0x000025e4      0x14c .\CortexM3\ARM_GCC_473\Debug\TransmitReadings_freeSoC.a(timer_clock.o)
 .debug_frame   0x00002730      0x180 .\CortexM3\ARM_GCC_473\Debug\TransmitReadings_freeSoC.a(timeout_isr.o)
 .debug_frame   0x000028b0      0x178 .\CortexM3\ARM_GCC_473\Debug\TransmitReadings_freeSoC.a(CyFlash.o)
 .debug_frame   0x00002a28      0x13c .\CortexM3\ARM_GCC_473\Debug\TransmitReadings_freeSoC.a(CySpc.o)
 .debug_frame   0x00002b64       0x38 c:/program files (x86)/cypress/psoc creator/3.0/psoc creator/import/gnu_cs/arm/4.7.3/bin/../lib/gcc/arm-none-eabi/4.7.3/../../../../arm-none-eabi/lib/armv7-m\libm.a(lib_a-s_atan.o)
 .debug_frame   0x00002b9c       0x20 c:/program files (x86)/cypress/psoc creator/3.0/psoc creator/import/gnu_cs/arm/4.7.3/bin/../lib/gcc/arm-none-eabi/4.7.3/../../../../arm-none-eabi/lib/armv7-m\libm.a(lib_a-s_fabs.o)
 .debug_frame   0x00002bbc       0x38 c:/program files (x86)/cypress/psoc creator/3.0/psoc creator/import/gnu_cs/arm/4.7.3/bin/../lib/gcc/arm-none-eabi/4.7.3/../../../../arm-none-eabi/lib/armv7-m\libm.a(lib_a-w_pow.o)
 .debug_frame   0x00002bf4       0x38 c:/program files (x86)/cypress/psoc creator/3.0/psoc creator/import/gnu_cs/arm/4.7.3/bin/../lib/gcc/arm-none-eabi/4.7.3/../../../../arm-none-eabi/lib/armv7-m\libm.a(lib_a-e_pow.o)
 .debug_frame   0x00002c2c       0x34 c:/program files (x86)/cypress/psoc creator/3.0/psoc creator/import/gnu_cs/arm/4.7.3/bin/../lib/gcc/arm-none-eabi/4.7.3/../../../../arm-none-eabi/lib/armv7-m\libm.a(lib_a-e_sqrt.o)
 .debug_frame   0x00002c60       0x20 c:/program files (x86)/cypress/psoc creator/3.0/psoc creator/import/gnu_cs/arm/4.7.3/bin/../lib/gcc/arm-none-eabi/4.7.3/../../../../arm-none-eabi/lib/armv7-m\libm.a(lib_a-s_finite.o)
 .debug_frame   0x00002c80       0x20 c:/program files (x86)/cypress/psoc creator/3.0/psoc creator/import/gnu_cs/arm/4.7.3/bin/../lib/gcc/arm-none-eabi/4.7.3/../../../../arm-none-eabi/lib/armv7-m\libm.a(lib_a-s_fpclassify.o)