Archive member included because of file (symbol)

.\CortexM3\ARM_GCC_473\Debug\TransmitReadings_freeSoC.a(cyfitter_cfg.o)
                              .\CortexM3\ARM_GCC_473\Debug\Cm3Start.o (cyfitter_cfg)
.\CortexM3\ARM_GCC_473\Debug\TransmitReadings_freeSoC.a(CyBootAsmGnu.o)
                              .\CortexM3\ARM_GCC_473\Debug\TransmitReadings_freeSoC.a(cyfitter_cfg.o) (CyDelayCycles)
.\CortexM3\ARM_GCC_473\Debug\TransmitReadings_freeSoC.a(CyLib.o)
                              .\CortexM3\ARM_GCC_473\Debug\Cm3Start.o (CyResetStatus)
.\CortexM3\ARM_GCC_473\Debug\TransmitReadings_freeSoC.a(cyPm.o)
                              .\CortexM3\ARM_GCC_473\Debug\TransmitReadings_freeSoC.a(CyLib.o) (CyPmReadStatus)
.\CortexM3\ARM_GCC_473\Debug\TransmitReadings_freeSoC.a(psoc.o)
                              .\CortexM3\ARM_GCC_473\Debug\main.o (psoc_Start)
.\CortexM3\ARM_GCC_473\Debug\TransmitReadings_freeSoC.a(psoc_INT.o)
                              .\CortexM3\ARM_GCC_473\Debug\TransmitReadings_freeSoC.a(psoc.o) (psoc_ISR)
.\CortexM3\ARM_GCC_473\Debug\TransmitReadings_freeSoC.a(psoc_PM.o)
                              .\CortexM3\ARM_GCC_473\Debug\TransmitReadings_freeSoC.a(psoc.o) (psoc_backup)
.\CortexM3\ARM_GCC_473\Debug\TransmitReadings_freeSoC.a(psoc_MASTER.o)
                              .\CortexM3\ARM_GCC_473\Debug\TransmitReadings_freeSoC.a(psoc_INT.o) (psoc_mstrStatus)
.\CortexM3\ARM_GCC_473\Debug\TransmitReadings_freeSoC.a(UART_Wind.o)
                              .\CortexM3\ARM_GCC_473\Debug\main.o (UART_Wind_Start)
.\CortexM3\ARM_GCC_473\Debug\TransmitReadings_freeSoC.a(isr_Wind.o)
                              .\CortexM3\ARM_GCC_473\Debug\main.o (isr_Wind_StartEx)
.\CortexM3\ARM_GCC_473\Debug\TransmitReadings_freeSoC.a(UART_SBD.o)
                              .\CortexM3\ARM_GCC_473\Debug\main.o (UART_SBD_Start)
.\CortexM3\ARM_GCC_473\Debug\TransmitReadings_freeSoC.a(SBD_reply.o)
                              .\CortexM3\ARM_GCC_473\Debug\main.o (SBD_reply_Start)
.\CortexM3\ARM_GCC_473\Debug\TransmitReadings_freeSoC.a(UART_Wind_IntClock.o)
                              .\CortexM3\ARM_GCC_473\Debug\TransmitReadings_freeSoC.a(UART_Wind.o) (UART_Wind_IntClock_Start)
.\CortexM3\ARM_GCC_473\Debug\TransmitReadings_freeSoC.a(UART_SBD_IntClock.o)
                              .\CortexM3\ARM_GCC_473\Debug\TransmitReadings_freeSoC.a(UART_SBD.o) (UART_SBD_IntClock_Start)
.\CortexM3\ARM_GCC_473\Debug\TransmitReadings_freeSoC.a(master.o)
                              .\CortexM3\ARM_GCC_473\Debug\main.o (master_Start)
.\CortexM3\ARM_GCC_473\Debug\TransmitReadings_freeSoC.a(clock.o)
                              .\CortexM3\ARM_GCC_473\Debug\main.o (clock_Start)
.\CortexM3\ARM_GCC_473\Debug\TransmitReadings_freeSoC.a(CyFlash.o)
                              .\CortexM3\ARM_GCC_473\Debug\TransmitReadings_freeSoC.a(cyPm.o) (CyFlash_SetWaitCycles)
.\CortexM3\ARM_GCC_473\Debug\TransmitReadings_freeSoC.a(CySpc.o)
                              .\CortexM3\ARM_GCC_473\Debug\TransmitReadings_freeSoC.a(CyFlash.o) (CySpcStart)
c:/program files (x86)/cypress/psoc creator/3.0/psoc creator/import/gnu_cs/arm/4.7.3/bin/../lib/gcc/arm-none-eabi/4.7.3/../../../../arm-none-eabi/lib/armv7-m\libm.a(lib_a-s_atan.o)
                              .\CortexM3\ARM_GCC_473\Debug\magnetometer.o (atan)
c:/program files (x86)/cypress/psoc creator/3.0/psoc creator/import/gnu_cs/arm/4.7.3/bin/../lib/gcc/arm-none-eabi/4.7.3/../../../../arm-none-eabi/lib/armv7-m\libm.a(lib_a-s_fabs.o)
                              c:/program files (x86)/cypress/psoc creator/3.0/psoc creator/import/gnu_cs/arm/4.7.3/bin/../lib/gcc/arm-none-eabi/4.7.3/../../../../arm-none-eabi/lib/armv7-m\libm.a(lib_a-s_atan.o) (fabs)
c:/program files (x86)/cypress/psoc creator/3.0/psoc creator/import/gnu_cs/arm/4.7.3/bin/../lib/gcc/arm-none-eabi/4.7.3/../../../../arm-none-eabi/lib/armv7-m\libm.a(lib_a-w_pow.o)
                              .\CortexM3\ARM_GCC_473\Debug\thermocouple.o (pow)
c:/program files (x86)/cypress/psoc creator/3.0/psoc creator/import/gnu_cs/arm/4.7.3/bin/../lib/gcc/arm-none-eabi/4.7.3/../../../../arm-none-eabi/lib/armv7-m\libm.a(lib_a-e_pow.o)
                              c:/program files (x86)/cypress/psoc creator/3.0/psoc creator/import/gnu_cs/arm/4.7.3/bin/../lib/gcc/arm-none-eabi/4.7.3/../../../../arm-none-eabi/lib/armv7-m\libm.a(lib_a-w_pow.o) (__ieee754_pow)
c:/program files (x86)/cypress/psoc creator/3.0/psoc creator/import/gnu_cs/arm/4.7.3/bin/../lib/gcc/arm-none-eabi/4.7.3/../../../../arm-none-eabi/lib/armv7-m\libm.a(lib_a-e_sqrt.o)
                              c:/program files (x86)/cypress/psoc creator/3.0/psoc creator/import/gnu_cs/arm/4.7.3/bin/../lib/gcc/arm-none-eabi/4.7.3/../../../../arm-none-eabi/lib/armv7-m\libm.a(lib_a-e_pow.o) (__ieee754_sqrt)
c:/program files (x86)/cypress/psoc creator/3.0/psoc creator/import/gnu_cs/arm/4.7.3/bin/../lib/gcc/arm-none-eabi/4.7.3/../../../../arm-none-eabi/lib/armv7-m\libm.a(lib_a-s_finite.o)
[...]
Memory Configuration

Name             Origin             Length             Attributes
rom              0x00000000         0x00040000         xr
ram              0x1fff8000         0x00010000         xrw
*default*        0x00000000         0xffffffff

Linker script and memory map

LOAD c:/program files (x86)/cypress/psoc creator/3.0/psoc creator/import/gnu_cs/arm/4.7.3/bin/../lib/gcc/arm-none-eabi/4.7.3/armv7-m/crti.o
LOAD c:/program files (x86)/cypress/psoc creator/3.0/psoc creator/import/gnu_cs/arm/4.7.3/bin/../lib/gcc/arm-none-eabi/4.7.3/armv7-m/crtbegin.o
LOAD c:/program files (x86)/cypress/psoc creator/3.0/psoc creator/import/gnu_cs/arm/4.7.3/bin/../lib/gcc/arm-none-eabi/4.7.3/../../../../arm-none-eabi/lib/armv7-m/crt0.o
START GROUP
LOAD .\CortexM3\ARM_GCC_473\Debug\main.o
LOAD .\CortexM3\ARM_GCC_473\Debug\magnetometer.o
LOAD .\CortexM3\ARM_GCC_473\Debug\thermocouple.o
LOAD .\CortexM3\ARM_GCC_473\Debug\cymetadata.o
LOAD .\CortexM3\ARM_GCC_473\Debug\Cm3Start.o
LOAD .\CortexM3\ARM_GCC_473\Debug\TransmitReadings_freeSoC.a
LOAD C:\Program Files (x86)\Cypress\PSoC Creator\3.0\PSoC Creator\psoc\content\cycomponentlibrary\CyComponentLibrary.cylib\CortexM3\ARM_GCC_473\Debug\CyComponentLibrary.a
LOAD c:/program files (x86)/cypress/psoc creator/3.0/psoc creator/import/gnu_cs/arm/4.7.3/bin/../lib/gcc/arm-none-eabi/4.7.3/../../../../arm-none-eabi/lib/armv7-m\libm.a
END GROUP
START GROUP
LOAD c:/program files (x86)/cypress/psoc creator/3.0/psoc creator/import/gnu_cs/arm/4.7.3/bin/../lib/gcc/arm-none-eabi/4.7.3/armv7-m\libgcc.a
LOAD c:/program files (x86)/cypress/psoc creator/3.0/psoc creator/import/gnu_cs/arm/4.7.3/bin/../lib/gcc/arm-none-eabi/4.7.3/../../../../arm-none-eabi/lib/armv7-m\libc_s.a
END GROUP
LOAD c:/program files (x86)/cypress/psoc creator/3.0/psoc creator/import/gnu_cs/arm/4.7.3/bin/../lib/gcc/arm-none-eabi/4.7.3/armv7-m/crtend.o
LOAD c:/program files (x86)/cypress/psoc creator/3.0/psoc creator/import/gnu_cs/arm/4.7.3/bin/../lib/gcc/arm-none-eabi/4.7.3/armv7-m/crtn.o
START GROUP
LOAD c:/program files (x86)/cypress/psoc creator/3.0/psoc creator/import/gnu_cs/arm/4.7.3/bin/../lib/gcc/arm-none-eabi/4.7.3/armv7-m\libgcc.a
LOAD c:/program files (x86)/cypress/psoc creator/3.0/psoc creator/import/gnu_cs/arm/4.7.3/bin/../lib/gcc/arm-none-eabi/4.7.3/../../../../arm-none-eabi/lib/armv7-m\libc.a
LOAD c:/program files (x86)/cypress/psoc creator/3.0/psoc creator/import/gnu_cs/arm/4.7.3/bin/../lib/gcc/arm-none-eabi/4.7.3/../../../../arm-none-eabi/lib/armv7-m\libnosys.a
END GROUP
                0x00000000                CY_APPL_ORIGIN = 0x0
                0x00000100                CY_FLASH_ROW_SIZE = 0x100
                0x00000020                CY_ECC_ROW_SIZE = 0x20
                0x00000000                CY_EE_IN_BTLDR = 0x0
                0x00000000                CY_APPL_LOADABLE = 0x0
                0x00000800                CY_EE_SIZE = 0x800
                0x00000001                CY_APPL_NUM = 0x1
                0x00000001                CY_APPL_MAX = 0x1
                0x00000040                CY_METADATA_SIZE = 0x40
                0x1fff83e0                PROVIDE (__cy_heap_start, _end)
                0x00000001                PROVIDE (__cy_region_num, ((__cy_regions_end - __cy_regions) / 0x10))
                0x20008000                PROVIDE (__cy_stack, (ORIGIN (ram) + 0x10000))
                0x20004000                PROVIDE (__cy_heap_end, (__cy_stack - 0x4000))

.cybootloader   0x00000000        0x0
 *(.cybootloader)
                0x00000000                appl1_start = CY_APPL_ORIGIN?CY_APPL_ORIGIN:ALIGN (CY_FLASH_ROW_SIZE)
                0x0001ff00                appl2_start = (appl1_start + ALIGN ((((0x40000 - appl1_start) - (0x2 * CY_FLASH_ROW_SIZE)) / 0x2), CY_FLASH_ROW_SIZE))
                0x00000000                appl_start = (CY_APPL_NUM == 0x1)?appl1_start:appl2_start
                0x00000000                ecc_offset = ((appl_start / CY_FLASH_ROW_SIZE) * CY_ECC_ROW_SIZE)
                0x00000000                ee_offset = (CY_APPL_LOADABLE && ! (CY_EE_IN_BTLDR))?((CY_EE_SIZE / CY_APPL_MAX) * (CY_APPL_NUM - 0x1)):0x0
                0x00000800                ee_size = (CY_APPL_LOADABLE && ! (CY_EE_IN_BTLDR))?(CY_EE_SIZE / CY_APPL_MAX):CY_EE_SIZE
                0x00000000                PROVIDE (CY_ECC_OFFSET, ecc_offset)

.text           0x00000000     0x4e30
 CREATE_OBJECT_SYMBOLS
                0x00000000                PROVIDE (__cy_interrupt_vector, RomVectors)
 *(.romvectors)
 .romvectors    0x00000000       0x10 .\CortexM3\ARM_GCC_473\Debug\Cm3Start.o
                0x00000000                RomVectors
                0x00000001                ASSERT ((. != __cy_interrupt_vector), No interrupt vector)
                0x00000001                ASSERT (CY_APPL_ORIGIN?(SIZEOF (.cybootloader) <= CY_APPL_ORIGIN):0x1, Wrong image location)
                0x00000010                PROVIDE (__cy_reset, Reset)
 *(.text.Reset)
 .text.Reset    0x00000010       0x1c .\CortexM3\ARM_GCC_473\Debug\Cm3Start.o
                0x00000010                Reset
                0x00000001                ASSERT ((. != __cy_reset), No reset code)
 *(.dma_init)
                0x00000001                ASSERT ((((appl_start + .) <= 0x10000) || 0x1), DMA Init must be within the first 64k of flash)
 *(.text .text.* .gnu.linkonce.t.*)
 .text          0x0000002c       0x54 c:/program files (x86)/cypress/psoc creator/3.0/psoc creator/import/gnu_cs/arm/4.7.3/bin/../lib/gcc/arm-none-eabi/4.7.3/armv7-m/crtbegin.o
 .text.main     0x00000080       0xa0 .\CortexM3\ARM_GCC_473\Debug\main.o
                0x00000080                main
 .text.windprocessPacket
                0x00000120      0x35c .\CortexM3\ARM_GCC_473\Debug\main.o
                0x00000120                windprocessPacket
 .text.clearPacketSBD
                0x0000047c       0x28 .\CortexM3\ARM_GCC_473\Debug\main.o
                0x0000047c                clearPacketSBD
 .text.clearPacketwind
                0x000004a4       0x28 .\CortexM3\ARM_GCC_473\Debug\main.o
                0x000004a4                clearPacketwind
 .text.IntWind  0x000004cc       0x64 .\CortexM3\ARM_GCC_473\Debug\main.o
                0x000004cc                IntWind
 .text.SBD_int  0x00000530       0x80 .\CortexM3\ARM_GCC_473\Debug\main.o
                0x00000530                SBD_int
 .text.writeregister
                0x000005b0       0x48 .\CortexM3\ARM_GCC_473\Debug\magnetometer.o
                0x000005b0                writeregister
 .text.readregister
                0x000005f8       0x64 .\CortexM3\ARM_GCC_473\Debug\magnetometer.o
                0x000005f8                readregister
 .text.getmeasurement
                0x0000065c       0x44 .\CortexM3\ARM_GCC_473\Debug\magnetometer.o
                0x0000065c                getmeasurement
 .text.getheading
                0x000006a0      0x130 .\CortexM3\ARM_GCC_473\Debug\magnetometer.o
                0x000006a0                getheading
 .text.gettemperature
                0x000007d0      0x150 .\CortexM3\ARM_GCC_473\Debug\thermocouple.o
                0x000007d0                gettemperature
 .text.IntDefaultHandler
                0x00000920        0x8 .\CortexM3\ARM_GCC_473\Debug\Cm3Start.o
                0x00000920                IntDefaultHandler
 .text.Start_c  0x00000928       0xcc .\CortexM3\ARM_GCC_473\Debug\Cm3Start.o
                0x00000928                Start_c
 .text.initialize_psoc
                0x000009f4       0xb4 .\CortexM3\ARM_GCC_473\Debug\Cm3Start.o
                0x000009f4                initialize_psoc
 .text.CYMEMZERO
                0x00000aa8       0x20 .\CortexM3\ARM_GCC_473\Debug\TransmitReadings_freeSoC.a(cyfitter_cfg.o)
 .text.CYCONFIGCPY
                0x00000ac8       0x20 .\CortexM3\ARM_GCC_473\Debug\TransmitReadings_freeSoC.a(cyfitter_cfg.o)
 .text.CyClockStartupError
                0x00000ae8        0xc .\CortexM3\ARM_GCC_473\Debug\TransmitReadings_freeSoC.a(cyfitter_cfg.o)
 .text.cfg_write_bytes32
                0x00000af4       0x84 .\CortexM3\ARM_GCC_473\Debug\TransmitReadings_freeSoC.a(cyfitter_cfg.o)
 .text.ClockSetup
                0x00000b78      0x188 .\CortexM3\ARM_GCC_473\Debug\TransmitReadings_freeSoC.a(cyfitter_cfg.o)
 .text.AnalogSetDefault
                0x00000d00       0x50 .\CortexM3\ARM_GCC_473\Debug\TransmitReadings_freeSoC.a(cyfitter_cfg.o)
 .text.cyfitter_cfg
                0x00000d50      0x1dc .\CortexM3\ARM_GCC_473\Debug\TransmitReadings_freeSoC.a(cyfitter_cfg.o)
                0x00000d50                cyfitter_cfg
 *fill*         0x00000f2c        0x4 00
 .text          0x00000f30       0x28 .\CortexM3\ARM_GCC_473\Debug\TransmitReadings_freeSoC.a(CyBootAsmGnu.o)
                0x00000f30                CyDelayCycles
                0x00000f44                CyEnterCriticalSection
                0x00000f4c                CyExitCriticalSection
 .text.CyHalt   0x00000f58       0x18 .\CortexM3\ARM_GCC_473\Debug\TransmitReadings_freeSoC.a(CyLib.o)
                0x00000f58                CyHalt
 .text.CyDelay  0x00000f70       0x48 .\CortexM3\ARM_GCC_473\Debug\TransmitReadings_freeSoC.a(CyLib.o)
                0x00000f70                CyDelay
 .text.CyIntSetVector
                0x00000fb8       0x60 .\CortexM3\ARM_GCC_473\Debug\TransmitReadings_freeSoC.a(CyLib.o)
                0x00000fb8                CyIntSetVector
 .text.CyIntSetPriority
                0x00001018       0x4c .\CortexM3\ARM_GCC_473\Debug\TransmitReadings_freeSoC.a(CyLib.o)
                0x00001018                CyIntSetPriority
 .text.psoc_Init
                0x00001064       0x84 .\CortexM3\ARM_GCC_473\Debug\TransmitReadings_freeSoC.a(psoc.o)
                0x00001064                psoc_Init
 .text.psoc_Enable
                0x000010e8       0x58 .\CortexM3\ARM_GCC_473\Debug\TransmitReadings_freeSoC.a(psoc.o)
                0x000010e8                psoc_Enable
 .text.psoc_Start
                0x00001140       0x38 .\CortexM3\ARM_GCC_473\Debug\TransmitReadings_freeSoC.a(psoc.o)
                0x00001140                psoc_Start
 .text.psoc_ISR
                0x00001178      0x598 .\CortexM3\ARM_GCC_473\Debug\TransmitReadings_freeSoC.a(psoc_INT.o)
                0x00001178                psoc_ISR
 .text.psoc_MasterSendStart
                0x00001710       0xf4 .\CortexM3\ARM_GCC_473\Debug\TransmitReadings_freeSoC.a(psoc_MASTER.o)
                0x00001710                psoc_MasterSendStart
 .text.psoc_MasterSendStop
                0x00001804       0x74 .\CortexM3\ARM_GCC_473\Debug\TransmitReadings_freeSoC.a(psoc_MASTER.o)
                0x00001804                psoc_MasterSendStop
 .text.psoc_MasterWriteByte
                0x00001878       0xb0 .\CortexM3\ARM_GCC_473\Debug\TransmitReadings_freeSoC.a(psoc_MASTER.o)
                0x00001878                psoc_MasterWriteByte
 .text.psoc_MasterReadByte
                0x00001928       0xa4 .\CortexM3\ARM_GCC_473\Debug\TransmitReadings_freeSoC.a(psoc_MASTER.o)
                0x00001928                psoc_MasterReadByte
 .text.psoc_MasterClearStatus
                0x000019cc       0x30 .\CortexM3\ARM_GCC_473\Debug\TransmitReadings_freeSoC.a(psoc_MASTER.o)
                0x000019cc                psoc_MasterClearStatus
 .text.psoc_MasterClearReadBuf
                0x000019fc       0x34 .\CortexM3\ARM_GCC_473\Debug\TransmitReadings_freeSoC.a(psoc_MASTER.o)
                0x000019fc                psoc_MasterClearReadBuf
 .text.psoc_MasterClearWriteBuf
                0x00001a30       0x34 .\CortexM3\ARM_GCC_473\Debug\TransmitReadings_freeSoC.a(psoc_MASTER.o)
                0x00001a30                psoc_MasterClearWriteBuf
 .text.psoc_Workaround
                0x00001a64        0xc .\CortexM3\ARM_GCC_473\Debug\TransmitReadings_freeSoC.a(psoc_MASTER.o)
                0x00001a64                psoc_Workaround
 .text.UART_Wind_Start
                0x00001a70       0x2c .\CortexM3\ARM_GCC_473\Debug\TransmitReadings_freeSoC.a(UART_Wind.o)
                0x00001a70                UART_Wind_Start
 .text.UART_Wind_Init
                0x00001a9c       0x50 .\CortexM3\ARM_GCC_473\Debug\TransmitReadings_freeSoC.a(UART_Wind.o)
                0x00001a9c                UART_Wind_Init
 .text.UART_Wind_Enable
                0x00001aec       0x78 .\CortexM3\ARM_GCC_473\Debug\TransmitReadings_freeSoC.a(UART_Wind.o)
                0x00001aec                UART_Wind_Enable
 .text.UART_Wind_GetChar
                0x00001b64       0x4c .\CortexM3\ARM_GCC_473\Debug\TransmitReadings_freeSoC.a(UART_Wind.o)
                0x00001b64                UART_Wind_GetChar
 .text.UART_Wind_PutChar
                0x00001bb0       0x38 .\CortexM3\ARM_GCC_473\Debug\TransmitReadings_freeSoC.a(UART_Wind.o)
                0x00001bb0                UART_Wind_PutChar
 .text.UART_Wind_PutString
                0x00001be8       0x48 .\CortexM3\ARM_GCC_473\Debug\TransmitReadings_freeSoC.a(UART_Wind.o)
                0x00001be8                UART_Wind_PutString
 .text.isr_Wind_StartEx
                0x00001c30       0x28 .\CortexM3\ARM_GCC_473\Debug\TransmitReadings_freeSoC.a(isr_Wind.o)
                0x00001c30                isr_Wind_StartEx
 .text.isr_Wind_SetVector
                0x00001c58       0x28 .\CortexM3\ARM_GCC_473\Debug\TransmitReadings_freeSoC.a(isr_Wind.o)
                0x00001c58                isr_Wind_SetVector
 .text.isr_Wind_SetPriority
                0x00001c80       0x28 .\CortexM3\ARM_GCC_473\Debug\TransmitReadings_freeSoC.a(isr_Wind.o)
                0x00001c80                isr_Wind_SetPriority
 .text.isr_Wind_Enable
                0x00001ca8       0x18 .\CortexM3\ARM_GCC_473\Debug\TransmitReadings_freeSoC.a(isr_Wind.o)
                0x00001ca8                isr_Wind_Enable
 .text.isr_Wind_Disable
                0x00001cc0       0x18 .\CortexM3\ARM_GCC_473\Debug\TransmitReadings_freeSoC.a(isr_Wind.o)
                0x00001cc0                isr_Wind_Disable
 .text.UART_SBD_Start
                0x00001cd8       0x2c .\CortexM3\ARM_GCC_473\Debug\TransmitReadings_freeSoC.a(UART_SBD.o)
                0x00001cd8                UART_SBD_Start
 .text.UART_SBD_Init
                0x00001d04       0x50 .\CortexM3\ARM_GCC_473\Debug\TransmitReadings_freeSoC.a(UART_SBD.o)
                0x00001d04                UART_SBD_Init
 .text.UART_SBD_Enable
                0x00001d54       0x78 .\CortexM3\ARM_GCC_473\Debug\TransmitReadings_freeSoC.a(UART_SBD.o)
                0x00001d54                UART_SBD_Enable
 .text.UART_SBD_GetChar
                0x00001dcc       0x4c .\CortexM3\ARM_GCC_473\Debug\TransmitReadings_freeSoC.a(UART_SBD.o)
                0x00001dcc                UART_SBD_GetChar
 .text.UART_SBD_PutChar
                0x00001e18       0x38 .\CortexM3\ARM_GCC_473\Debug\TransmitReadings_freeSoC.a(UART_SBD.o)
                0x00001e18                UART_SBD_PutChar
 .text.UART_SBD_PutString
                0x00001e50       0x48 .\CortexM3\ARM_GCC_473\Debug\TransmitReadings_freeSoC.a(UART_SBD.o)
                0x00001e50                UART_SBD_PutString
 .text.SBD_reply_Start
                0x00001e98       0x24 .\CortexM3\ARM_GCC_473\Debug\TransmitReadings_freeSoC.a(SBD_reply.o)
                0x00001e98                SBD_reply_Start
 .text.SBD_reply_StartEx
                0x00001ebc       0x28 .\CortexM3\ARM_GCC_473\Debug\TransmitReadings_freeSoC.a(SBD_reply.o)
                0x00001ebc                SBD_reply_StartEx
 .text.SBD_reply_Stop
                0x00001ee4       0x18 .\CortexM3\ARM_GCC_473\Debug\TransmitReadings_freeSoC.a(SBD_reply.o)
                0x00001ee4                SBD_reply_Stop
 .text.SBD_reply_Interrupt
                0x00001efc        0xc .\CortexM3\ARM_GCC_473\Debug\TransmitReadings_freeSoC.a(SBD_reply.o)
                0x00001efc                SBD_reply_Interrupt
 .text.SBD_reply_SetVector
                0x00001f08       0x28 .\CortexM3\ARM_GCC_473\Debug\TransmitReadings_freeSoC.a(SBD_reply.o)
                0x00001f08                SBD_reply_SetVector
 .text.SBD_reply_SetPriority
                0x00001f30       0x28 .\CortexM3\ARM_GCC_473\Debug\TransmitReadings_freeSoC.a(SBD_reply.o)
                0x00001f30                SBD_reply_SetPriority
 .text.SBD_reply_Enable
                0x00001f58       0x18 .\CortexM3\ARM_GCC_473\Debug\TransmitReadings_freeSoC.a(SBD_reply.o)
                0x00001f58                SBD_reply_Enable
 .text.SBD_reply_Disable
                0x00001f70       0x18 .\CortexM3\ARM_GCC_473\Debug\TransmitReadings_freeSoC.a(SBD_reply.o)
                0x00001f70                SBD_reply_Disable
 .text.UART_Wind_IntClock_Start
                0x00001f88       0x44 .\CortexM3\ARM_GCC_473\Debug\TransmitReadings_freeSoC.a(UART_Wind_IntClock.o)
                0x00001f88                UART_Wind_IntClock_Start
 .text.UART_SBD_IntClock_Start
                0x00001fcc       0x44 .\CortexM3\ARM_GCC_473\Debug\TransmitReadings_freeSoC.a(UART_SBD_IntClock.o)
                0x00001fcc                UART_SBD_IntClock_Start
 .text.master_Init
                0x00002010       0x3c .\CortexM3\ARM_GCC_473\Debug\TransmitReadings_freeSoC.a(master.o)
                0x00002010                master_Init
 .text.master_Enable
                0x0000204c       0x7c .\CortexM3\ARM_GCC_473\Debug\TransmitReadings_freeSoC.a(master.o)
                0x0000204c                master_Enable
 .text.master_Start
                0x000020c8       0x2c .\CortexM3\ARM_GCC_473\Debug\TransmitReadings_freeSoC.a(master.o)
                0x000020c8                master_Start
 .text.master_EnableTxInt
                0x000020f4        0xc .\CortexM3\ARM_GCC_473\Debug\TransmitReadings_freeSoC.a(master.o)
                0x000020f4                master_EnableTxInt
 .text.master_EnableRxInt
                0x00002100        0xc .\CortexM3\ARM_GCC_473\Debug\TransmitReadings_freeSoC.a(master.o)
                0x00002100                master_EnableRxInt
 .text.master_ReadTxStatus
                0x0000210c       0x20 .\CortexM3\ARM_GCC_473\Debug\TransmitReadings_freeSoC.a(master.o)
                0x0000210c                master_ReadTxStatus
 .text.master_ReadRxStatus
                0x0000212c       0x20 .\CortexM3\ARM_GCC_473\Debug\TransmitReadings_freeSoC.a(master.o)
                0x0000212c                master_ReadRxStatus
 .text.master_WriteTxData
                0x0000214c       0x38 .\CortexM3\ARM_GCC_473\Debug\TransmitReadings_freeSoC.a(master.o)
                0x0000214c                master_WriteTxData
 .text.master_ReadRxData
                0x00002184       0x20 .\CortexM3\ARM_GCC_473\Debug\TransmitReadings_freeSoC.a(master.o)
                0x00002184                master_ReadRxData
 .text.master_GetRxBufferSize
                0x000021a4       0x34 .\CortexM3\ARM_GCC_473\Debug\TransmitReadings_freeSoC.a(master.o)
                0x000021a4                master_GetRxBufferSize
 .text.master_ClearFIFO
                0x000021d8       0xb0 .\CortexM3\ARM_GCC_473\Debug\TransmitReadings_freeSoC.a(master.o)
                0x000021d8                master_ClearFIFO
 .text.clock_Start
                0x00002288       0x44 .\CortexM3\ARM_GCC_473\Debug\TransmitReadings_freeSoC.a(clock.o)
                0x00002288                clock_Start
 *fill*         0x000022cc        0x4 00
 .text.atan     0x000022d0      0x368 c:/program files (x86)/cypress/psoc creator/3.0/psoc creator/import/gnu_cs/arm/4.7.3/bin/../lib/gcc/arm-none-eabi/4.7.3/../../../../arm-none-eabi/lib/armv7-m\libm.a(lib_a-s_atan.o)
                0x000022d0                atan
 .text.fabs     0x00002638        0x8 c:/program files (x86)/cypress/psoc creator/3.0/psoc creator/import/gnu_cs/arm/4.7.3/bin/../lib/gcc/arm-none-eabi/4.7.3/../../../../arm-none-eabi/lib/armv7-m\libm.a(lib_a-s_fabs.o)
                0x00002638                fabs
 .text.pow      0x00002640      0x310 c:/program files (x86)/cypress/psoc creator/3.0/psoc creator/import/gnu_cs/arm/4.7.3/bin/../lib/gcc/arm-none-eabi/4.7.3/../../../../arm-none-eabi/lib/armv7-m\libm.a(lib_a-w_pow.o)
                0x00002640                pow
 .text.__ieee754_pow
                0x00002950      0xb00 c:/program files (x86)/cypress/psoc creator/3.0/psoc creator/import/gnu_cs/arm/4.7.3/bin/../lib/gcc/arm-none-eabi/4.7.3/../../../../arm-none-eabi/lib/armv7-m\libm.a(lib_a-e_pow.o)
                0x00002950                __ieee754_pow
 .text.__ieee754_sqrt
                0x00003450      0x208 c:/program files (x86)/cypress/psoc creator/3.0/psoc creator/import/gnu_cs/arm/4.7.3/bin/../lib/gcc/arm-none-eabi/4.7.3/../../../../arm-none-eabi/lib/armv7-m\libm.a(lib_a-e_sqrt.o)
                0x00003450                __ieee754_sqrt
 .text.finite   0x00003658        0xc c:/program files (x86)/cypress/psoc creator/3.0/psoc creator/import/gnu_cs/arm/4.7.3/bin/../lib/gcc/arm-none-eabi/4.7.3/../../../../arm-none-eabi/lib/armv7-m\libm.a(lib_a-s_finite.o)
                0x00003658                finite
 .text.__fpclassifyd
                0x00003664       0x68 c:/program files (x86)/cypress/psoc creator/3.0/psoc creator/import/gnu_cs/arm/4.7.3/bin/../lib/gcc/arm-none-eabi/4.7.3/../../../../arm-none-eabi/lib/armv7-m\libm.a(lib_a-s_fpclassify.o)
                0x00003664                __fpclassifyd
 .text.matherr  0x000036cc        0x4 c:/program files (x86)/cypress/psoc creator/3.0/psoc creator/import/gnu_cs/arm/4.7.3/bin/../lib/gcc/arm-none-eabi/4.7.3/../../../../arm-none-eabi/lib/armv7-m\libm.a(lib_a-s_matherr.o)
                0x000036cc                matherr
 .text.nan      0x000036d0        0xc c:/program files (x86)/cypress/psoc creator/3.0/psoc creator/import/gnu_cs/arm/4.7.3/bin/../lib/gcc/arm-none-eabi/4.7.3/../../../../arm-none-eabi/lib/armv7-m\libm.a(lib_a-s_nan.o)
                0x000036d0                nan
 .text.rint     0x000036dc      0x128 c:/program files (x86)/cypress/psoc creator/3.0/psoc creator/import/gnu_cs/arm/4.7.3/bin/../lib/gcc/arm-none-eabi/4.7.3/../../../../arm-none-eabi/lib/armv7-m\libm.a(lib_a-s_rint.o)
                0x000036dc                rint
 *fill*         0x00003804        0x4 00
 .text.scalbn   0x00003808      0x108 c:/program files (x86)/cypress/psoc creator/3.0/psoc creator/import/gnu_cs/arm/4.7.3/bin/../lib/gcc/arm-none-eabi/4.7.3/../../../../arm-none-eabi/lib/armv7-m\libm.a(lib_a-s_scalbn.o)
                0x00003808                scalbn
 .text.copysign
                0x00003910       0x18 c:/program files (x86)/cypress/psoc creator/3.0/psoc creator/import/gnu_cs/arm/4.7.3/bin/../lib/gcc/arm-none-eabi/4.7.3/../../../../arm-none-eabi/lib/armv7-m\libm.a(lib_a-s_copysign.o)
                0x00003910                copysign
 .text          0x00003928      0x370 c:/program files (x86)/cypress/psoc creator/3.0/psoc creator/import/gnu_cs/arm/4.7.3/bin/../lib/gcc/arm-none-eabi/4.7.3/armv7-m\libgcc.a(_arm_addsubdf3.o)
                0x00003928                __aeabi_drsub
                0x00003930                __aeabi_dsub
                0x00003930                __subdf3
                0x00003934                __aeabi_dadd
                0x00003934                __adddf3
                0x00003bac                __floatunsidf
                0x00003bac                __aeabi_ui2d
                0x00003bcc                __floatsidf
                0x00003bcc                __aeabi_i2d
                0x00003bf0                __aeabi_f2d
                0x00003bf0                __extendsfdf2
                0x00003c2c                __floatundidf
                0x00003c2c                __aeabi_ul2d
                0x00003c3c                __floatdidf
                0x00003c3c                __aeabi_l2d
 .text          0x00003c98      0x424 c:/program files (x86)/cypress/psoc creator/3.0/psoc creator/import/gnu_cs/arm/4.7.3/bin/../lib/gcc/arm-none-eabi/4.7.3/armv7-m\libgcc.a(_arm_muldivdf3.o)
                0x00003c98                __aeabi_dmul
                0x00003c98                __muldf3
                0x00003eec                __divdf3
                0x00003eec                __aeabi_ddiv
 .text          0x000040bc      0x110 c:/program files (x86)/cypress/psoc creator/3.0/psoc creator/import/gnu_cs/arm/4.7.3/bin/../lib/gcc/arm-none-eabi/4.7.3/armv7-m\libgcc.a(_arm_cmpdf2.o)
                0x000040bc                __gtdf2
                0x000040bc                __gedf2
                0x000040c4                __ltdf2
                0x000040c4                __ledf2
                0x000040cc                __nedf2
                0x000040cc                __eqdf2
                0x000040cc                __cmpdf2
                0x00004148                __aeabi_cdrcmple
                0x00004158                __aeabi_cdcmpeq
                0x00004158                __aeabi_cdcmple
                0x00004168                __aeabi_dcmpeq
                0x0000417c                __aeabi_dcmplt
                0x00004190                __aeabi_dcmple
                0x000041a4                __aeabi_dcmpge
                0x000041b8                __aeabi_dcmpgt
 .text          0x000041cc       0x50 c:/program files (x86)/cypress/psoc creator/3.0/psoc creator/import/gnu_cs/arm/4.7.3/bin/../lib/gcc/arm-none-eabi/4.7.3/armv7-m\libgcc.a(_arm_fixdfsi.o)
                0x000041cc                __aeabi_d2iz
                0x000041cc                __fixdfsi
 .text          0x0000421c       0xa0 c:/program files (x86)/cypress/psoc creator/3.0/psoc creator/import/gnu_cs/arm/4.7.3/bin/../lib/gcc/arm-none-eabi/4.7.3/armv7-m\libgcc.a(_arm_truncdfsf2.o)
                0x0000421c                __truncdfsf2
                0x0000421c                __aeabi_d2f
 .text          0x000042bc      0x2a0 c:/program files (x86)/cypress/psoc creator/3.0/psoc creator/import/gnu_cs/arm/4.7.3/bin/../lib/gcc/arm-none-eabi/4.7.3/armv7-m\libgcc.a(_arm_muldivsf3.o)
                0x000042bc                __mulsf3
                0x000042bc                __aeabi_fmul
                0x00004424                __aeabi_fdiv
                0x00004424                __divsf3
 .text          0x0000455c       0x4c c:/program files (x86)/cypress/psoc creator/3.0/psoc creator/import/gnu_cs/arm/4.7.3/bin/../lib/gcc/arm-none-eabi/4.7.3/armv7-m\libgcc.a(_arm_fixsfsi.o)
                0x0000455c                __aeabi_f2iz
                0x0000455c                __fixsfsi
 .text.__errno  0x000045a8        0xc c:/program files (x86)/cypress/psoc creator/3.0/psoc creator/import/gnu_cs/arm/4.7.3/bin/../lib/gcc/arm-none-eabi/4.7.3/../../../../arm-none-eabi/lib/armv7-m\libc_s.a(lib_a-errno.o)
                0x000045a8                __errno
 .text.__libc_init_array
                0x000045b4       0x4c c:/program files (x86)/cypress/psoc creator/3.0/psoc creator/import/gnu_cs/arm/4.7.3/bin/../lib/gcc/arm-none-eabi/4.7.3/../../../../arm-none-eabi/lib/armv7-m\libc_s.a(lib_a-init.o)
                0x000045b4                __libc_init_array
 .text.memcpy   0x00004600       0x12 c:/program files (x86)/cypress/psoc creator/3.0/psoc creator/import/gnu_cs/arm/4.7.3/bin/../lib/gcc/arm-none-eabi/4.7.3/../../../../arm-none-eabi/lib/armv7-m\libc_s.a(lib_a-memcpy.o)
                0x00004600                memcpy
 .text.memset   0x00004612       0x10 c:/program files (x86)/cypress/psoc creator/3.0/psoc creator/import/gnu_cs/arm/4.7.3/bin/../lib/gcc/arm-none-eabi/4.7.3/../../../../arm-none-eabi/lib/armv7-m\libc_s.a(lib_a-memset.o)
                0x00004612                memset
 *fill*         0x00004622        0x2 00
 .text.sprintf  0x00004624       0x48 c:/program files (x86)/cypress/psoc creator/3.0/psoc creator/import/gnu_cs/arm/4.7.3/bin/../lib/gcc/arm-none-eabi/4.7.3/../../../../arm-none-eabi/lib/armv7-m\libc_s.a(lib_a-sprintf.o)
                0x00004624                siprintf
                0x00004624                sprintf
 .text.__ssputc_r
                0x0000466c       0xae c:/program files (x86)/cypress/psoc creator/3.0/psoc creator/import/gnu_cs/arm/4.7.3/bin/../lib/gcc/arm-none-eabi/4.7.3/../../../../arm-none-eabi/lib/armv7-m\libc_s.a(lib_a-svfprintf.o)
                0x0000466c                __ssputc_r
 *fill*         0x0000471a        0x2 00
 .text._svfprintf_r
                0x0000471c      0x1f4 c:/program files (x86)/cypress/psoc creator/3.0/psoc creator/import/gnu_cs/arm/4.7.3/bin/../lib/gcc/arm-none-eabi/4.7.3/../../../../arm-none-eabi/lib/armv7-m\libc_s.a(lib_a-svfprintf.o)
                0x0000471c                _svfiprintf_r
                0x0000471c                _svfprintf_r
 .text._printf_common
                0x00004910       0xde c:/program files (x86)/cypress/psoc creator/3.0/psoc creator/import/gnu_cs/arm/4.7.3/bin/../lib/gcc/arm-none-eabi/4.7.3/../../../../arm-none-eabi/lib/armv7-m\libc_s.a(lib_a-vfprintf_i.o)
                0x00004910                _printf_common
 *fill*         0x000049ee        0x2 00
 .text._printf_i
                0x000049f0      0x248 c:/program files (x86)/cypress/psoc creator/3.0/psoc creator/import/gnu_cs/arm/4.7.3/bin/../lib/gcc/arm-none-eabi/4.7.3/../../../../arm-none-eabi/lib/armv7-m\libc_s.a(lib_a-vfprintf_i.o)
                0x000049f0                _printf_i
 .text._free_r  0x00004c38       0x88 c:/program files (x86)/cypress/psoc creator/3.0/psoc creator/import/gnu_cs/arm/4.7.3/bin/../lib/gcc/arm-none-eabi/4.7.3/../../../../arm-none-eabi/lib/armv7-m\libc_s.a(lib_a-freer.o)
                0x00004c38                _free_r
 .text._malloc_r
                0x00004cc0       0x94 c:/program files (x86)/cypress/psoc creator/3.0/psoc creator/import/gnu_cs/arm/4.7.3/bin/../lib/gcc/arm-none-eabi/4.7.3/../../../../arm-none-eabi/lib/armv7-m\libc_s.a(lib_a-mallocr.o)
                0x00004cc0                _malloc_r
 .text.memchr   0x00004d54       0x1c c:/program files (x86)/cypress/psoc creator/3.0/psoc creator/import/gnu_cs/arm/4.7.3/bin/../lib/gcc/arm-none-eabi/4.7.3/../../../../arm-none-eabi/lib/armv7-m\libc_s.a(lib_a-memchr.o)
                0x00004d54                memchr
 .text._realloc_r
                0x00004d70       0x48 c:/program files (x86)/cypress/psoc creator/3.0/psoc creator/import/gnu_cs/arm/4.7.3/bin/../lib/gcc/arm-none-eabi/4.7.3/../../../../arm-none-eabi/lib/armv7-m\libc_s.a(lib_a-reallocr.o)
                0x00004d70                _realloc_r
 .text._sbrk_r  0x00004db8       0x20 c:/program files (x86)/cypress/psoc creator/3.0/psoc creator/import/gnu_cs/arm/4.7.3/bin/../lib/gcc/arm-none-eabi/4.7.3/../../../../arm-none-eabi/lib/armv7-m\libc_s.a(lib_a-sbrkr.o)
                0x00004db8                _sbrk_r
 .text.strlen   0x00004dd8       0x10 c:/program files (x86)/cypress/psoc creator/3.0/psoc creator/import/gnu_cs/arm/4.7.3/bin/../lib/gcc/arm-none-eabi/4.7.3/../../../../arm-none-eabi/lib/armv7-m\libc_s.a(lib_a-strlen.o)
                0x00004dd8                strlen
 .text._malloc_usable_size_r
                0x00004de8       0x12 c:/program files (x86)/cypress/psoc creator/3.0/psoc creator/import/gnu_cs/arm/4.7.3/bin/../lib/gcc/arm-none-eabi/4.7.3/../../../../arm-none-eabi/lib/armv7-m\libc_s.a(lib_a-msizer.o)
                0x00004de8                _malloc_usable_size_r
 *fill*         0x00004dfa        0x2 00
 .text._sbrk    0x00004dfc       0x34 c:/program files (x86)/cypress/psoc creator/3.0/psoc creator/import/gnu_cs/arm/4.7.3/bin/../lib/gcc/arm-none-eabi/4.7.3/../../../../arm-none-eabi/lib/armv7-m\libnosys.a(sbrk.o)
                0x00004dfc                _sbrk
 *(.plt)
 *(.gnu.warning)
 *(.glue_7t)
 .glue_7t       0x00000000        0x0 linker stubs
 *(.glue_7)
 .glue_7        0x00000000        0x0 linker stubs
 *(.vfp11_veneer)
 .vfp11_veneer  0x00000000        0x0 linker stubs
 *(.bootloader)
 *(.ARM.extab* .gnu.linkonce.armextab.*)
 *(.gcc_except_table)

.v4_bx          0x00004e30        0x0
 .v4_bx         0x00000000        0x0 linker stubs

.iplt           0x00004e30        0x0
 .iplt          0x00000000        0x0 c:/program files (x86)/cypress/psoc creator/3.0/psoc creator/import/gnu_cs/arm/4.7.3/bin/../lib/gcc/arm-none-eabi/4.7.3/armv7-m/crtbegin.o

.eh_frame_hdr
 *(.eh_frame_hdr)

.eh_frame       0x00004e30        0x4
 *(.eh_frame)
 .eh_frame      0x00004e30        0x0 c:/program files (x86)/cypress/psoc creator/3.0/psoc creator/import/gnu_cs/arm/4.7.3/bin/../lib/gcc/arm-none-eabi/4.7.3/armv7-m/crtbegin.o
 .eh_frame      0x00004e30        0x4 c:/program files (x86)/cypress/psoc creator/3.0/psoc creator/import/gnu_cs/arm/4.7.3/bin/../lib/gcc/arm-none-eabi/4.7.3/armv7-m/crtend.o
                0x00004e34                PROVIDE (__exidx_start, .)

.ARM.exidx
 *(.ARM.exidx* .gnu.linkonce.armexidx.*)
                0x00004e34                __exidx_end = .

.rodata         0x00004e38      0x198
 *(.rodata .rodata.* .gnu.linkonce.r.*)
 .rodata        0x00004e38       0x48 .\CortexM3\ARM_GCC_473\Debug\main.o
 .rodata        0x00004e80       0x50 .\CortexM3\ARM_GCC_473\Debug\TransmitReadings_freeSoC.a(cyfitter_cfg.o)
 .rodata.atanlo
                0x00004ed0       0x20 c:/program files (x86)/cypress/psoc creator/3.0/psoc creator/import/gnu_cs/arm/4.7.3/bin/../lib/gcc/arm-none-eabi/4.7.3/../../../../arm-none-eabi/lib/armv7-m\libm.a(lib_a-s_atan.o)
 .rodata.atanhi
                0x00004ef0       0x20 c:/program files (x86)/cypress/psoc creator/3.0/psoc creator/import/gnu_cs/arm/4.7.3/bin/../lib/gcc/arm-none-eabi/4.7.3/../../../../arm-none-eabi/lib/armv7-m\libm.a(lib_a-s_atan.o)
 .rodata.str1.4
                0x00004f10        0x4 c:/program files (x86)/cypress/psoc creator/3.0/psoc creator/import/gnu_cs/arm/4.7.3/bin/../lib/gcc/arm-none-eabi/4.7.3/../../../../arm-none-eabi/lib/armv7-m\libm.a(lib_a-w_pow.o)
 *fill*         0x00004f14        0x4 00
 .rodata.dp_h   0x00004f18       0x10 c:/program files (x86)/cypress/psoc creator/3.0/psoc creator/import/gnu_cs/arm/4.7.3/bin/../lib/gcc/arm-none-eabi/4.7.3/../../../../arm-none-eabi/lib/armv7-m\libm.a(lib_a-e_pow.o)
 .rodata.dp_l   0x00004f28       0x10 c:/program files (x86)/cypress/psoc creator/3.0/psoc creator/import/gnu_cs/arm/4.7.3/bin/../lib/gcc/arm-none-eabi/4.7.3/../../../../arm-none-eabi/lib/armv7-m\libm.a(lib_a-e_pow.o)
 .rodata.bp     0x00004f38       0x10 c:/program files (x86)/cypress/psoc creator/3.0/psoc creator/import/gnu_cs/arm/4.7.3/bin/../lib/gcc/arm-none-eabi/4.7.3/../../../../arm-none-eabi/lib/armv7-m\libm.a(lib_a-e_pow.o)
 .rodata.str1.4
                0x00004f48        0x4 c:/program files (x86)/cypress/psoc creator/3.0/psoc creator/import/gnu_cs/arm/4.7.3/bin/../lib/gcc/arm-none-eabi/4.7.3/../../../../arm-none-eabi/lib/armv7-m\libm.a(lib_a-e_pow.o)
 *fill*         0x00004f4c        0x4 00
 .rodata.TWO52  0x00004f50       0x10 c:/program files (x86)/cypress/psoc creator/3.0/psoc creator/import/gnu_cs/arm/4.7.3/bin/../lib/gcc/arm-none-eabi/4.7.3/../../../../arm-none-eabi/lib/armv7-m\libm.a(lib_a-s_rint.o)
 .rodata.str1.1
                0x00004f60        0x2 c:/program files (x86)/cypress/psoc creator/3.0/psoc creator/import/gnu_cs/arm/4.7.3/bin/../lib/gcc/arm-none-eabi/4.7.3/../../../../arm-none-eabi/lib/armv7-m\libc_s.a(lib_a-impure.o)
 .rodata.str1.1
                0x00004f62       0x11 c:/program files (x86)/cypress/psoc creator/3.0/psoc creator/import/gnu_cs/arm/4.7.3/bin/../lib/gcc/arm-none-eabi/4.7.3/../../../../arm-none-eabi/lib/armv7-m\libc_s.a(lib_a-svfprintf.o)
 .rodata.str1.1
                0x00004f73       0x22 c:/program files (x86)/cypress/psoc creator/3.0/psoc creator/import/gnu_cs/arm/4.7.3/bin/../lib/gcc/arm-none-eabi/4.7.3/../../../../arm-none-eabi/lib/armv7-m\libc_s.a(lib_a-vfprintf_i.o)
                0x00004f98                . = ALIGN (0x4)
 *fill*         0x00004f95        0x3 00
 *(.init)
 .init          0x00004f98        0x4 c:/program files (x86)/cypress/psoc creator/3.0/psoc creator/import/gnu_cs/arm/4.7.3/bin/../lib/gcc/arm-none-eabi/4.7.3/armv7-m/crti.o
                0x00004f98                _init
 .init          0x00004f9c        0x8 c:/program files (x86)/cypress/psoc creator/3.0/psoc creator/import/gnu_cs/arm/4.7.3/bin/../lib/gcc/arm-none-eabi/4.7.3/armv7-m/crtn.o
                0x00004fa4                . = ALIGN (0x4)
                0x00004fa4                __preinit_array_start = .
 *(.preinit_array)
                0x00004fa4                __preinit_array_end = .
                0x00004fa4                . = ALIGN (0x4)
                0x00004fa4                __init_array_start = .
 *(SORT(.init_array.*))
 *(.init_array)
 .init_array    0x00004fa4        0x4 c:/program files (x86)/cypress/psoc creator/3.0/psoc creator/import/gnu_cs/arm/4.7.3/bin/../lib/gcc/arm-none-eabi/4.7.3/armv7-m/crtbegin.o
 .init_array    0x00004fa8        0x4 .\CortexM3\ARM_GCC_473\Debug\Cm3Start.o
                0x00004fac                __init_array_end = .
                0x00004fac                . = ALIGN (0x4)
 *(.fini)
 .fini          0x00004fac        0x4 c:/program files (x86)/cypress/psoc creator/3.0/psoc creator/import/gnu_cs/arm/4.7.3/bin/../lib/gcc/arm-none-eabi/4.7.3/armv7-m/crti.o
                0x00004fac                _fini
 .fini          0x00004fb0        0x8 c:/program files (x86)/cypress/psoc creator/3.0/psoc creator/import/gnu_cs/arm/4.7.3/bin/../lib/gcc/arm-none-eabi/4.7.3/armv7-m/crtn.o
                0x00004fb8                . = ALIGN (0x4)
                0x00004fb8                __fini_array_start = .
 *(.fini_array)
 .fini_array    0x00004fb8        0x4 c:/program files (x86)/cypress/psoc creator/3.0/psoc creator/import/gnu_cs/arm/4.7.3/bin/../lib/gcc/arm-none-eabi/4.7.3/armv7-m/crtbegin.o
 *(SORT(.fini_array.*))
                0x00004fbc                __fini_array_end = .
                0x00004fbc                . = ALIGN (0x4)
 *crtbegin.o(.ctors)
 *(EXCLUDE_FILE(*crtend.o) .ctors)
 *(SORT(.ctors.*))
 *crtend.o(.ctors)
                0x00004fbc                . = ALIGN (0x4)
 *crtbegin.o(.dtors)
 *(EXCLUDE_FILE(*crtend.o) .dtors)
 *(SORT(.dtors.*))
 *crtend.o(.dtors)
                0x00004fbc                . = ALIGN (0x4)
                0x00004fbc                __cy_regions = .
                0x00004fbc        0x4 LONG 0x4fd0 __cy_region_init_ram
                0x00004fc0        0x4 LONG 0x1fff8108 __cy_region_start_data
                0x00004fc4        0x4 LONG 0x80 __cy_region_init_size_ram
                0x00004fc8        0x4 LONG 0x258 __cy_region_zero_size_ram
                0x00004fcc                __cy_regions_end = .
                0x00004fd0                . = ALIGN (0x8)
 *fill*         0x00004fcc        0x4 00
                0x00004fd0                _etext = .

.ramvectors     0x1fff8000      0x100
                0x1fff8000                __cy_region_start_ram = .
 *(.ramvectors)
 .ramvectors    0x1fff8000      0x100 .\CortexM3\ARM_GCC_473\Debug\Cm3Start.o
                0x1fff8000                CyRamVectors

.noinit         0x1fff8100        0x5
 *(.noinit)
 .noinit        0x1fff8100        0x4 .\CortexM3\ARM_GCC_473\Debug\Cm3Start.o
 .noinit        0x1fff8104        0x1 .\CortexM3\ARM_GCC_473\Debug\TransmitReadings_freeSoC.a(CyLib.o)
                0x1fff8104                CyResetStatus

.data           0x1fff8108       0x80 load address 0x00004fd0
                0x1fff8108                __cy_region_start_data = .
 *(.jcr)
 .jcr           0x1fff8108        0x0 c:/program files (x86)/cypress/psoc creator/3.0/psoc creator/import/gnu_cs/arm/4.7.3/bin/../lib/gcc/arm-none-eabi/4.7.3/armv7-m/crtbegin.o
 .jcr           0x1fff8108        0x4 c:/program files (x86)/cypress/psoc creator/3.0/psoc creator/import/gnu_cs/arm/4.7.3/bin/../lib/gcc/arm-none-eabi/4.7.3/armv7-m/crtend.o
 *(.got.plt)
 *(.got)
 *(.shdata)
 *(.data .data.* .gnu.linkonce.d.*)
 .data          0x1fff810c       0x10 .\CortexM3\ARM_GCC_473\Debug\TransmitReadings_freeSoC.a(CyLib.o)
                0x1fff810c                cydelay_freq_hz
                0x1fff8110                cydelay_freq_khz
                0x1fff8114                cydelay_freq_mhz
                0x1fff8118                cydelay_32k_ms
 .data.__fdlib_version
                0x1fff811c        0x1 c:/program files (x86)/cypress/psoc creator/3.0/psoc creator/import/gnu_cs/arm/4.7.3/bin/../lib/gcc/arm-none-eabi/4.7.3/../../../../arm-none-eabi/lib/armv7-m\libm.a(lib_a-s_lib_ver.o)
                0x1fff811c                __fdlib_version
 *fill*         0x1fff811d        0x3 00
 .data.impure_data
                0x1fff8120       0x64 c:/program files (x86)/cypress/psoc creator/3.0/psoc creator/import/gnu_cs/arm/4.7.3/bin/../lib/gcc/arm-none-eabi/4.7.3/../../../../arm-none-eabi/lib/armv7-m\libc_s.a(lib_a-impure.o)
 .data._impure_ptr
                0x1fff8184        0x4 c:/program files (x86)/cypress/psoc creator/3.0/psoc creator/import/gnu_cs/arm/4.7.3/bin/../lib/gcc/arm-none-eabi/4.7.3/../../../../arm-none-eabi/lib/armv7-m\libc_s.a(lib_a-impure.o)
                0x1fff8184                _impure_ptr
                0x1fff8188                . = ALIGN (0x8)
 *(.ram)
                0x1fff8188                _edata = .

.igot.plt       0x1fff8188        0x0 load address 0x00005050
 .igot.plt      0x00000000        0x0 c:/program files (x86)/cypress/psoc creator/3.0/psoc creator/import/gnu_cs/arm/4.7.3/bin/../lib/gcc/arm-none-eabi/4.7.3/armv7-m/crtbegin.o

.bss            0x1fff8188      0x258 load address 0x00005050
                0x1fff8188                PROVIDE (__bss_start__, .)
 *(.shbss)
 *(.bss .bss.* .gnu.linkonce.b.*)
 .bss           0x1fff8188       0x1c c:/program files (x86)/cypress/psoc creator/3.0/psoc creator/import/gnu_cs/arm/4.7.3/bin/../lib/gcc/arm-none-eabi/4.7.3/armv7-m/crtbegin.o
 .bss           0x1fff81a4        0x4 .\CortexM3\ARM_GCC_473\Debug\main.o
                0x1fff81a4                SBDPointer
                0x1fff81a6                windDataPointer
 .bss           0x1fff81a8        0x1 .\CortexM3\ARM_GCC_473\Debug\TransmitReadings_freeSoC.a(psoc.o)
                0x1fff81a8                psoc_initVar
 .bss           0x1fff81a9        0x2 .\CortexM3\ARM_GCC_473\Debug\TransmitReadings_freeSoC.a(UART_Wind.o)
                0x1fff81a9                UART_Wind_initVar
 .bss           0x1fff81ab        0x2 .\CortexM3\ARM_GCC_473\Debug\TransmitReadings_freeSoC.a(UART_SBD.o)
                0x1fff81ab                UART_SBD_initVar
 .bss           0x1fff81ad        0x1 .\CortexM3\ARM_GCC_473\Debug\TransmitReadings_freeSoC.a(master.o)
                0x1fff81ad                master_initVar
 *fill*         0x1fff81ae        0x2 00
 .bss.__malloc_free_list
                0x1fff81b0        0x4 c:/program files (x86)/cypress/psoc creator/3.0/psoc creator/import/gnu_cs/arm/4.7.3/bin/../lib/gcc/arm-none-eabi/4.7.3/../../../../arm-none-eabi/lib/armv7-m\libc_s.a(lib_a-mallocr.o)
                0x1fff81b0                __malloc_free_list
 .bss.heap_end.4231
                0x1fff81b4        0x4 c:/program files (x86)/cypress/psoc creator/3.0/psoc creator/import/gnu_cs/arm/4.7.3/bin/../lib/gcc/arm-none-eabi/4.7.3/../../../../arm-none-eabi/lib/armv7-m\libnosys.a(sbrk.o)
 *(COMMON)
 COMMON         0x1fff81b8      0x20e .\CortexM3\ARM_GCC_473\Debug\main.o
                0x1fff81b8                readingx
                0x1fff81ba                SBDpacketReceived
                0x1fff81bc                windData
                0x1fff82bc                readingz
                0x1fff82c0                SBDData
                0x1fff83c0                readingy
                0x1fff83c2                windpacketReceived
                0x1fff83c4                heading
 COMMON         0x1fff83c6        0x1 .\CortexM3\ARM_GCC_473\Debug\TransmitReadings_freeSoC.a(psoc.o)
                0x1fff83c6                psoc_state
 *fill*         0x1fff83c7        0x1 00
 COMMON         0x1fff83c8       0x10 .\CortexM3\ARM_GCC_473\Debug\TransmitReadings_freeSoC.a(psoc_MASTER.o)
                0x1fff83c8                psoc_mstrWrBufPtr
                0x1fff83cc                psoc_mstrStatus
                0x1fff83cd                psoc_mstrWrBufSize
                0x1fff83ce                psoc_mstrRdBufSize
                0x1fff83cf                psoc_mstrControl
                0x1fff83d0                psoc_mstrRdBufIndex
                0x1fff83d1                psoc_mstrWrBufIndex
                0x1fff83d4                psoc_mstrRdBufPtr
 COMMON         0x1fff83d8        0x4 c:/program files (x86)/cypress/psoc creator/3.0/psoc creator/import/gnu_cs/arm/4.7.3/bin/../lib/gcc/arm-none-eabi/4.7.3/../../../../arm-none-eabi/lib/armv7-m\libc_s.a(lib_a-reent.o)
                0x1fff83d8                errno
                0x1fff83e0                . = ALIGN (0x8)
 *fill*         0x1fff83dc        0x4 00
 *(.ram.b)
                0x1fff83e0                _end = .
                0x1fff83e0                __end = .
                0x1fff83e0                PROVIDE (end, .)
                0x1fff83e0                PROVIDE (__bss_end__, .)
                0x00004fd0                __cy_region_init_ram = LOADADDR (.data)
                0x00000080                __cy_region_init_size_ram = (_edata - ADDR (.data))
                0x00000258                __cy_region_zero_size_ram = (_end - _edata)

.heap           0x1fff83e0     0x1000 load address 0x00005050
                0x1fff83e0                . = _end
                0x1fff93e0                . = (. + 0x1000)
 *fill*         0x1fff83e0     0x1000 00
                0x1fff93e0                __cy_heap_limit = .

.stack          0x20004000     0x4000
                0x20004000                __cy_stack_limit = .
                0x20008000                . = (. + 0x4000)
 *fill*         0x20004000     0x4000 00
                0x00000001                ASSERT ((__cy_stack_limit >= __cy_heap_limit), region RAM overflowed with stack)

.cyloadermeta
 *(.cyloadermeta)

.cyloadablemeta
 *(.cyloadablemeta)

.cyconfigecc    0x80000000      0x900
 *(.cyconfigecc)
 .cyconfigecc   0x80000000      0x900 .\CortexM3\ARM_GCC_473\Debug\cymetadata.o
                0x80000000                cy_meta_configecc

.cycustnvl      0x90000000        0x4
 *(.cycustnvl)
 .cycustnvl     0x90000000        0x4 .\CortexM3\ARM_GCC_473\Debug\cymetadata.o
                0x90000000                cy_meta_custnvl

.cywolatch      0x90100000        0x4
 *(.cywolatch)
 .cywolatch     0x90100000        0x4 .\CortexM3\ARM_GCC_473\Debug\cymetadata.o
                0x90100000                cy_meta_wonvl

.cyeeprom       0x90200000        0x0
 *(.cyeeprom)
                0x00000001                ASSERT ((. <= ((0x90200000 + ee_offset) + ee_size)), .cyeeprom data will not fit in EEPROM)

.cyflashprotect
                0x90400000      0x100
 *(.cyflashprotect)
 .cyflashprotect
                0x90400000      0x100 .\CortexM3\ARM_GCC_473\Debug\cymetadata.o
                0x90400000                cy_meta_flashprotect

.cymeta         0x90500000        0xc
 *(.cymeta)
 .cymeta        0x90500000        0xc .\CortexM3\ARM_GCC_473\Debug\cymetadata.o
                0x90500000                cy_metadata

.rel.dyn        0x00005050        0x0 load address 0x9050000c
 .rel.iplt      0x00000000        0x0 c:/program files (x86)/cypress/psoc creator/3.0/psoc creator/import/gnu_cs/arm/4.7.3/bin/../lib/gcc/arm-none-eabi/4.7.3/armv7-m/crtbegin.o

.stab
 *(.stab)

.stabstr
 *(.stabstr)

.debug
 *(.debug)

.line
 *(.line)

.debug_srcinfo
 *(.debug_srcinfo)

.debug_sfnames
 *(.debug_sfnames)

.debug_aranges  0x00000000      0xb20
 *(.debug_aranges)
 .debug_aranges
                0x00000000       0x48 .\CortexM3\ARM_GCC_473\Debug\main.o
 .debug_aranges
                0x00000048       0x38 .\CortexM3\ARM_GCC_473\Debug\magnetometer.o
 .debug_aranges
                0x00000080       0x20 .\CortexM3\ARM_GCC_473\Debug\thermocouple.o
 .debug_aranges
                0x000000a0       0x18 .\CortexM3\ARM_GCC_473\Debug\cymetadata.o
 .debug_aranges
                0x000000b8       0x40 .\CortexM3\ARM_GCC_473\Debug\Cm3Start.o
 .debug_aranges
                0x000000f8       0x60 .\CortexM3\ARM_GCC_473\Debug\TransmitReadings_freeSoC.a(cyfitter_cfg.o)
 .debug_aranges
                0x00000158       0x20 .\CortexM3\ARM_GCC_473\Debug\TransmitReadings_freeSoC.a(CyBootAsmGnu.o)
 .debug_aranges
                0x00000178      0x218 .\CortexM3\ARM_GCC_473\Debug\TransmitReadings_freeSoC.a(CyLib.o)
 .debug_aranges
                0x00000390       0x90 .\CortexM3\ARM_GCC_473\Debug\TransmitReadings_freeSoC.a(cyPm.o)
 .debug_aranges
                0x00000420       0x38 .\CortexM3\ARM_GCC_473\Debug\TransmitReadings_freeSoC.a(psoc.o)
 .debug_aranges
                0x00000458       0x20 .\CortexM3\ARM_GCC_473\Debug\TransmitReadings_freeSoC.a(psoc_INT.o)
 .debug_aranges
                0x00000478       0x38 .\CortexM3\ARM_GCC_473\Debug\TransmitReadings_freeSoC.a(psoc_PM.o)
 .debug_aranges
                0x000004b0       0x88 .\CortexM3\ARM_GCC_473\Debug\TransmitReadings_freeSoC.a(psoc_MASTER.o)
 .debug_aranges
                0x00000538       0xf0 .\CortexM3\ARM_GCC_473\Debug\TransmitReadings_freeSoC.a(UART_Wind.o)
 .debug_aranges
                0x00000628       0x80 .\CortexM3\ARM_GCC_473\Debug\TransmitReadings_freeSoC.a(isr_Wind.o)
 .debug_aranges
                0x000006a8       0xf0 .\CortexM3\ARM_GCC_473\Debug\TransmitReadings_freeSoC.a(UART_SBD.o)
 .debug_aranges
                0x00000798       0x80 .\CortexM3\ARM_GCC_473\Debug\TransmitReadings_freeSoC.a(SBD_reply.o)
 .debug_aranges
                0x00000818       0x70 .\CortexM3\ARM_GCC_473\Debug\TransmitReadings_freeSoC.a(UART_Wind_IntClock.o)
 .debug_aranges
                0x00000888       0x70 .\CortexM3\ARM_GCC_473\Debug\TransmitReadings_freeSoC.a(UART_SBD_IntClock.o)
 .debug_aranges
                0x000008f8       0xd8 .\CortexM3\ARM_GCC_473\Debug\TransmitReadings_freeSoC.a(master.o)
 .debug_aranges
                0x000009d0       0x70 .\CortexM3\ARM_GCC_473\Debug\TransmitReadings_freeSoC.a(clock.o)
 .debug_aranges
                0x00000a40       0x78 .\CortexM3\ARM_GCC_473\Debug\TransmitReadings_freeSoC.a(CyFlash.o)
 .debug_aranges
                0x00000ab8       0x68 .\CortexM3\ARM_GCC_473\Debug\TransmitReadings_freeSoC.a(CySpc.o)

.debug_pubnames
 *(.debug_pubnames)

.debug_info     0x00000000     0x4f0d
 *(.debug_info .gnu.linkonce.wi.*)
 .debug_info    0x00000000      0x331 .\CortexM3\ARM_GCC_473\Debug\main.o
 .debug_info    0x00000331      0x218 .\CortexM3\ARM_GCC_473\Debug\magnetometer.o
 .debug_info    0x00000549      0x13a .\CortexM3\ARM_GCC_473\Debug\thermocouple.o
 .debug_info    0x00000683      0x143 .\CortexM3\ARM_GCC_473\Debug\cymetadata.o
 .debug_info    0x000007c6      0x2ea .\CortexM3\ARM_GCC_473\Debug\Cm3Start.o
 .debug_info    0x00000ab0      0x47e .\CortexM3\ARM_GCC_473\Debug\TransmitReadings_freeSoC.a(cyfitter_cfg.o)
 .debug_info    0x00000f2e       0x9d .\CortexM3\ARM_GCC_473\Debug\TransmitReadings_freeSoC.a(CyBootAsmGnu.o)
 .debug_info    0x00000fcb      0xcd7 .\CortexM3\ARM_GCC_473\Debug\TransmitReadings_freeSoC.a(CyLib.o)
 .debug_info    0x00001ca2      0x5c3 .\CortexM3\ARM_GCC_473\Debug\TransmitReadings_freeSoC.a(cyPm.o)
 .debug_info    0x00002265      0x1d6 .\CortexM3\ARM_GCC_473\Debug\TransmitReadings_freeSoC.a(psoc.o)
 .debug_info    0x0000243b      0x166 .\CortexM3\ARM_GCC_473\Debug\TransmitReadings_freeSoC.a(psoc_INT.o)
 .debug_info    0x000025a1      0x1a5 .\CortexM3\ARM_GCC_473\Debug\TransmitReadings_freeSoC.a(psoc_PM.o)
 .debug_info    0x00002746      0x453 .\CortexM3\ARM_GCC_473\Debug\TransmitReadings_freeSoC.a(psoc_MASTER.o)
 .debug_info    0x00002b99      0x58b .\CortexM3\ARM_GCC_473\Debug\TransmitReadings_freeSoC.a(UART_Wind.o)
 .debug_info    0x00003124      0x278 .\CortexM3\ARM_GCC_473\Debug\TransmitReadings_freeSoC.a(isr_Wind.o)
 .debug_info    0x0000339c      0x58b .\CortexM3\ARM_GCC_473\Debug\TransmitReadings_freeSoC.a(UART_SBD.o)
 .debug_info    0x00003927      0x278 .\CortexM3\ARM_GCC_473\Debug\TransmitReadings_freeSoC.a(SBD_reply.o)
 .debug_info    0x00003b9f      0x294 .\CortexM3\ARM_GCC_473\Debug\TransmitReadings_freeSoC.a(UART_Wind_IntClock.o)
 .debug_info    0x00003e33      0x294 .\CortexM3\ARM_GCC_473\Debug\TransmitReadings_freeSoC.a(UART_SBD_IntClock.o)
 .debug_info    0x000040c7      0x485 .\CortexM3\ARM_GCC_473\Debug\TransmitReadings_freeSoC.a(master.o)
 .debug_info    0x0000454c      0x294 .\CortexM3\ARM_GCC_473\Debug\TransmitReadings_freeSoC.a(clock.o)
 .debug_info    0x000047e0      0x354 .\CortexM3\ARM_GCC_473\Debug\TransmitReadings_freeSoC.a(CyFlash.o)
 .debug_info    0x00004b34      0x3d9 .\CortexM3\ARM_GCC_473\Debug\TransmitReadings_freeSoC.a(CySpc.o)

.debug_abbrev   0x00000000     0x1988
 *(.debug_abbrev)
 .debug_abbrev  0x00000000       0xf2 .\CortexM3\ARM_GCC_473\Debug\main.o
 .debug_abbrev  0x000000f2       0xc3 .\CortexM3\ARM_GCC_473\Debug\magnetometer.o
 .debug_abbrev  0x000001b5       0x9b .\CortexM3\ARM_GCC_473\Debug\thermocouple.o
 .debug_abbrev  0x00000250       0x77 .\CortexM3\ARM_GCC_473\Debug\cymetadata.o
 .debug_abbrev  0x000002c7      0x175 .\CortexM3\ARM_GCC_473\Debug\Cm3Start.o
 .debug_abbrev  0x0000043c      0x1b9 .\CortexM3\ARM_GCC_473\Debug\TransmitReadings_freeSoC.a(cyfitter_cfg.o)
 .debug_abbrev  0x000005f5       0x14 .\CortexM3\ARM_GCC_473\Debug\TransmitReadings_freeSoC.a(CyBootAsmGnu.o)
 .debug_abbrev  0x00000609      0x207 .\CortexM3\ARM_GCC_473\Debug\TransmitReadings_freeSoC.a(CyLib.o)
 .debug_abbrev  0x00000810      0x170 .\CortexM3\ARM_GCC_473\Debug\TransmitReadings_freeSoC.a(cyPm.o)
 .debug_abbrev  0x00000980       0xce .\CortexM3\ARM_GCC_473\Debug\TransmitReadings_freeSoC.a(psoc.o)
 .debug_abbrev  0x00000a4e       0x83 .\CortexM3\ARM_GCC_473\Debug\TransmitReadings_freeSoC.a(psoc_INT.o)
 .debug_abbrev  0x00000ad1       0xed .\CortexM3\ARM_GCC_473\Debug\TransmitReadings_freeSoC.a(psoc_PM.o)
 .debug_abbrev  0x00000bbe      0x120 .\CortexM3\ARM_GCC_473\Debug\TransmitReadings_freeSoC.a(psoc_MASTER.o)
 .debug_abbrev  0x00000cde      0x165 .\CortexM3\ARM_GCC_473\Debug\TransmitReadings_freeSoC.a(UART_Wind.o)
 .debug_abbrev  0x00000e43      0x12d .\CortexM3\ARM_GCC_473\Debug\TransmitReadings_freeSoC.a(isr_Wind.o)
 .debug_abbrev  0x00000f70      0x165 .\CortexM3\ARM_GCC_473\Debug\TransmitReadings_freeSoC.a(UART_SBD.o)
 .debug_abbrev  0x000010d5      0x12d .\CortexM3\ARM_GCC_473\Debug\TransmitReadings_freeSoC.a(SBD_reply.o)
 .debug_abbrev  0x00001202      0x11f .\CortexM3\ARM_GCC_473\Debug\TransmitReadings_freeSoC.a(UART_Wind_IntClock.o)
 .debug_abbrev  0x00001321      0x11f .\CortexM3\ARM_GCC_473\Debug\TransmitReadings_freeSoC.a(UART_SBD_IntClock.o)
 .debug_abbrev  0x00001440      0x158 .\CortexM3\ARM_GCC_473\Debug\TransmitReadings_freeSoC.a(master.o)
 .debug_abbrev  0x00001598      0x11f .\CortexM3\ARM_GCC_473\Debug\TransmitReadings_freeSoC.a(clock.o)
 .debug_abbrev  0x000016b7      0x172 .\CortexM3\ARM_GCC_473\Debug\TransmitReadings_freeSoC.a(CyFlash.o)
 .debug_abbrev  0x00001829      0x15f .\CortexM3\ARM_GCC_473\Debug\TransmitReadings_freeSoC.a(CySpc.o)

.debug_line     0x00000000     0x2c22
 *(.debug_line)
 .debug_line    0x00000000      0x235 .\CortexM3\ARM_GCC_473\Debug\main.o
 .debug_line    0x00000235      0x16e .\CortexM3\ARM_GCC_473\Debug\magnetometer.o
 .debug_line    0x000003a3      0x14f .\CortexM3\ARM_GCC_473\Debug\thermocouple.o
 .debug_line    0x000004f2       0x53 .\CortexM3\ARM_GCC_473\Debug\cymetadata.o
 .debug_line    0x00000545      0x1b0 .\CortexM3\ARM_GCC_473\Debug\Cm3Start.o
 .debug_line    0x000006f5      0x223 .\CortexM3\ARM_GCC_473\Debug\TransmitReadings_freeSoC.a(cyfitter_cfg.o)
 .debug_line    0x00000918       0x68 .\CortexM3\ARM_GCC_473\Debug\TransmitReadings_freeSoC.a(CyBootAsmGnu.o)
 .debug_line    0x00000980      0x73b .\CortexM3\ARM_GCC_473\Debug\TransmitReadings_freeSoC.a(CyLib.o)
 .debug_line    0x000010bb      0x370 .\CortexM3\ARM_GCC_473\Debug\TransmitReadings_freeSoC.a(cyPm.o)
 .debug_line    0x0000142b       0xd6 .\CortexM3\ARM_GCC_473\Debug\TransmitReadings_freeSoC.a(psoc.o)
 .debug_line    0x00001501      0x13d .\CortexM3\ARM_GCC_473\Debug\TransmitReadings_freeSoC.a(psoc_INT.o)
 .debug_line    0x0000163e       0xc0 .\CortexM3\ARM_GCC_473\Debug\TransmitReadings_freeSoC.a(psoc_PM.o)
 .debug_line    0x000016fe      0x1f5 .\CortexM3\ARM_GCC_473\Debug\TransmitReadings_freeSoC.a(psoc_MASTER.o)
 .debug_line    0x000018f3      0x2f4 .\CortexM3\ARM_GCC_473\Debug\TransmitReadings_freeSoC.a(UART_Wind.o)
 .debug_line    0x00001be7      0x153 .\CortexM3\ARM_GCC_473\Debug\TransmitReadings_freeSoC.a(isr_Wind.o)
 .debug_line    0x00001d3a      0x2f3 .\CortexM3\ARM_GCC_473\Debug\TransmitReadings_freeSoC.a(UART_SBD.o)
 .debug_line    0x0000202d      0x144 .\CortexM3\ARM_GCC_473\Debug\TransmitReadings_freeSoC.a(SBD_reply.o)
 .debug_line    0x00002171      0x1a9 .\CortexM3\ARM_GCC_473\Debug\TransmitReadings_freeSoC.a(UART_Wind_IntClock.o)
 .debug_line    0x0000231a      0x1a8 .\CortexM3\ARM_GCC_473\Debug\TransmitReadings_freeSoC.a(UART_SBD_IntClock.o)
 .debug_line    0x000024c2      0x274 .\CortexM3\ARM_GCC_473\Debug\TransmitReadings_freeSoC.a(master.o)
 .debug_line    0x00002736      0x19c .\CortexM3\ARM_GCC_473\Debug\TransmitReadings_freeSoC.a(clock.o)
 .debug_line    0x000028d2      0x1a9 .\CortexM3\ARM_GCC_473\Debug\TransmitReadings_freeSoC.a(CyFlash.o)
 .debug_line    0x00002a7b      0x1a7 .\CortexM3\ARM_GCC_473\Debug\TransmitReadings_freeSoC.a(CySpc.o)

.debug_frame    0x00000000     0x2840
 *(.debug_frame)
 .debug_frame   0x00000000       0xcc .\CortexM3\ARM_GCC_473\Debug\main.o
 .debug_frame   0x000000cc       0x90 .\CortexM3\ARM_GCC_473\Debug\magnetometer.o
 .debug_frame   0x0000015c       0x3c .\CortexM3\ARM_GCC_473\Debug\thermocouple.o
 .debug_frame   0x00000198       0xa4 .\CortexM3\ARM_GCC_473\Debug\Cm3Start.o
 .debug_frame   0x0000023c      0x120 .\CortexM3\ARM_GCC_473\Debug\TransmitReadings_freeSoC.a(cyfitter_cfg.o)
 .debug_frame   0x0000035c      0x778 .\CortexM3\ARM_GCC_473\Debug\TransmitReadings_freeSoC.a(CyLib.o)
 .debug_frame   0x00000ad4      0x1d0 .\CortexM3\ARM_GCC_473\Debug\TransmitReadings_freeSoC.a(cyPm.o)
 .debug_frame   0x00000ca4       0x88 .\CortexM3\ARM_GCC_473\Debug\TransmitReadings_freeSoC.a(psoc.o)
 .debug_frame   0x00000d2c       0x30 .\CortexM3\ARM_GCC_473\Debug\TransmitReadings_freeSoC.a(psoc_INT.o)
 .debug_frame   0x00000d5c       0x84 .\CortexM3\ARM_GCC_473\Debug\TransmitReadings_freeSoC.a(psoc_PM.o)
 .debug_frame   0x00000de0      0x198 .\CortexM3\ARM_GCC_473\Debug\TransmitReadings_freeSoC.a(psoc_MASTER.o)
 .debug_frame   0x00000f78      0x328 .\CortexM3\ARM_GCC_473\Debug\TransmitReadings_freeSoC.a(UART_Wind.o)
 .debug_frame   0x000012a0      0x180 .\CortexM3\ARM_GCC_473\Debug\TransmitReadings_freeSoC.a(isr_Wind.o)
 .debug_frame   0x00001420      0x328 .\CortexM3\ARM_GCC_473\Debug\TransmitReadings_freeSoC.a(UART_SBD.o)
 .debug_frame   0x00001748      0x180 .\CortexM3\ARM_GCC_473\Debug\TransmitReadings_freeSoC.a(SBD_reply.o)
 .debug_frame   0x000018c8      0x14c .\CortexM3\ARM_GCC_473\Debug\TransmitReadings_freeSoC.a(UART_Wind_IntClock.o)
 .debug_frame   0x00001a14      0x14c .\CortexM3\ARM_GCC_473\Debug\TransmitReadings_freeSoC.a(UART_SBD_IntClock.o)
 .debug_frame   0x00001b60      0x2c4 .\CortexM3\ARM_GCC_473\Debug\TransmitReadings_freeSoC.a(master.o)
 .debug_frame   0x00001e24      0x14c .\CortexM3\ARM_GCC_473\Debug\TransmitReadings_freeSoC.a(clock.o)
 .debug_frame   0x00001f70      0x178 .\CortexM3\ARM_GCC_473\Debug\TransmitReadings_freeSoC.a(CyFlash.o)
 .debug_frame   0x000020e8      0x13c .\CortexM3\ARM_GCC_473\Debug\TransmitReadings_freeSoC.a(CySpc.o)
 .debug_frame   0x00002224       0x38 c:/program files (x86)/cypress/psoc creator/3.0/psoc creator/import/gnu_cs/arm/4.7.3/bin/../lib/gcc/arm-none-eabi/4.7.3/../../../../arm-none-eabi/lib/armv7-m\libm.a(lib_a-s_atan.o)
 .debug_frame   0x0000225c       0x20 c:/program files (x86)/cypress/psoc creator/3.0/psoc creator/import/gnu_cs/arm/4.7.3/bin/../lib/gcc/arm-none-eabi/4.7.3/../../../../arm-none-eabi/lib/armv7-m\libm.a(lib_a-s_fabs.o)
 .debug_frame   0x0000227c       0x38 c:/program files (x86)/cypress/psoc creator/3.0/psoc creator/import/gnu_cs/arm/4.7.3/bin/../lib/gcc/arm-none-eabi/4.7.3/../../../../arm-none-eabi/lib/armv7-m\libm.a(lib_a-w_pow.o)
 .debug_frame   0x000022b4       0x38 c:/program files (x86)/cypress/psoc creator/3.0/psoc creator/import/gnu_cs/arm/4.7.3/bin/../lib/gcc/arm-none-eabi/4.7.3/../../../../arm-none-eabi/lib/armv7-m\libm.a(lib_a-e_pow.o)
 .debug_frame   0x000022ec       0x34 c:/program files (x86)/cypress/psoc creator/3.0/psoc creator/import/gnu_cs/arm/4.7.3/bin/../lib/gcc/arm-none-eabi/4.7.3/../../../../arm-none-eabi/lib/armv7-m\libm.a(lib_a-e_sqrt.o)
 .debug_frame   0x00002320       0x20 c:/program files (x86)/cypress/psoc creator/3.0/psoc creator/import/gnu_cs/arm/4.7.3/bin/../lib/gcc/arm-none-eabi/4.7.3/../../../../arm-none-eabi/lib/armv7-m\libm.a(lib_a-s_finite.o)
 .debug_frame   0x00002340       0x20 c:/program files (x86)/cypress/psoc creator/3.0/psoc creator/import/gnu_cs/arm/4.7.3/bin/../lib/gcc/arm-none-eabi/4.7.3/../../../../arm-none-eabi/lib/armv7-m\libm.a(lib_a-s_fpclassify.o)
 .debug_frame   0x00002360       0x20 c:/program files (x86)/cypress/psoc creator/3.0/psoc creator/import/gnu_cs/arm/4.7.3/bin/../lib/gcc/arm-none-eabi/4.7.3/../../../../arm-none-eabi/lib/armv7-m\libm.a(lib_a-s_matherr.o)
 .debug_frame   0x00002380       0x20 c:/program files (x86)/cypress/psoc creator/3.0/psoc creator/import/gnu_cs/arm/4.7.3/bin/../lib/gcc/arm-none-eabi/4.7.3/../../../../arm-none-eabi/lib/armv7-m\libm.a(lib_a-s_nan.o)
 .debug_frame   0x000023a0       0x34 c:/program files (x86)/cypress/psoc creator/3.0/psoc creator/import/gnu_cs/arm/4.7.3/bin/../lib/gcc/arm-none-eabi/4.7.3/../../../../arm-none-eabi/lib/armv7-m\libm.a(lib_a-s_rint.o)
 .debug_frame   0x000023d4       0x30 c:/program files (x86)/cypress/psoc creator/3.0/psoc creator/import/gnu_cs/arm/4.7.3/bin/../lib/gcc/arm-none-eabi/4.7.3/../../../../arm-none-eabi/lib/armv7-m\libm.a(lib_a-s_scalbn.o)
 .debug_frame   0x00002404       0x28 c:/program files (x86)/cypress/psoc creator/3.0/psoc creator/import/gnu_cs/arm/4.7.3/bin/../lib/gcc/arm-none-eabi/4.7.3/../../../../arm-none-eabi/lib/armv7-m\libm.a(lib_a-s_copysign.o)
 .debug_frame   0x0000242c       0x28 c:/program files (x86)/cypress/psoc creator/3.0/psoc creator/import/gnu_cs/arm/4.7.3/bin/../lib/gcc/arm-none-eabi/4.7.3/../../../../arm-none-eabi/lib/armv7-m\libc_s.a(lib_a-__atexit2.o)
 .debug_frame   0x00002454       0x20 c:/program files (x86)/cypress/psoc creator/3.0/psoc creator/import/gnu_cs/arm/4.7.3/bin/../lib/gcc/arm-none-eabi/4.7.3/../../../../arm-none-eabi/lib/armv7-m\libc_s.a(lib_a-errno.o)
 .debug_frame   0x00002474       0x28 c:/program files (x86)/cypress/psoc creator/3.0/psoc creator/import/gnu_cs/arm/4.7.3/bin/../lib/gcc/arm-none-eabi/4.7.3/../../../../arm-none-eabi/lib/armv7-m\libc_s.a(lib_a-exit.o)
 .debug_frame   0x0000249c       0x2c c:/program files (x86)/cypress/psoc creator/3.0/psoc creator/import/gnu_cs/arm/4.7.3/bin/../lib/gcc/arm-none-eabi/4.7.3/../../../../arm-none-eabi/lib/armv7-m\libc_s.a(lib_a-fini.o)
 .debug_frame   0x000024c8       0x2c c:/program files (x86)/cypress/psoc creator/3.0/psoc creator/import/gnu_cs/arm/4.7.3/bin/../lib/gcc/arm-none-eabi/4.7.3/../../../../arm-none-eabi/lib/armv7-m\libc_s.a(lib_a-init.o)
 .debug_frame   0x000024f4       0x28 c:/program files (x86)/cypress/psoc creator/3.0/psoc creator/import/gnu_cs/arm/4.7.3/bin/../lib/gcc/arm-none-eabi/4.7.3/../../../../arm-none-eabi/lib/armv7-m\libc_s.a(lib_a-memcpy.o)
 .debug_frame   0x0000251c       0x20 c:/program files (x86)/cypress/psoc creator/3.0/psoc creator/import/gnu_cs/arm/4.7.3/bin/../lib/gcc/arm-none-eabi/4.7.3/../../../../arm-none-eabi/lib/armv7-m\libc_s.a(lib_a-memset.o)
 .debug_frame   0x0000253c       0x58 c:/program files (x86)/cypress/psoc creator/3.0/psoc creator/import/gnu_cs/arm/4.7.3/bin/../lib/gcc/arm-none-eabi/4.7.3/../../../../arm-none-eabi/lib/armv7-m\libc_s.a(lib_a-sprintf.o)
 .debug_frame   0x00002594       0x88 c:/program files (x86)/cypress/psoc creator/3.0/psoc creator/import/gnu_cs/arm/4.7.3/bin/../lib/gcc/arm-none-eabi/4.7.3/../../../../arm-none-eabi/lib/armv7-m\libc_s.a(lib_a-svfprintf.o)
 .debug_frame   0x0000261c       0x58 c:/program files (x86)/cypress/psoc creator/3.0/psoc creator/import/gnu_cs/arm/4.7.3/bin/../lib/gcc/arm-none-eabi/4.7.3/../../../../arm-none-eabi/lib/armv7-m\libc_s.a(lib_a-vfprintf_i.o)
 .debug_frame   0x00002674       0x2c c:/program files (x86)/cypress/psoc creator/3.0/psoc creator/import/gnu_cs/arm/4.7.3/bin/../lib/gcc/arm-none-eabi/4.7.3/../../../../arm-none-eabi/lib/armv7-m\libc_s.a(lib_a-freer.o)
 .debug_frame   0x000026a0       0x2c c:/program files (x86)/cypress/psoc creator/3.0/psoc creator/import/gnu_cs/arm/4.7.3/bin/../lib/gcc/arm-none-eabi/4.7.3/../../../../arm-none-eabi/lib/armv7-m\libc_s.a(lib_a-mallocr.o)
 .debug_frame   0x000026cc       0x28 c:/program files (x86)/cypress/psoc creator/3.0/psoc creator/import/gnu_cs/arm/4.7.3/bin/../lib/gcc/arm-none-eabi/4.7.3/../../../../arm-none-eabi/lib/armv7-m\libc_s.a(lib_a-memchr.o)
 .debug_frame   0x000026f4       0x2c c:/program files (x86)/cypress/psoc creator/3.0/psoc creator/import/gnu_cs/arm/4.7.3/bin/../lib/gcc/arm-none-eabi/4.7.3/../../../../arm-none-eabi/lib/armv7-m\libc_s.a(lib_a-memmove.o)
 .debug_frame   0x00002720       0x30 c:/program files (x86)/cypress/psoc creator/3.0/psoc creator/import/gnu_cs/arm/4.7.3/bin/../lib/gcc/arm-none-eabi/4.7.3/../../../../arm-none-eabi/lib/armv7-m\libc_s.a(lib_a-reallocr.o)
 .debug_frame   0x00002750       0x2c c:/program files (x86)/cypress/psoc creator/3.0/psoc creator/import/gnu_cs/arm/4.7.3/bin/../lib/gcc/arm-none-eabi/4.7.3/../../../../arm-none-eabi/lib/armv7-m\libc_s.a(lib_a-sbrkr.o)
 .debug_frame   0x0000277c       0x20 c:/program files (x86)/cypress/psoc creator/3.0/psoc creator/import/gnu_cs/arm/4.7.3/bin/../lib/gcc/arm-none-eabi/4.7.3/../../../../arm-none-eabi/lib/armv7-m\libc_s.a(lib_a-strlen.o)
 .debug_frame   0x0000279c       0x20 c:/program files (x86)/cypress/psoc creator/3.0/psoc creator/import/gnu_cs/arm/4.7.3/bin/../lib/gcc/arm-none-eabi/4.7.3/../../../../arm-none-eabi/lib/armv7-m\libc_s.a(lib_a-msizer.o)
 .debug_frame   0x000027bc       0x64 c:/program files (x86)/cypress/psoc creator/3.0/psoc creator/import/gnu_cs/arm/4.7.3/bin/../lib/gcc/arm-none-eabi/4.7.3/../../../../arm-none-eabi/lib/armv7-m\libc_s.a(lib_a-reent.o)
 .debug_frame   0x00002820       0x20 c:/program files (x86)/cypress/psoc creator/3.0/psoc creator/import/gnu_cs/arm/4.7.3/bin/../lib/gcc/arm-none-eabi/4.7.3/../../../../arm-none-eabi/lib/armv7-m\libnosys.a(sbrk.o)

.debug_str      0x00000000     0x23a9
 *(.debug_str)
 .debug_str     0x00000000      0x248 .\CortexM3\ARM_GCC_473\Debug\main.o
                                0x296 (size before relaxing)
 .debug_str     0x00000248       0x86 .\CortexM3\ARM_GCC_473\Debug\magnetometer.o
                                0x1fe (size before relaxing)
 .debug_str     0x000002ce       0x35 .\CortexM3\ARM_GCC_473\Debug\thermocouple.o
                                0x1a9 (size before relaxing)
 .debug_str     0x00000303       0x77 .\CortexM3\ARM_GCC_473\Debug\cymetadata.o
                                0x1b2 (size before relaxing)
 .debug_str     0x0000037a      0x119 .\CortexM3\ARM_GCC_473\Debug\Cm3Start.o
                                0x26e (size before relaxing)
 .debug_str     0x00000493      0x186 .\CortexM3\ARM_GCC_473\Debug\TransmitReadings_freeSoC.a(cyfitter_cfg.o)
                                0x2f4 (size before relaxing)
 .debug_str     0x00000619      0x63c .\CortexM3\ARM_GCC_473\Debug\TransmitReadings_freeSoC.a(CyLib.o)
                                0x7d4 (size before relaxing)
 .debug_str     0x00000c55      0x371 .\CortexM3\ARM_GCC_473\Debug\TransmitReadings_freeSoC.a(cyPm.o)
                                0x4e3 (size before relaxing)
 .debug_str     0x00000fc6       0xb4 .\CortexM3\ARM_GCC_473\Debug\TransmitReadings_freeSoC.a(psoc.o)
                                0x208 (size before relaxing)
 .debug_str     0x0000107a       0xc7 .\CortexM3\ARM_GCC_473\Debug\TransmitReadings_freeSoC.a(psoc_INT.o)
                                0x21f (size before relaxing)
 .debug_str     0x00001141       0x5d .\CortexM3\ARM_GCC_473\Debug\TransmitReadings_freeSoC.a(psoc_PM.o)
                                0x202 (size before relaxing)
 .debug_str     0x0000119e      0x190 .\CortexM3\ARM_GCC_473\Debug\TransmitReadings_freeSoC.a(psoc_MASTER.o)
                                0x387 (size before relaxing)
 .debug_str     0x0000132e      0x2fe .\CortexM3\ARM_GCC_473\Debug\TransmitReadings_freeSoC.a(UART_Wind.o)
                                0x470 (size before relaxing)
 .debug_str     0x0000162c      0x112 .\CortexM3\ARM_GCC_473\Debug\TransmitReadings_freeSoC.a(isr_Wind.o)
                                0x28c (size before relaxing)
 .debug_str     0x0000173e      0x276 .\CortexM3\ARM_GCC_473\Debug\TransmitReadings_freeSoC.a(UART_SBD.o)
                                0x453 (size before relaxing)
 .debug_str     0x000019b4      0x120 .\CortexM3\ARM_GCC_473\Debug\TransmitReadings_freeSoC.a(SBD_reply.o)
                                0x29a (size before relaxing)
 .debug_str     0x00001ad4      0x1e8 .\CortexM3\ARM_GCC_473\Debug\TransmitReadings_freeSoC.a(UART_Wind_IntClock.o)
                                0x33a (size before relaxing)
 .debug_str     0x00001cbc      0x191 .\CortexM3\ARM_GCC_473\Debug\TransmitReadings_freeSoC.a(UART_SBD_IntClock.o)
                                0x32e (size before relaxing)
 .debug_str     0x00001e4d      0x234 .\CortexM3\ARM_GCC_473\Debug\TransmitReadings_freeSoC.a(master.o)
                                0x3b9 (size before relaxing)
 .debug_str     0x00002081      0x101 .\CortexM3\ARM_GCC_473\Debug\TransmitReadings_freeSoC.a(clock.o)
                                0x29e (size before relaxing)
 .debug_str     0x00002182      0x129 .\CortexM3\ARM_GCC_473\Debug\TransmitReadings_freeSoC.a(CyFlash.o)
                                0x2a9 (size before relaxing)
 .debug_str     0x000022ab       0xfe .\CortexM3\ARM_GCC_473\Debug\TransmitReadings_freeSoC.a(CySpc.o)
                                0x285 (size before relaxing)

.debug_loc      0x00000000     0x39c0
 *(.debug_loc)
 .debug_loc     0x00000000      0x12e .\CortexM3\ARM_GCC_473\Debug\main.o
 .debug_loc     0x0000012e       0xe0 .\CortexM3\ARM_GCC_473\Debug\magnetometer.o
 .debug_loc     0x0000020e       0x3a .\CortexM3\ARM_GCC_473\Debug\thermocouple.o
 .debug_loc     0x00000248      0x100 .\CortexM3\ARM_GCC_473\Debug\Cm3Start.o
 .debug_loc     0x00000348      0x1f8 .\CortexM3\ARM_GCC_473\Debug\TransmitReadings_freeSoC.a(cyfitter_cfg.o)
 .debug_loc     0x00000540      0xce0 .\CortexM3\ARM_GCC_473\Debug\TransmitReadings_freeSoC.a(CyLib.o)
 .debug_loc     0x00001220      0x2e8 .\CortexM3\ARM_GCC_473\Debug\TransmitReadings_freeSoC.a(cyPm.o)
 .debug_loc     0x00001508       0xc8 .\CortexM3\ARM_GCC_473\Debug\TransmitReadings_freeSoC.a(psoc.o)
 .debug_loc     0x000015d0       0x38 .\CortexM3\ARM_GCC_473\Debug\TransmitReadings_freeSoC.a(psoc_INT.o)
 .debug_loc     0x00001608       0xbc .\CortexM3\ARM_GCC_473\Debug\TransmitReadings_freeSoC.a(psoc_PM.o)
 .debug_loc     0x000016c4      0x2d4 .\CortexM3\ARM_GCC_473\Debug\TransmitReadings_freeSoC.a(psoc_MASTER.o)
 .debug_loc     0x00001998      0x5ac .\CortexM3\ARM_GCC_473\Debug\TransmitReadings_freeSoC.a(UART_Wind.o)
 .debug_loc     0x00001f44      0x278 .\CortexM3\ARM_GCC_473\Debug\TransmitReadings_freeSoC.a(isr_Wind.o)
 .debug_loc     0x000021bc      0x5ac .\CortexM3\ARM_GCC_473\Debug\TransmitReadings_freeSoC.a(UART_SBD.o)
 .debug_loc     0x00002768      0x278 .\CortexM3\ARM_GCC_473\Debug\TransmitReadings_freeSoC.a(SBD_reply.o)
 .debug_loc     0x000029e0      0x22c .\CortexM3\ARM_GCC_473\Debug\TransmitReadings_freeSoC.a(UART_Wind_IntClock.o)
 .debug_loc     0x00002c0c      0x22c .\CortexM3\ARM_GCC_473\Debug\TransmitReadings_freeSoC.a(UART_SBD_IntClock.o)
 .debug_loc     0x00002e38      0x4d4 .\CortexM3\ARM_GCC_473\Debug\TransmitReadings_freeSoC.a(master.o)
 .debug_loc     0x0000330c      0x22c .\CortexM3\ARM_GCC_473\Debug\TransmitReadings_freeSoC.a(clock.o)
 .debug_loc     0x00003538      0x258 .\CortexM3\ARM_GCC_473\Debug\TransmitReadings_freeSoC.a(CyFlash.o)
 .debug_loc     0x00003790      0x230 .\CortexM3\ARM_GCC_473\Debug\TransmitReadings_freeSoC.a(CySpc.o)

.debug_macinfo
 *(.debug_macinfo)

.debug_ranges   0x00000000      0x998
 *(.debug_ranges)
 .debug_ranges  0x00000000       0x38 .\CortexM3\ARM_GCC_473\Debug\main.o
 .debug_ranges  0x00000038       0x28 .\CortexM3\ARM_GCC_473\Debug\magnetometer.o
 .debug_ranges  0x00000060       0x10 .\CortexM3\ARM_GCC_473\Debug\thermocouple.o
 .debug_ranges  0x00000070       0x30 .\CortexM3\ARM_GCC_473\Debug\Cm3Start.o
 .debug_ranges  0x000000a0       0x50 .\CortexM3\ARM_GCC_473\Debug\TransmitReadings_freeSoC.a(cyfitter_cfg.o)
 .debug_ranges  0x000000f0      0x208 .\CortexM3\ARM_GCC_473\Debug\TransmitReadings_freeSoC.a(CyLib.o)
 .debug_ranges  0x000002f8       0x80 .\CortexM3\ARM_GCC_473\Debug\TransmitReadings_freeSoC.a(cyPm.o)
 .debug_ranges  0x00000378       0x28 .\CortexM3\ARM_GCC_473\Debug\TransmitReadings_freeSoC.a(psoc.o)
 .debug_ranges  0x000003a0       0x10 .\CortexM3\ARM_GCC_473\Debug\TransmitReadings_freeSoC.a(psoc_INT.o)
 .debug_ranges  0x000003b0       0x28 .\CortexM3\ARM_GCC_473\Debug\TransmitReadings_freeSoC.a(psoc_PM.o)
 .debug_ranges  0x000003d8       0x78 .\CortexM3\ARM_GCC_473\Debug\TransmitReadings_freeSoC.a(psoc_MASTER.o)
 .debug_ranges  0x00000450       0xe0 .\CortexM3\ARM_GCC_473\Debug\TransmitReadings_freeSoC.a(UART_Wind.o)
 .debug_ranges  0x00000530       0x70 .\CortexM3\ARM_GCC_473\Debug\TransmitReadings_freeSoC.a(isr_Wind.o)
 .debug_ranges  0x000005a0       0xe0 .\CortexM3\ARM_GCC_473\Debug\TransmitReadings_freeSoC.a(UART_SBD.o)
 .debug_ranges  0x00000680       0x70 .\CortexM3\ARM_GCC_473\Debug\TransmitReadings_freeSoC.a(SBD_reply.o)
 .debug_ranges  0x000006f0       0x60 .\CortexM3\ARM_GCC_473\Debug\TransmitReadings_freeSoC.a(UART_Wind_IntClock.o)
 .debug_ranges  0x00000750       0x60 .\CortexM3\ARM_GCC_473\Debug\TransmitReadings_freeSoC.a(UART_SBD_IntClock.o)
 .debug_ranges  0x000007b0       0xc8 .\CortexM3\ARM_GCC_473\Debug\TransmitReadings_freeSoC.a(master.o)
 .debug_ranges  0x00000878       0x60 .\CortexM3\ARM_GCC_473\Debug\TransmitReadings_freeSoC.a(clock.o)
 .debug_ranges  0x000008d8       0x68 .\CortexM3\ARM_GCC_473\Debug\TransmitReadings_freeSoC.a(CyFlash.o)
 .debug_ranges  0x00000940       0x58 .\CortexM3\ARM_GCC_473\Debug\TransmitReadings_freeSoC.a(CySpc.o)

.comment        0x00000000       0x70
 .comment       0x00000000       0x70 .\CortexM3\ARM_GCC_473\Debug\main.o
                                 0x71 (size before relaxing)
 .comment       0x00000000       0x71 .\CortexM3\ARM_GCC_473\Debug\magnetometer.o
 .comment       0x00000000       0x71 .\CortexM3\ARM_GCC_473\Debug\thermocouple.o
 .comment       0x00000000       0x71 .\CortexM3\ARM_GCC_473\Debug\cymetadata.o
 .comment       0x00000000       0x71 .\CortexM3\ARM_GCC_473\Debug\Cm3Start.o
 .comment       0x00000000       0x71 .\CortexM3\ARM_GCC_473\Debug\TransmitReadings_freeSoC.a(cyfitter_cfg.o)
 .comment       0x00000000       0x71 .\CortexM3\ARM_GCC_473\Debug\TransmitReadings_freeSoC.a(CyLib.o)
 .comment       0x00000000       0x71 .\CortexM3\ARM_GCC_473\Debug\TransmitReadings_freeSoC.a(cyPm.o)
 .comment       0x00000000       0x71 .\CortexM3\ARM_GCC_473\Debug\TransmitReadings_freeSoC.a(psoc.o)
 .comment       0x00000000       0x71 .\CortexM3\ARM_GCC_473\Debug\TransmitReadings_freeSoC.a(psoc_INT.o)
 .comment       0x00000000       0x71 .\CortexM3\ARM_GCC_473\Debug\TransmitReadings_freeSoC.a(psoc_PM.o)
 .comment       0x00000000       0x71 .\CortexM3\ARM_GCC_473\Debug\TransmitReadings_freeSoC.a(psoc_MASTER.o)
 .comment       0x00000000       0x71 .\CortexM3\ARM_GCC_473\Debug\TransmitReadings_freeSoC.a(UART_Wind.o)
 .comment       0x00000000       0x71 .\CortexM3\ARM_GCC_473\Debug\TransmitReadings_freeSoC.a(isr_Wind.o)
 .comment       0x00000000       0x71 .\CortexM3\ARM_GCC_473\Debug\TransmitReadings_freeSoC.a(UART_SBD.o)
 .comment       0x00000000       0x71 .\CortexM3\ARM_GCC_473\Debug\TransmitReadings_freeSoC.a(SBD_reply.o)
 .comment       0x00000000       0x71 .\CortexM3\ARM_GCC_473\Debug\TransmitReadings_freeSoC.a(UART_Wind_IntClock.o)
 .comment       0x00000000       0x71 .\CortexM3\ARM_GCC_473\Debug\TransmitReadings_freeSoC.a(UART_SBD_IntClock.o)
 .comment       0x00000000       0x71 .\CortexM3\ARM_GCC_473\Debug\TransmitReadings_freeSoC.a(master.o)
 .comment       0x00000000       0x71 .\CortexM3\ARM_GCC_473\Debug\TransmitReadings_freeSoC.a(clock.o)
 .comment       0x00000000       0x71 .\CortexM3\ARM_GCC_473\Debug\TransmitReadings_freeSoC.a(CyFlash.o)
 .comment       0x00000000       0x71 .\CortexM3\ARM_GCC_473\Debug\TransmitReadings_freeSoC.a(CySpc.o)

.debug_weaknames
 *(.debug_weaknames)

.debug_funcnames
 *(.debug_funcnames)

.debug_typenames
 *(.debug_typenames)

.debug_varnames
 *(.debug_varnames)

.note.gnu.arm.ident
 *(.note.gnu.arm.ident)

.ARM.attributes
                0x00000000       0x29
 *(.ARM.attributes)
 .ARM.attributes
                0x00000000       0x1d c:/program files (x86)/cypress/psoc creator/3.0/psoc creator/import/gnu_cs/arm/4.7.3/bin/../lib/gcc/arm-none-eabi/4.7.3/armv7-m/crti.o
 .ARM.attributes
                0x0000001d       0x2d c:/program files (x86)/cypress/psoc creator/3.0/psoc creator/import/gnu_cs/arm/4.7.3/bin/../lib/gcc/arm-none-eabi/4.7.3/armv7-m/crtbegin.o
 .ARM.attributes
                0x0000004a       0x1b c:/program files (x86)/cypress/psoc creator/3.0/psoc creator/import/gnu_cs/arm/4.7.3/bin/../lib/gcc/arm-none-eabi/4.7.3/../../../../arm-none-eabi/lib/armv7-m/crt0.o
 .ARM.attributes
                0x00000065       0x33 .\CortexM3\ARM_GCC_473\Debug\main.o
 .ARM.attributes
                0x00000098       0x33 .\CortexM3\ARM_GCC_473\Debug\magnetometer.o
 .ARM.attributes
                0x000000cb       0x33 .\CortexM3\ARM_GCC_473\Debug\thermocouple.o
 .ARM.attributes
                0x000000fe       0x33 .\CortexM3\ARM_GCC_473\Debug\cymetadata.o
 .ARM.attributes
                0x00000131       0x33 .\CortexM3\ARM_GCC_473\Debug\Cm3Start.o
 .ARM.attributes
                0x00000164       0x33 .\CortexM3\ARM_GCC_473\Debug\TransmitReadings_freeSoC.a(cyfitter_cfg.o)
 .ARM.attributes
                0x00000197       0x21 .\CortexM3\ARM_GCC_473\Debug\TransmitReadings_freeSoC.a(CyBootAsmGnu.o)
 .ARM.attributes
                0x000001b8       0x33 .\CortexM3\ARM_GCC_473\Debug\TransmitReadings_freeSoC.a(CyLib.o)
 .ARM.attributes
                0x000001eb       0x33 .\CortexM3\ARM_GCC_473\Debug\TransmitReadings_freeSoC.a(cyPm.o)
 .ARM.attributes
                0x0000021e       0x33 .\CortexM3\ARM_GCC_473\Debug\TransmitReadings_freeSoC.a(psoc.o)
 .ARM.attributes
                0x00000251       0x33 .\CortexM3\ARM_GCC_473\Debug\TransmitReadings_freeSoC.a(psoc_INT.o)
 .ARM.attributes
                0x00000284       0x33 .\CortexM3\ARM_GCC_473\Debug\TransmitReadings_freeSoC.a(psoc_PM.o)
 .ARM.attributes
                0x000002b7       0x33 .\CortexM3\ARM_GCC_473\Debug\TransmitReadings_freeSoC.a(psoc_MASTER.o)
 .ARM.attributes
                0x000002ea       0x33 .\CortexM3\ARM_GCC_473\Debug\TransmitReadings_freeSoC.a(UART_Wind.o)
 .ARM.attributes
                0x0000031d       0x33 .\CortexM3\ARM_GCC_473\Debug\TransmitReadings_freeSoC.a(isr_Wind.o)
 .ARM.attributes
                0x00000350       0x33 .\CortexM3\ARM_GCC_473\Debug\TransmitReadings_freeSoC.a(UART_SBD.o)
 .ARM.attributes
                0x00000383       0x33 .\CortexM3\ARM_GCC_473\Debug\TransmitReadings_freeSoC.a(SBD_reply.o)
 .ARM.attributes
                0x000003b6       0x33 .\CortexM3\ARM_GCC_473\Debug\TransmitReadings_freeSoC.a(UART_Wind_IntClock.o)
 .ARM.attributes
                0x000003e9       0x33 .\CortexM3\ARM_GCC_473\Debug\TransmitReadings_freeSoC.a(UART_SBD_IntClock.o)
 .ARM.attributes
                0x0000041c       0x33 .\CortexM3\ARM_GCC_473\Debug\TransmitReadings_freeSoC.a(master.o)
 .ARM.attributes
                0x0000044f       0x33 .\CortexM3\ARM_GCC_473\Debug\TransmitReadings_freeSoC.a(clock.o)
 .ARM.attributes
                0x00000482       0x33 .\CortexM3\ARM_GCC_473\Debug\TransmitReadings_freeSoC.a(CyFlash.o)
 .ARM.attributes
                0x000004b5       0x33 .\CortexM3\ARM_GCC_473\Debug\TransmitReadings_freeSoC.a(CySpc.o)
 .ARM.attributes
                0x000004e8       0x2d c:/program files (x86)/cypress/psoc creator/3.0/psoc creator/import/gnu_cs/arm/4.7.3/bin/../lib/gcc/arm-none-eabi/4.7.3/../../../../arm-none-eabi/lib/armv7-m\libm.a(lib_a-s_atan.o)
 .ARM.attributes
                0x00000515       0x2d c:/program files (x86)/cypress/psoc creator/3.0/psoc creator/import/gnu_cs/arm/4.7.3/bin/../lib/gcc/arm-none-eabi/4.7.3/../../../../arm-none-eabi/lib/armv7-m\libm.a(lib_a-s_fabs.o)
 .ARM.attributes
                0x00000542       0x2d c:/program files (x86)/cypress/psoc creator/3.0/psoc creator/import/gnu_cs/arm/4.7.3/bin/../lib/gcc/arm-none-eabi/4.7.3/../../../../arm-none-eabi/lib/armv7-m\libm.a(lib_a-w_pow.o)
 .ARM.attributes
                0x0000056f       0x2d c:/program files (x86)/cypress/psoc creator/3.0/psoc creator/import/gnu_cs/arm/4.7.3/bin/../lib/gcc/arm-none-eabi/4.7.3/../../../../arm-none-eabi/lib/armv7-m\libm.a(lib_a-e_pow.o)
 .ARM.attributes
                0x0000059c       0x2d c:/program files (x86)/cypress/psoc creator/3.0/psoc creator/import/gnu_cs/arm/4.7.3/bin/../lib/gcc/arm-none-eabi/4.7.3/../../../../arm-none-eabi/lib/armv7-m\libm.a(lib_a-e_sqrt.o)
 .ARM.attributes
                0x000005c9       0x2d c:/program files (x86)/cypress/psoc creator/3.0/psoc creator/import/gnu_cs/arm/4.7.3/bin/../lib/gcc/arm-none-eabi/4.7.3/../../../../arm-none-eabi/lib/armv7-m\libm.a(lib_a-s_finite.o)
 .ARM.attributes
                0x000005f6       0x2d c:/program files (x86)/cypress/psoc creator/3.0/psoc creator/import/gnu_cs/arm/4.7.3/bin/../lib/gcc/arm-none-eabi/4.7.3/../../../../arm-none-eabi/lib/armv7-m\libm.a(lib_a-s_fpclassify.o)
 .ARM.attributes
                0x00000623       0x2d c:/program files (x86)/cypress/psoc creator/3.0/psoc creator/import/gnu_cs/arm/4.7.3/bin/../lib/gcc/arm-none-eabi/4.7.3/../../../../arm-none-eabi/lib/armv7-m\libm.a(lib_a-s_lib_ver.o)
 .ARM.attributes
                0x00000650       0x2d c:/program files (x86)/cypress/psoc creator/3.0/psoc creator/import/gnu_cs/arm/4.7.3/bin/../lib/gcc/arm-none-eabi/4.7.3/../../../../arm-none-eabi/lib/armv7-m\libm.a(lib_a-s_matherr.o)
 .ARM.attributes
                0x0000067d       0x2d c:/program files (x86)/cypress/psoc creator/3.0/psoc creator/import/gnu_cs/arm/4.7.3/bin/../lib/gcc/arm-none-eabi/4.7.3/../../../../arm-none-eabi/lib/armv7-m\libm.a(lib_a-s_nan.o)
 .ARM.attributes
                0x000006aa       0x2d c:/program files (x86)/cypress/psoc creator/3.0/psoc creator/import/gnu_cs/arm/4.7.3/bin/../lib/gcc/arm-none-eabi/4.7.3/../../../../arm-none-eabi/lib/armv7-m\libm.a(lib_a-s_rint.o)
 .ARM.attributes
                0x000006d7       0x2d c:/program files (x86)/cypress/psoc creator/3.0/psoc creator/import/gnu_cs/arm/4.7.3/bin/../lib/gcc/arm-none-eabi/4.7.3/../../../../arm-none-eabi/lib/armv7-m\libm.a(lib_a-s_scalbn.o)
 .ARM.attributes
                0x00000704       0x2d c:/program files (x86)/cypress/psoc creator/3.0/psoc creator/import/gnu_cs/arm/4.7.3/bin/../lib/gcc/arm-none-eabi/4.7.3/../../../../arm-none-eabi/lib/armv7-m\libm.a(lib_a-s_copysign.o)
 .ARM.attributes
                0x00000731       0x1d c:/program files (x86)/cypress/psoc creator/3.0/psoc creator/import/gnu_cs/arm/4.7.3/bin/../lib/gcc/arm-none-eabi/4.7.3/armv7-m\libgcc.a(_arm_addsubdf3.o)
 .ARM.attributes
                0x0000074e       0x1d c:/program files (x86)/cypress/psoc creator/3.0/psoc creator/import/gnu_cs/arm/4.7.3/bin/../lib/gcc/arm-none-eabi/4.7.3/armv7-m\libgcc.a(_arm_muldivdf3.o)
 .ARM.attributes
                0x0000076b       0x1d c:/program files (x86)/cypress/psoc creator/3.0/psoc creator/import/gnu_cs/arm/4.7.3/bin/../lib/gcc/arm-none-eabi/4.7.3/armv7-m\libgcc.a(_arm_cmpdf2.o)
 .ARM.attributes
                0x00000788       0x1d c:/program files (x86)/cypress/psoc creator/3.0/psoc creator/import/gnu_cs/arm/4.7.3/bin/../lib/gcc/arm-none-eabi/4.7.3/armv7-m\libgcc.a(_arm_fixdfsi.o)
 .ARM.attributes
                0x000007a5       0x1d c:/program files (x86)/cypress/psoc creator/3.0/psoc creator/import/gnu_cs/arm/4.7.3/bin/../lib/gcc/arm-none-eabi/4.7.3/armv7-m\libgcc.a(_arm_truncdfsf2.o)
 .ARM.attributes
                0x000007c2       0x1d c:/program files (x86)/cypress/psoc creator/3.0/psoc creator/import/gnu_cs/arm/4.7.3/bin/../lib/gcc/arm-none-eabi/4.7.3/armv7-m\libgcc.a(_arm_muldivsf3.o)
 .ARM.attributes
                0x000007df       0x1d c:/program files (x86)/cypress/psoc creator/3.0/psoc creator/import/gnu_cs/arm/4.7.3/bin/../lib/gcc/arm-none-eabi/4.7.3/armv7-m\libgcc.a(_arm_fixsfsi.o)
 .ARM.attributes
                0x000007fc       0x2d c:/program files (x86)/cypress/psoc creator/3.0/psoc creator/import/gnu_cs/arm/4.7.3/bin/../lib/gcc/arm-none-eabi/4.7.3/../../../../arm-none-eabi/lib/armv7-m\libc_s.a(lib_a-__atexit2.o)
 .ARM.attributes
                0x00000829       0x2d c:/program files (x86)/cypress/psoc creator/3.0/psoc creator/import/gnu_cs/arm/4.7.3/bin/../lib/gcc/arm-none-eabi/4.7.3/../../../../arm-none-eabi/lib/armv7-m\libc_s.a(lib_a-errno.o)
 .ARM.attributes
                0x00000856       0x2d c:/program files (x86)/cypress/psoc creator/3.0/psoc creator/import/gnu_cs/arm/4.7.3/bin/../lib/gcc/arm-none-eabi/4.7.3/../../../../arm-none-eabi/lib/armv7-m\libc_s.a(lib_a-exit.o)
 .ARM.attributes
                0x00000883       0x2d c:/program files (x86)/cypress/psoc creator/3.0/psoc creator/import/gnu_cs/arm/4.7.3/bin/../lib/gcc/arm-none-eabi/4.7.3/../../../../arm-none-eabi/lib/armv7-m\libc_s.a(lib_a-fini.o)
 .ARM.attributes
                0x000008b0       0x2d c:/program files (x86)/cypress/psoc creator/3.0/psoc creator/import/gnu_cs/arm/4.7.3/bin/../lib/gcc/arm-none-eabi/4.7.3/../../../../arm-none-eabi/lib/armv7-m\libc_s.a(lib_a-impure.o)
 .ARM.attributes
                0x000008dd       0x2d c:/program files (x86)/cypress/psoc creator/3.0/psoc creator/import/gnu_cs/arm/4.7.3/bin/../lib/gcc/arm-none-eabi/4.7.3/../../../../arm-none-eabi/lib/armv7-m\libc_s.a(lib_a-init.o)
 .ARM.attributes
                0x0000090a       0x2d c:/program files (x86)/cypress/psoc creator/3.0/psoc creator/import/gnu_cs/arm/4.7.3/bin/../lib/gcc/arm-none-eabi/4.7.3/../../../../arm-none-eabi/lib/armv7-m\libc_s.a(lib_a-memcpy.o)
 .ARM.attributes
                0x00000937       0x2d c:/program files (x86)/cypress/psoc creator/3.0/psoc creator/import/gnu_cs/arm/4.7.3/bin/../lib/gcc/arm-none-eabi/4.7.3/../../../../arm-none-eabi/lib/armv7-m\libc_s.a(lib_a-memset.o)
 .ARM.attributes
                0x00000964       0x2d c:/program files (x86)/cypress/psoc creator/3.0/psoc creator/import/gnu_cs/arm/4.7.3/bin/../lib/gcc/arm-none-eabi/4.7.3/../../../../arm-none-eabi/lib/armv7-m\libc_s.a(lib_a-sprintf.o)
 .ARM.attributes
                0x00000991       0x2d c:/program files (x86)/cypress/psoc creator/3.0/psoc creator/import/gnu_cs/arm/4.7.3/bin/../lib/gcc/arm-none-eabi/4.7.3/../../../../arm-none-eabi/lib/armv7-m\libc_s.a(lib_a-svfprintf.o)
 .ARM.attributes
                0x000009be       0x2d c:/program files (x86)/cypress/psoc creator/3.0/psoc creator/import/gnu_cs/arm/4.7.3/bin/../lib/gcc/arm-none-eabi/4.7.3/../../../../arm-none-eabi/lib/armv7-m\libc_s.a(lib_a-vfprintf_i.o)
 .ARM.attributes
                0x000009eb       0x2d c:/program files (x86)/cypress/psoc creator/3.0/psoc creator/import/gnu_cs/arm/4.7.3/bin/../lib/gcc/arm-none-eabi/4.7.3/../../../../arm-none-eabi/lib/armv7-m\libc_s.a(lib_a-freer.o)
 .ARM.attributes
                0x00000a18       0x2d c:/program files (x86)/cypress/psoc creator/3.0/psoc creator/import/gnu_cs/arm/4.7.3/bin/../lib/gcc/arm-none-eabi/4.7.3/../../../../arm-none-eabi/lib/armv7-m\libc_s.a(lib_a-mallocr.o)
 .ARM.attributes
                0x00000a45       0x2d c:/program files (x86)/cypress/psoc creator/3.0/psoc creator/import/gnu_cs/arm/4.7.3/bin/../lib/gcc/arm-none-eabi/4.7.3/../../../../arm-none-eabi/lib/armv7-m\libc_s.a(lib_a-memchr.o)
 .ARM.attributes
                0x00000a72       0x2d c:/program files (x86)/cypress/psoc creator/3.0/psoc creator/import/gnu_cs/arm/4.7.3/bin/../lib/gcc/arm-none-eabi/4.7.3/../../../../arm-none-eabi/lib/armv7-m\libc_s.a(lib_a-memmove.o)
 .ARM.attributes
                0x00000a9f       0x2d c:/program files (x86)/cypress/psoc creator/3.0/psoc creator/import/gnu_cs/arm/4.7.3/bin/../lib/gcc/arm-none-eabi/4.7.3/../../../../arm-none-eabi/lib/armv7-m\libc_s.a(lib_a-reallocr.o)
 .ARM.attributes
                0x00000acc       0x2d c:/program files (x86)/cypress/psoc creator/3.0/psoc creator/import/gnu_cs/arm/4.7.3/bin/../lib/gcc/arm-none-eabi/4.7.3/../../../../arm-none-eabi/lib/armv7-m\libc_s.a(lib_a-sbrkr.o)
 .ARM.attributes
                0x00000af9       0x2d c:/program files (x86)/cypress/psoc creator/3.0/psoc creator/import/gnu_cs/arm/4.7.3/bin/../lib/gcc/arm-none-eabi/4.7.3/../../../../arm-none-eabi/lib/armv7-m\libc_s.a(lib_a-strlen.o)
 .ARM.attributes
                0x00000b26       0x2d c:/program files (x86)/cypress/psoc creator/3.0/psoc creator/import/gnu_cs/arm/4.7.3/bin/../lib/gcc/arm-none-eabi/4.7.3/../../../../arm-none-eabi/lib/armv7-m\libc_s.a(lib_a-msizer.o)
 .ARM.attributes
                0x00000b53       0x2d c:/program files (x86)/cypress/psoc creator/3.0/psoc creator/import/gnu_cs/arm/4.7.3/bin/../lib/gcc/arm-none-eabi/4.7.3/../../../../arm-none-eabi/lib/armv7-m\libc_s.a(lib_a-reent.o)
 .ARM.attributes
                0x00000b80       0x2d c:/program files (x86)/cypress/psoc creator/3.0/psoc creator/import/gnu_cs/arm/4.7.3/bin/../lib/gcc/arm-none-eabi/4.7.3/armv7-m/crtend.o
 .ARM.attributes
                0x00000bad       0x1d c:/program files (x86)/cypress/psoc creator/3.0/psoc creator/import/gnu_cs/arm/4.7.3/bin/../lib/gcc/arm-none-eabi/4.7.3/armv7-m/crtn.o
 .ARM.attributes
                0x00000bca       0x2d c:/program files (x86)/cypress/psoc creator/3.0/psoc creator/import/gnu_cs/arm/4.7.3/bin/../lib/gcc/arm-none-eabi/4.7.3/../../../../arm-none-eabi/lib/armv7-m\libnosys.a(sbrk.o)

/DISCARD/
 *(.note.GNU-stack)
OUTPUT(.\CortexM3\ARM_GCC_473\Debug\TransmitReadings_freeSoC.elf elf32-littlearm)
