Archive member included because of file (symbol)

.\CortexM3\ARM_GCC_473\Debug\TransmitReadings_freeSoC.a(cyfitter_cfg.o)
                              .\CortexM3\ARM_GCC_473\Debug\Cm3Start.o (cyfitter_cfg)
.\CortexM3\ARM_GCC_473\Debug\TransmitReadings_freeSoC.a(CyBootAsmGnu.o)
                              .\CortexM3\ARM_GCC_473\Debug\TransmitReadings_freeSoC.a(cyfitter_cfg.o) (CyDelayCycles)
.\CortexM3\ARM_GCC_473\Debug\TransmitReadings_freeSoC.a(CyLib.o)
                              .\CortexM3\ARM_GCC_473\Debug\Cm3Start.o (CyResetStatus)
.\CortexM3\ARM_GCC_473\Debug\TransmitReadings_freeSoC.a(cyPm.o)
                              .\CortexM3\ARM_GCC_473\Debug\TransmitReadings_freeSoC.a(CyLib.o) (CyPmReadStatus)
.\CortexM3\ARM_GCC_473\Debug\TransmitReadings_freeSoC.a(psoc.o)
                              .\CortexM3\ARM_GCC_473\Debug\main.o (psoc_Start)
.\CortexM3\ARM_GCC_473\Debug\TransmitReadings_freeSoC.a(psoc_INT.o)
                              .\CortexM3\ARM_GCC_473\Debug\TransmitReadings_freeSoC.a(psoc.o) (psoc_ISR)
.\CortexM3\ARM_GCC_473\Debug\TransmitReadings_freeSoC.a(psoc_PM.o)
                              .\CortexM3\ARM_GCC_473\Debug\TransmitReadings_freeSoC.a(psoc.o) (psoc_backup)
.\CortexM3\ARM_GCC_473\Debug\TransmitReadings_freeSoC.a(psoc_MASTER.o)
                              .\CortexM3\ARM_GCC_473\Debug\TransmitReadings_freeSoC.a(psoc_INT.o) (psoc_mstrStatus)
.\CortexM3\ARM_GCC_473\Debug\TransmitReadings_freeSoC.a(UART_Wind.o)
                              .\CortexM3\ARM_GCC_473\Debug\main.o (UART_Wind_Start)
.\CortexM3\ARM_GCC_473\Debug\TransmitReadings_freeSoC.a(isr_Wind.o)
                              .\CortexM3\ARM_GCC_473\Debug\main.o (isr_Wind_StartEx)
.\CortexM3\ARM_GCC_473\Debug\TransmitReadings_freeSoC.a(UART_SBD.o)
                              .\CortexM3\ARM_GCC_473\Debug\main.o (UART_SBD_Start)
.\CortexM3\ARM_GCC_473\Debug\TransmitReadings_freeSoC.a(SBD_reply.o)
                              .\CortexM3\ARM_GCC_473\Debug\main.o (SBD_reply_Start)
.\CortexM3\ARM_GCC_473\Debug\TransmitReadings_freeSoC.a(UART_Wind_IntClock.o)
                              .\CortexM3\ARM_GCC_473\Debug\TransmitReadings_freeSoC.a(UART_Wind.o) (UART_Wind_IntClock_Start)
.\CortexM3\ARM_GCC_473\Debug\TransmitReadings_freeSoC.a(UART_SBD_IntClock.o)
                              .\CortexM3\ARM_GCC_473\Debug\TransmitReadings_freeSoC.a(UART_SBD.o) (UART_SBD_IntClock_Start)
.\CortexM3\ARM_GCC_473\Debug\TransmitReadings_freeSoC.a(master.o)
                              .\CortexM3\ARM_GCC_473\Debug\main.o (master_Start)
.\CortexM3\ARM_GCC_473\Debug\TransmitReadings_freeSoC.a(clock.o)
                              .\CortexM3\ARM_GCC_473\Debug\main.o (clock_Start)
.\CortexM3\ARM_GCC_473\Debug\TransmitReadings_freeSoC.a(ADC.o)
                              .\CortexM3\ARM_GCC_473\Debug\main.o (ADC_Start)
.\CortexM3\ARM_GCC_473\Debug\TransmitReadings_freeSoC.a(ADC_INT.o)
                              .\CortexM3\ARM_GCC_473\Debug\TransmitReadings_freeSoC.a(ADC.o) (ADC_ISR)
.\CortexM3\ARM_GCC_473\Debug\TransmitReadings_freeSoC.a(ADC_theACLK.o)
                              .\CortexM3\ARM_GCC_473\Debug\TransmitReadings_freeSoC.a(ADC.o) (ADC_theACLK_SetModeRegister)
.\CortexM3\ARM_GCC_473\Debug\TransmitReadings_freeSoC.a(Timer.o)
                              .\CortexM3\ARM_GCC_473\Debug\RH.o (Timer_Start)
.\CortexM3\ARM_GCC_473\Debug\TransmitReadings_freeSoC.a(timer_clock.o)
                              .\CortexM3\ARM_GCC_473\Debug\RH.o (timer_clock_Start)
.\CortexM3\ARM_GCC_473\Debug\TransmitReadings_freeSoC.a(timeout_isr.o)
                              .\CortexM3\ARM_GCC_473\Debug\RH.o (timeout_isr_StartEx)
.\CortexM3\ARM_GCC_473\Debug\TransmitReadings_freeSoC.a(CyFlash.o)
                              .\CortexM3\ARM_GCC_473\Debug\TransmitReadings_freeSoC.a(cyPm.o) (CyFlash_SetWaitCycles)
.\CortexM3\ARM_GCC_473\Debug\TransmitReadings_freeSoC.a(CySpc.o)
                              .\CortexM3\ARM_GCC_473\Debug\TransmitReadings_freeSoC.a(CyFlash.o) (CySpcStart)
c:/program files (x86)/cypress/psoc creator/3.0/psoc creator/import/gnu_cs/arm/4.7.3/bin/../lib/gcc/arm-none-eabi/4.7.3/../../../../arm-none-eabi/lib/armv7-m\libm.a(lib_a-s_atan.o)
                              .\CortexM3\ARM_GCC_473\Debug\magnetometer.o (atan)
c:/program files (x86)/cypress/psoc creator/3.0/psoc creator/import/gnu_cs/arm/4.7.3/bin/../lib/gcc/arm-none-eabi/4.7.3/../../../../arm-none-eabi/lib/armv7-m\libm.a(lib_a-s_fabs.o)
                              c:/program files (x86)/cypress/psoc creator/3.0/psoc creator/import/gnu_cs/arm/4.7.3/bin/../lib/gcc/arm-none-eabi/4.7.3/../../../../arm-none-eabi/lib/armv7-m\libm.a(lib_a-s_atan.o) (fabs)
c:/program files (x86)/cypress/psoc creator/3.0/psoc creator/import/gnu_cs/arm/4.7.3/bin/../lib/gcc/arm-none-eabi/4.7.3/../../../../arm-none-eabi/lib/armv7-m\libm.a(lib_a-w_pow.o)
                              .\CortexM3\ARM_GCC_473\Debug\thermocouple.o (pow)
[...]
Memory Configuration

Name             Origin             Length             Attributes
rom              0x00000000         0x00040000         xr
ram              0x1fff8000         0x00010000         xrw
*default*        0x00000000         0xffffffff

Linker script and memory map

LOAD c:/program files (x86)/cypress/psoc creator/3.0/psoc creator/import/gnu_cs/arm/4.7.3/bin/../lib/gcc/arm-none-eabi/4.7.3/armv7-m/crti.o
LOAD c:/program files (x86)/cypress/psoc creator/3.0/psoc creator/import/gnu_cs/arm/4.7.3/bin/../lib/gcc/arm-none-eabi/4.7.3/armv7-m/crtbegin.o
LOAD c:/program files (x86)/cypress/psoc creator/3.0/psoc creator/import/gnu_cs/arm/4.7.3/bin/../lib/gcc/arm-none-eabi/4.7.3/../../../../arm-none-eabi/lib/armv7-m/crt0.o
START GROUP
LOAD .\CortexM3\ARM_GCC_473\Debug\main.o
LOAD .\CortexM3\ARM_GCC_473\Debug\magnetometer.o
LOAD .\CortexM3\ARM_GCC_473\Debug\thermocouple.o
LOAD .\CortexM3\ARM_GCC_473\Debug\Batteryvoltage.o
LOAD .\CortexM3\ARM_GCC_473\Debug\RH.o
LOAD .\CortexM3\ARM_GCC_473\Debug\cymetadata.o
LOAD .\CortexM3\ARM_GCC_473\Debug\Cm3Start.o
LOAD .\CortexM3\ARM_GCC_473\Debug\TransmitReadings_freeSoC.a
LOAD C:\Program Files (x86)\Cypress\PSoC Creator\3.0\PSoC Creator\psoc\content\cycomponentlibrary\CyComponentLibrary.cylib\CortexM3\ARM_GCC_473\Debug\CyComponentLibrary.a
LOAD c:/program files (x86)/cypress/psoc creator/3.0/psoc creator/import/gnu_cs/arm/4.7.3/bin/../lib/gcc/arm-none-eabi/4.7.3/../../../../arm-none-eabi/lib/armv7-m\libm.a
END GROUP
START GROUP
LOAD c:/program files (x86)/cypress/psoc creator/3.0/psoc creator/import/gnu_cs/arm/4.7.3/bin/../lib/gcc/arm-none-eabi/4.7.3/armv7-m\libgcc.a
LOAD c:/program files (x86)/cypress/psoc creator/3.0/psoc creator/import/gnu_cs/arm/4.7.3/bin/../lib/gcc/arm-none-eabi/4.7.3/../../../../arm-none-eabi/lib/armv7-m\libc_s.a
END GROUP
LOAD c:/program files (x86)/cypress/psoc creator/3.0/psoc creator/import/gnu_cs/arm/4.7.3/bin/../lib/gcc/arm-none-eabi/4.7.3/armv7-m/crtend.o
LOAD c:/program files (x86)/cypress/psoc creator/3.0/psoc creator/import/gnu_cs/arm/4.7.3/bin/../lib/gcc/arm-none-eabi/4.7.3/armv7-m/crtn.o
START GROUP
LOAD c:/program files (x86)/cypress/psoc creator/3.0/psoc creator/import/gnu_cs/arm/4.7.3/bin/../lib/gcc/arm-none-eabi/4.7.3/armv7-m\libgcc.a
LOAD c:/program files (x86)/cypress/psoc creator/3.0/psoc creator/import/gnu_cs/arm/4.7.3/bin/../lib/gcc/arm-none-eabi/4.7.3/../../../../arm-none-eabi/lib/armv7-m\libc.a
LOAD c:/program files (x86)/cypress/psoc creator/3.0/psoc creator/import/gnu_cs/arm/4.7.3/bin/../lib/gcc/arm-none-eabi/4.7.3/../../../../arm-none-eabi/lib/armv7-m\libnosys.a
END GROUP
                0x00000000                CY_APPL_ORIGIN = 0x0
                0x00000100                CY_FLASH_ROW_SIZE = 0x100
                0x00000020                CY_ECC_ROW_SIZE = 0x20
                0x00000000                CY_EE_IN_BTLDR = 0x0
                0x00000000                CY_APPL_LOADABLE = 0x0
                0x00000800                CY_EE_SIZE = 0x800
                0x00000001                CY_APPL_NUM = 0x1
                0x00000001                CY_APPL_MAX = 0x1
                0x00000040                CY_METADATA_SIZE = 0x40
                0x1fff8568                PROVIDE (__cy_heap_start, _end)
                0x00000001                PROVIDE (__cy_region_num, ((__cy_regions_end - __cy_regions) / 0x10))
                0x20008000                PROVIDE (__cy_stack, (ORIGIN (ram) + 0x10000))
                0x20004000                PROVIDE (__cy_heap_end, (__cy_stack - 0x4000))

.cybootloader   0x00000000        0x0
 *(.cybootloader)
                0x00000000                appl1_start = CY_APPL_ORIGIN?CY_APPL_ORIGIN:ALIGN (CY_FLASH_ROW_SIZE)
                0x0001ff00                appl2_start = (appl1_start + ALIGN ((((0x40000 - appl1_start) - (0x2 * CY_FLASH_ROW_SIZE)) / 0x2), CY_FLASH_ROW_SIZE))
                0x00000000                appl_start = (CY_APPL_NUM == 0x1)?appl1_start:appl2_start
                0x00000000                ecc_offset = ((appl_start / CY_FLASH_ROW_SIZE) * CY_ECC_ROW_SIZE)
                0x00000000                ee_offset = (CY_APPL_LOADABLE && ! (CY_EE_IN_BTLDR))?((CY_EE_SIZE / CY_APPL_MAX) * (CY_APPL_NUM - 0x1)):0x0
                0x00000800                ee_size = (CY_APPL_LOADABLE && ! (CY_EE_IN_BTLDR))?(CY_EE_SIZE / CY_APPL_MAX):CY_EE_SIZE
                0x00000000                PROVIDE (CY_ECC_OFFSET, ecc_offset)

.text           0x00000000     0x8604
 CREATE_OBJECT_SYMBOLS
                0x00000000                PROVIDE (__cy_interrupt_vector, RomVectors)
 *(.romvectors)
 .romvectors    0x00000000       0x10 .\CortexM3\ARM_GCC_473\Debug\Cm3Start.o
                0x00000000                RomVectors
                0x00000001                ASSERT ((. != __cy_interrupt_vector), No interrupt vector)
                0x00000001                ASSERT (CY_APPL_ORIGIN?(SIZEOF (.cybootloader) <= CY_APPL_ORIGIN):0x1, Wrong image location)
                0x00000010                PROVIDE (__cy_reset, Reset)
 *(.text.Reset)
 .text.Reset    0x00000010       0x1c .\CortexM3\ARM_GCC_473\Debug\Cm3Start.o
                0x00000010                Reset
                0x00000001                ASSERT ((. != __cy_reset), No reset code)
 *(.dma_init)
                0x00000001                ASSERT ((((appl_start + .) <= 0x10000) || 0x1), DMA Init must be within the first 64k of flash)
 *(.text .text.* .gnu.linkonce.t.*)
 .text          0x0000002c       0x54 c:/program files (x86)/cypress/psoc creator/3.0/psoc creator/import/gnu_cs/arm/4.7.3/bin/../lib/gcc/arm-none-eabi/4.7.3/armv7-m/crtbegin.o
 .text.main     0x00000080       0xa4 .\CortexM3\ARM_GCC_473\Debug\main.o
                0x00000080                main
 .text.windprocessPacket
                0x00000124      0x5cc .\CortexM3\ARM_GCC_473\Debug\main.o
                0x00000124                windprocessPacket
 .text.clearPacketSBD
                0x000006f0       0x28 .\CortexM3\ARM_GCC_473\Debug\main.o
                0x000006f0                clearPacketSBD
 .text.clearPacketwind
                0x00000718       0x28 .\CortexM3\ARM_GCC_473\Debug\main.o
                0x00000718                clearPacketwind
 .text.IntWind  0x00000740       0x64 .\CortexM3\ARM_GCC_473\Debug\main.o
                0x00000740                IntWind
 .text.SBD_int  0x000007a4       0x80 .\CortexM3\ARM_GCC_473\Debug\main.o
                0x000007a4                SBD_int
 .text.writeregister
                0x00000824       0x48 .\CortexM3\ARM_GCC_473\Debug\magnetometer.o
                0x00000824                writeregister
 .text.readregister
                0x0000086c       0x64 .\CortexM3\ARM_GCC_473\Debug\magnetometer.o
                0x0000086c                readregister
 .text.getmeasurement
                0x000008d0       0x44 .\CortexM3\ARM_GCC_473\Debug\magnetometer.o
                0x000008d0                getmeasurement
 *fill*         0x00000914        0x4 00
 .text.getheading
                0x00000918      0x130 .\CortexM3\ARM_GCC_473\Debug\magnetometer.o
                0x00000918                getheading
 .text.gettemperature
                0x00000a48      0x13c .\CortexM3\ARM_GCC_473\Debug\thermocouple.o
                0x00000a48                gettemperature
 .text.getvoltage
                0x00000b84       0x6c .\CortexM3\ARM_GCC_473\Debug\Batteryvoltage.o
                0x00000b84                getvoltage
 .text.InterruptHandler
                0x00000bf0       0x4c .\CortexM3\ARM_GCC_473\Debug\RH.o
                0x00000bf0                InterruptHandler
 .text.readregister2
                0x00000c3c       0xe8 .\CortexM3\ARM_GCC_473\Debug\RH.o
                0x00000c3c                readregister2
 .text.processRH
                0x00000d24       0x90 .\CortexM3\ARM_GCC_473\Debug\RH.o
                0x00000d24                processRH
 .text.getRH    0x00000db4       0x48 .\CortexM3\ARM_GCC_473\Debug\RH.o
                0x00000db4                getRH
 .text.IntDefaultHandler
                0x00000dfc        0x8 .\CortexM3\ARM_GCC_473\Debug\Cm3Start.o
                0x00000dfc                IntDefaultHandler
 .text.Start_c  0x00000e04       0xcc .\CortexM3\ARM_GCC_473\Debug\Cm3Start.o
                0x00000e04                Start_c
 .text.initialize_psoc
                0x00000ed0       0xb4 .\CortexM3\ARM_GCC_473\Debug\Cm3Start.o
                0x00000ed0                initialize_psoc
 .text.CYMEMZERO
                0x00000f84       0x20 .\CortexM3\ARM_GCC_473\Debug\TransmitReadings_freeSoC.a(cyfitter_cfg.o)
 .text.CYCONFIGCPY
                0x00000fa4       0x20 .\CortexM3\ARM_GCC_473\Debug\TransmitReadings_freeSoC.a(cyfitter_cfg.o)
 .text.CyClockStartupError
                0x00000fc4        0xc .\CortexM3\ARM_GCC_473\Debug\TransmitReadings_freeSoC.a(cyfitter_cfg.o)
 .text.cfg_write_bytes32
                0x00000fd0       0x84 .\CortexM3\ARM_GCC_473\Debug\TransmitReadings_freeSoC.a(cyfitter_cfg.o)
 .text.ClockSetup
                0x00001054      0x200 .\CortexM3\ARM_GCC_473\Debug\TransmitReadings_freeSoC.a(cyfitter_cfg.o)
 .text.AnalogSetDefault
                0x00001254       0xdc .\CortexM3\ARM_GCC_473\Debug\TransmitReadings_freeSoC.a(cyfitter_cfg.o)
 .text.cyfitter_cfg
                0x00001330      0x1f4 .\CortexM3\ARM_GCC_473\Debug\TransmitReadings_freeSoC.a(cyfitter_cfg.o)
                0x00001330                cyfitter_cfg
 *fill*         0x00001524        0x4 00
 .text          0x00001528       0x28 .\CortexM3\ARM_GCC_473\Debug\TransmitReadings_freeSoC.a(CyBootAsmGnu.o)
                0x00001528                CyDelayCycles
                0x0000153c                CyEnterCriticalSection
                0x00001544                CyExitCriticalSection
 .text.CyHalt   0x00001550       0x18 .\CortexM3\ARM_GCC_473\Debug\TransmitReadings_freeSoC.a(CyLib.o)
                0x00001550                CyHalt
 .text.CyDelay  0x00001568       0x48 .\CortexM3\ARM_GCC_473\Debug\TransmitReadings_freeSoC.a(CyLib.o)
                0x00001568                CyDelay
 .text.CyDelayUs
                0x000015b0       0x28 .\CortexM3\ARM_GCC_473\Debug\TransmitReadings_freeSoC.a(CyLib.o)
                0x000015b0                CyDelayUs
 .text.CyIntSetVector
                0x000015d8       0x60 .\CortexM3\ARM_GCC_473\Debug\TransmitReadings_freeSoC.a(CyLib.o)
                0x000015d8                CyIntSetVector
 .text.CyIntSetPriority
                0x00001638       0x4c .\CortexM3\ARM_GCC_473\Debug\TransmitReadings_freeSoC.a(CyLib.o)
                0x00001638                CyIntSetPriority
 .text.psoc_Init
                0x00001684       0x84 .\CortexM3\ARM_GCC_473\Debug\TransmitReadings_freeSoC.a(psoc.o)
                0x00001684                psoc_Init
 .text.psoc_Enable
                0x00001708       0x58 .\CortexM3\ARM_GCC_473\Debug\TransmitReadings_freeSoC.a(psoc.o)
                0x00001708                psoc_Enable
 .text.psoc_Start
                0x00001760       0x38 .\CortexM3\ARM_GCC_473\Debug\TransmitReadings_freeSoC.a(psoc.o)
                0x00001760                psoc_Start
 .text.psoc_ISR
                0x00001798      0x598 .\CortexM3\ARM_GCC_473\Debug\TransmitReadings_freeSoC.a(psoc_INT.o)
                0x00001798                psoc_ISR
 .text.psoc_MasterSendStart
                0x00001d30       0xf4 .\CortexM3\ARM_GCC_473\Debug\TransmitReadings_freeSoC.a(psoc_MASTER.o)
                0x00001d30                psoc_MasterSendStart
 .text.psoc_MasterSendStop
                0x00001e24       0x74 .\CortexM3\ARM_GCC_473\Debug\TransmitReadings_freeSoC.a(psoc_MASTER.o)
                0x00001e24                psoc_MasterSendStop
 .text.psoc_MasterWriteByte
                0x00001e98       0xb0 .\CortexM3\ARM_GCC_473\Debug\TransmitReadings_freeSoC.a(psoc_MASTER.o)
                0x00001e98                psoc_MasterWriteByte
 .text.psoc_MasterReadByte
                0x00001f48       0xa4 .\CortexM3\ARM_GCC_473\Debug\TransmitReadings_freeSoC.a(psoc_MASTER.o)
                0x00001f48                psoc_MasterReadByte
 .text.psoc_MasterClearStatus
                0x00001fec       0x30 .\CortexM3\ARM_GCC_473\Debug\TransmitReadings_freeSoC.a(psoc_MASTER.o)
                0x00001fec                psoc_MasterClearStatus
 .text.psoc_MasterClearReadBuf
                0x0000201c       0x34 .\CortexM3\ARM_GCC_473\Debug\TransmitReadings_freeSoC.a(psoc_MASTER.o)
                0x0000201c                psoc_MasterClearReadBuf
 .text.psoc_MasterClearWriteBuf
                0x00002050       0x34 .\CortexM3\ARM_GCC_473\Debug\TransmitReadings_freeSoC.a(psoc_MASTER.o)
                0x00002050                psoc_MasterClearWriteBuf
 .text.psoc_Workaround
                0x00002084        0xc .\CortexM3\ARM_GCC_473\Debug\TransmitReadings_freeSoC.a(psoc_MASTER.o)
                0x00002084                psoc_Workaround
 .text.UART_Wind_Start
                0x00002090       0x2c .\CortexM3\ARM_GCC_473\Debug\TransmitReadings_freeSoC.a(UART_Wind.o)
                0x00002090                UART_Wind_Start
 .text.UART_Wind_Init
                0x000020bc       0x50 .\CortexM3\ARM_GCC_473\Debug\TransmitReadings_freeSoC.a(UART_Wind.o)
                0x000020bc                UART_Wind_Init
 .text.UART_Wind_Enable
                0x0000210c       0x78 .\CortexM3\ARM_GCC_473\Debug\TransmitReadings_freeSoC.a(UART_Wind.o)
                0x0000210c                UART_Wind_Enable
 .text.UART_Wind_GetChar
                0x00002184       0x4c .\CortexM3\ARM_GCC_473\Debug\TransmitReadings_freeSoC.a(UART_Wind.o)
                0x00002184                UART_Wind_GetChar
 .text.UART_Wind_PutChar
                0x000021d0       0x38 .\CortexM3\ARM_GCC_473\Debug\TransmitReadings_freeSoC.a(UART_Wind.o)
                0x000021d0                UART_Wind_PutChar
 .text.UART_Wind_PutString
                0x00002208       0x48 .\CortexM3\ARM_GCC_473\Debug\TransmitReadings_freeSoC.a(UART_Wind.o)
                0x00002208                UART_Wind_PutString
 .text.isr_Wind_StartEx
                0x00002250       0x28 .\CortexM3\ARM_GCC_473\Debug\TransmitReadings_freeSoC.a(isr_Wind.o)
                0x00002250                isr_Wind_StartEx
 .text.isr_Wind_SetVector
                0x00002278       0x28 .\CortexM3\ARM_GCC_473\Debug\TransmitReadings_freeSoC.a(isr_Wind.o)
                0x00002278                isr_Wind_SetVector
 .text.isr_Wind_SetPriority
                0x000022a0       0x28 .\CortexM3\ARM_GCC_473\Debug\TransmitReadings_freeSoC.a(isr_Wind.o)
                0x000022a0                isr_Wind_SetPriority
 .text.isr_Wind_Enable
                0x000022c8       0x18 .\CortexM3\ARM_GCC_473\Debug\TransmitReadings_freeSoC.a(isr_Wind.o)
                0x000022c8                isr_Wind_Enable
 .text.isr_Wind_Disable
                0x000022e0       0x18 .\CortexM3\ARM_GCC_473\Debug\TransmitReadings_freeSoC.a(isr_Wind.o)
                0x000022e0                isr_Wind_Disable
 .text.UART_SBD_Start
                0x000022f8       0x2c .\CortexM3\ARM_GCC_473\Debug\TransmitReadings_freeSoC.a(UART_SBD.o)
                0x000022f8                UART_SBD_Start
 .text.UART_SBD_Init
                0x00002324       0x50 .\CortexM3\ARM_GCC_473\Debug\TransmitReadings_freeSoC.a(UART_SBD.o)
                0x00002324                UART_SBD_Init
 .text.UART_SBD_Enable
                0x00002374       0x78 .\CortexM3\ARM_GCC_473\Debug\TransmitReadings_freeSoC.a(UART_SBD.o)
                0x00002374                UART_SBD_Enable
 .text.UART_SBD_GetChar
                0x000023ec       0x4c .\CortexM3\ARM_GCC_473\Debug\TransmitReadings_freeSoC.a(UART_SBD.o)
                0x000023ec                UART_SBD_GetChar
 .text.UART_SBD_PutChar
                0x00002438       0x38 .\CortexM3\ARM_GCC_473\Debug\TransmitReadings_freeSoC.a(UART_SBD.o)
                0x00002438                UART_SBD_PutChar
 .text.UART_SBD_PutString
                0x00002470       0x48 .\CortexM3\ARM_GCC_473\Debug\TransmitReadings_freeSoC.a(UART_SBD.o)
                0x00002470                UART_SBD_PutString
 .text.UART_SBD_PutArray
                0x000024b8       0x48 .\CortexM3\ARM_GCC_473\Debug\TransmitReadings_freeSoC.a(UART_SBD.o)
                0x000024b8                UART_SBD_PutArray
 .text.SBD_reply_Start
                0x00002500       0x24 .\CortexM3\ARM_GCC_473\Debug\TransmitReadings_freeSoC.a(SBD_reply.o)
                0x00002500                SBD_reply_Start
 .text.SBD_reply_StartEx
                0x00002524       0x28 .\CortexM3\ARM_GCC_473\Debug\TransmitReadings_freeSoC.a(SBD_reply.o)
                0x00002524                SBD_reply_StartEx
 .text.SBD_reply_Stop
                0x0000254c       0x18 .\CortexM3\ARM_GCC_473\Debug\TransmitReadings_freeSoC.a(SBD_reply.o)
                0x0000254c                SBD_reply_Stop
 .text.SBD_reply_Interrupt
                0x00002564        0xc .\CortexM3\ARM_GCC_473\Debug\TransmitReadings_freeSoC.a(SBD_reply.o)
                0x00002564                SBD_reply_Interrupt
 .text.SBD_reply_SetVector
                0x00002570       0x28 .\CortexM3\ARM_GCC_473\Debug\TransmitReadings_freeSoC.a(SBD_reply.o)
                0x00002570                SBD_reply_SetVector
 .text.SBD_reply_SetPriority
                0x00002598       0x28 .\CortexM3\ARM_GCC_473\Debug\TransmitReadings_freeSoC.a(SBD_reply.o)
                0x00002598                SBD_reply_SetPriority
 .text.SBD_reply_Enable
                0x000025c0       0x18 .\CortexM3\ARM_GCC_473\Debug\TransmitReadings_freeSoC.a(SBD_reply.o)
                0x000025c0                SBD_reply_Enable
 .text.SBD_reply_Disable
                0x000025d8       0x18 .\CortexM3\ARM_GCC_473\Debug\TransmitReadings_freeSoC.a(SBD_reply.o)
                0x000025d8                SBD_reply_Disable
 .text.UART_Wind_IntClock_Start
                0x000025f0       0x44 .\CortexM3\ARM_GCC_473\Debug\TransmitReadings_freeSoC.a(UART_Wind_IntClock.o)
                0x000025f0                UART_Wind_IntClock_Start
 .text.UART_SBD_IntClock_Start
                0x00002634       0x44 .\CortexM3\ARM_GCC_473\Debug\TransmitReadings_freeSoC.a(UART_SBD_IntClock.o)
                0x00002634                UART_SBD_IntClock_Start
 .text.master_Init
                0x00002678       0x3c .\CortexM3\ARM_GCC_473\Debug\TransmitReadings_freeSoC.a(master.o)
                0x00002678                master_Init
 .text.master_Enable
                0x000026b4       0x7c .\CortexM3\ARM_GCC_473\Debug\TransmitReadings_freeSoC.a(master.o)
                0x000026b4                master_Enable
 .text.master_Start
                0x00002730       0x2c .\CortexM3\ARM_GCC_473\Debug\TransmitReadings_freeSoC.a(master.o)
                0x00002730                master_Start
 .text.master_EnableTxInt
                0x0000275c        0xc .\CortexM3\ARM_GCC_473\Debug\TransmitReadings_freeSoC.a(master.o)
                0x0000275c                master_EnableTxInt
 .text.master_EnableRxInt
                0x00002768        0xc .\CortexM3\ARM_GCC_473\Debug\TransmitReadings_freeSoC.a(master.o)
                0x00002768                master_EnableRxInt
 .text.master_ReadTxStatus
                0x00002774       0x20 .\CortexM3\ARM_GCC_473\Debug\TransmitReadings_freeSoC.a(master.o)
                0x00002774                master_ReadTxStatus
 .text.master_ReadRxStatus
                0x00002794       0x20 .\CortexM3\ARM_GCC_473\Debug\TransmitReadings_freeSoC.a(master.o)
                0x00002794                master_ReadRxStatus
 .text.master_WriteTxData
                0x000027b4       0x38 .\CortexM3\ARM_GCC_473\Debug\TransmitReadings_freeSoC.a(master.o)
                0x000027b4                master_WriteTxData
 .text.master_ReadRxData
                0x000027ec       0x20 .\CortexM3\ARM_GCC_473\Debug\TransmitReadings_freeSoC.a(master.o)
                0x000027ec                master_ReadRxData
 .text.master_GetRxBufferSize
                0x0000280c       0x34 .\CortexM3\ARM_GCC_473\Debug\TransmitReadings_freeSoC.a(master.o)
                0x0000280c                master_GetRxBufferSize
 .text.master_ClearFIFO
                0x00002840       0xb0 .\CortexM3\ARM_GCC_473\Debug\TransmitReadings_freeSoC.a(master.o)
                0x00002840                master_ClearFIFO
 .text.clock_Start
                0x000028f0       0x44 .\CortexM3\ARM_GCC_473\Debug\TransmitReadings_freeSoC.a(clock.o)
                0x000028f0                clock_Start
 .text.ADC_Start
                0x00002934       0x2c .\CortexM3\ARM_GCC_473\Debug\TransmitReadings_freeSoC.a(ADC.o)
                0x00002934                ADC_Start
 .text.ADC_Init
                0x00002960       0x5c .\CortexM3\ARM_GCC_473\Debug\TransmitReadings_freeSoC.a(ADC.o)
                0x00002960                ADC_Init
 .text.ADC_Enable
                0x000029bc      0x14c .\CortexM3\ARM_GCC_473\Debug\TransmitReadings_freeSoC.a(ADC.o)
                0x000029bc                ADC_Enable
 .text.ADC_SetResolution
                0x00002b08       0x60 .\CortexM3\ARM_GCC_473\Debug\TransmitReadings_freeSoC.a(ADC.o)
                0x00002b08                ADC_SetResolution
 .text.ADC_StartConvert
                0x00002b68       0x28 .\CortexM3\ARM_GCC_473\Debug\TransmitReadings_freeSoC.a(ADC.o)
                0x00002b68                ADC_StartConvert
 .text.ADC_StopConvert
                0x00002b90       0x28 .\CortexM3\ARM_GCC_473\Debug\TransmitReadings_freeSoC.a(ADC.o)
                0x00002b90                ADC_StopConvert
 .text.ADC_IsEndConversion
                0x00002bb8       0x4c .\CortexM3\ARM_GCC_473\Debug\TransmitReadings_freeSoC.a(ADC.o)
                0x00002bb8                ADC_IsEndConversion
 .text.ADC_GetResult16
                0x00002c04       0x38 .\CortexM3\ARM_GCC_473\Debug\TransmitReadings_freeSoC.a(ADC.o)
                0x00002c04                ADC_GetResult16
 .text.ADC_CalcGain
                0x00002c3c       0x8c .\CortexM3\ARM_GCC_473\Debug\TransmitReadings_freeSoC.a(ADC.o)
 .text.ADC_CountsTo_Volts
                0x00002cc8       0x98 .\CortexM3\ARM_GCC_473\Debug\TransmitReadings_freeSoC.a(ADC.o)
                0x00002cc8                ADC_CountsTo_Volts
 .text.ADC_ISR  0x00002d60        0xc .\CortexM3\ARM_GCC_473\Debug\TransmitReadings_freeSoC.a(ADC_INT.o)
                0x00002d60                ADC_ISR
 .text.ADC_theACLK_SetModeRegister
                0x00002d6c       0x3c .\CortexM3\ARM_GCC_473\Debug\TransmitReadings_freeSoC.a(ADC_theACLK.o)
                0x00002d6c                ADC_theACLK_SetModeRegister
 .text.Timer_Init
                0x00002da8       0xe4 .\CortexM3\ARM_GCC_473\Debug\TransmitReadings_freeSoC.a(Timer.o)
                0x00002da8                Timer_Init
 .text.Timer_Enable
                0x00002e8c       0x60 .\CortexM3\ARM_GCC_473\Debug\TransmitReadings_freeSoC.a(Timer.o)
                0x00002e8c                Timer_Enable
 .text.Timer_Start
                0x00002eec       0x2c .\CortexM3\ARM_GCC_473\Debug\TransmitReadings_freeSoC.a(Timer.o)
                0x00002eec                Timer_Start
 .text.Timer_SetInterruptMode
                0x00002f18       0x20 .\CortexM3\ARM_GCC_473\Debug\TransmitReadings_freeSoC.a(Timer.o)
                0x00002f18                Timer_SetInterruptMode
 .text.Timer_WritePeriod
                0x00002f38       0x24 .\CortexM3\ARM_GCC_473\Debug\TransmitReadings_freeSoC.a(Timer.o)
                0x00002f38                Timer_WritePeriod
 .text.Timer_WriteCounter
                0x00002f5c       0x20 .\CortexM3\ARM_GCC_473\Debug\TransmitReadings_freeSoC.a(Timer.o)
                0x00002f5c                Timer_WriteCounter
 .text.timer_clock_Start
                0x00002f7c       0x44 .\CortexM3\ARM_GCC_473\Debug\TransmitReadings_freeSoC.a(timer_clock.o)
                0x00002f7c                timer_clock_Start
 .text.timeout_isr_StartEx
                0x00002fc0       0x28 .\CortexM3\ARM_GCC_473\Debug\TransmitReadings_freeSoC.a(timeout_isr.o)
                0x00002fc0                timeout_isr_StartEx
 .text.timeout_isr_SetVector
                0x00002fe8       0x28 .\CortexM3\ARM_GCC_473\Debug\TransmitReadings_freeSoC.a(timeout_isr.o)
                0x00002fe8                timeout_isr_SetVector
 .text.timeout_isr_SetPriority
                0x00003010       0x28 .\CortexM3\ARM_GCC_473\Debug\TransmitReadings_freeSoC.a(timeout_isr.o)
                0x00003010                timeout_isr_SetPriority
 .text.timeout_isr_Enable
                0x00003038       0x18 .\CortexM3\ARM_GCC_473\Debug\TransmitReadings_freeSoC.a(timeout_isr.o)
                0x00003038                timeout_isr_Enable
 .text.timeout_isr_Disable
                0x00003050       0x18 .\CortexM3\ARM_GCC_473\Debug\TransmitReadings_freeSoC.a(timeout_isr.o)
                0x00003050                timeout_isr_Disable
 .text.atan     0x00003068      0x368 c:/program files (x86)/cypress/psoc creator/3.0/psoc creator/import/gnu_cs/arm/4.7.3/bin/../lib/gcc/arm-none-eabi/4.7.3/../../../../arm-none-eabi/lib/armv7-m\libm.a(lib_a-s_atan.o)
                0x00003068                atan
 .text.fabs     0x000033d0        0x8 c:/program files (x86)/cypress/psoc creator/3.0/psoc creator/import/gnu_cs/arm/4.7.3/bin/../lib/gcc/arm-none-eabi/4.7.3/../../../../arm-none-eabi/lib/armv7-m\libm.a(lib_a-s_fabs.o)
                0x000033d0                fabs
 .text.pow      0x000033d8      0x310 c:/program files (x86)/cypress/psoc creator/3.0/psoc creator/import/gnu_cs/arm/4.7.3/bin/../lib/gcc/arm-none-eabi/4.7.3/../../../../arm-none-eabi/lib/armv7-m\libm.a(lib_a-w_pow.o)
                0x000033d8                pow
 .text.__ieee754_pow
                0x000036e8      0xb00 c:/program files (x86)/cypress/psoc creator/3.0/psoc creator/import/gnu_cs/arm/4.7.3/bin/../lib/gcc/arm-none-eabi/4.7.3/../../../../arm-none-eabi/lib/armv7-m\libm.a(lib_a-e_pow.o)
                0x000036e8                __ieee754_pow
 .text.__ieee754_sqrt
                0x000041e8      0x208 c:/program files (x86)/cypress/psoc creator/3.0/psoc creator/import/gnu_cs/arm/4.7.3/bin/../lib/gcc/arm-none-eabi/4.7.3/../../../../arm-none-eabi/lib/armv7-m\libm.a(lib_a-e_sqrt.o)
                0x000041e8                __ieee754_sqrt
 .text.finite   0x000043f0        0xc c:/program files (x86)/cypress/psoc creator/3.0/psoc creator/import/gnu_cs/arm/4.7.3/bin/../lib/gcc/arm-none-eabi/4.7.3/../../../../arm-none-eabi/lib/armv7-m\libm.a(lib_a-s_finite.o)
                0x000043f0                finite
 .text.__fpclassifyd
                0x000043fc       0x68 c:/program files (x86)/cypress/psoc creator/3.0/psoc creator/import/gnu_cs/arm/4.7.3/bin/../lib/gcc/arm-none-eabi/4.7.3/../../../../arm-none-eabi/lib/armv7-m\libm.a(lib_a-s_fpclassify.o)
                0x000043fc                __fpclassifyd
 .text.matherr  0x00004464        0x4 c:/program files (x86)/cypress/psoc creator/3.0/psoc creator/import/gnu_cs/arm/4.7.3/bin/../lib/gcc/arm-none-eabi/4.7.3/../../../../arm-none-eabi/lib/armv7-m\libm.a(lib_a-s_matherr.o)
                0x00004464                matherr
 .text.nan      0x00004468        0xc c:/program files (x86)/cypress/psoc creator/3.0/psoc creator/import/gnu_cs/arm/4.7.3/bin/../lib/gcc/arm-none-eabi/4.7.3/../../../../arm-none-eabi/lib/armv7-m\libm.a(lib_a-s_nan.o)
                0x00004468                nan
 .text.rint     0x00004474      0x128 c:/program files (x86)/cypress/psoc creator/3.0/psoc creator/import/gnu_cs/arm/4.7.3/bin/../lib/gcc/arm-none-eabi/4.7.3/../../../../arm-none-eabi/lib/armv7-m\libm.a(lib_a-s_rint.o)
                0x00004474                rint
 *fill*         0x0000459c        0x4 00
 .text.scalbn   0x000045a0      0x108 c:/program files (x86)/cypress/psoc creator/3.0/psoc creator/import/gnu_cs/arm/4.7.3/bin/../lib/gcc/arm-none-eabi/4.7.3/../../../../arm-none-eabi/lib/armv7-m\libm.a(lib_a-s_scalbn.o)
                0x000045a0                scalbn
 .text.copysign
                0x000046a8       0x18 c:/program files (x86)/cypress/psoc creator/3.0/psoc creator/import/gnu_cs/arm/4.7.3/bin/../lib/gcc/arm-none-eabi/4.7.3/../../../../arm-none-eabi/lib/armv7-m\libm.a(lib_a-s_copysign.o)
                0x000046a8                copysign
 .text          0x000046c0      0x370 c:/program files (x86)/cypress/psoc creator/3.0/psoc creator/import/gnu_cs/arm/4.7.3/bin/../lib/gcc/arm-none-eabi/4.7.3/armv7-m\libgcc.a(_arm_addsubdf3.o)
                0x000046c0                __aeabi_drsub
                0x000046c8                __aeabi_dsub
                0x000046c8                __subdf3
                0x000046cc                __aeabi_dadd
                0x000046cc                __adddf3
                0x00004944                __floatunsidf
                0x00004944                __aeabi_ui2d
                0x00004964                __floatsidf
                0x00004964                __aeabi_i2d
                0x00004988                __aeabi_f2d
                0x00004988                __extendsfdf2
                0x000049c4                __floatundidf
                0x000049c4                __aeabi_ul2d
                0x000049d4                __floatdidf
                0x000049d4                __aeabi_l2d
 .text          0x00004a30      0x424 c:/program files (x86)/cypress/psoc creator/3.0/psoc creator/import/gnu_cs/arm/4.7.3/bin/../lib/gcc/arm-none-eabi/4.7.3/armv7-m\libgcc.a(_arm_muldivdf3.o)
                0x00004a30                __aeabi_dmul
                0x00004a30                __muldf3
                0x00004c84                __divdf3
                0x00004c84                __aeabi_ddiv
 .text          0x00004e54      0x110 c:/program files (x86)/cypress/psoc creator/3.0/psoc creator/import/gnu_cs/arm/4.7.3/bin/../lib/gcc/arm-none-eabi/4.7.3/armv7-m\libgcc.a(_arm_cmpdf2.o)
                0x00004e54                __gtdf2
                0x00004e54                __gedf2
                0x00004e5c                __ltdf2
                0x00004e5c                __ledf2
                0x00004e64                __nedf2
                0x00004e64                __eqdf2
                0x00004e64                __cmpdf2
                0x00004ee0                __aeabi_cdrcmple
                0x00004ef0                __aeabi_cdcmpeq
                0x00004ef0                __aeabi_cdcmple
                0x00004f00                __aeabi_dcmpeq
                0x00004f14                __aeabi_dcmplt
                0x00004f28                __aeabi_dcmple
                0x00004f3c                __aeabi_dcmpge
                0x00004f50                __aeabi_dcmpgt
 .text          0x00004f64       0x50 c:/program files (x86)/cypress/psoc creator/3.0/psoc creator/import/gnu_cs/arm/4.7.3/bin/../lib/gcc/arm-none-eabi/4.7.3/armv7-m\libgcc.a(_arm_fixdfsi.o)
                0x00004f64                __aeabi_d2iz
                0x00004f64                __fixdfsi
 .text          0x00004fb4       0x40 c:/program files (x86)/cypress/psoc creator/3.0/psoc creator/import/gnu_cs/arm/4.7.3/bin/../lib/gcc/arm-none-eabi/4.7.3/armv7-m\libgcc.a(_arm_fixunsdfsi.o)
                0x00004fb4                __aeabi_d2uiz
                0x00004fb4                __fixunsdfsi
 .text          0x00004ff4       0xa0 c:/program files (x86)/cypress/psoc creator/3.0/psoc creator/import/gnu_cs/arm/4.7.3/bin/../lib/gcc/arm-none-eabi/4.7.3/armv7-m\libgcc.a(_arm_truncdfsf2.o)
                0x00004ff4                __truncdfsf2
                0x00004ff4                __aeabi_d2f
 .text          0x00005094      0x21c c:/program files (x86)/cypress/psoc creator/3.0/psoc creator/import/gnu_cs/arm/4.7.3/bin/../lib/gcc/arm-none-eabi/4.7.3/armv7-m\libgcc.a(_arm_addsubsf3.o)
                0x00005094                __aeabi_frsub
                0x0000509c                __subsf3
                0x0000509c                __aeabi_fsub
                0x000050a0                __aeabi_fadd
                0x000050a0                __addsf3
                0x00005200                __aeabi_ui2f
                0x00005200                __floatunsisf
                0x00005208                __aeabi_i2f
                0x00005208                __floatsisf
                0x00005224                __aeabi_ul2f
                0x00005224                __floatundisf
                0x00005234                __aeabi_l2f
                0x00005234                __floatdisf
 .text          0x000052b0      0x2a0 c:/program files (x86)/cypress/psoc creator/3.0/psoc creator/import/gnu_cs/arm/4.7.3/bin/../lib/gcc/arm-none-eabi/4.7.3/armv7-m\libgcc.a(_arm_muldivsf3.o)
                0x000052b0                __mulsf3
                0x000052b0                __aeabi_fmul
                0x00005418                __aeabi_fdiv
                0x00005418                __divsf3
 .text          0x00005550       0x4c c:/program files (x86)/cypress/psoc creator/3.0/psoc creator/import/gnu_cs/arm/4.7.3/bin/../lib/gcc/arm-none-eabi/4.7.3/armv7-m\libgcc.a(_arm_fixsfsi.o)
                0x00005550                __aeabi_f2iz
                0x00005550                __fixsfsi
 .text          0x0000559c       0x40 c:/program files (x86)/cypress/psoc creator/3.0/psoc creator/import/gnu_cs/arm/4.7.3/bin/../lib/gcc/arm-none-eabi/4.7.3/armv7-m\libgcc.a(_arm_fixunssfsi.o)
                0x0000559c                __fixunssfsi
                0x0000559c                __aeabi_f2uiz
 .text.atof     0x000055dc        0x6 c:/program files (x86)/cypress/psoc creator/3.0/psoc creator/import/gnu_cs/arm/4.7.3/bin/../lib/gcc/arm-none-eabi/4.7.3/../../../../arm-none-eabi/lib/armv7-m\libc_s.a(lib_a-atof.o)
                0x000055dc                atof
 .text.atoi     0x000055e2        0x8 c:/program files (x86)/cypress/psoc creator/3.0/psoc creator/import/gnu_cs/arm/4.7.3/bin/../lib/gcc/arm-none-eabi/4.7.3/../../../../arm-none-eabi/lib/armv7-m\libc_s.a(lib_a-atoi.o)
                0x000055e2                atoi
 *fill*         0x000055ea        0x2 00
 .text.__errno  0x000055ec        0xc c:/program files (x86)/cypress/psoc creator/3.0/psoc creator/import/gnu_cs/arm/4.7.3/bin/../lib/gcc/arm-none-eabi/4.7.3/../../../../arm-none-eabi/lib/armv7-m\libc_s.a(lib_a-errno.o)
                0x000055ec                __errno
 .text.__libc_init_array
                0x000055f8       0x4c c:/program files (x86)/cypress/psoc creator/3.0/psoc creator/import/gnu_cs/arm/4.7.3/bin/../lib/gcc/arm-none-eabi/4.7.3/../../../../arm-none-eabi/lib/armv7-m\libc_s.a(lib_a-init.o)
                0x000055f8                __libc_init_array
 .text.memcpy   0x00005644       0x12 c:/program files (x86)/cypress/psoc creator/3.0/psoc creator/import/gnu_cs/arm/4.7.3/bin/../lib/gcc/arm-none-eabi/4.7.3/../../../../arm-none-eabi/lib/armv7-m\libc_s.a(lib_a-memcpy.o)
                0x00005644                memcpy
 .text.memset   0x00005656       0x10 c:/program files (x86)/cypress/psoc creator/3.0/psoc creator/import/gnu_cs/arm/4.7.3/bin/../lib/gcc/arm-none-eabi/4.7.3/../../../../arm-none-eabi/lib/armv7-m\libc_s.a(lib_a-memset.o)
                0x00005656                memset
 *fill*         0x00005666        0x2 00
 .text.sscanf   0x00005668       0x54 c:/program files (x86)/cypress/psoc creator/3.0/psoc creator/import/gnu_cs/arm/4.7.3/bin/../lib/gcc/arm-none-eabi/4.7.3/../../../../arm-none-eabi/lib/armv7-m\libc_s.a(lib_a-sscanf.o)
                0x00005668                siscanf
                0x00005668                sscanf
 .text.__seofread
                0x000056bc        0x4 c:/program files (x86)/cypress/psoc creator/3.0/psoc creator/import/gnu_cs/arm/4.7.3/bin/../lib/gcc/arm-none-eabi/4.7.3/../../../../arm-none-eabi/lib/armv7-m\libc_s.a(lib_a-stdio.o)
                0x000056bc                __seofread
 .text.strlen   0x000056c0       0x10 c:/program files (x86)/cypress/psoc creator/3.0/psoc creator/import/gnu_cs/arm/4.7.3/bin/../lib/gcc/arm-none-eabi/4.7.3/../../../../arm-none-eabi/lib/armv7-m\libc_s.a(lib_a-strlen.o)
                0x000056c0                strlen
 .text.match    0x000056d0       0x2a c:/program files (x86)/cypress/psoc creator/3.0/psoc creator/import/gnu_cs/arm/4.7.3/bin/../lib/gcc/arm-none-eabi/4.7.3/../../../../arm-none-eabi/lib/armv7-m\libc_s.a(lib_a-strtod.o)
 *fill*         0x000056fa        0x6 00
 .text._strtod_r
                0x00005700      0xb20 c:/program files (x86)/cypress/psoc creator/3.0/psoc creator/import/gnu_cs/arm/4.7.3/bin/../lib/gcc/arm-none-eabi/4.7.3/../../../../arm-none-eabi/lib/armv7-m\libc_s.a(lib_a-strtod.o)
                0x00005700                _strtod_r
 .text.strtod   0x00006220       0x14 c:/program files (x86)/cypress/psoc creator/3.0/psoc creator/import/gnu_cs/arm/4.7.3/bin/../lib/gcc/arm-none-eabi/4.7.3/../../../../arm-none-eabi/lib/armv7-m\libc_s.a(lib_a-strtod.o)
                0x00006220                strtod
 .text._strtol_r
                0x00006234      0x10c c:/program files (x86)/cypress/psoc creator/3.0/psoc creator/import/gnu_cs/arm/4.7.3/bin/../lib/gcc/arm-none-eabi/4.7.3/../../../../arm-none-eabi/lib/armv7-m\libc_s.a(lib_a-strtol.o)
                0x00006234                _strtol_r
 .text.strtol   0x00006340       0x1c c:/program files (x86)/cypress/psoc creator/3.0/psoc creator/import/gnu_cs/arm/4.7.3/bin/../lib/gcc/arm-none-eabi/4.7.3/../../../../arm-none-eabi/lib/armv7-m\libc_s.a(lib_a-strtol.o)
                0x00006340                strtol
 .text._sungetc_r
                0x0000635c       0x7a c:/program files (x86)/cypress/psoc creator/3.0/psoc creator/import/gnu_cs/arm/4.7.3/bin/../lib/gcc/arm-none-eabi/4.7.3/../../../../arm-none-eabi/lib/armv7-m\libc_s.a(lib_a-svfscanf.o)
                0x0000635c                _sungetc_r
 .text.__ssrefill_r
                0x000063d6       0x3a c:/program files (x86)/cypress/psoc creator/3.0/psoc creator/import/gnu_cs/arm/4.7.3/bin/../lib/gcc/arm-none-eabi/4.7.3/../../../../arm-none-eabi/lib/armv7-m\libc_s.a(lib_a-svfscanf.o)
                0x000063d6                __ssrefill_r
 .text.__ssvfscanf_r
                0x00006410      0x2d0 c:/program files (x86)/cypress/psoc creator/3.0/psoc creator/import/gnu_cs/arm/4.7.3/bin/../lib/gcc/arm-none-eabi/4.7.3/../../../../arm-none-eabi/lib/armv7-m\libc_s.a(lib_a-svfscanf.o)
                0x00006410                __ssvfiscanf_r
                0x00006410                __ssvfscanf_r
 .text.__submore
                0x000066e0       0x76 c:/program files (x86)/cypress/psoc creator/3.0/psoc creator/import/gnu_cs/arm/4.7.3/bin/../lib/gcc/arm-none-eabi/4.7.3/../../../../arm-none-eabi/lib/armv7-m\libc_s.a(lib_a-ungetc.o)
                0x000066e0                __submore
 *fill*         0x00006756        0x2 00
 .text._scanf_float
                0x00006758      0x3b8 c:/program files (x86)/cypress/psoc creator/3.0/psoc creator/import/gnu_cs/arm/4.7.3/bin/../lib/gcc/arm-none-eabi/4.7.3/../../../../arm-none-eabi/lib/armv7-m\libc_s.a(lib_a-vfscanf_float.o)
                0x00006758                _scanf_float
 .text._scanf_chars
                0x00006b10       0xcc c:/program files (x86)/cypress/psoc creator/3.0/psoc creator/import/gnu_cs/arm/4.7.3/bin/../lib/gcc/arm-none-eabi/4.7.3/../../../../arm-none-eabi/lib/armv7-m\libc_s.a(lib_a-vfscanf_i.o)
                0x00006b10                _scanf_chars
 .text._scanf_i
                0x00006bdc      0x1e4 c:/program files (x86)/cypress/psoc creator/3.0/psoc creator/import/gnu_cs/arm/4.7.3/bin/../lib/gcc/arm-none-eabi/4.7.3/../../../../arm-none-eabi/lib/armv7-m\libc_s.a(lib_a-vfscanf_i.o)
                0x00006bdc                _scanf_i
 .text.__sfp_lock_acquire
                0x00006dc0        0x2 c:/program files (x86)/cypress/psoc creator/3.0/psoc creator/import/gnu_cs/arm/4.7.3/bin/../lib/gcc/arm-none-eabi/4.7.3/../../../../arm-none-eabi/lib/armv7-m\libc_s.a(lib_a-findfp.o)
                0x00006dc0                __sfp_lock_acquire
 .text.__sfp_lock_release
                0x00006dc2        0x2 c:/program files (x86)/cypress/psoc creator/3.0/psoc creator/import/gnu_cs/arm/4.7.3/bin/../lib/gcc/arm-none-eabi/4.7.3/../../../../arm-none-eabi/lib/armv7-m\libc_s.a(lib_a-findfp.o)
                0x00006dc2                __sfp_lock_release
 .text._free_r  0x00006dc4       0x88 c:/program files (x86)/cypress/psoc creator/3.0/psoc creator/import/gnu_cs/arm/4.7.3/bin/../lib/gcc/arm-none-eabi/4.7.3/../../../../arm-none-eabi/lib/armv7-m\libc_s.a(lib_a-freer.o)
                0x00006dc4                _free_r
 .text.rshift   0x00006e4c       0x72 c:/program files (x86)/cypress/psoc creator/3.0/psoc creator/import/gnu_cs/arm/4.7.3/bin/../lib/gcc/arm-none-eabi/4.7.3/../../../../arm-none-eabi/lib/armv7-m\libc_s.a(lib_a-gdtoa-gethex.o)
 *fill*         0x00006ebe        0x2 00
 .text.htinit.constprop.0
                0x00006ec0       0x18 c:/program files (x86)/cypress/psoc creator/3.0/psoc creator/import/gnu_cs/arm/4.7.3/bin/../lib/gcc/arm-none-eabi/4.7.3/../../../../arm-none-eabi/lib/armv7-m\libc_s.a(lib_a-gdtoa-gethex.o)
 .text.__hexdig_init
                0x00006ed8       0x2c c:/program files (x86)/cypress/psoc creator/3.0/psoc creator/import/gnu_cs/arm/4.7.3/bin/../lib/gcc/arm-none-eabi/4.7.3/../../../../arm-none-eabi/lib/armv7-m\libc_s.a(lib_a-gdtoa-gethex.o)
                0x00006ed8                __hexdig_init
 .text.__gethex
                0x00006f04      0x474 c:/program files (x86)/cypress/psoc creator/3.0/psoc creator/import/gnu_cs/arm/4.7.3/bin/../lib/gcc/arm-none-eabi/4.7.3/../../../../arm-none-eabi/lib/armv7-m\libc_s.a(lib_a-gdtoa-gethex.o)
                0x00006f04                __gethex
 .text.L_shift  0x00007378       0x28 c:/program files (x86)/cypress/psoc creator/3.0/psoc creator/import/gnu_cs/arm/4.7.3/bin/../lib/gcc/arm-none-eabi/4.7.3/../../../../arm-none-eabi/lib/armv7-m\libc_s.a(lib_a-gdtoa-hexnan.o)
 .text.__hexnan
                0x000073a0      0x124 c:/program files (x86)/cypress/psoc creator/3.0/psoc creator/import/gnu_cs/arm/4.7.3/bin/../lib/gcc/arm-none-eabi/4.7.3/../../../../arm-none-eabi/lib/armv7-m\libc_s.a(lib_a-gdtoa-hexnan.o)
                0x000073a0                __hexnan
 .text._localeconv_r
                0x000074c4        0x8 c:/program files (x86)/cypress/psoc creator/3.0/psoc creator/import/gnu_cs/arm/4.7.3/bin/../lib/gcc/arm-none-eabi/4.7.3/../../../../arm-none-eabi/lib/armv7-m\libc_s.a(lib_a-locale.o)
                0x000074c4                _localeconv_r
 .text._malloc_r
                0x000074cc       0x94 c:/program files (x86)/cypress/psoc creator/3.0/psoc creator/import/gnu_cs/arm/4.7.3/bin/../lib/gcc/arm-none-eabi/4.7.3/../../../../arm-none-eabi/lib/armv7-m\libc_s.a(lib_a-mallocr.o)
                0x000074cc                _malloc_r
 .text.memchr   0x00007560       0x1c c:/program files (x86)/cypress/psoc creator/3.0/psoc creator/import/gnu_cs/arm/4.7.3/bin/../lib/gcc/arm-none-eabi/4.7.3/../../../../arm-none-eabi/lib/armv7-m\libc_s.a(lib_a-memchr.o)
                0x00007560                memchr
 .text._Balloc  0x0000757c       0x6a c:/program files (x86)/cypress/psoc creator/3.0/psoc creator/import/gnu_cs/arm/4.7.3/bin/../lib/gcc/arm-none-eabi/4.7.3/../../../../arm-none-eabi/lib/armv7-m\libc_s.a(lib_a-mprec.o)
                0x0000757c                _Balloc
 .text._Bfree   0x000075e6       0x2e c:/program files (x86)/cypress/psoc creator/3.0/psoc creator/import/gnu_cs/arm/4.7.3/bin/../lib/gcc/arm-none-eabi/4.7.3/../../../../arm-none-eabi/lib/armv7-m\libc_s.a(lib_a-mprec.o)
                0x000075e6                _Bfree
 .text.__multadd
                0x00007614       0x78 c:/program files (x86)/cypress/psoc creator/3.0/psoc creator/import/gnu_cs/arm/4.7.3/bin/../lib/gcc/arm-none-eabi/4.7.3/../../../../arm-none-eabi/lib/armv7-m\libc_s.a(lib_a-mprec.o)
                0x00007614                __multadd
 .text.__s2b    0x0000768c       0x84 c:/program files (x86)/cypress/psoc creator/3.0/psoc creator/import/gnu_cs/arm/4.7.3/bin/../lib/gcc/arm-none-eabi/4.7.3/../../../../arm-none-eabi/lib/armv7-m\libc_s.a(lib_a-mprec.o)
                0x0000768c                __s2b
 .text.__hi0bits
                0x00007710       0x3e c:/program files (x86)/cypress/psoc creator/3.0/psoc creator/import/gnu_cs/arm/4.7.3/bin/../lib/gcc/arm-none-eabi/4.7.3/../../../../arm-none-eabi/lib/armv7-m\libc_s.a(lib_a-mprec.o)
                0x00007710                __hi0bits
 .text.__lo0bits
                0x0000774e       0x5a c:/program files (x86)/cypress/psoc creator/3.0/psoc creator/import/gnu_cs/arm/4.7.3/bin/../lib/gcc/arm-none-eabi/4.7.3/../../../../arm-none-eabi/lib/armv7-m\libc_s.a(lib_a-mprec.o)
                0x0000774e                __lo0bits
 .text.__i2b    0x000077a8       0x12 c:/program files (x86)/cypress/psoc creator/3.0/psoc creator/import/gnu_cs/arm/4.7.3/bin/../lib/gcc/arm-none-eabi/4.7.3/../../../../arm-none-eabi/lib/armv7-m\libc_s.a(lib_a-mprec.o)
                0x000077a8                __i2b
 .text.__multiply
                0x000077ba      0x122 c:/program files (x86)/cypress/psoc creator/3.0/psoc creator/import/gnu_cs/arm/4.7.3/bin/../lib/gcc/arm-none-eabi/4.7.3/../../../../arm-none-eabi/lib/armv7-m\libc_s.a(lib_a-mprec.o)
                0x000077ba                __multiply
 .text.__pow5mult
                0x000078dc       0xa4 c:/program files (x86)/cypress/psoc creator/3.0/psoc creator/import/gnu_cs/arm/4.7.3/bin/../lib/gcc/arm-none-eabi/4.7.3/../../../../arm-none-eabi/lib/armv7-m\libc_s.a(lib_a-mprec.o)
                0x000078dc                __pow5mult
 .text.__lshift
                0x00007980       0xa8 c:/program files (x86)/cypress/psoc creator/3.0/psoc creator/import/gnu_cs/arm/4.7.3/bin/../lib/gcc/arm-none-eabi/4.7.3/../../../../arm-none-eabi/lib/armv7-m\libc_s.a(lib_a-mprec.o)
                0x00007980                __lshift
 .text.__mcmp   0x00007a28       0x3a c:/program files (x86)/cypress/psoc creator/3.0/psoc creator/import/gnu_cs/arm/4.7.3/bin/../lib/gcc/arm-none-eabi/4.7.3/../../../../arm-none-eabi/lib/armv7-m\libc_s.a(lib_a-mprec.o)
                0x00007a28                __mcmp
 .text.__mdiff  0x00007a62       0xc4 c:/program files (x86)/cypress/psoc creator/3.0/psoc creator/import/gnu_cs/arm/4.7.3/bin/../lib/gcc/arm-none-eabi/4.7.3/../../../../arm-none-eabi/lib/armv7-m\libc_s.a(lib_a-mprec.o)
                0x00007a62                __mdiff
 *fill*         0x00007b26        0x2 00
 .text.__ulp    0x00007b28       0x40 c:/program files (x86)/cypress/psoc creator/3.0/psoc creator/import/gnu_cs/arm/4.7.3/bin/../lib/gcc/arm-none-eabi/4.7.3/../../../../arm-none-eabi/lib/armv7-m\libc_s.a(lib_a-mprec.o)
                0x00007b28                __ulp
 .text.__b2d    0x00007b68       0xa8 c:/program files (x86)/cypress/psoc creator/3.0/psoc creator/import/gnu_cs/arm/4.7.3/bin/../lib/gcc/arm-none-eabi/4.7.3/../../../../arm-none-eabi/lib/armv7-m\libc_s.a(lib_a-mprec.o)
                0x00007b68                __b2d
 .text.__d2b    0x00007c10       0xa8 c:/program files (x86)/cypress/psoc creator/3.0/psoc creator/import/gnu_cs/arm/4.7.3/bin/../lib/gcc/arm-none-eabi/4.7.3/../../../../arm-none-eabi/lib/armv7-m\libc_s.a(lib_a-mprec.o)
                0x00007c10                __d2b
 .text.__ratio  0x00007cb8       0x4a c:/program files (x86)/cypress/psoc creator/3.0/psoc creator/import/gnu_cs/arm/4.7.3/bin/../lib/gcc/arm-none-eabi/4.7.3/../../../../arm-none-eabi/lib/armv7-m\libc_s.a(lib_a-mprec.o)
                0x00007cb8                __ratio
 .text.__copybits
                0x00007d02       0x32 c:/program files (x86)/cypress/psoc creator/3.0/psoc creator/import/gnu_cs/arm/4.7.3/bin/../lib/gcc/arm-none-eabi/4.7.3/../../../../arm-none-eabi/lib/armv7-m\libc_s.a(lib_a-mprec.o)
                0x00007d02                __copybits
 .text.__any_on
                0x00007d34       0x4c c:/program files (x86)/cypress/psoc creator/3.0/psoc creator/import/gnu_cs/arm/4.7.3/bin/../lib/gcc/arm-none-eabi/4.7.3/../../../../arm-none-eabi/lib/armv7-m\libc_s.a(lib_a-mprec.o)
                0x00007d34                __any_on
 .text._realloc_r
                0x00007d80       0x48 c:/program files (x86)/cypress/psoc creator/3.0/psoc creator/import/gnu_cs/arm/4.7.3/bin/../lib/gcc/arm-none-eabi/4.7.3/../../../../arm-none-eabi/lib/armv7-m\libc_s.a(lib_a-reallocr.o)
                0x00007d80                _realloc_r
 .text._sbrk_r  0x00007dc8       0x20 c:/program files (x86)/cypress/psoc creator/3.0/psoc creator/import/gnu_cs/arm/4.7.3/bin/../lib/gcc/arm-none-eabi/4.7.3/../../../../arm-none-eabi/lib/armv7-m\libc_s.a(lib_a-sbrkr.o)
                0x00007dc8                _sbrk_r
 .text.__sccl   0x00007de8       0x60 c:/program files (x86)/cypress/psoc creator/3.0/psoc creator/import/gnu_cs/arm/4.7.3/bin/../lib/gcc/arm-none-eabi/4.7.3/../../../../arm-none-eabi/lib/armv7-m\libc_s.a(lib_a-sccl.o)
                0x00007de8                __sccl
 .text.nanf     0x00007e48        0x8 c:/program files (x86)/cypress/psoc creator/3.0/psoc creator/import/gnu_cs/arm/4.7.3/bin/../lib/gcc/arm-none-eabi/4.7.3/../../../../arm-none-eabi/lib/armv7-m\libc_s.a(lib_a-sf_nan.o)
                0x00007e48                nanf
 .text.sprintf  0x00007e50       0x48 c:/program files (x86)/cypress/psoc creator/3.0/psoc creator/import/gnu_cs/arm/4.7.3/bin/../lib/gcc/arm-none-eabi/4.7.3/../../../../arm-none-eabi/lib/armv7-m\libc_s.a(lib_a-sprintf.o)
                0x00007e50                siprintf
                0x00007e50                sprintf
 .text.strncmp  0x00007e98       0x2e c:/program files (x86)/cypress/psoc creator/3.0/psoc creator/import/gnu_cs/arm/4.7.3/bin/../lib/gcc/arm-none-eabi/4.7.3/../../../../arm-none-eabi/lib/armv7-m\libc_s.a(lib_a-strncmp.o)
                0x00007e98                strncmp
 *fill*         0x00007ec6        0x2 00
 .text._strtoul_r
                0x00007ec8       0xfc c:/program files (x86)/cypress/psoc creator/3.0/psoc creator/import/gnu_cs/arm/4.7.3/bin/../lib/gcc/arm-none-eabi/4.7.3/../../../../arm-none-eabi/lib/armv7-m\libc_s.a(lib_a-strtoul.o)
                0x00007ec8                _strtoul_r
 .text.__ssputc_r
                0x00007fc4       0xae c:/program files (x86)/cypress/psoc creator/3.0/psoc creator/import/gnu_cs/arm/4.7.3/bin/../lib/gcc/arm-none-eabi/4.7.3/../../../../arm-none-eabi/lib/armv7-m\libc_s.a(lib_a-svfprintf.o)
                0x00007fc4                __ssputc_r
 *fill*         0x00008072        0x2 00
 .text._svfprintf_r
                0x00008074      0x1f4 c:/program files (x86)/cypress/psoc creator/3.0/psoc creator/import/gnu_cs/arm/4.7.3/bin/../lib/gcc/arm-none-eabi/4.7.3/../../../../arm-none-eabi/lib/armv7-m\libc_s.a(lib_a-svfprintf.o)
                0x00008074                _svfiprintf_r
                0x00008074                _svfprintf_r
 .text._printf_common
                0x00008268       0xde c:/program files (x86)/cypress/psoc creator/3.0/psoc creator/import/gnu_cs/arm/4.7.3/bin/../lib/gcc/arm-none-eabi/4.7.3/../../../../arm-none-eabi/lib/armv7-m\libc_s.a(lib_a-vfprintf_i.o)
                0x00008268                _printf_common
 *fill*         0x00008346        0x2 00
 .text._printf_i
                0x00008348      0x248 c:/program files (x86)/cypress/psoc creator/3.0/psoc creator/import/gnu_cs/arm/4.7.3/bin/../lib/gcc/arm-none-eabi/4.7.3/../../../../arm-none-eabi/lib/armv7-m\libc_s.a(lib_a-vfprintf_i.o)
                0x00008348                _printf_i
 .text._calloc_r
                0x00008590       0x1c c:/program files (x86)/cypress/psoc creator/3.0/psoc creator/import/gnu_cs/arm/4.7.3/bin/../lib/gcc/arm-none-eabi/4.7.3/../../../../arm-none-eabi/lib/armv7-m\libc_s.a(lib_a-callocr.o)
                0x00008590                _calloc_r
 .text.malloc   0x000085ac       0x10 c:/program files (x86)/cypress/psoc creator/3.0/psoc creator/import/gnu_cs/arm/4.7.3/bin/../lib/gcc/arm-none-eabi/4.7.3/../../../../arm-none-eabi/lib/armv7-m\libc_s.a(lib_a-malloc.o)
                0x000085ac                malloc
 .text._malloc_usable_size_r
                0x000085bc       0x12 c:/program files (x86)/cypress/psoc creator/3.0/psoc creator/import/gnu_cs/arm/4.7.3/bin/../lib/gcc/arm-none-eabi/4.7.3/../../../../arm-none-eabi/lib/armv7-m\libc_s.a(lib_a-msizer.o)
                0x000085bc                _malloc_usable_size_r
 *fill*         0x000085ce        0x2 00
 .text._sbrk    0x000085d0       0x34 c:/program files (x86)/cypress/psoc creator/3.0/psoc creator/import/gnu_cs/arm/4.7.3/bin/../lib/gcc/arm-none-eabi/4.7.3/../../../../arm-none-eabi/lib/armv7-m\libnosys.a(sbrk.o)
                0x000085d0                _sbrk
 *(.plt)
 *(.gnu.warning)
 *(.glue_7t)
 .glue_7t       0x00000000        0x0 linker stubs
 *(.glue_7)
 .glue_7        0x00000000        0x0 linker stubs
 *(.vfp11_veneer)
 .vfp11_veneer  0x00000000        0x0 linker stubs
 *(.bootloader)
 *(.ARM.extab* .gnu.linkonce.armextab.*)
 *(.gcc_except_table)

.v4_bx          0x00008604        0x0
 .v4_bx         0x00000000        0x0 linker stubs

.iplt           0x00008604        0x0
 .iplt          0x00000000        0x0 c:/program files (x86)/cypress/psoc creator/3.0/psoc creator/import/gnu_cs/arm/4.7.3/bin/../lib/gcc/arm-none-eabi/4.7.3/armv7-m/crtbegin.o

.eh_frame_hdr
 *(.eh_frame_hdr)

.eh_frame       0x00008604        0x4
 *(.eh_frame)
 .eh_frame      0x00008604        0x0 c:/program files (x86)/cypress/psoc creator/3.0/psoc creator/import/gnu_cs/arm/4.7.3/bin/../lib/gcc/arm-none-eabi/4.7.3/armv7-m/crtbegin.o
 .eh_frame      0x00008604        0x4 c:/program files (x86)/cypress/psoc creator/3.0/psoc creator/import/gnu_cs/arm/4.7.3/bin/../lib/gcc/arm-none-eabi/4.7.3/armv7-m/crtend.o
                0x00008608                PROVIDE (__exidx_start, .)

.ARM.exidx
 *(.ARM.exidx* .gnu.linkonce.armexidx.*)
                0x00008608                __exidx_end = .

.rodata         0x00008608      0x4c0
 *(.rodata .rodata.* .gnu.linkonce.r.*)
 .rodata        0x00008608       0x8c .\CortexM3\ARM_GCC_473\Debug\main.o
 .rodata        0x00008694       0x58 .\CortexM3\ARM_GCC_473\Debug\TransmitReadings_freeSoC.a(cyfitter_cfg.o)
 *fill*         0x000086ec        0x4 00
 .rodata.atanlo
                0x000086f0       0x20 c:/program files (x86)/cypress/psoc creator/3.0/psoc creator/import/gnu_cs/arm/4.7.3/bin/../lib/gcc/arm-none-eabi/4.7.3/../../../../arm-none-eabi/lib/armv7-m\libm.a(lib_a-s_atan.o)
 .rodata.atanhi
                0x00008710       0x20 c:/program files (x86)/cypress/psoc creator/3.0/psoc creator/import/gnu_cs/arm/4.7.3/bin/../lib/gcc/arm-none-eabi/4.7.3/../../../../arm-none-eabi/lib/armv7-m\libm.a(lib_a-s_atan.o)
 .rodata.str1.4
                0x00008730        0x4 c:/program files (x86)/cypress/psoc creator/3.0/psoc creator/import/gnu_cs/arm/4.7.3/bin/../lib/gcc/arm-none-eabi/4.7.3/../../../../arm-none-eabi/lib/armv7-m\libm.a(lib_a-w_pow.o)
 *fill*         0x00008734        0x4 00
 .rodata.dp_h   0x00008738       0x10 c:/program files (x86)/cypress/psoc creator/3.0/psoc creator/import/gnu_cs/arm/4.7.3/bin/../lib/gcc/arm-none-eabi/4.7.3/../../../../arm-none-eabi/lib/armv7-m\libm.a(lib_a-e_pow.o)
 .rodata.dp_l   0x00008748       0x10 c:/program files (x86)/cypress/psoc creator/3.0/psoc creator/import/gnu_cs/arm/4.7.3/bin/../lib/gcc/arm-none-eabi/4.7.3/../../../../arm-none-eabi/lib/armv7-m\libm.a(lib_a-e_pow.o)
 .rodata.bp     0x00008758       0x10 c:/program files (x86)/cypress/psoc creator/3.0/psoc creator/import/gnu_cs/arm/4.7.3/bin/../lib/gcc/arm-none-eabi/4.7.3/../../../../arm-none-eabi/lib/armv7-m\libm.a(lib_a-e_pow.o)
 .rodata.str1.4
                0x00008768        0x4 c:/program files (x86)/cypress/psoc creator/3.0/psoc creator/import/gnu_cs/arm/4.7.3/bin/../lib/gcc/arm-none-eabi/4.7.3/../../../../arm-none-eabi/lib/armv7-m\libm.a(lib_a-e_pow.o)
 *fill*         0x0000876c        0x4 00
 .rodata.TWO52  0x00008770       0x10 c:/program files (x86)/cypress/psoc creator/3.0/psoc creator/import/gnu_cs/arm/4.7.3/bin/../lib/gcc/arm-none-eabi/4.7.3/../../../../arm-none-eabi/lib/armv7-m\libm.a(lib_a-s_rint.o)
 .rodata.str1.1
                0x00008780        0x2 c:/program files (x86)/cypress/psoc creator/3.0/psoc creator/import/gnu_cs/arm/4.7.3/bin/../lib/gcc/arm-none-eabi/4.7.3/../../../../arm-none-eabi/lib/armv7-m\libc_s.a(lib_a-impure.o)
 .rodata.str1.1
                0x00008782        0xc c:/program files (x86)/cypress/psoc creator/3.0/psoc creator/import/gnu_cs/arm/4.7.3/bin/../lib/gcc/arm-none-eabi/4.7.3/../../../../arm-none-eabi/lib/armv7-m\libc_s.a(lib_a-strtod.o)
 *fill*         0x0000878e        0x2 00
 .rodata.tinytens
                0x00008790       0x28 c:/program files (x86)/cypress/psoc creator/3.0/psoc creator/import/gnu_cs/arm/4.7.3/bin/../lib/gcc/arm-none-eabi/4.7.3/../../../../arm-none-eabi/lib/armv7-m\libc_s.a(lib_a-strtod.o)
 .rodata.str1.1
                0x000087b8        0x5 c:/program files (x86)/cypress/psoc creator/3.0/psoc creator/import/gnu_cs/arm/4.7.3/bin/../lib/gcc/arm-none-eabi/4.7.3/../../../../arm-none-eabi/lib/armv7-m\libc_s.a(lib_a-vfscanf_float.o)
 *fill*         0x000087bd        0x3 00
 .rodata        0x000087c0        0xc c:/program files (x86)/cypress/psoc creator/3.0/psoc creator/import/gnu_cs/arm/4.7.3/bin/../lib/gcc/arm-none-eabi/4.7.3/../../../../arm-none-eabi/lib/armv7-m\libc_s.a(lib_a-vfscanf_i.o)
 .rodata.str1.1
                0x000087cc       0x1b c:/program files (x86)/cypress/psoc creator/3.0/psoc creator/import/gnu_cs/arm/4.7.3/bin/../lib/gcc/arm-none-eabi/4.7.3/../../../../arm-none-eabi/lib/armv7-m\libc_s.a(lib_a-vfscanf_i.o)
 .rodata._ctype_
                0x000087e7      0x101 c:/program files (x86)/cypress/psoc creator/3.0/psoc creator/import/gnu_cs/arm/4.7.3/bin/../lib/gcc/arm-none-eabi/4.7.3/../../../../arm-none-eabi/lib/armv7-m\libc_s.a(lib_a-ctype_.o)
                0x000087e7                _ctype_
 .rodata.__sf_fake_stdin
                0x000088e8       0x20 c:/program files (x86)/cypress/psoc creator/3.0/psoc creator/import/gnu_cs/arm/4.7.3/bin/../lib/gcc/arm-none-eabi/4.7.3/../../../../arm-none-eabi/lib/armv7-m\libc_s.a(lib_a-findfp.o)
                0x000088e8                __sf_fake_stdin
 .rodata.__sf_fake_stdout
                0x00008908       0x20 c:/program files (x86)/cypress/psoc creator/3.0/psoc creator/import/gnu_cs/arm/4.7.3/bin/../lib/gcc/arm-none-eabi/4.7.3/../../../../arm-none-eabi/lib/armv7-m\libc_s.a(lib_a-findfp.o)
                0x00008908                __sf_fake_stdout
 .rodata.__sf_fake_stderr
                0x00008928       0x20 c:/program files (x86)/cypress/psoc creator/3.0/psoc creator/import/gnu_cs/arm/4.7.3/bin/../lib/gcc/arm-none-eabi/4.7.3/../../../../arm-none-eabi/lib/armv7-m\libc_s.a(lib_a-findfp.o)
                0x00008928                __sf_fake_stderr
 .rodata.str1.1
                0x00008948        0xb c:/program files (x86)/cypress/psoc creator/3.0/psoc creator/import/gnu_cs/arm/4.7.3/bin/../lib/gcc/arm-none-eabi/4.7.3/../../../../arm-none-eabi/lib/armv7-m\libc_s.a(lib_a-gdtoa-gethex.o)
                                 0x19 (size before relaxing)
 .rodata.str1.1
                0x00008953        0x8 c:/program files (x86)/cypress/psoc creator/3.0/psoc creator/import/gnu_cs/arm/4.7.3/bin/../lib/gcc/arm-none-eabi/4.7.3/../../../../arm-none-eabi/lib/armv7-m\libc_s.a(lib_a-locale.o)
                                  0xb (size before relaxing)
 *fill*         0x0000895b        0x5 00
 .rodata.__mprec_tens
                0x00008960       0xc8 c:/program files (x86)/cypress/psoc creator/3.0/psoc creator/import/gnu_cs/arm/4.7.3/bin/../lib/gcc/arm-none-eabi/4.7.3/../../../../arm-none-eabi/lib/armv7-m\libc_s.a(lib_a-mprec.o)
                0x00008960                __mprec_tens
 .rodata.p05.5252
                0x00008a28        0xc c:/program files (x86)/cypress/psoc creator/3.0/psoc creator/import/gnu_cs/arm/4.7.3/bin/../lib/gcc/arm-none-eabi/4.7.3/../../../../arm-none-eabi/lib/armv7-m\libc_s.a(lib_a-mprec.o)
 *fill*         0x00008a34        0x4 00
 .rodata.__mprec_bigtens
                0x00008a38       0x28 c:/program files (x86)/cypress/psoc creator/3.0/psoc creator/import/gnu_cs/arm/4.7.3/bin/../lib/gcc/arm-none-eabi/4.7.3/../../../../arm-none-eabi/lib/armv7-m\libc_s.a(lib_a-mprec.o)
                0x00008a38                __mprec_bigtens
 .rodata.str1.1
                0x00008a60       0x11 c:/program files (x86)/cypress/psoc creator/3.0/psoc creator/import/gnu_cs/arm/4.7.3/bin/../lib/gcc/arm-none-eabi/4.7.3/../../../../arm-none-eabi/lib/armv7-m\libc_s.a(lib_a-svfprintf.o)
 .rodata.str1.1
                0x00008a71       0x22 c:/program files (x86)/cypress/psoc creator/3.0/psoc creator/import/gnu_cs/arm/4.7.3/bin/../lib/gcc/arm-none-eabi/4.7.3/../../../../arm-none-eabi/lib/armv7-m\libc_s.a(lib_a-vfprintf_i.o)
                0x00008a94                . = ALIGN (0x4)
 *fill*         0x00008a93        0x1 00
 *(.init)
 .init          0x00008a94        0x4 c:/program files (x86)/cypress/psoc creator/3.0/psoc creator/import/gnu_cs/arm/4.7.3/bin/../lib/gcc/arm-none-eabi/4.7.3/armv7-m/crti.o
                0x00008a94                _init
 .init          0x00008a98        0x8 c:/program files (x86)/cypress/psoc creator/3.0/psoc creator/import/gnu_cs/arm/4.7.3/bin/../lib/gcc/arm-none-eabi/4.7.3/armv7-m/crtn.o
                0x00008aa0                . = ALIGN (0x4)
                0x00008aa0                __preinit_array_start = .
 *(.preinit_array)
                0x00008aa0                __preinit_array_end = .
                0x00008aa0                . = ALIGN (0x4)
                0x00008aa0                __init_array_start = .
 *(SORT(.init_array.*))
 *(.init_array)
 .init_array    0x00008aa0        0x4 c:/program files (x86)/cypress/psoc creator/3.0/psoc creator/import/gnu_cs/arm/4.7.3/bin/../lib/gcc/arm-none-eabi/4.7.3/armv7-m/crtbegin.o
 .init_array    0x00008aa4        0x4 .\CortexM3\ARM_GCC_473\Debug\Cm3Start.o
                0x00008aa8                __init_array_end = .
                0x00008aa8                . = ALIGN (0x4)
 *(.fini)
 .fini          0x00008aa8        0x4 c:/program files (x86)/cypress/psoc creator/3.0/psoc creator/import/gnu_cs/arm/4.7.3/bin/../lib/gcc/arm-none-eabi/4.7.3/armv7-m/crti.o
                0x00008aa8                _fini
 .fini          0x00008aac        0x8 c:/program files (x86)/cypress/psoc creator/3.0/psoc creator/import/gnu_cs/arm/4.7.3/bin/../lib/gcc/arm-none-eabi/4.7.3/armv7-m/crtn.o
                0x00008ab4                . = ALIGN (0x4)
                0x00008ab4                __fini_array_start = .
 *(.fini_array)
 .fini_array    0x00008ab4        0x4 c:/program files (x86)/cypress/psoc creator/3.0/psoc creator/import/gnu_cs/arm/4.7.3/bin/../lib/gcc/arm-none-eabi/4.7.3/armv7-m/crtbegin.o
 *(SORT(.fini_array.*))
                0x00008ab8                __fini_array_end = .
                0x00008ab8                . = ALIGN (0x4)
 *crtbegin.o(.ctors)
 *(EXCLUDE_FILE(*crtend.o) .ctors)
 *(SORT(.ctors.*))
 *crtend.o(.ctors)
                0x00008ab8                . = ALIGN (0x4)
 *crtbegin.o(.dtors)
 *(EXCLUDE_FILE(*crtend.o) .dtors)
 *(SORT(.dtors.*))
 *crtend.o(.dtors)
                0x00008ab8                . = ALIGN (0x4)
                0x00008ab8                __cy_regions = .
                0x00008ab8        0x4 LONG 0x8ac8 __cy_region_init_ram
                0x00008abc        0x4 LONG 0x1fff8108 __cy_region_start_data
                0x00008ac0        0x4 LONG 0xe8 __cy_region_init_size_ram
                0x00008ac4        0x4 LONG 0x378 __cy_region_zero_size_ram
                0x00008ac8                __cy_regions_end = .
                0x00008ac8                . = ALIGN (0x8)
                0x00008ac8                _etext = .

.ramvectors     0x1fff8000      0x100
                0x1fff8000                __cy_region_start_ram = .
 *(.ramvectors)
 .ramvectors    0x1fff8000      0x100 .\CortexM3\ARM_GCC_473\Debug\Cm3Start.o
                0x1fff8000                CyRamVectors

.noinit         0x1fff8100        0x5
 *(.noinit)
 .noinit        0x1fff8100        0x4 .\CortexM3\ARM_GCC_473\Debug\Cm3Start.o
 .noinit        0x1fff8104        0x1 .\CortexM3\ARM_GCC_473\Debug\TransmitReadings_freeSoC.a(CyLib.o)
                0x1fff8104                CyResetStatus

.data           0x1fff8108       0xe8 load address 0x00008ac8
                0x1fff8108                __cy_region_start_data = .
 *(.jcr)
 .jcr           0x1fff8108        0x0 c:/program files (x86)/cypress/psoc creator/3.0/psoc creator/import/gnu_cs/arm/4.7.3/bin/../lib/gcc/arm-none-eabi/4.7.3/armv7-m/crtbegin.o
 .jcr           0x1fff8108        0x4 c:/program files (x86)/cypress/psoc creator/3.0/psoc creator/import/gnu_cs/arm/4.7.3/bin/../lib/gcc/arm-none-eabi/4.7.3/armv7-m/crtend.o
 *(.got.plt)
 *(.got)
 *(.shdata)
 *(.data .data.* .gnu.linkonce.d.*)
 .data          0x1fff810c       0x10 .\CortexM3\ARM_GCC_473\Debug\TransmitReadings_freeSoC.a(CyLib.o)
                0x1fff810c                cydelay_freq_hz
                0x1fff8110                cydelay_freq_khz
                0x1fff8114                cydelay_freq_mhz
                0x1fff8118                cydelay_32k_ms
 .data.__fdlib_version
                0x1fff811c        0x1 c:/program files (x86)/cypress/psoc creator/3.0/psoc creator/import/gnu_cs/arm/4.7.3/bin/../lib/gcc/arm-none-eabi/4.7.3/../../../../arm-none-eabi/lib/armv7-m\libm.a(lib_a-s_lib_ver.o)
                0x1fff811c                __fdlib_version
 *fill*         0x1fff811d        0x3 00
 .data.impure_data
                0x1fff8120       0x64 c:/program files (x86)/cypress/psoc creator/3.0/psoc creator/import/gnu_cs/arm/4.7.3/bin/../lib/gcc/arm-none-eabi/4.7.3/../../../../arm-none-eabi/lib/armv7-m\libc_s.a(lib_a-impure.o)
 .data._impure_ptr
                0x1fff8184        0x4 c:/program files (x86)/cypress/psoc creator/3.0/psoc creator/import/gnu_cs/arm/4.7.3/bin/../lib/gcc/arm-none-eabi/4.7.3/../../../../arm-none-eabi/lib/armv7-m\libc_s.a(lib_a-impure.o)
                0x1fff8184                _impure_ptr
 .data.fpi.5208
                0x1fff8188       0x14 c:/program files (x86)/cypress/psoc creator/3.0/psoc creator/import/gnu_cs/arm/4.7.3/bin/../lib/gcc/arm-none-eabi/4.7.3/../../../../arm-none-eabi/lib/armv7-m\libc_s.a(lib_a-strtod.o)
 .data.fpinan.5244
                0x1fff819c       0x14 c:/program files (x86)/cypress/psoc creator/3.0/psoc creator/import/gnu_cs/arm/4.7.3/bin/../lib/gcc/arm-none-eabi/4.7.3/../../../../arm-none-eabi/lib/armv7-m\libc_s.a(lib_a-strtod.o)
 .data.__ctype_ptr__
                0x1fff81b0        0x4 c:/program files (x86)/cypress/psoc creator/3.0/psoc creator/import/gnu_cs/arm/4.7.3/bin/../lib/gcc/arm-none-eabi/4.7.3/../../../../arm-none-eabi/lib/armv7-m\libc_s.a(lib_a-ctype_.o)
                0x1fff81b0                __ctype_ptr__
 .data.lconv    0x1fff81b4       0x38 c:/program files (x86)/cypress/psoc creator/3.0/psoc creator/import/gnu_cs/arm/4.7.3/bin/../lib/gcc/arm-none-eabi/4.7.3/../../../../arm-none-eabi/lib/armv7-m\libc_s.a(lib_a-locale.o)
                0x1fff81f0                . = ALIGN (0x8)
 *fill*         0x1fff81ec        0x4 00
 *(.ram)
                0x1fff81f0                _edata = .

.igot.plt       0x1fff81f0        0x0 load address 0x00008bb0
 .igot.plt      0x00000000        0x0 c:/program files (x86)/cypress/psoc creator/3.0/psoc creator/import/gnu_cs/arm/4.7.3/bin/../lib/gcc/arm-none-eabi/4.7.3/armv7-m/crtbegin.o

.bss            0x1fff81f0      0x378 load address 0x00008bb0
                0x1fff81f0                PROVIDE (__bss_start__, .)
 *(.shbss)
 *(.bss .bss.* .gnu.linkonce.b.*)
 .bss           0x1fff81f0       0x1c c:/program files (x86)/cypress/psoc creator/3.0/psoc creator/import/gnu_cs/arm/4.7.3/bin/../lib/gcc/arm-none-eabi/4.7.3/armv7-m/crtbegin.o
 .bss           0x1fff820c        0x4 .\CortexM3\ARM_GCC_473\Debug\main.o
                0x1fff820c                SBDPointer
                0x1fff820e                windDataPointer
 .bss           0x1fff8210        0x2 .\CortexM3\ARM_GCC_473\Debug\RH.o
                0x1fff8210                InterruptCnt
                0x1fff8211                rhtimeout
 .bss           0x1fff8212        0x1 .\CortexM3\ARM_GCC_473\Debug\TransmitReadings_freeSoC.a(psoc.o)
                0x1fff8212                psoc_initVar
 .bss           0x1fff8213        0x2 .\CortexM3\ARM_GCC_473\Debug\TransmitReadings_freeSoC.a(UART_Wind.o)
                0x1fff8213                UART_Wind_initVar
 .bss           0x1fff8215        0x2 .\CortexM3\ARM_GCC_473\Debug\TransmitReadings_freeSoC.a(UART_SBD.o)
                0x1fff8215                UART_SBD_initVar
 .bss           0x1fff8217        0x1 .\CortexM3\ARM_GCC_473\Debug\TransmitReadings_freeSoC.a(master.o)
                0x1fff8217                master_initVar
 .bss           0x1fff8218        0x1 .\CortexM3\ARM_GCC_473\Debug\TransmitReadings_freeSoC.a(ADC.o)
                0x1fff8218                ADC_initVar
 .bss           0x1fff8219        0x1 .\CortexM3\ARM_GCC_473\Debug\TransmitReadings_freeSoC.a(Timer.o)
                0x1fff8219                Timer_initVar
 *fill*         0x1fff821a        0x2 00
 .bss.__malloc_free_list
                0x1fff821c        0x4 c:/program files (x86)/cypress/psoc creator/3.0/psoc creator/import/gnu_cs/arm/4.7.3/bin/../lib/gcc/arm-none-eabi/4.7.3/../../../../arm-none-eabi/lib/armv7-m\libc_s.a(lib_a-mallocr.o)
                0x1fff821c                __malloc_free_list
 .bss.heap_end.4231
                0x1fff8220        0x4 c:/program files (x86)/cypress/psoc creator/3.0/psoc creator/import/gnu_cs/arm/4.7.3/bin/../lib/gcc/arm-none-eabi/4.7.3/../../../../arm-none-eabi/lib/armv7-m\libnosys.a(sbrk.o)
 *(COMMON)
 COMMON         0x1fff8224      0x21c .\CortexM3\ARM_GCC_473\Debug\main.o
                0x1fff8224                readingx
                0x1fff8226                SBDpacketReceived
                0x1fff8228                windData
                0x1fff8328                readingz
                0x1fff832a                voltage
                0x1fff832c                float32size
                0x1fff8330                SBDData
                0x1fff8430                uint32size
                0x1fff8434                uint8size
                0x1fff8436                readingy
                0x1fff8438                windpacketReceived
                0x1fff843a                int16size
                0x1fff843c                uint16size
                0x1fff843e                heading
 COMMON         0x1fff8440        0x1 .\CortexM3\ARM_GCC_473\Debug\TransmitReadings_freeSoC.a(psoc.o)
                0x1fff8440                psoc_state
 *fill*         0x1fff8441        0x3 00
 COMMON         0x1fff8444       0x10 .\CortexM3\ARM_GCC_473\Debug\TransmitReadings_freeSoC.a(psoc_MASTER.o)
                0x1fff8444                psoc_mstrWrBufPtr
                0x1fff8448                psoc_mstrStatus
                0x1fff8449                psoc_mstrWrBufSize
                0x1fff844a                psoc_mstrRdBufSize
                0x1fff844b                psoc_mstrControl
                0x1fff844c                psoc_mstrRdBufIndex
                0x1fff844d                psoc_mstrWrBufIndex
                0x1fff8450                psoc_mstrRdBufPtr
 COMMON         0x1fff8454        0xa .\CortexM3\ARM_GCC_473\Debug\TransmitReadings_freeSoC.a(ADC.o)
                0x1fff8454                ADC_countsPer10Volt
                0x1fff8458                ADC_shift
                0x1fff845a                ADC_countsPerVolt
                0x1fff845c                ADC_offset
 COMMON         0x1fff845e      0x100 c:/program files (x86)/cypress/psoc creator/3.0/psoc creator/import/gnu_cs/arm/4.7.3/bin/../lib/gcc/arm-none-eabi/4.7.3/../../../../arm-none-eabi/lib/armv7-m\libc_s.a(lib_a-gdtoa-gethex.o)
                0x1fff845e                __hexdig
 *fill*         0x1fff855e        0x2 00
 COMMON         0x1fff8560        0x4 c:/program files (x86)/cypress/psoc creator/3.0/psoc creator/import/gnu_cs/arm/4.7.3/bin/../lib/gcc/arm-none-eabi/4.7.3/../../../../arm-none-eabi/lib/armv7-m\libc_s.a(lib_a-reent.o)
                0x1fff8560                errno
                0x1fff8568                . = ALIGN (0x8)
 *fill*         0x1fff8564        0x4 00
 *(.ram.b)
                0x1fff8568                _end = .
                0x1fff8568                __end = .
                0x1fff8568                PROVIDE (end, .)
                0x1fff8568                PROVIDE (__bss_end__, .)
                0x00008ac8                __cy_region_init_ram = LOADADDR (.data)
                0x000000e8                __cy_region_init_size_ram = (_edata - ADDR (.data))
                0x00000378                __cy_region_zero_size_ram = (_end - _edata)

.heap           0x1fff8568     0x1000 load address 0x00008bb0
                0x1fff8568                . = _end
                0x1fff9568                . = (. + 0x1000)
 *fill*         0x1fff8568     0x1000 00
                0x1fff9568                __cy_heap_limit = .

.stack          0x20004000     0x4000
                0x20004000                __cy_stack_limit = .
                0x20008000                . = (. + 0x4000)
 *fill*         0x20004000     0x4000 00
                0x00000001                ASSERT ((__cy_stack_limit >= __cy_heap_limit), region RAM overflowed with stack)

.cyloadermeta
 *(.cyloadermeta)

.cyloadablemeta
 *(.cyloadablemeta)

.cyconfigecc    0x80000000      0x8e8
 *(.cyconfigecc)
 .cyconfigecc   0x80000000      0x8e8 .\CortexM3\ARM_GCC_473\Debug\cymetadata.o
                0x80000000                cy_meta_configecc

.cycustnvl      0x90000000        0x4
 *(.cycustnvl)
 .cycustnvl     0x90000000        0x4 .\CortexM3\ARM_GCC_473\Debug\cymetadata.o
                0x90000000                cy_meta_custnvl

.cywolatch      0x90100000        0x4
 *(.cywolatch)
 .cywolatch     0x90100000        0x4 .\CortexM3\ARM_GCC_473\Debug\cymetadata.o
                0x90100000                cy_meta_wonvl

.cyeeprom       0x90200000        0x0
 *(.cyeeprom)
                0x00000001                ASSERT ((. <= ((0x90200000 + ee_offset) + ee_size)), .cyeeprom data will not fit in EEPROM)

.cyflashprotect
                0x90400000      0x100
 *(.cyflashprotect)
 .cyflashprotect
                0x90400000      0x100 .\CortexM3\ARM_GCC_473\Debug\cymetadata.o
                0x90400000                cy_meta_flashprotect

.cymeta         0x90500000        0xc
 *(.cymeta)
 .cymeta        0x90500000        0xc .\CortexM3\ARM_GCC_473\Debug\cymetadata.o
                0x90500000                cy_metadata

.rel.dyn        0x00008bb0        0x0 load address 0x9050000c
 .rel.iplt      0x00000000        0x0 c:/program files (x86)/cypress/psoc creator/3.0/psoc creator/import/gnu_cs/arm/4.7.3/bin/../lib/gcc/arm-none-eabi/4.7.3/armv7-m/crtbegin.o

.stab           0x00000000       0x6c
 *(.stab)
 .stab          0x00000000       0x24 c:/program files (x86)/cypress/psoc creator/3.0/psoc creator/import/gnu_cs/arm/4.7.3/bin/../lib/gcc/arm-none-eabi/4.7.3/../../../../arm-none-eabi/lib/armv7-m\libnosys.a(close.o)
 .stab          0x00000024       0x18 c:/program files (x86)/cypress/psoc creator/3.0/psoc creator/import/gnu_cs/arm/4.7.3/bin/../lib/gcc/arm-none-eabi/4.7.3/../../../../arm-none-eabi/lib/armv7-m\libnosys.a(lseek.o)
                                 0x24 (size before relaxing)
 .stab          0x0000003c       0x18 c:/program files (x86)/cypress/psoc creator/3.0/psoc creator/import/gnu_cs/arm/4.7.3/bin/../lib/gcc/arm-none-eabi/4.7.3/../../../../arm-none-eabi/lib/armv7-m\libnosys.a(read.o)
                                 0x24 (size before relaxing)
 .stab          0x00000054       0x18 c:/program files (x86)/cypress/psoc creator/3.0/psoc creator/import/gnu_cs/arm/4.7.3/bin/../lib/gcc/arm-none-eabi/4.7.3/../../../../arm-none-eabi/lib/armv7-m\libnosys.a(write.o)
                                 0x24 (size before relaxing)

.stabstr        0x00000000       0xdf
 *(.stabstr)
 .stabstr       0x00000000       0xdf c:/program files (x86)/cypress/psoc creator/3.0/psoc creator/import/gnu_cs/arm/4.7.3/bin/../lib/gcc/arm-none-eabi/4.7.3/../../../../arm-none-eabi/lib/armv7-m\libnosys.a(close.o)

.debug
 *(.debug)

.line
 *(.line)

.debug_srcinfo
 *(.debug_srcinfo)

.debug_sfnames
 *(.debug_sfnames)

.debug_aranges  0x00000000      0xe40
 *(.debug_aranges)
 .debug_aranges
                0x00000000       0x48 .\CortexM3\ARM_GCC_473\Debug\main.o
 .debug_aranges
                0x00000048       0x38 .\CortexM3\ARM_GCC_473\Debug\magnetometer.o
 .debug_aranges
                0x00000080       0x20 .\CortexM3\ARM_GCC_473\Debug\thermocouple.o
 .debug_aranges
                0x000000a0       0x20 .\CortexM3\ARM_GCC_473\Debug\Batteryvoltage.o
 .debug_aranges
                0x000000c0       0x40 .\CortexM3\ARM_GCC_473\Debug\RH.o
 .debug_aranges
                0x00000100       0x18 .\CortexM3\ARM_GCC_473\Debug\cymetadata.o
 .debug_aranges
                0x00000118       0x40 .\CortexM3\ARM_GCC_473\Debug\Cm3Start.o
 .debug_aranges
                0x00000158       0x60 .\CortexM3\ARM_GCC_473\Debug\TransmitReadings_freeSoC.a(cyfitter_cfg.o)
 .debug_aranges
                0x000001b8       0x20 .\CortexM3\ARM_GCC_473\Debug\TransmitReadings_freeSoC.a(CyBootAsmGnu.o)
 .debug_aranges
                0x000001d8      0x218 .\CortexM3\ARM_GCC_473\Debug\TransmitReadings_freeSoC.a(CyLib.o)
 .debug_aranges
                0x000003f0       0x90 .\CortexM3\ARM_GCC_473\Debug\TransmitReadings_freeSoC.a(cyPm.o)
 .debug_aranges
                0x00000480       0x38 .\CortexM3\ARM_GCC_473\Debug\TransmitReadings_freeSoC.a(psoc.o)
 .debug_aranges
                0x000004b8       0x20 .\CortexM3\ARM_GCC_473\Debug\TransmitReadings_freeSoC.a(psoc_INT.o)
 .debug_aranges
                0x000004d8       0x38 .\CortexM3\ARM_GCC_473\Debug\TransmitReadings_freeSoC.a(psoc_PM.o)
 .debug_aranges
                0x00000510       0x88 .\CortexM3\ARM_GCC_473\Debug\TransmitReadings_freeSoC.a(psoc_MASTER.o)
 .debug_aranges
                0x00000598       0xf0 .\CortexM3\ARM_GCC_473\Debug\TransmitReadings_freeSoC.a(UART_Wind.o)
 .debug_aranges
                0x00000688       0x80 .\CortexM3\ARM_GCC_473\Debug\TransmitReadings_freeSoC.a(isr_Wind.o)
 .debug_aranges
                0x00000708       0xf0 .\CortexM3\ARM_GCC_473\Debug\TransmitReadings_freeSoC.a(UART_SBD.o)
 .debug_aranges
                0x000007f8       0x80 .\CortexM3\ARM_GCC_473\Debug\TransmitReadings_freeSoC.a(SBD_reply.o)
 .debug_aranges
                0x00000878       0x70 .\CortexM3\ARM_GCC_473\Debug\TransmitReadings_freeSoC.a(UART_Wind_IntClock.o)
 .debug_aranges
                0x000008e8       0x70 .\CortexM3\ARM_GCC_473\Debug\TransmitReadings_freeSoC.a(UART_SBD_IntClock.o)
 .debug_aranges
                0x00000958       0xd8 .\CortexM3\ARM_GCC_473\Debug\TransmitReadings_freeSoC.a(master.o)
 .debug_aranges
                0x00000a30       0x70 .\CortexM3\ARM_GCC_473\Debug\TransmitReadings_freeSoC.a(clock.o)
 .debug_aranges
                0x00000aa0       0xa8 .\CortexM3\ARM_GCC_473\Debug\TransmitReadings_freeSoC.a(ADC.o)
 .debug_aranges
                0x00000b48       0x20 .\CortexM3\ARM_GCC_473\Debug\TransmitReadings_freeSoC.a(ADC_INT.o)
 .debug_aranges
                0x00000b68       0x80 .\CortexM3\ARM_GCC_473\Debug\TransmitReadings_freeSoC.a(ADC_theACLK.o)
 .debug_aranges
                0x00000be8       0x88 .\CortexM3\ARM_GCC_473\Debug\TransmitReadings_freeSoC.a(Timer.o)
 .debug_aranges
                0x00000c70       0x70 .\CortexM3\ARM_GCC_473\Debug\TransmitReadings_freeSoC.a(timer_clock.o)
 .debug_aranges
                0x00000ce0       0x80 .\CortexM3\ARM_GCC_473\Debug\TransmitReadings_freeSoC.a(timeout_isr.o)
 .debug_aranges
                0x00000d60       0x78 .\CortexM3\ARM_GCC_473\Debug\TransmitReadings_freeSoC.a(CyFlash.o)
 .debug_aranges
                0x00000dd8       0x68 .\CortexM3\ARM_GCC_473\Debug\TransmitReadings_freeSoC.a(CySpc.o)

.debug_pubnames
 *(.debug_pubnames)

.debug_info     0x00000000     0x649c
 *(.debug_info .gnu.linkonce.wi.*)
 .debug_info    0x00000000      0x545 .\CortexM3\ARM_GCC_473\Debug\main.o
 .debug_info    0x00000545      0x218 .\CortexM3\ARM_GCC_473\Debug\magnetometer.o
 .debug_info    0x0000075d      0x13a .\CortexM3\ARM_GCC_473\Debug\thermocouple.o
 .debug_info    0x00000897      0x105 .\CortexM3\ARM_GCC_473\Debug\Batteryvoltage.o
 .debug_info    0x0000099c      0x283 .\CortexM3\ARM_GCC_473\Debug\RH.o
 .debug_info    0x00000c1f      0x143 .\CortexM3\ARM_GCC_473\Debug\cymetadata.o
 .debug_info    0x00000d62      0x2ea .\CortexM3\ARM_GCC_473\Debug\Cm3Start.o
 .debug_info    0x0000104c      0x49c .\CortexM3\ARM_GCC_473\Debug\TransmitReadings_freeSoC.a(cyfitter_cfg.o)
 .debug_info    0x000014e8       0x9d .\CortexM3\ARM_GCC_473\Debug\TransmitReadings_freeSoC.a(CyBootAsmGnu.o)
 .debug_info    0x00001585      0xcd7 .\CortexM3\ARM_GCC_473\Debug\TransmitReadings_freeSoC.a(CyLib.o)
 .debug_info    0x0000225c      0x5c3 .\CortexM3\ARM_GCC_473\Debug\TransmitReadings_freeSoC.a(cyPm.o)
 .debug_info    0x0000281f      0x1d6 .\CortexM3\ARM_GCC_473\Debug\TransmitReadings_freeSoC.a(psoc.o)
 .debug_info    0x000029f5      0x166 .\CortexM3\ARM_GCC_473\Debug\TransmitReadings_freeSoC.a(psoc_INT.o)
 .debug_info    0x00002b5b      0x1a5 .\CortexM3\ARM_GCC_473\Debug\TransmitReadings_freeSoC.a(psoc_PM.o)
 .debug_info    0x00002d00      0x453 .\CortexM3\ARM_GCC_473\Debug\TransmitReadings_freeSoC.a(psoc_MASTER.o)
 .debug_info    0x00003153      0x58b .\CortexM3\ARM_GCC_473\Debug\TransmitReadings_freeSoC.a(UART_Wind.o)
 .debug_info    0x000036de      0x278 .\CortexM3\ARM_GCC_473\Debug\TransmitReadings_freeSoC.a(isr_Wind.o)
 .debug_info    0x00003956      0x58b .\CortexM3\ARM_GCC_473\Debug\TransmitReadings_freeSoC.a(UART_SBD.o)
 .debug_info    0x00003ee1      0x278 .\CortexM3\ARM_GCC_473\Debug\TransmitReadings_freeSoC.a(SBD_reply.o)
 .debug_info    0x00004159      0x294 .\CortexM3\ARM_GCC_473\Debug\TransmitReadings_freeSoC.a(UART_Wind_IntClock.o)
 .debug_info    0x000043ed      0x294 .\CortexM3\ARM_GCC_473\Debug\TransmitReadings_freeSoC.a(UART_SBD_IntClock.o)
 .debug_info    0x00004681      0x485 .\CortexM3\ARM_GCC_473\Debug\TransmitReadings_freeSoC.a(master.o)
 .debug_info    0x00004b06      0x294 .\CortexM3\ARM_GCC_473\Debug\TransmitReadings_freeSoC.a(clock.o)
 .debug_info    0x00004d9a      0x4cf .\CortexM3\ARM_GCC_473\Debug\TransmitReadings_freeSoC.a(ADC.o)
 .debug_info    0x00005269       0x9b .\CortexM3\ARM_GCC_473\Debug\TransmitReadings_freeSoC.a(ADC_INT.o)
 .debug_info    0x00005304      0x2da .\CortexM3\ARM_GCC_473\Debug\TransmitReadings_freeSoC.a(ADC_theACLK.o)
 .debug_info    0x000055de      0x285 .\CortexM3\ARM_GCC_473\Debug\TransmitReadings_freeSoC.a(Timer.o)
 .debug_info    0x00005863      0x294 .\CortexM3\ARM_GCC_473\Debug\TransmitReadings_freeSoC.a(timer_clock.o)
 .debug_info    0x00005af7      0x278 .\CortexM3\ARM_GCC_473\Debug\TransmitReadings_freeSoC.a(timeout_isr.o)
 .debug_info    0x00005d6f      0x354 .\CortexM3\ARM_GCC_473\Debug\TransmitReadings_freeSoC.a(CyFlash.o)
 .debug_info    0x000060c3      0x3d9 .\CortexM3\ARM_GCC_473\Debug\TransmitReadings_freeSoC.a(CySpc.o)

.debug_abbrev   0x00000000     0x2185
 *(.debug_abbrev)
 .debug_abbrev  0x00000000      0x135 .\CortexM3\ARM_GCC_473\Debug\main.o
 .debug_abbrev  0x00000135       0xc3 .\CortexM3\ARM_GCC_473\Debug\magnetometer.o
 .debug_abbrev  0x000001f8       0x9b .\CortexM3\ARM_GCC_473\Debug\thermocouple.o
 .debug_abbrev  0x00000293       0x7a .\CortexM3\ARM_GCC_473\Debug\Batteryvoltage.o
 .debug_abbrev  0x0000030d      0x131 .\CortexM3\ARM_GCC_473\Debug\RH.o
 .debug_abbrev  0x0000043e       0x77 .\CortexM3\ARM_GCC_473\Debug\cymetadata.o
 .debug_abbrev  0x000004b5      0x175 .\CortexM3\ARM_GCC_473\Debug\Cm3Start.o
 .debug_abbrev  0x0000062a      0x1b9 .\CortexM3\ARM_GCC_473\Debug\TransmitReadings_freeSoC.a(cyfitter_cfg.o)
 .debug_abbrev  0x000007e3       0x14 .\CortexM3\ARM_GCC_473\Debug\TransmitReadings_freeSoC.a(CyBootAsmGnu.o)
 .debug_abbrev  0x000007f7      0x207 .\CortexM3\ARM_GCC_473\Debug\TransmitReadings_freeSoC.a(CyLib.o)
 .debug_abbrev  0x000009fe      0x170 .\CortexM3\ARM_GCC_473\Debug\TransmitReadings_freeSoC.a(cyPm.o)
 .debug_abbrev  0x00000b6e       0xce .\CortexM3\ARM_GCC_473\Debug\TransmitReadings_freeSoC.a(psoc.o)
 .debug_abbrev  0x00000c3c       0x83 .\CortexM3\ARM_GCC_473\Debug\TransmitReadings_freeSoC.a(psoc_INT.o)
 .debug_abbrev  0x00000cbf       0xed .\CortexM3\ARM_GCC_473\Debug\TransmitReadings_freeSoC.a(psoc_PM.o)
 .debug_abbrev  0x00000dac      0x120 .\CortexM3\ARM_GCC_473\Debug\TransmitReadings_freeSoC.a(psoc_MASTER.o)
 .debug_abbrev  0x00000ecc      0x165 .\CortexM3\ARM_GCC_473\Debug\TransmitReadings_freeSoC.a(UART_Wind.o)
 .debug_abbrev  0x00001031      0x12d .\CortexM3\ARM_GCC_473\Debug\TransmitReadings_freeSoC.a(isr_Wind.o)
 .debug_abbrev  0x0000115e      0x165 .\CortexM3\ARM_GCC_473\Debug\TransmitReadings_freeSoC.a(UART_SBD.o)
 .debug_abbrev  0x000012c3      0x12d .\CortexM3\ARM_GCC_473\Debug\TransmitReadings_freeSoC.a(SBD_reply.o)
 .debug_abbrev  0x000013f0      0x11f .\CortexM3\ARM_GCC_473\Debug\TransmitReadings_freeSoC.a(UART_Wind_IntClock.o)
 .debug_abbrev  0x0000150f      0x11f .\CortexM3\ARM_GCC_473\Debug\TransmitReadings_freeSoC.a(UART_SBD_IntClock.o)
 .debug_abbrev  0x0000162e      0x158 .\CortexM3\ARM_GCC_473\Debug\TransmitReadings_freeSoC.a(master.o)
 .debug_abbrev  0x00001786      0x11f .\CortexM3\ARM_GCC_473\Debug\TransmitReadings_freeSoC.a(clock.o)
 .debug_abbrev  0x000018a5      0x175 .\CortexM3\ARM_GCC_473\Debug\TransmitReadings_freeSoC.a(ADC.o)
 .debug_abbrev  0x00001a1a       0x44 .\CortexM3\ARM_GCC_473\Debug\TransmitReadings_freeSoC.a(ADC_INT.o)
 .debug_abbrev  0x00001a5e      0x11f .\CortexM3\ARM_GCC_473\Debug\TransmitReadings_freeSoC.a(ADC_theACLK.o)
 .debug_abbrev  0x00001b7d       0xeb .\CortexM3\ARM_GCC_473\Debug\TransmitReadings_freeSoC.a(Timer.o)
 .debug_abbrev  0x00001c68      0x11f .\CortexM3\ARM_GCC_473\Debug\TransmitReadings_freeSoC.a(timer_clock.o)
 .debug_abbrev  0x00001d87      0x12d .\CortexM3\ARM_GCC_473\Debug\TransmitReadings_freeSoC.a(timeout_isr.o)
 .debug_abbrev  0x00001eb4      0x172 .\CortexM3\ARM_GCC_473\Debug\TransmitReadings_freeSoC.a(CyFlash.o)
 .debug_abbrev  0x00002026      0x15f .\CortexM3\ARM_GCC_473\Debug\TransmitReadings_freeSoC.a(CySpc.o)

.debug_line     0x00000000     0x3775
 *(.debug_line)
 .debug_line    0x00000000      0x256 .\CortexM3\ARM_GCC_473\Debug\main.o
 .debug_line    0x00000256      0x16e .\CortexM3\ARM_GCC_473\Debug\magnetometer.o
 .debug_line    0x000003c4      0x14f .\CortexM3\ARM_GCC_473\Debug\thermocouple.o
 .debug_line    0x00000513      0x125 .\CortexM3\ARM_GCC_473\Debug\Batteryvoltage.o
 .debug_line    0x00000638      0x188 .\CortexM3\ARM_GCC_473\Debug\RH.o
 .debug_line    0x000007c0       0x53 .\CortexM3\ARM_GCC_473\Debug\cymetadata.o
 .debug_line    0x00000813      0x1b0 .\CortexM3\ARM_GCC_473\Debug\Cm3Start.o
 .debug_line    0x000009c3      0x235 .\CortexM3\ARM_GCC_473\Debug\TransmitReadings_freeSoC.a(cyfitter_cfg.o)
 .debug_line    0x00000bf8       0x68 .\CortexM3\ARM_GCC_473\Debug\TransmitReadings_freeSoC.a(CyBootAsmGnu.o)
 .debug_line    0x00000c60      0x73b .\CortexM3\ARM_GCC_473\Debug\TransmitReadings_freeSoC.a(CyLib.o)
 .debug_line    0x0000139b      0x370 .\CortexM3\ARM_GCC_473\Debug\TransmitReadings_freeSoC.a(cyPm.o)
 .debug_line    0x0000170b       0xd6 .\CortexM3\ARM_GCC_473\Debug\TransmitReadings_freeSoC.a(psoc.o)
 .debug_line    0x000017e1      0x13d .\CortexM3\ARM_GCC_473\Debug\TransmitReadings_freeSoC.a(psoc_INT.o)
 .debug_line    0x0000191e       0xc0 .\CortexM3\ARM_GCC_473\Debug\TransmitReadings_freeSoC.a(psoc_PM.o)
 .debug_line    0x000019de      0x1f5 .\CortexM3\ARM_GCC_473\Debug\TransmitReadings_freeSoC.a(psoc_MASTER.o)
 .debug_line    0x00001bd3      0x2f4 .\CortexM3\ARM_GCC_473\Debug\TransmitReadings_freeSoC.a(UART_Wind.o)
 .debug_line    0x00001ec7      0x153 .\CortexM3\ARM_GCC_473\Debug\TransmitReadings_freeSoC.a(isr_Wind.o)
 .debug_line    0x0000201a      0x2f3 .\CortexM3\ARM_GCC_473\Debug\TransmitReadings_freeSoC.a(UART_SBD.o)
 .debug_line    0x0000230d      0x144 .\CortexM3\ARM_GCC_473\Debug\TransmitReadings_freeSoC.a(SBD_reply.o)
 .debug_line    0x00002451      0x1a9 .\CortexM3\ARM_GCC_473\Debug\TransmitReadings_freeSoC.a(UART_Wind_IntClock.o)
 .debug_line    0x000025fa      0x1a8 .\CortexM3\ARM_GCC_473\Debug\TransmitReadings_freeSoC.a(UART_SBD_IntClock.o)
 .debug_line    0x000027a2      0x274 .\CortexM3\ARM_GCC_473\Debug\TransmitReadings_freeSoC.a(master.o)
 .debug_line    0x00002a16      0x19c .\CortexM3\ARM_GCC_473\Debug\TransmitReadings_freeSoC.a(clock.o)
 .debug_line    0x00002bb2      0x201 .\CortexM3\ARM_GCC_473\Debug\TransmitReadings_freeSoC.a(ADC.o)
 .debug_line    0x00002db3       0x55 .\CortexM3\ARM_GCC_473\Debug\TransmitReadings_freeSoC.a(ADC_INT.o)
 .debug_line    0x00002e08      0x1c6 .\CortexM3\ARM_GCC_473\Debug\TransmitReadings_freeSoC.a(ADC_theACLK.o)
 .debug_line    0x00002fce      0x15f .\CortexM3\ARM_GCC_473\Debug\TransmitReadings_freeSoC.a(Timer.o)
 .debug_line    0x0000312d      0x1a2 .\CortexM3\ARM_GCC_473\Debug\TransmitReadings_freeSoC.a(timer_clock.o)
 .debug_line    0x000032cf      0x156 .\CortexM3\ARM_GCC_473\Debug\TransmitReadings_freeSoC.a(timeout_isr.o)
 .debug_line    0x00003425      0x1a9 .\CortexM3\ARM_GCC_473\Debug\TransmitReadings_freeSoC.a(CyFlash.o)
 .debug_line    0x000035ce      0x1a7 .\CortexM3\ARM_GCC_473\Debug\TransmitReadings_freeSoC.a(CySpc.o)

.debug_frame    0x00000000     0x3d64
 *(.debug_frame)
 .debug_frame   0x00000000       0xc8 .\CortexM3\ARM_GCC_473\Debug\main.o
 .debug_frame   0x000000c8       0x90 .\CortexM3\ARM_GCC_473\Debug\magnetometer.o
 .debug_frame   0x00000158       0x34 .\CortexM3\ARM_GCC_473\Debug\thermocouple.o
 .debug_frame   0x0000018c       0x30 .\CortexM3\ARM_GCC_473\Debug\Batteryvoltage.o
 .debug_frame   0x000001bc       0xac .\CortexM3\ARM_GCC_473\Debug\RH.o
 .debug_frame   0x00000268       0xa4 .\CortexM3\ARM_GCC_473\Debug\Cm3Start.o
 .debug_frame   0x0000030c      0x120 .\CortexM3\ARM_GCC_473\Debug\TransmitReadings_freeSoC.a(cyfitter_cfg.o)
 .debug_frame   0x0000042c      0x778 .\CortexM3\ARM_GCC_473\Debug\TransmitReadings_freeSoC.a(CyLib.o)
 .debug_frame   0x00000ba4      0x1d0 .\CortexM3\ARM_GCC_473\Debug\TransmitReadings_freeSoC.a(cyPm.o)
 .debug_frame   0x00000d74       0x88 .\CortexM3\ARM_GCC_473\Debug\TransmitReadings_freeSoC.a(psoc.o)
 .debug_frame   0x00000dfc       0x30 .\CortexM3\ARM_GCC_473\Debug\TransmitReadings_freeSoC.a(psoc_INT.o)
 .debug_frame   0x00000e2c       0x84 .\CortexM3\ARM_GCC_473\Debug\TransmitReadings_freeSoC.a(psoc_PM.o)
 .debug_frame   0x00000eb0      0x198 .\CortexM3\ARM_GCC_473\Debug\TransmitReadings_freeSoC.a(psoc_MASTER.o)
 .debug_frame   0x00001048      0x328 .\CortexM3\ARM_GCC_473\Debug\TransmitReadings_freeSoC.a(UART_Wind.o)
 .debug_frame   0x00001370      0x180 .\CortexM3\ARM_GCC_473\Debug\TransmitReadings_freeSoC.a(isr_Wind.o)
 .debug_frame   0x000014f0      0x328 .\CortexM3\ARM_GCC_473\Debug\TransmitReadings_freeSoC.a(UART_SBD.o)
 .debug_frame   0x00001818      0x180 .\CortexM3\ARM_GCC_473\Debug\TransmitReadings_freeSoC.a(SBD_reply.o)
 .debug_frame   0x00001998      0x14c .\CortexM3\ARM_GCC_473\Debug\TransmitReadings_freeSoC.a(UART_Wind_IntClock.o)
 .debug_frame   0x00001ae4      0x14c .\CortexM3\ARM_GCC_473\Debug\TransmitReadings_freeSoC.a(UART_SBD_IntClock.o)
 .debug_frame   0x00001c30      0x2c4 .\CortexM3\ARM_GCC_473\Debug\TransmitReadings_freeSoC.a(master.o)
 .debug_frame   0x00001ef4      0x14c .\CortexM3\ARM_GCC_473\Debug\TransmitReadings_freeSoC.a(clock.o)
 .debug_frame   0x00002040      0x22c .\CortexM3\ARM_GCC_473\Debug\TransmitReadings_freeSoC.a(ADC.o)
 .debug_frame   0x0000226c       0x2c .\CortexM3\ARM_GCC_473\Debug\TransmitReadings_freeSoC.a(ADC_INT.o)
 .debug_frame   0x00002298      0x184 .\CortexM3\ARM_GCC_473\Debug\TransmitReadings_freeSoC.a(ADC_theACLK.o)
 .debug_frame   0x0000241c      0x198 .\CortexM3\ARM_GCC_473\Debug\TransmitReadings_freeSoC.a(Timer.o)
 .debug_frame   0x000025b4      0x14c .\CortexM3\ARM_GCC_473\Debug\TransmitReadings_freeSoC.a(timer_clock.o)
 .debug_frame   0x00002700      0x180 .\CortexM3\ARM_GCC_473\Debug\TransmitReadings_freeSoC.a(timeout_isr.o)
 .debug_frame   0x00002880      0x178 .\CortexM3\ARM_GCC_473\Debug\TransmitReadings_freeSoC.a(CyFlash.o)
 .debug_frame   0x000029f8      0x13c .\CortexM3\ARM_GCC_473\Debug\TransmitReadings_freeSoC.a(CySpc.o)
 .debug_frame   0x00002b34       0x38 c:/program files (x86)/cypress/psoc creator/3.0/psoc creator/import/gnu_cs/arm/4.7.3/bin/../lib/gcc/arm-none-eabi/4.7.3/../../../../arm-none-eabi/lib/armv7-m\libm.a(lib_a-s_atan.o)
 .debug_frame   0x00002b6c       0x20 c:/program files (x86)/cypress/psoc creator/3.0/psoc creator/import/gnu_cs/arm/4.7.3/bin/../lib/gcc/arm-none-eabi/4.7.3/../../../../arm-none-eabi/lib/armv7-m\libm.a(lib_a-s_fabs.o)
 .debug_frame   0x00002b8c       0x38 c:/program files (x86)/cypress/psoc creator/3.0/psoc creator/import/gnu_cs/arm/4.7.3/bin/../lib/gcc/arm-none-eabi/4.7.3/../../../../arm-none-eabi/lib/armv7-m\libm.a(lib_a-w_pow.o)
 .debug_frame   0x00002bc4       0x38 c:/program files (x86)/cypress/psoc creator/3.0/psoc creator/import/gnu_cs/arm/4.7.3/bin/../lib/gcc/arm-none-eabi/4.7.3/../../../../arm-none-eabi/lib/armv7-m\libm.a(lib_a-e_pow.o)
 .debug_frame   0x00002bfc       0x34 c:/program files (x86)/cypress/psoc creator/3.0/psoc creator/import/gnu_cs/arm/4.7.3/bin/../lib/gcc/arm-none-eabi/4.7.3/../../../../arm-none-eabi/lib/armv7-m\libm.a(lib_a-e_sqrt.o)
 .debug_frame   0x00002c30       0x20 c:/program files (x86)/cypress/psoc creator/3.0/psoc creator/import/gnu_cs/arm/4.7.3/bin/../lib/gcc/arm-none-eabi/4.7.3/../../../../arm-none-eabi/lib/armv7-m\libm.a(lib_a-s_finite.o)
 .debug_frame   0x00002c50       0x20 c:/program files (x86)/cypress/psoc creator/3.0/psoc creator/import/gnu_cs/arm/4.7.3/bin/../lib/gcc/arm-none-eabi/4.7.3/../../../../arm-none-eabi/lib/armv7-m\libm.a(lib_a-s_fpclassify.o)
 .debug_frame   0x00002c70       0x20 c:/program files (x86)/cypress/psoc creator/3.0/psoc creator/import/gnu_cs/arm/4.7.3/bin/../lib/gcc/arm-none-eabi/4.7.3/../../../../arm-none-eabi/lib/armv7-m\libm.a(lib_a-s_matherr.o)
 .debug_frame   0x00002c90       0x20 c:/program files (x86)/cypress/psoc creator/3.0/psoc creator/import/gnu_cs/arm/4.7.3/bin/../lib/gcc/arm-none-eabi/4.7.3/../../../../arm-none-eabi/lib/armv7-m\libm.a(lib_a-s_nan.o)
 .debug_frame   0x00002cb0       0x34 c:/program files (x86)/cypress/psoc creator/3.0/psoc creator/import/gnu_cs/arm/4.7.3/bin/../lib/gcc/arm-none-eabi/4.7.3/../../../../arm-none-eabi/lib/armv7-m\libm.a(lib_a-s_rint.o)