Archive member included because of file (symbol)

.\CortexM3\ARM_GCC_473\Debug\airmartest.a(cyfitter_cfg.o)
                              .\CortexM3\ARM_GCC_473\Debug\Cm3Start.o (cyfitter_cfg)
.\CortexM3\ARM_GCC_473\Debug\airmartest.a(Airmar.o)
                              .\CortexM3\ARM_GCC_473\Debug\main.o (Airmar_Start)
.\CortexM3\ARM_GCC_473\Debug\airmartest.a(isr_airmar.o)
                              .\CortexM3\ARM_GCC_473\Debug\main.o (isr_airmar_StartEx)
.\CortexM3\ARM_GCC_473\Debug\airmartest.a(Airmar_IntClock.o)
                              .\CortexM3\ARM_GCC_473\Debug\airmartest.a(Airmar.o) (Airmar_IntClock_Start)
.\CortexM3\ARM_GCC_473\Debug\airmartest.a(CyBootAsmGnu.o)
                              .\CortexM3\ARM_GCC_473\Debug\airmartest.a(cyfitter_cfg.o) (CyDelayCycles)
.\CortexM3\ARM_GCC_473\Debug\airmartest.a(CyLib.o)
                              .\CortexM3\ARM_GCC_473\Debug\Cm3Start.o (CyResetStatus)
.\CortexM3\ARM_GCC_473\Debug\airmartest.a(cyPm.o)
                              .\CortexM3\ARM_GCC_473\Debug\airmartest.a(CyLib.o) (CyPmReadStatus)
.\CortexM3\ARM_GCC_473\Debug\airmartest.a(Comp.o)
                              .\CortexM3\ARM_GCC_473\Debug\main.o (Comp_Start)
.\CortexM3\ARM_GCC_473\Debug\airmartest.a(master.o)
                              .\CortexM3\ARM_GCC_473\Debug\main.o (master_Start)
.\CortexM3\ARM_GCC_473\Debug\airmartest.a(UART_SBD.o)
                              .\CortexM3\ARM_GCC_473\Debug\main.o (UART_SBD_Start)
.\CortexM3\ARM_GCC_473\Debug\airmartest.a(UART_SBD_IntClock.o)
                              .\CortexM3\ARM_GCC_473\Debug\airmartest.a(UART_SBD.o) (UART_SBD_IntClock_Start)
.\CortexM3\ARM_GCC_473\Debug\airmartest.a(psoc.o)
                              .\CortexM3\ARM_GCC_473\Debug\main.o (psoc_Start)
.\CortexM3\ARM_GCC_473\Debug\airmartest.a(psoc_INT.o)
                              .\CortexM3\ARM_GCC_473\Debug\airmartest.a(psoc.o) (psoc_ISR)
.\CortexM3\ARM_GCC_473\Debug\airmartest.a(psoc_PM.o)
                              .\CortexM3\ARM_GCC_473\Debug\airmartest.a(psoc.o) (psoc_backup)
.\CortexM3\ARM_GCC_473\Debug\airmartest.a(psoc_MASTER.o)
                              .\CortexM3\ARM_GCC_473\Debug\airmartest.a(psoc_INT.o) (psoc_mstrStatus)
.\CortexM3\ARM_GCC_473\Debug\airmartest.a(ADC.o)
                              .\CortexM3\ARM_GCC_473\Debug\main.o (ADC_Start)
.\CortexM3\ARM_GCC_473\Debug\airmartest.a(ADC_INT.o)
                              .\CortexM3\ARM_GCC_473\Debug\airmartest.a(ADC.o) (ADC_ISR1)
.\CortexM3\ARM_GCC_473\Debug\airmartest.a(AMux.o)
                              .\CortexM3\ARM_GCC_473\Debug\main.o (AMux_Start)
.\CortexM3\ARM_GCC_473\Debug\airmartest.a(ADC_Ext_CP_Clk.o)
                              .\CortexM3\ARM_GCC_473\Debug\airmartest.a(ADC.o) (ADC_Ext_CP_Clk_SetDividerRegister)
.\CortexM3\ARM_GCC_473\Debug\airmartest.a(ADC_theACLK.o)
                              .\CortexM3\ARM_GCC_473\Debug\airmartest.a(ADC.o) (ADC_theACLK_SetDividerRegister)
.\CortexM3\ARM_GCC_473\Debug\airmartest.a(CyFlash.o)
                              .\CortexM3\ARM_GCC_473\Debug\airmartest.a(cyPm.o) (CyFlash_SetWaitCycles)
.\CortexM3\ARM_GCC_473\Debug\airmartest.a(CySpc.o)
                              .\CortexM3\ARM_GCC_473\Debug\airmartest.a(CyFlash.o) (CySpcStart)
c:/program files (x86)/cypress/psoc creator/3.0/psoc creator/import/gnu_cs/arm/4.7.3/bin/../lib/gcc/arm-none-eabi/4.7.3/../../../../arm-none-eabi/lib/armv7-m\libm.a(lib_a-s_atan.o)
                              .\CortexM3\ARM_GCC_473\Debug\wind.o (atan)
c:/program files (x86)/cypress/psoc creator/3.0/psoc creator/import/gnu_cs/arm/4.7.3/bin/../lib/gcc/arm-none-eabi/4.7.3/../../../../arm-none-eabi/lib/armv7-m\libm.a(lib_a-s_cos.o)
                              .\CortexM3\ARM_GCC_473\Debug\wind.o (cos)
c:/program files (x86)/cypress/psoc creator/3.0/psoc creator/import/gnu_cs/arm/4.7.3/bin/../lib/gcc/arm-none-eabi/4.7.3/../../../../arm-none-eabi/lib/armv7-m\libm.a(lib_a-s_fabs.o)
                              c:/program files (x86)/cypress/psoc creator/3.0/psoc creator/import/gnu_cs/arm/4.7.3/bin/../lib/gcc/arm-none-eabi/4.7.3/../../../../arm-none-eabi/lib/armv7-m\libm.a(lib_a-s_atan.o) (fabs)
c:/program files (x86)/cypress/psoc creator/3.0/psoc creator/import/gnu_cs/arm/4.7.3/bin/../lib/gcc/arm-none-eabi/4.7.3/../../../../arm-none-eabi/lib/armv7-m\libm.a(lib_a-s_sin.o)
                              .\CortexM3\ARM_GCC_473\Debug\wind.o (sin)
c:/program files (x86)/cypress/psoc creator/3.0/psoc creator/import/gnu_cs/arm/4.7.3/bin/../lib/gcc/arm-none-eabi/4.7.3/../../../../arm-none-eabi/lib/armv7-m\libm.a(lib_a-w_pow.o)
                              .\CortexM3\ARM_GCC_473\Debug\thermocouple.o (pow)
c:/program files (x86)/cypress/psoc creator/3.0/psoc creator/import/gnu_cs/arm/4.7.3/bin/../lib/gcc/arm-none-eabi/4.7.3/../../../../arm-none-eabi/lib/armv7-m\libm.a(lib_a-w_sqrt.o)
                              .\CortexM3\ARM_GCC_473\Debug\wind.o (sqrt)
[...]
Memory Configuration

Name             Origin             Length             Attributes
rom              0x00000000         0x00040000         xr
ram              0x1fff8000         0x00010000         xrw
*default*        0x00000000         0xffffffff

Linker script and memory map

LOAD c:/program files (x86)/cypress/psoc creator/3.0/psoc creator/import/gnu_cs/arm/4.7.3/bin/../lib/gcc/arm-none-eabi/4.7.3/armv7-m/crti.o
LOAD c:/program files (x86)/cypress/psoc creator/3.0/psoc creator/import/gnu_cs/arm/4.7.3/bin/../lib/gcc/arm-none-eabi/4.7.3/armv7-m/crtbegin.o
LOAD c:/program files (x86)/cypress/psoc creator/3.0/psoc creator/import/gnu_cs/arm/4.7.3/bin/../lib/gcc/arm-none-eabi/4.7.3/../../../../arm-none-eabi/lib/armv7-m/crt0.o
START GROUP
LOAD .\CortexM3\ARM_GCC_473\Debug\main.o
LOAD .\CortexM3\ARM_GCC_473\Debug\thermocouple.o
LOAD .\CortexM3\ARM_GCC_473\Debug\wind.o
LOAD .\CortexM3\ARM_GCC_473\Debug\RH.o
LOAD .\CortexM3\ARM_GCC_473\Debug\Batteryvoltage.o
LOAD .\CortexM3\ARM_GCC_473\Debug\cymetadata.o
LOAD .\CortexM3\ARM_GCC_473\Debug\Cm3Start.o
LOAD .\CortexM3\ARM_GCC_473\Debug\airmartest.a
LOAD C:\Program Files (x86)\Cypress\PSoC Creator\3.0\PSoC Creator\psoc\content\cycomponentlibrary\CyComponentLibrary.cylib\CortexM3\ARM_GCC_473\Debug\CyComponentLibrary.a
LOAD c:/program files (x86)/cypress/psoc creator/3.0/psoc creator/import/gnu_cs/arm/4.7.3/bin/../lib/gcc/arm-none-eabi/4.7.3/../../../../arm-none-eabi/lib/armv7-m\libm.a
END GROUP
START GROUP
LOAD c:/program files (x86)/cypress/psoc creator/3.0/psoc creator/import/gnu_cs/arm/4.7.3/bin/../lib/gcc/arm-none-eabi/4.7.3/armv7-m\libgcc.a
LOAD c:/program files (x86)/cypress/psoc creator/3.0/psoc creator/import/gnu_cs/arm/4.7.3/bin/../lib/gcc/arm-none-eabi/4.7.3/../../../../arm-none-eabi/lib/armv7-m\libc_s.a
END GROUP
LOAD c:/program files (x86)/cypress/psoc creator/3.0/psoc creator/import/gnu_cs/arm/4.7.3/bin/../lib/gcc/arm-none-eabi/4.7.3/armv7-m/crtend.o
LOAD c:/program files (x86)/cypress/psoc creator/3.0/psoc creator/import/gnu_cs/arm/4.7.3/bin/../lib/gcc/arm-none-eabi/4.7.3/armv7-m/crtn.o
START GROUP
LOAD c:/program files (x86)/cypress/psoc creator/3.0/psoc creator/import/gnu_cs/arm/4.7.3/bin/../lib/gcc/arm-none-eabi/4.7.3/armv7-m\libgcc.a
LOAD c:/program files (x86)/cypress/psoc creator/3.0/psoc creator/import/gnu_cs/arm/4.7.3/bin/../lib/gcc/arm-none-eabi/4.7.3/../../../../arm-none-eabi/lib/armv7-m\libc.a
LOAD c:/program files (x86)/cypress/psoc creator/3.0/psoc creator/import/gnu_cs/arm/4.7.3/bin/../lib/gcc/arm-none-eabi/4.7.3/../../../../arm-none-eabi/lib/armv7-m\libnosys.a
END GROUP
                0x00000000                CY_APPL_ORIGIN = 0x0
                0x00000100                CY_FLASH_ROW_SIZE = 0x100
                0x00000020                CY_ECC_ROW_SIZE = 0x20
                0x00000000                CY_EE_IN_BTLDR = 0x0
                0x00000000                CY_APPL_LOADABLE = 0x0
                0x00000800                CY_EE_SIZE = 0x800
                0x00000001                CY_APPL_NUM = 0x1
                0x00000001                CY_APPL_MAX = 0x1
                0x00000040                CY_METADATA_SIZE = 0x40
                0x1fff87d8                PROVIDE (__cy_heap_start, _end)
                0x00000001                PROVIDE (__cy_region_num, ((__cy_regions_end - __cy_regions) / 0x10))
                0x20008000                PROVIDE (__cy_stack, (ORIGIN (ram) + 0x10000))
                0x20004000                PROVIDE (__cy_heap_end, (__cy_stack - 0x4000))

.cybootloader   0x00000000        0x0
 *(.cybootloader)
                0x00000000                appl1_start = CY_APPL_ORIGIN?CY_APPL_ORIGIN:ALIGN (CY_FLASH_ROW_SIZE)
                0x0001ff00                appl2_start = (appl1_start + ALIGN ((((0x40000 - appl1_start) - (0x2 * CY_FLASH_ROW_SIZE)) / 0x2), CY_FLASH_ROW_SIZE))
                0x00000000                appl_start = (CY_APPL_NUM == 0x1)?appl1_start:appl2_start
                0x00000000                ecc_offset = ((appl_start / CY_FLASH_ROW_SIZE) * CY_ECC_ROW_SIZE)
                0x00000000                ee_offset = (CY_APPL_LOADABLE && ! (CY_EE_IN_BTLDR))?((CY_EE_SIZE / CY_APPL_MAX) * (CY_APPL_NUM - 0x1)):0x0
                0x00000800                ee_size = (CY_APPL_LOADABLE && ! (CY_EE_IN_BTLDR))?(CY_EE_SIZE / CY_APPL_MAX):CY_EE_SIZE
                0x00000000                PROVIDE (CY_ECC_OFFSET, ecc_offset)

.text           0x00000000     0xb428
 CREATE_OBJECT_SYMBOLS
                0x00000000                PROVIDE (__cy_interrupt_vector, RomVectors)
 *(.romvectors)
 .romvectors    0x00000000       0x10 .\CortexM3\ARM_GCC_473\Debug\Cm3Start.o
                0x00000000                RomVectors
                0x00000001                ASSERT ((. != __cy_interrupt_vector), No interrupt vector)
                0x00000001                ASSERT (CY_APPL_ORIGIN?(SIZEOF (.cybootloader) <= CY_APPL_ORIGIN):0x1, Wrong image location)
                0x00000010                PROVIDE (__cy_reset, Reset)
 *(.text.Reset)
 .text.Reset    0x00000010       0x1c .\CortexM3\ARM_GCC_473\Debug\Cm3Start.o
                0x00000010                Reset
                0x00000001                ASSERT ((. != __cy_reset), No reset code)
 *(.dma_init)
                0x00000001                ASSERT ((((appl_start + .) <= 0x10000) || 0x1), DMA Init must be within the first 64k of flash)
 *(.text .text.* .gnu.linkonce.t.*)
 .text          0x0000002c       0x54 c:/program files (x86)/cypress/psoc creator/3.0/psoc creator/import/gnu_cs/arm/4.7.3/bin/../lib/gcc/arm-none-eabi/4.7.3/armv7-m/crtbegin.o
 .text.main     0x00000080      0x71c .\CortexM3\ARM_GCC_473\Debug\main.o
                0x00000080                main
 .text.airmar_int
                0x0000079c       0xa8 .\CortexM3\ARM_GCC_473\Debug\main.o
                0x0000079c                airmar_int
 .text.clearPacketwind
                0x00000844       0x34 .\CortexM3\ARM_GCC_473\Debug\main.o
                0x00000844                clearPacketwind
 .text.gettemperature
                0x00000878      0x164 .\CortexM3\ARM_GCC_473\Debug\thermocouple.o
                0x00000878                gettemperature
 .text.definevectors
                0x000009dc      0x2c0 .\CortexM3\ARM_GCC_473\Debug\wind.o
                0x000009dc                definevectors
 .text.avgwind  0x00000c9c       0xa8 .\CortexM3\ARM_GCC_473\Debug\wind.o
                0x00000c9c                avgwind
 *fill*         0x00000d44        0x4 00
 .text.converttospeedandheading
                0x00000d48      0x2e0 .\CortexM3\ARM_GCC_473\Debug\wind.o
                0x00000d48                converttospeedandheading
 .text.readregister
                0x00001028       0xa4 .\CortexM3\ARM_GCC_473\Debug\RH.o
                0x00001028                readregister
 .text.processRH
                0x000010cc       0x90 .\CortexM3\ARM_GCC_473\Debug\RH.o
                0x000010cc                processRH
 .text.getRH    0x0000115c       0x48 .\CortexM3\ARM_GCC_473\Debug\RH.o
                0x0000115c                getRH
 *fill*         0x000011a4        0x4 00
 .text.getvoltage
                0x000011a8       0xc0 .\CortexM3\ARM_GCC_473\Debug\Batteryvoltage.o
                0x000011a8                getvoltage
 .text.IntDefaultHandler
                0x00001268        0x8 .\CortexM3\ARM_GCC_473\Debug\Cm3Start.o
                0x00001268                IntDefaultHandler
 .text.Start_c  0x00001270       0xcc .\CortexM3\ARM_GCC_473\Debug\Cm3Start.o
                0x00001270                Start_c
 .text.initialize_psoc
                0x0000133c       0xb4 .\CortexM3\ARM_GCC_473\Debug\Cm3Start.o
                0x0000133c                initialize_psoc
 .text.CYMEMZERO
                0x000013f0       0x20 .\CortexM3\ARM_GCC_473\Debug\airmartest.a(cyfitter_cfg.o)
 .text.CYCONFIGCPY
                0x00001410       0x20 .\CortexM3\ARM_GCC_473\Debug\airmartest.a(cyfitter_cfg.o)
 .text.CyClockStartupError
                0x00001430        0xc .\CortexM3\ARM_GCC_473\Debug\airmartest.a(cyfitter_cfg.o)
 .text.cfg_write_bytes32
                0x0000143c       0x84 .\CortexM3\ARM_GCC_473\Debug\airmartest.a(cyfitter_cfg.o)
 .text.ClockSetup
                0x000014c0      0x200 .\CortexM3\ARM_GCC_473\Debug\airmartest.a(cyfitter_cfg.o)
 .text.AnalogSetDefault
                0x000016c0       0xb0 .\CortexM3\ARM_GCC_473\Debug\airmartest.a(cyfitter_cfg.o)
 .text.AMux_CYAMUXSIDE_A_Set
                0x00001770       0x8c .\CortexM3\ARM_GCC_473\Debug\airmartest.a(cyfitter_cfg.o)
                0x00001770                AMux_CYAMUXSIDE_A_Set
 .text.AMux_CYAMUXSIDE_A_Unset
                0x000017fc       0x98 .\CortexM3\ARM_GCC_473\Debug\airmartest.a(cyfitter_cfg.o)
                0x000017fc                AMux_CYAMUXSIDE_A_Unset
 .text.AMux_CYAMUXSIDE_B_Set
                0x00001894       0x8c .\CortexM3\ARM_GCC_473\Debug\airmartest.a(cyfitter_cfg.o)
                0x00001894                AMux_CYAMUXSIDE_B_Set
 .text.AMux_CYAMUXSIDE_B_Unset
                0x00001920       0x98 .\CortexM3\ARM_GCC_473\Debug\airmartest.a(cyfitter_cfg.o)
                0x00001920                AMux_CYAMUXSIDE_B_Unset
 .text.cyfitter_cfg
                0x000019b8      0x228 .\CortexM3\ARM_GCC_473\Debug\airmartest.a(cyfitter_cfg.o)
                0x000019b8                cyfitter_cfg
 .text.Airmar_Start
                0x00001be0       0x2c .\CortexM3\ARM_GCC_473\Debug\airmartest.a(Airmar.o)
                0x00001be0                Airmar_Start
 .text.Airmar_Init
                0x00001c0c       0x50 .\CortexM3\ARM_GCC_473\Debug\airmartest.a(Airmar.o)
                0x00001c0c                Airmar_Init
 .text.Airmar_Enable
                0x00001c5c       0x78 .\CortexM3\ARM_GCC_473\Debug\airmartest.a(Airmar.o)
                0x00001c5c                Airmar_Enable
 .text.Airmar_GetChar
                0x00001cd4       0x4c .\CortexM3\ARM_GCC_473\Debug\airmartest.a(Airmar.o)
                0x00001cd4                Airmar_GetChar
 .text.Airmar_PutChar
                0x00001d20       0x38 .\CortexM3\ARM_GCC_473\Debug\airmartest.a(Airmar.o)
                0x00001d20                Airmar_PutChar
 .text.Airmar_PutString
                0x00001d58       0x48 .\CortexM3\ARM_GCC_473\Debug\airmartest.a(Airmar.o)
                0x00001d58                Airmar_PutString
 .text.isr_airmar_StartEx
                0x00001da0       0x28 .\CortexM3\ARM_GCC_473\Debug\airmartest.a(isr_airmar.o)
                0x00001da0                isr_airmar_StartEx
 .text.isr_airmar_Stop
                0x00001dc8       0x18 .\CortexM3\ARM_GCC_473\Debug\airmartest.a(isr_airmar.o)
                0x00001dc8                isr_airmar_Stop
 .text.isr_airmar_SetVector
                0x00001de0       0x28 .\CortexM3\ARM_GCC_473\Debug\airmartest.a(isr_airmar.o)
                0x00001de0                isr_airmar_SetVector
 .text.isr_airmar_SetPriority
                0x00001e08       0x28 .\CortexM3\ARM_GCC_473\Debug\airmartest.a(isr_airmar.o)
                0x00001e08                isr_airmar_SetPriority
 .text.isr_airmar_Enable
                0x00001e30       0x18 .\CortexM3\ARM_GCC_473\Debug\airmartest.a(isr_airmar.o)
                0x00001e30                isr_airmar_Enable
 .text.isr_airmar_Disable
                0x00001e48       0x18 .\CortexM3\ARM_GCC_473\Debug\airmartest.a(isr_airmar.o)
                0x00001e48                isr_airmar_Disable
 .text.Airmar_IntClock_Start
                0x00001e60       0x44 .\CortexM3\ARM_GCC_473\Debug\airmartest.a(Airmar_IntClock.o)
                0x00001e60                Airmar_IntClock_Start
 *fill*         0x00001ea4        0x4 00
 .text          0x00001ea8       0x28 .\CortexM3\ARM_GCC_473\Debug\airmartest.a(CyBootAsmGnu.o)
                0x00001ea8                CyDelayCycles
                0x00001ebc                CyEnterCriticalSection
                0x00001ec4                CyExitCriticalSection
 .text.CyHalt   0x00001ed0       0x18 .\CortexM3\ARM_GCC_473\Debug\airmartest.a(CyLib.o)
                0x00001ed0                CyHalt
 .text.CyDelay  0x00001ee8       0x48 .\CortexM3\ARM_GCC_473\Debug\airmartest.a(CyLib.o)
                0x00001ee8                CyDelay
 .text.CyDelayUs
                0x00001f30       0x28 .\CortexM3\ARM_GCC_473\Debug\airmartest.a(CyLib.o)
                0x00001f30                CyDelayUs
 .text.CyIntSetVector
                0x00001f58       0x60 .\CortexM3\ARM_GCC_473\Debug\airmartest.a(CyLib.o)
                0x00001f58                CyIntSetVector
 .text.CyIntSetPriority
                0x00001fb8       0x4c .\CortexM3\ARM_GCC_473\Debug\airmartest.a(CyLib.o)
                0x00001fb8                CyIntSetPriority
 .text.Comp_Init
                0x00002004       0x9c .\CortexM3\ARM_GCC_473\Debug\airmartest.a(Comp.o)
                0x00002004                Comp_Init
 .text.Comp_Enable
                0x000020a0       0x44 .\CortexM3\ARM_GCC_473\Debug\airmartest.a(Comp.o)
                0x000020a0                Comp_Enable
 .text.Comp_Start
                0x000020e4       0x2c .\CortexM3\ARM_GCC_473\Debug\airmartest.a(Comp.o)
                0x000020e4                Comp_Start
 .text.Comp_SetSpeed
                0x00002110       0xa0 .\CortexM3\ARM_GCC_473\Debug\airmartest.a(Comp.o)
                0x00002110                Comp_SetSpeed
 .text.master_Init
                0x000021b0       0x3c .\CortexM3\ARM_GCC_473\Debug\airmartest.a(master.o)
                0x000021b0                master_Init
 .text.master_Enable
                0x000021ec       0x7c .\CortexM3\ARM_GCC_473\Debug\airmartest.a(master.o)
                0x000021ec                master_Enable
 .text.master_Start
                0x00002268       0x2c .\CortexM3\ARM_GCC_473\Debug\airmartest.a(master.o)
                0x00002268                master_Start
 .text.master_EnableTxInt
                0x00002294        0xc .\CortexM3\ARM_GCC_473\Debug\airmartest.a(master.o)
                0x00002294                master_EnableTxInt
 .text.master_EnableRxInt
                0x000022a0        0xc .\CortexM3\ARM_GCC_473\Debug\airmartest.a(master.o)
                0x000022a0                master_EnableRxInt
 .text.master_ReadTxStatus
                0x000022ac       0x20 .\CortexM3\ARM_GCC_473\Debug\airmartest.a(master.o)
                0x000022ac                master_ReadTxStatus
 .text.master_ReadRxStatus
                0x000022cc       0x20 .\CortexM3\ARM_GCC_473\Debug\airmartest.a(master.o)
                0x000022cc                master_ReadRxStatus
 .text.master_WriteTxData
                0x000022ec       0x38 .\CortexM3\ARM_GCC_473\Debug\airmartest.a(master.o)
                0x000022ec                master_WriteTxData
 .text.master_ReadRxData
                0x00002324       0x20 .\CortexM3\ARM_GCC_473\Debug\airmartest.a(master.o)
                0x00002324                master_ReadRxData
 .text.master_GetRxBufferSize
                0x00002344       0x34 .\CortexM3\ARM_GCC_473\Debug\airmartest.a(master.o)
                0x00002344                master_GetRxBufferSize
 .text.master_ClearFIFO
                0x00002378       0xb0 .\CortexM3\ARM_GCC_473\Debug\airmartest.a(master.o)
                0x00002378                master_ClearFIFO
 .text.UART_SBD_Start
                0x00002428       0x2c .\CortexM3\ARM_GCC_473\Debug\airmartest.a(UART_SBD.o)
                0x00002428                UART_SBD_Start
 .text.UART_SBD_Init
                0x00002454       0x50 .\CortexM3\ARM_GCC_473\Debug\airmartest.a(UART_SBD.o)
                0x00002454                UART_SBD_Init
 .text.UART_SBD_Enable
                0x000024a4       0x78 .\CortexM3\ARM_GCC_473\Debug\airmartest.a(UART_SBD.o)
                0x000024a4                UART_SBD_Enable
 .text.UART_SBD_PutChar
                0x0000251c       0x38 .\CortexM3\ARM_GCC_473\Debug\airmartest.a(UART_SBD.o)
                0x0000251c                UART_SBD_PutChar
 .text.UART_SBD_PutString
                0x00002554       0x48 .\CortexM3\ARM_GCC_473\Debug\airmartest.a(UART_SBD.o)
                0x00002554                UART_SBD_PutString
 .text.UART_SBD_PutArray
                0x0000259c       0x48 .\CortexM3\ARM_GCC_473\Debug\airmartest.a(UART_SBD.o)
                0x0000259c                UART_SBD_PutArray
 .text.UART_SBD_IntClock_Start
                0x000025e4       0x44 .\CortexM3\ARM_GCC_473\Debug\airmartest.a(UART_SBD_IntClock.o)
                0x000025e4                UART_SBD_IntClock_Start
 .text.psoc_Init
                0x00002628       0x84 .\CortexM3\ARM_GCC_473\Debug\airmartest.a(psoc.o)
                0x00002628                psoc_Init
 .text.psoc_Enable
                0x000026ac       0x58 .\CortexM3\ARM_GCC_473\Debug\airmartest.a(psoc.o)
                0x000026ac                psoc_Enable
 .text.psoc_Start
                0x00002704       0x38 .\CortexM3\ARM_GCC_473\Debug\airmartest.a(psoc.o)
                0x00002704                psoc_Start
 .text.psoc_ISR
                0x0000273c      0x598 .\CortexM3\ARM_GCC_473\Debug\airmartest.a(psoc_INT.o)
                0x0000273c                psoc_ISR
 .text.psoc_MasterSendStart
                0x00002cd4       0xf4 .\CortexM3\ARM_GCC_473\Debug\airmartest.a(psoc_MASTER.o)
                0x00002cd4                psoc_MasterSendStart
 .text.psoc_MasterSendStop
                0x00002dc8       0x74 .\CortexM3\ARM_GCC_473\Debug\airmartest.a(psoc_MASTER.o)
                0x00002dc8                psoc_MasterSendStop
 .text.psoc_MasterWriteByte
                0x00002e3c       0xb0 .\CortexM3\ARM_GCC_473\Debug\airmartest.a(psoc_MASTER.o)
                0x00002e3c                psoc_MasterWriteByte
 .text.psoc_MasterReadByte
                0x00002eec       0xa4 .\CortexM3\ARM_GCC_473\Debug\airmartest.a(psoc_MASTER.o)
                0x00002eec                psoc_MasterReadByte
 .text.psoc_MasterClearStatus
                0x00002f90       0x30 .\CortexM3\ARM_GCC_473\Debug\airmartest.a(psoc_MASTER.o)
                0x00002f90                psoc_MasterClearStatus
 .text.psoc_MasterClearReadBuf
                0x00002fc0       0x34 .\CortexM3\ARM_GCC_473\Debug\airmartest.a(psoc_MASTER.o)
                0x00002fc0                psoc_MasterClearReadBuf
 .text.psoc_MasterClearWriteBuf
                0x00002ff4       0x34 .\CortexM3\ARM_GCC_473\Debug\airmartest.a(psoc_MASTER.o)
                0x00002ff4                psoc_MasterClearWriteBuf
 .text.psoc_Workaround
                0x00003028        0xc .\CortexM3\ARM_GCC_473\Debug\airmartest.a(psoc_MASTER.o)
                0x00003028                psoc_Workaround
 .text.ADC_Init
                0x00003034      0x1e0 .\CortexM3\ARM_GCC_473\Debug\airmartest.a(ADC.o)
                0x00003034                ADC_Init
 .text.ADC_Enable
                0x00003214      0x1e4 .\CortexM3\ARM_GCC_473\Debug\airmartest.a(ADC.o)
                0x00003214                ADC_Enable
 .text.ADC_Start
                0x000033f8       0x3c .\CortexM3\ARM_GCC_473\Debug\airmartest.a(ADC.o)
                0x000033f8                ADC_Start
 .text.ADC_StartConvert
                0x00003434       0x28 .\CortexM3\ARM_GCC_473\Debug\airmartest.a(ADC.o)
                0x00003434                ADC_StartConvert
 .text.ADC_StopConvert
                0x0000345c       0x28 .\CortexM3\ARM_GCC_473\Debug\airmartest.a(ADC.o)
                0x0000345c                ADC_StopConvert
 .text.ADC_IsEndConversion
                0x00003484       0x54 .\CortexM3\ARM_GCC_473\Debug\airmartest.a(ADC.o)
                0x00003484                ADC_IsEndConversion
 .text.ADC_GetResult16
                0x000034d8       0x90 .\CortexM3\ARM_GCC_473\Debug\airmartest.a(ADC.o)
                0x000034d8                ADC_GetResult16
 .text.ADC_SetOffset
                0x00003568       0x20 .\CortexM3\ARM_GCC_473\Debug\airmartest.a(ADC.o)
                0x00003568                ADC_SetOffset
 .text.ADC_CountsTo_Volts
                0x00003588       0x4c .\CortexM3\ARM_GCC_473\Debug\airmartest.a(ADC.o)
                0x00003588                ADC_CountsTo_Volts
 .text.ADC_InitConfig
                0x000035d4      0x720 .\CortexM3\ARM_GCC_473\Debug\airmartest.a(ADC.o)
 .text.ADC_GainCompensation
                0x00003cf4      0x19c .\CortexM3\ARM_GCC_473\Debug\airmartest.a(ADC.o)
 .text.ADC_SetDSMRef0Reg
                0x00003e90       0xa8 .\CortexM3\ARM_GCC_473\Debug\airmartest.a(ADC.o)
 .text.ADC_ISR1
                0x00003f38        0xc .\CortexM3\ARM_GCC_473\Debug\airmartest.a(ADC_INT.o)
                0x00003f38                ADC_ISR1
 .text.ADC_ISR2
                0x00003f44        0xc .\CortexM3\ARM_GCC_473\Debug\airmartest.a(ADC_INT.o)
                0x00003f44                ADC_ISR2
 .text.ADC_ISR3
                0x00003f50        0xc .\CortexM3\ARM_GCC_473\Debug\airmartest.a(ADC_INT.o)
                0x00003f50                ADC_ISR3
 .text.ADC_ISR4
                0x00003f5c        0xc .\CortexM3\ARM_GCC_473\Debug\airmartest.a(ADC_INT.o)
                0x00003f5c                ADC_ISR4
 .text.AMux_Start
                0x00003f68       0x44 .\CortexM3\ARM_GCC_473\Debug\airmartest.a(AMux.o)
                0x00003f68                AMux_Start
 .text.AMux_Select
                0x00003fac       0x2c .\CortexM3\ARM_GCC_473\Debug\airmartest.a(AMux.o)
                0x00003fac                AMux_Select
 .text.AMux_Connect
                0x00003fd8       0x24 .\CortexM3\ARM_GCC_473\Debug\airmartest.a(AMux.o)
                0x00003fd8                AMux_Connect
 .text.ADC_Ext_CP_Clk_SetDividerRegister
                0x00003ffc      0x1e8 .\CortexM3\ARM_GCC_473\Debug\airmartest.a(ADC_Ext_CP_Clk.o)
                0x00003ffc                ADC_Ext_CP_Clk_SetDividerRegister
 .text.ADC_Ext_CP_Clk_GetDividerRegister
                0x000041e4       0x18 .\CortexM3\ARM_GCC_473\Debug\airmartest.a(ADC_Ext_CP_Clk.o)
                0x000041e4                ADC_Ext_CP_Clk_GetDividerRegister
 .text.ADC_Ext_CP_Clk_SetModeRegister
                0x000041fc       0x3c .\CortexM3\ARM_GCC_473\Debug\airmartest.a(ADC_Ext_CP_Clk.o)
                0x000041fc                ADC_Ext_CP_Clk_SetModeRegister
 .text.ADC_Ext_CP_Clk_GetSourceRegister
                0x00004238       0x20 .\CortexM3\ARM_GCC_473\Debug\airmartest.a(ADC_Ext_CP_Clk.o)
                0x00004238                ADC_Ext_CP_Clk_GetSourceRegister
 .text.ADC_theACLK_SetDividerRegister
                0x00004258      0x1e8 .\CortexM3\ARM_GCC_473\Debug\airmartest.a(ADC_theACLK.o)
                0x00004258                ADC_theACLK_SetDividerRegister
 .text.ADC_theACLK_GetDividerRegister
                0x00004440       0x18 .\CortexM3\ARM_GCC_473\Debug\airmartest.a(ADC_theACLK.o)
                0x00004440                ADC_theACLK_GetDividerRegister
 .text.ADC_theACLK_SetModeRegister
                0x00004458       0x3c .\CortexM3\ARM_GCC_473\Debug\airmartest.a(ADC_theACLK.o)
                0x00004458                ADC_theACLK_SetModeRegister
 .text.ADC_theACLK_GetSourceRegister
                0x00004494       0x20 .\CortexM3\ARM_GCC_473\Debug\airmartest.a(ADC_theACLK.o)
                0x00004494                ADC_theACLK_GetSourceRegister
 *fill*         0x000044b4        0x4 00
 .text.atan     0x000044b8      0x368 c:/program files (x86)/cypress/psoc creator/3.0/psoc creator/import/gnu_cs/arm/4.7.3/bin/../lib/gcc/arm-none-eabi/4.7.3/../../../../arm-none-eabi/lib/armv7-m\libm.a(lib_a-s_atan.o)
                0x000044b8                atan
 .text.cos      0x00004820       0x90 c:/program files (x86)/cypress/psoc creator/3.0/psoc creator/import/gnu_cs/arm/4.7.3/bin/../lib/gcc/arm-none-eabi/4.7.3/../../../../arm-none-eabi/lib/armv7-m\libm.a(lib_a-s_cos.o)
                0x00004820                cos
 .text.fabs     0x000048b0        0x8 c:/program files (x86)/cypress/psoc creator/3.0/psoc creator/import/gnu_cs/arm/4.7.3/bin/../lib/gcc/arm-none-eabi/4.7.3/../../../../arm-none-eabi/lib/armv7-m\libm.a(lib_a-s_fabs.o)
                0x000048b0                fabs
 .text.sin      0x000048b8       0x98 c:/program files (x86)/cypress/psoc creator/3.0/psoc creator/import/gnu_cs/arm/4.7.3/bin/../lib/gcc/arm-none-eabi/4.7.3/../../../../arm-none-eabi/lib/armv7-m\libm.a(lib_a-s_sin.o)
                0x000048b8                sin
 .text.pow      0x00004950      0x310 c:/program files (x86)/cypress/psoc creator/3.0/psoc creator/import/gnu_cs/arm/4.7.3/bin/../lib/gcc/arm-none-eabi/4.7.3/../../../../arm-none-eabi/lib/armv7-m\libm.a(lib_a-w_pow.o)
                0x00004950                pow
 .text.sqrt     0x00004c60       0xa8 c:/program files (x86)/cypress/psoc creator/3.0/psoc creator/import/gnu_cs/arm/4.7.3/bin/../lib/gcc/arm-none-eabi/4.7.3/../../../../arm-none-eabi/lib/armv7-m\libm.a(lib_a-w_sqrt.o)
                0x00004c60                sqrt
 .text.__ieee754_pow
                0x00004d08      0xb00 c:/program files (x86)/cypress/psoc creator/3.0/psoc creator/import/gnu_cs/arm/4.7.3/bin/../lib/gcc/arm-none-eabi/4.7.3/../../../../arm-none-eabi/lib/armv7-m\libm.a(lib_a-e_pow.o)
                0x00004d08                __ieee754_pow
 .text.__ieee754_rem_pio2
                0x00005808      0x468 c:/program files (x86)/cypress/psoc creator/3.0/psoc creator/import/gnu_cs/arm/4.7.3/bin/../lib/gcc/arm-none-eabi/4.7.3/../../../../arm-none-eabi/lib/armv7-m\libm.a(lib_a-e_rem_pio2.o)
                0x00005808                __ieee754_rem_pio2
 .text.__ieee754_sqrt
                0x00005c70      0x208 c:/program files (x86)/cypress/psoc creator/3.0/psoc creator/import/gnu_cs/arm/4.7.3/bin/../lib/gcc/arm-none-eabi/4.7.3/../../../../arm-none-eabi/lib/armv7-m\libm.a(lib_a-e_sqrt.o)
                0x00005c70                __ieee754_sqrt
 .text.__kernel_cos
                0x00005e78      0x258 c:/program files (x86)/cypress/psoc creator/3.0/psoc creator/import/gnu_cs/arm/4.7.3/bin/../lib/gcc/arm-none-eabi/4.7.3/../../../../arm-none-eabi/lib/armv7-m\libm.a(lib_a-k_cos.o)
                0x00005e78                __kernel_cos
 .text.__kernel_rem_pio2
                0x000060d0      0xdfc c:/program files (x86)/cypress/psoc creator/3.0/psoc creator/import/gnu_cs/arm/4.7.3/bin/../lib/gcc/arm-none-eabi/4.7.3/../../../../arm-none-eabi/lib/armv7-m\libm.a(lib_a-k_rem_pio2.o)
                0x000060d0                __kernel_rem_pio2
 *fill*         0x00006ecc        0x4 00
 .text.__kernel_sin
                0x00006ed0      0x170 c:/program files (x86)/cypress/psoc creator/3.0/psoc creator/import/gnu_cs/arm/4.7.3/bin/../lib/gcc/arm-none-eabi/4.7.3/../../../../arm-none-eabi/lib/armv7-m\libm.a(lib_a-k_sin.o)
                0x00006ed0                __kernel_sin
 .text.finite   0x00007040        0xc c:/program files (x86)/cypress/psoc creator/3.0/psoc creator/import/gnu_cs/arm/4.7.3/bin/../lib/gcc/arm-none-eabi/4.7.3/../../../../arm-none-eabi/lib/armv7-m\libm.a(lib_a-s_finite.o)
                0x00007040                finite
 *fill*         0x0000704c        0x4 00
 .text.floor    0x00007050      0x110 c:/program files (x86)/cypress/psoc creator/3.0/psoc creator/import/gnu_cs/arm/4.7.3/bin/../lib/gcc/arm-none-eabi/4.7.3/../../../../arm-none-eabi/lib/armv7-m\libm.a(lib_a-s_floor.o)
                0x00007050                floor
 .text.__fpclassifyd
                0x00007160       0x68 c:/program files (x86)/cypress/psoc creator/3.0/psoc creator/import/gnu_cs/arm/4.7.3/bin/../lib/gcc/arm-none-eabi/4.7.3/../../../../arm-none-eabi/lib/armv7-m\libm.a(lib_a-s_fpclassify.o)
                0x00007160                __fpclassifyd
 .text.matherr  0x000071c8        0x4 c:/program files (x86)/cypress/psoc creator/3.0/psoc creator/import/gnu_cs/arm/4.7.3/bin/../lib/gcc/arm-none-eabi/4.7.3/../../../../arm-none-eabi/lib/armv7-m\libm.a(lib_a-s_matherr.o)
                0x000071c8                matherr
 .text.nan      0x000071cc        0xc c:/program files (x86)/cypress/psoc creator/3.0/psoc creator/import/gnu_cs/arm/4.7.3/bin/../lib/gcc/arm-none-eabi/4.7.3/../../../../arm-none-eabi/lib/armv7-m\libm.a(lib_a-s_nan.o)
                0x000071cc                nan
 .text.rint     0x000071d8      0x128 c:/program files (x86)/cypress/psoc creator/3.0/psoc creator/import/gnu_cs/arm/4.7.3/bin/../lib/gcc/arm-none-eabi/4.7.3/../../../../arm-none-eabi/lib/armv7-m\libm.a(lib_a-s_rint.o)
                0x000071d8                rint
 .text.scalbn   0x00007300      0x108 c:/program files (x86)/cypress/psoc creator/3.0/psoc creator/import/gnu_cs/arm/4.7.3/bin/../lib/gcc/arm-none-eabi/4.7.3/../../../../arm-none-eabi/lib/armv7-m\libm.a(lib_a-s_scalbn.o)
                0x00007300                scalbn
 .text.copysign
                0x00007408       0x18 c:/program files (x86)/cypress/psoc creator/3.0/psoc creator/import/gnu_cs/arm/4.7.3/bin/../lib/gcc/arm-none-eabi/4.7.3/../../../../arm-none-eabi/lib/armv7-m\libm.a(lib_a-s_copysign.o)
                0x00007408                copysign
 .text          0x00007420      0x370 c:/program files (x86)/cypress/psoc creator/3.0/psoc creator/import/gnu_cs/arm/4.7.3/bin/../lib/gcc/arm-none-eabi/4.7.3/armv7-m\libgcc.a(_arm_addsubdf3.o)
                0x00007420                __aeabi_drsub
                0x00007428                __aeabi_dsub
                0x00007428                __subdf3
                0x0000742c                __aeabi_dadd
                0x0000742c                __adddf3
                0x000076a4                __floatunsidf
                0x000076a4                __aeabi_ui2d
                0x000076c4                __floatsidf
                0x000076c4                __aeabi_i2d
                0x000076e8                __aeabi_f2d
                0x000076e8                __extendsfdf2
                0x00007724                __floatundidf
                0x00007724                __aeabi_ul2d
                0x00007734                __floatdidf
                0x00007734                __aeabi_l2d
 .text          0x00007790      0x424 c:/program files (x86)/cypress/psoc creator/3.0/psoc creator/import/gnu_cs/arm/4.7.3/bin/../lib/gcc/arm-none-eabi/4.7.3/armv7-m\libgcc.a(_arm_muldivdf3.o)
                0x00007790                __aeabi_dmul
                0x00007790                __muldf3
                0x000079e4                __divdf3
                0x000079e4                __aeabi_ddiv
 .text          0x00007bb4      0x110 c:/program files (x86)/cypress/psoc creator/3.0/psoc creator/import/gnu_cs/arm/4.7.3/bin/../lib/gcc/arm-none-eabi/4.7.3/armv7-m\libgcc.a(_arm_cmpdf2.o)
                0x00007bb4                __gtdf2
                0x00007bb4                __gedf2
                0x00007bbc                __ltdf2
                0x00007bbc                __ledf2
                0x00007bc4                __nedf2
                0x00007bc4                __eqdf2
                0x00007bc4                __cmpdf2
                0x00007c40                __aeabi_cdrcmple
                0x00007c50                __aeabi_cdcmpeq
                0x00007c50                __aeabi_cdcmple
                0x00007c60                __aeabi_dcmpeq
                0x00007c74                __aeabi_dcmplt
                0x00007c88                __aeabi_dcmple
                0x00007c9c                __aeabi_dcmpge
                0x00007cb0                __aeabi_dcmpgt
 .text          0x00007cc4       0x50 c:/program files (x86)/cypress/psoc creator/3.0/psoc creator/import/gnu_cs/arm/4.7.3/bin/../lib/gcc/arm-none-eabi/4.7.3/armv7-m\libgcc.a(_arm_fixdfsi.o)
                0x00007cc4                __aeabi_d2iz
                0x00007cc4                __fixdfsi
 .text          0x00007d14       0x40 c:/program files (x86)/cypress/psoc creator/3.0/psoc creator/import/gnu_cs/arm/4.7.3/bin/../lib/gcc/arm-none-eabi/4.7.3/armv7-m\libgcc.a(_arm_fixunsdfsi.o)
                0x00007d14                __aeabi_d2uiz
                0x00007d14                __fixunsdfsi
 .text          0x00007d54       0xa0 c:/program files (x86)/cypress/psoc creator/3.0/psoc creator/import/gnu_cs/arm/4.7.3/bin/../lib/gcc/arm-none-eabi/4.7.3/armv7-m\libgcc.a(_arm_truncdfsf2.o)
                0x00007d54                __truncdfsf2
                0x00007d54                __aeabi_d2f
 .text          0x00007df4      0x21c c:/program files (x86)/cypress/psoc creator/3.0/psoc creator/import/gnu_cs/arm/4.7.3/bin/../lib/gcc/arm-none-eabi/4.7.3/armv7-m\libgcc.a(_arm_addsubsf3.o)
                0x00007df4                __aeabi_frsub
                0x00007dfc                __subsf3
                0x00007dfc                __aeabi_fsub
                0x00007e00                __aeabi_fadd
                0x00007e00                __addsf3
                0x00007f60                __aeabi_ui2f
                0x00007f60                __floatunsisf
                0x00007f68                __aeabi_i2f
                0x00007f68                __floatsisf
                0x00007f84                __aeabi_ul2f
                0x00007f84                __floatundisf
                0x00007f94                __aeabi_l2f
                0x00007f94                __floatdisf
 .text          0x00008010      0x2a0 c:/program files (x86)/cypress/psoc creator/3.0/psoc creator/import/gnu_cs/arm/4.7.3/bin/../lib/gcc/arm-none-eabi/4.7.3/armv7-m\libgcc.a(_arm_muldivsf3.o)
                0x00008010                __mulsf3
                0x00008010                __aeabi_fmul
                0x00008178                __aeabi_fdiv
                0x00008178                __divsf3
 .text          0x000082b0       0xec c:/program files (x86)/cypress/psoc creator/3.0/psoc creator/import/gnu_cs/arm/4.7.3/bin/../lib/gcc/arm-none-eabi/4.7.3/armv7-m\libgcc.a(_arm_cmpsf2.o)
                0x000082b0                __gesf2
                0x000082b0                __gtsf2
                0x000082b8                __lesf2
                0x000082b8                __ltsf2
                0x000082c0                __nesf2
                0x000082c0                __eqsf2
                0x000082c0                __cmpsf2
                0x00008320                __aeabi_cfrcmple
                0x00008328                __aeabi_cfcmpeq
                0x00008328                __aeabi_cfcmple
                0x00008338                __aeabi_fcmpeq
                0x0000834c                __aeabi_fcmplt
                0x00008360                __aeabi_fcmple
                0x00008374                __aeabi_fcmpge
                0x00008388                __aeabi_fcmpgt
 .text          0x0000839c       0x4c c:/program files (x86)/cypress/psoc creator/3.0/psoc creator/import/gnu_cs/arm/4.7.3/bin/../lib/gcc/arm-none-eabi/4.7.3/armv7-m\libgcc.a(_arm_fixsfsi.o)
                0x0000839c                __aeabi_f2iz
                0x0000839c                __fixsfsi
 .text          0x000083e8       0x40 c:/program files (x86)/cypress/psoc creator/3.0/psoc creator/import/gnu_cs/arm/4.7.3/bin/../lib/gcc/arm-none-eabi/4.7.3/armv7-m\libgcc.a(_arm_fixunssfsi.o)
                0x000083e8                __fixunssfsi
                0x000083e8                __aeabi_f2uiz
 .text.__errno  0x00008428        0xc c:/program files (x86)/cypress/psoc creator/3.0/psoc creator/import/gnu_cs/arm/4.7.3/bin/../lib/gcc/arm-none-eabi/4.7.3/../../../../arm-none-eabi/lib/armv7-m\libc_s.a(lib_a-errno.o)
                0x00008428                __errno
 .text.__libc_init_array
                0x00008434       0x4c c:/program files (x86)/cypress/psoc creator/3.0/psoc creator/import/gnu_cs/arm/4.7.3/bin/../lib/gcc/arm-none-eabi/4.7.3/../../../../arm-none-eabi/lib/armv7-m\libc_s.a(lib_a-init.o)
                0x00008434                __libc_init_array
 .text.memcpy   0x00008480       0x12 c:/program files (x86)/cypress/psoc creator/3.0/psoc creator/import/gnu_cs/arm/4.7.3/bin/../lib/gcc/arm-none-eabi/4.7.3/../../../../arm-none-eabi/lib/armv7-m\libc_s.a(lib_a-memcpy.o)
                0x00008480                memcpy
 .text.memset   0x00008492       0x10 c:/program files (x86)/cypress/psoc creator/3.0/psoc creator/import/gnu_cs/arm/4.7.3/bin/../lib/gcc/arm-none-eabi/4.7.3/../../../../arm-none-eabi/lib/armv7-m\libc_s.a(lib_a-memset.o)
                0x00008492                memset
 *fill*         0x000084a2        0x2 00
 .text.sscanf   0x000084a4       0x54 c:/program files (x86)/cypress/psoc creator/3.0/psoc creator/import/gnu_cs/arm/4.7.3/bin/../lib/gcc/arm-none-eabi/4.7.3/../../../../arm-none-eabi/lib/armv7-m\libc_s.a(lib_a-sscanf.o)
                0x000084a4                siscanf
                0x000084a4                sscanf
 .text.__seofread
                0x000084f8        0x4 c:/program files (x86)/cypress/psoc creator/3.0/psoc creator/import/gnu_cs/arm/4.7.3/bin/../lib/gcc/arm-none-eabi/4.7.3/../../../../arm-none-eabi/lib/armv7-m\libc_s.a(lib_a-stdio.o)
                0x000084f8                __seofread
 .text.strchr   0x000084fc       0x1a c:/program files (x86)/cypress/psoc creator/3.0/psoc creator/import/gnu_cs/arm/4.7.3/bin/../lib/gcc/arm-none-eabi/4.7.3/../../../../arm-none-eabi/lib/armv7-m\libc_s.a(lib_a-strchr.o)
                0x000084fc                strchr
 .text.strlen   0x00008516       0x10 c:/program files (x86)/cypress/psoc creator/3.0/psoc creator/import/gnu_cs/arm/4.7.3/bin/../lib/gcc/arm-none-eabi/4.7.3/../../../../arm-none-eabi/lib/armv7-m\libc_s.a(lib_a-strlen.o)
                0x00008516                strlen
 .text._sungetc_r
                0x00008526       0x7a c:/program files (x86)/cypress/psoc creator/3.0/psoc creator/import/gnu_cs/arm/4.7.3/bin/../lib/gcc/arm-none-eabi/4.7.3/../../../../arm-none-eabi/lib/armv7-m\libc_s.a(lib_a-svfscanf.o)
                0x00008526                _sungetc_r
 .text.__ssrefill_r
                0x000085a0       0x3a c:/program files (x86)/cypress/psoc creator/3.0/psoc creator/import/gnu_cs/arm/4.7.3/bin/../lib/gcc/arm-none-eabi/4.7.3/../../../../arm-none-eabi/lib/armv7-m\libc_s.a(lib_a-svfscanf.o)
                0x000085a0                __ssrefill_r
 *fill*         0x000085da        0x2 00
 .text.__ssvfscanf_r
                0x000085dc      0x2d0 c:/program files (x86)/cypress/psoc creator/3.0/psoc creator/import/gnu_cs/arm/4.7.3/bin/../lib/gcc/arm-none-eabi/4.7.3/../../../../arm-none-eabi/lib/armv7-m\libc_s.a(lib_a-svfscanf.o)
                0x000085dc                __ssvfiscanf_r
                0x000085dc                __ssvfscanf_r
 .text.__submore
                0x000088ac       0x76 c:/program files (x86)/cypress/psoc creator/3.0/psoc creator/import/gnu_cs/arm/4.7.3/bin/../lib/gcc/arm-none-eabi/4.7.3/../../../../arm-none-eabi/lib/armv7-m\libc_s.a(lib_a-ungetc.o)
                0x000088ac                __submore
 *fill*         0x00008922        0x2 00
 .text._scanf_float
                0x00008924      0x3b8 c:/program files (x86)/cypress/psoc creator/3.0/psoc creator/import/gnu_cs/arm/4.7.3/bin/../lib/gcc/arm-none-eabi/4.7.3/../../../../arm-none-eabi/lib/armv7-m\libc_s.a(lib_a-vfscanf_float.o)
                0x00008924                _scanf_float
 .text._scanf_chars
                0x00008cdc       0xcc c:/program files (x86)/cypress/psoc creator/3.0/psoc creator/import/gnu_cs/arm/4.7.3/bin/../lib/gcc/arm-none-eabi/4.7.3/../../../../arm-none-eabi/lib/armv7-m\libc_s.a(lib_a-vfscanf_i.o)
                0x00008cdc                _scanf_chars
 .text._scanf_i
                0x00008da8      0x1e4 c:/program files (x86)/cypress/psoc creator/3.0/psoc creator/import/gnu_cs/arm/4.7.3/bin/../lib/gcc/arm-none-eabi/4.7.3/../../../../arm-none-eabi/lib/armv7-m\libc_s.a(lib_a-vfscanf_i.o)
                0x00008da8                _scanf_i
 .text.__sfp_lock_acquire
                0x00008f8c        0x2 c:/program files (x86)/cypress/psoc creator/3.0/psoc creator/import/gnu_cs/arm/4.7.3/bin/../lib/gcc/arm-none-eabi/4.7.3/../../../../arm-none-eabi/lib/armv7-m\libc_s.a(lib_a-findfp.o)
                0x00008f8c                __sfp_lock_acquire
 .text.__sfp_lock_release
                0x00008f8e        0x2 c:/program files (x86)/cypress/psoc creator/3.0/psoc creator/import/gnu_cs/arm/4.7.3/bin/../lib/gcc/arm-none-eabi/4.7.3/../../../../arm-none-eabi/lib/armv7-m\libc_s.a(lib_a-findfp.o)
                0x00008f8e                __sfp_lock_release
 .text._free_r  0x00008f90       0x88 c:/program files (x86)/cypress/psoc creator/3.0/psoc creator/import/gnu_cs/arm/4.7.3/bin/../lib/gcc/arm-none-eabi/4.7.3/../../../../arm-none-eabi/lib/armv7-m\libc_s.a(lib_a-freer.o)
                0x00008f90                _free_r
 .text._malloc_r
                0x00009018       0x94 c:/program files (x86)/cypress/psoc creator/3.0/psoc creator/import/gnu_cs/arm/4.7.3/bin/../lib/gcc/arm-none-eabi/4.7.3/../../../../arm-none-eabi/lib/armv7-m\libc_s.a(lib_a-mallocr.o)
                0x00009018                _malloc_r
 .text.memchr   0x000090ac       0x1c c:/program files (x86)/cypress/psoc creator/3.0/psoc creator/import/gnu_cs/arm/4.7.3/bin/../lib/gcc/arm-none-eabi/4.7.3/../../../../arm-none-eabi/lib/armv7-m\libc_s.a(lib_a-memchr.o)
                0x000090ac                memchr
 .text._realloc_r
                0x000090c8       0x48 c:/program files (x86)/cypress/psoc creator/3.0/psoc creator/import/gnu_cs/arm/4.7.3/bin/../lib/gcc/arm-none-eabi/4.7.3/../../../../arm-none-eabi/lib/armv7-m\libc_s.a(lib_a-reallocr.o)
                0x000090c8                _realloc_r
 .text._sbrk_r  0x00009110       0x20 c:/program files (x86)/cypress/psoc creator/3.0/psoc creator/import/gnu_cs/arm/4.7.3/bin/../lib/gcc/arm-none-eabi/4.7.3/../../../../arm-none-eabi/lib/armv7-m\libc_s.a(lib_a-sbrkr.o)
                0x00009110                _sbrk_r
 .text.__sccl   0x00009130       0x60 c:/program files (x86)/cypress/psoc creator/3.0/psoc creator/import/gnu_cs/arm/4.7.3/bin/../lib/gcc/arm-none-eabi/4.7.3/../../../../arm-none-eabi/lib/armv7-m\libc_s.a(lib_a-sccl.o)
                0x00009130                __sccl
 .text.nanf     0x00009190        0x8 c:/program files (x86)/cypress/psoc creator/3.0/psoc creator/import/gnu_cs/arm/4.7.3/bin/../lib/gcc/arm-none-eabi/4.7.3/../../../../arm-none-eabi/lib/armv7-m\libc_s.a(lib_a-sf_nan.o)
                0x00009190                nanf
 .text.sprintf  0x00009198       0x48 c:/program files (x86)/cypress/psoc creator/3.0/psoc creator/import/gnu_cs/arm/4.7.3/bin/../lib/gcc/arm-none-eabi/4.7.3/../../../../arm-none-eabi/lib/armv7-m\libc_s.a(lib_a-sprintf.o)
                0x00009198                siprintf
                0x00009198                sprintf
 .text.match    0x000091e0       0x2a c:/program files (x86)/cypress/psoc creator/3.0/psoc creator/import/gnu_cs/arm/4.7.3/bin/../lib/gcc/arm-none-eabi/4.7.3/../../../../arm-none-eabi/lib/armv7-m\libc_s.a(lib_a-strtod.o)
 *fill*         0x0000920a        0x6 00
 .text._strtod_r
                0x00009210      0xb20 c:/program files (x86)/cypress/psoc creator/3.0/psoc creator/import/gnu_cs/arm/4.7.3/bin/../lib/gcc/arm-none-eabi/4.7.3/../../../../arm-none-eabi/lib/armv7-m\libc_s.a(lib_a-strtod.o)
                0x00009210                _strtod_r
 .text._strtol_r
                0x00009d30      0x10c c:/program files (x86)/cypress/psoc creator/3.0/psoc creator/import/gnu_cs/arm/4.7.3/bin/../lib/gcc/arm-none-eabi/4.7.3/../../../../arm-none-eabi/lib/armv7-m\libc_s.a(lib_a-strtol.o)
                0x00009d30                _strtol_r
 .text._strtoul_r
                0x00009e3c       0xfc c:/program files (x86)/cypress/psoc creator/3.0/psoc creator/import/gnu_cs/arm/4.7.3/bin/../lib/gcc/arm-none-eabi/4.7.3/../../../../arm-none-eabi/lib/armv7-m\libc_s.a(lib_a-strtoul.o)
                0x00009e3c                _strtoul_r
 .text.__ssputc_r
                0x00009f38       0xae c:/program files (x86)/cypress/psoc creator/3.0/psoc creator/import/gnu_cs/arm/4.7.3/bin/../lib/gcc/arm-none-eabi/4.7.3/../../../../arm-none-eabi/lib/armv7-m\libc_s.a(lib_a-svfprintf.o)
                0x00009f38                __ssputc_r
 *fill*         0x00009fe6        0x2 00
 .text._svfprintf_r
                0x00009fe8      0x1f4 c:/program files (x86)/cypress/psoc creator/3.0/psoc creator/import/gnu_cs/arm/4.7.3/bin/../lib/gcc/arm-none-eabi/4.7.3/../../../../arm-none-eabi/lib/armv7-m\libc_s.a(lib_a-svfprintf.o)
                0x00009fe8                _svfiprintf_r
                0x00009fe8                _svfprintf_r
 .text._printf_common
                0x0000a1dc       0xde c:/program files (x86)/cypress/psoc creator/3.0/psoc creator/import/gnu_cs/arm/4.7.3/bin/../lib/gcc/arm-none-eabi/4.7.3/../../../../arm-none-eabi/lib/armv7-m\libc_s.a(lib_a-vfprintf_i.o)
                0x0000a1dc                _printf_common
 *fill*         0x0000a2ba        0x2 00
 .text._printf_i
                0x0000a2bc      0x248 c:/program files (x86)/cypress/psoc creator/3.0/psoc creator/import/gnu_cs/arm/4.7.3/bin/../lib/gcc/arm-none-eabi/4.7.3/../../../../arm-none-eabi/lib/armv7-m\libc_s.a(lib_a-vfprintf_i.o)
                0x0000a2bc                _printf_i
 .text.rshift   0x0000a504       0x72 c:/program files (x86)/cypress/psoc creator/3.0/psoc creator/import/gnu_cs/arm/4.7.3/bin/../lib/gcc/arm-none-eabi/4.7.3/../../../../arm-none-eabi/lib/armv7-m\libc_s.a(lib_a-gdtoa-gethex.o)
 *fill*         0x0000a576        0x2 00
 .text.htinit.constprop.0
                0x0000a578       0x18 c:/program files (x86)/cypress/psoc creator/3.0/psoc creator/import/gnu_cs/arm/4.7.3/bin/../lib/gcc/arm-none-eabi/4.7.3/../../../../arm-none-eabi/lib/armv7-m\libc_s.a(lib_a-gdtoa-gethex.o)
 .text.__hexdig_init
                0x0000a590       0x2c c:/program files (x86)/cypress/psoc creator/3.0/psoc creator/import/gnu_cs/arm/4.7.3/bin/../lib/gcc/arm-none-eabi/4.7.3/../../../../arm-none-eabi/lib/armv7-m\libc_s.a(lib_a-gdtoa-gethex.o)
                0x0000a590                __hexdig_init
 .text.__gethex
                0x0000a5bc      0x474 c:/program files (x86)/cypress/psoc creator/3.0/psoc creator/import/gnu_cs/arm/4.7.3/bin/../lib/gcc/arm-none-eabi/4.7.3/../../../../arm-none-eabi/lib/armv7-m\libc_s.a(lib_a-gdtoa-gethex.o)
                0x0000a5bc                __gethex
 .text.L_shift  0x0000aa30       0x28 c:/program files (x86)/cypress/psoc creator/3.0/psoc creator/import/gnu_cs/arm/4.7.3/bin/../lib/gcc/arm-none-eabi/4.7.3/../../../../arm-none-eabi/lib/armv7-m\libc_s.a(lib_a-gdtoa-hexnan.o)
 .text.__hexnan
                0x0000aa58      0x124 c:/program files (x86)/cypress/psoc creator/3.0/psoc creator/import/gnu_cs/arm/4.7.3/bin/../lib/gcc/arm-none-eabi/4.7.3/../../../../arm-none-eabi/lib/armv7-m\libc_s.a(lib_a-gdtoa-hexnan.o)
                0x0000aa58                __hexnan
 .text._localeconv_r
                0x0000ab7c        0x8 c:/program files (x86)/cypress/psoc creator/3.0/psoc creator/import/gnu_cs/arm/4.7.3/bin/../lib/gcc/arm-none-eabi/4.7.3/../../../../arm-none-eabi/lib/armv7-m\libc_s.a(lib_a-locale.o)
                0x0000ab7c                _localeconv_r
 .text._Balloc  0x0000ab84       0x6a c:/program files (x86)/cypress/psoc creator/3.0/psoc creator/import/gnu_cs/arm/4.7.3/bin/../lib/gcc/arm-none-eabi/4.7.3/../../../../arm-none-eabi/lib/armv7-m\libc_s.a(lib_a-mprec.o)
                0x0000ab84                _Balloc
 .text._Bfree   0x0000abee       0x2e c:/program files (x86)/cypress/psoc creator/3.0/psoc creator/import/gnu_cs/arm/4.7.3/bin/../lib/gcc/arm-none-eabi/4.7.3/../../../../arm-none-eabi/lib/armv7-m\libc_s.a(lib_a-mprec.o)
                0x0000abee                _Bfree
 .text.__multadd
                0x0000ac1c       0x78 c:/program files (x86)/cypress/psoc creator/3.0/psoc creator/import/gnu_cs/arm/4.7.3/bin/../lib/gcc/arm-none-eabi/4.7.3/../../../../arm-none-eabi/lib/armv7-m\libc_s.a(lib_a-mprec.o)
                0x0000ac1c                __multadd
 .text.__s2b    0x0000ac94       0x84 c:/program files (x86)/cypress/psoc creator/3.0/psoc creator/import/gnu_cs/arm/4.7.3/bin/../lib/gcc/arm-none-eabi/4.7.3/../../../../arm-none-eabi/lib/armv7-m\libc_s.a(lib_a-mprec.o)
                0x0000ac94                __s2b
 .text.__hi0bits
                0x0000ad18       0x3e c:/program files (x86)/cypress/psoc creator/3.0/psoc creator/import/gnu_cs/arm/4.7.3/bin/../lib/gcc/arm-none-eabi/4.7.3/../../../../arm-none-eabi/lib/armv7-m\libc_s.a(lib_a-mprec.o)
                0x0000ad18                __hi0bits
 .text.__lo0bits
                0x0000ad56       0x5a c:/program files (x86)/cypress/psoc creator/3.0/psoc creator/import/gnu_cs/arm/4.7.3/bin/../lib/gcc/arm-none-eabi/4.7.3/../../../../arm-none-eabi/lib/armv7-m\libc_s.a(lib_a-mprec.o)
                0x0000ad56                __lo0bits
 .text.__i2b    0x0000adb0       0x12 c:/program files (x86)/cypress/psoc creator/3.0/psoc creator/import/gnu_cs/arm/4.7.3/bin/../lib/gcc/arm-none-eabi/4.7.3/../../../../arm-none-eabi/lib/armv7-m\libc_s.a(lib_a-mprec.o)
                0x0000adb0                __i2b
 .text.__multiply
                0x0000adc2      0x122 c:/program files (x86)/cypress/psoc creator/3.0/psoc creator/import/gnu_cs/arm/4.7.3/bin/../lib/gcc/arm-none-eabi/4.7.3/../../../../arm-none-eabi/lib/armv7-m\libc_s.a(lib_a-mprec.o)
                0x0000adc2                __multiply
 .text.__pow5mult
                0x0000aee4       0xa4 c:/program files (x86)/cypress/psoc creator/3.0/psoc creator/import/gnu_cs/arm/4.7.3/bin/../lib/gcc/arm-none-eabi/4.7.3/../../../../arm-none-eabi/lib/armv7-m\libc_s.a(lib_a-mprec.o)
                0x0000aee4                __pow5mult
 .text.__lshift
                0x0000af88       0xa8 c:/program files (x86)/cypress/psoc creator/3.0/psoc creator/import/gnu_cs/arm/4.7.3/bin/../lib/gcc/arm-none-eabi/4.7.3/../../../../arm-none-eabi/lib/armv7-m\libc_s.a(lib_a-mprec.o)
                0x0000af88                __lshift
 .text.__mcmp   0x0000b030       0x3a c:/program files (x86)/cypress/psoc creator/3.0/psoc creator/import/gnu_cs/arm/4.7.3/bin/../lib/gcc/arm-none-eabi/4.7.3/../../../../arm-none-eabi/lib/armv7-m\libc_s.a(lib_a-mprec.o)
                0x0000b030                __mcmp
 .text.__mdiff  0x0000b06a       0xc4 c:/program files (x86)/cypress/psoc creator/3.0/psoc creator/import/gnu_cs/arm/4.7.3/bin/../lib/gcc/arm-none-eabi/4.7.3/../../../../arm-none-eabi/lib/armv7-m\libc_s.a(lib_a-mprec.o)
                0x0000b06a                __mdiff
 *fill*         0x0000b12e        0x2 00
 .text.__ulp    0x0000b130       0x40 c:/program files (x86)/cypress/psoc creator/3.0/psoc creator/import/gnu_cs/arm/4.7.3/bin/../lib/gcc/arm-none-eabi/4.7.3/../../../../arm-none-eabi/lib/armv7-m\libc_s.a(lib_a-mprec.o)
                0x0000b130                __ulp
 .text.__b2d    0x0000b170       0xa8 c:/program files (x86)/cypress/psoc creator/3.0/psoc creator/import/gnu_cs/arm/4.7.3/bin/../lib/gcc/arm-none-eabi/4.7.3/../../../../arm-none-eabi/lib/armv7-m\libc_s.a(lib_a-mprec.o)
                0x0000b170                __b2d
 .text.__d2b    0x0000b218       0xa8 c:/program files (x86)/cypress/psoc creator/3.0/psoc creator/import/gnu_cs/arm/4.7.3/bin/../lib/gcc/arm-none-eabi/4.7.3/../../../../arm-none-eabi/lib/armv7-m\libc_s.a(lib_a-mprec.o)
                0x0000b218                __d2b
 .text.__ratio  0x0000b2c0       0x4a c:/program files (x86)/cypress/psoc creator/3.0/psoc creator/import/gnu_cs/arm/4.7.3/bin/../lib/gcc/arm-none-eabi/4.7.3/../../../../arm-none-eabi/lib/armv7-m\libc_s.a(lib_a-mprec.o)
                0x0000b2c0                __ratio
 .text.__copybits
                0x0000b30a       0x32 c:/program files (x86)/cypress/psoc creator/3.0/psoc creator/import/gnu_cs/arm/4.7.3/bin/../lib/gcc/arm-none-eabi/4.7.3/../../../../arm-none-eabi/lib/armv7-m\libc_s.a(lib_a-mprec.o)
                0x0000b30a                __copybits
 .text.__any_on
                0x0000b33c       0x4c c:/program files (x86)/cypress/psoc creator/3.0/psoc creator/import/gnu_cs/arm/4.7.3/bin/../lib/gcc/arm-none-eabi/4.7.3/../../../../arm-none-eabi/lib/armv7-m\libc_s.a(lib_a-mprec.o)
                0x0000b33c                __any_on
 .text._malloc_usable_size_r
                0x0000b388       0x12 c:/program files (x86)/cypress/psoc creator/3.0/psoc creator/import/gnu_cs/arm/4.7.3/bin/../lib/gcc/arm-none-eabi/4.7.3/../../../../arm-none-eabi/lib/armv7-m\libc_s.a(lib_a-msizer.o)
                0x0000b388                _malloc_usable_size_r
 .text.strncmp  0x0000b39a       0x2e c:/program files (x86)/cypress/psoc creator/3.0/psoc creator/import/gnu_cs/arm/4.7.3/bin/../lib/gcc/arm-none-eabi/4.7.3/../../../../arm-none-eabi/lib/armv7-m\libc_s.a(lib_a-strncmp.o)
                0x0000b39a                strncmp
 .text._calloc_r
                0x0000b3c8       0x1c c:/program files (x86)/cypress/psoc creator/3.0/psoc creator/import/gnu_cs/arm/4.7.3/bin/../lib/gcc/arm-none-eabi/4.7.3/../../../../arm-none-eabi/lib/armv7-m\libc_s.a(lib_a-callocr.o)
                0x0000b3c8                _calloc_r
 .text.malloc   0x0000b3e4       0x10 c:/program files (x86)/cypress/psoc creator/3.0/psoc creator/import/gnu_cs/arm/4.7.3/bin/../lib/gcc/arm-none-eabi/4.7.3/../../../../arm-none-eabi/lib/armv7-m\libc_s.a(lib_a-malloc.o)
                0x0000b3e4                malloc
 .text._sbrk    0x0000b3f4       0x34 c:/program files (x86)/cypress/psoc creator/3.0/psoc creator/import/gnu_cs/arm/4.7.3/bin/../lib/gcc/arm-none-eabi/4.7.3/../../../../arm-none-eabi/lib/armv7-m\libnosys.a(sbrk.o)
                0x0000b3f4                _sbrk
 *(.plt)
 *(.gnu.warning)
 *(.glue_7t)
 .glue_7t       0x00000000        0x0 linker stubs
 *(.glue_7)
 .glue_7        0x00000000        0x0 linker stubs
 *(.vfp11_veneer)
 .vfp11_veneer  0x00000000        0x0 linker stubs
 *(.bootloader)
 *(.ARM.extab* .gnu.linkonce.armextab.*)
 *(.gcc_except_table)

.v4_bx          0x0000b428        0x0
 .v4_bx         0x00000000        0x0 linker stubs

.iplt           0x0000b428        0x0
 .iplt          0x00000000        0x0 c:/program files (x86)/cypress/psoc creator/3.0/psoc creator/import/gnu_cs/arm/4.7.3/bin/../lib/gcc/arm-none-eabi/4.7.3/armv7-m/crtbegin.o

.eh_frame_hdr
 *(.eh_frame_hdr)

.eh_frame       0x0000b428        0x4
 *(.eh_frame)
 .eh_frame      0x0000b428        0x0 c:/program files (x86)/cypress/psoc creator/3.0/psoc creator/import/gnu_cs/arm/4.7.3/bin/../lib/gcc/arm-none-eabi/4.7.3/armv7-m/crtbegin.o
 .eh_frame      0x0000b428        0x4 c:/program files (x86)/cypress/psoc creator/3.0/psoc creator/import/gnu_cs/arm/4.7.3/bin/../lib/gcc/arm-none-eabi/4.7.3/armv7-m/crtend.o
                0x0000b42c                PROVIDE (__exidx_start, .)

.ARM.exidx
 *(.ARM.exidx* .gnu.linkonce.armexidx.*)
                0x0000b42c                __exidx_end = .

.rodata         0x0000b430      0x760
 *(.rodata .rodata.* .gnu.linkonce.r.*)
 .rodata        0x0000b430      0x134 .\CortexM3\ARM_GCC_473\Debug\main.o
 .rodata        0x0000b564       0x78 .\CortexM3\ARM_GCC_473\Debug\airmartest.a(cyfitter_cfg.o)
                0x0000b564                AMux_CYAMUXSIDE_A__addrTable
                0x0000b574                AMux_CYAMUXSIDE_A__maskTable
                0x0000b578                AMux_CYAMUXSIDE_B__addrTable
                0x0000b588                AMux_CYAMUXSIDE_B__maskTable
 *fill*         0x0000b5dc        0x4 00
 .rodata.atanlo
                0x0000b5e0       0x20 c:/program files (x86)/cypress/psoc creator/3.0/psoc creator/import/gnu_cs/arm/4.7.3/bin/../lib/gcc/arm-none-eabi/4.7.3/../../../../arm-none-eabi/lib/armv7-m\libm.a(lib_a-s_atan.o)
 .rodata.atanhi
                0x0000b600       0x20 c:/program files (x86)/cypress/psoc creator/3.0/psoc creator/import/gnu_cs/arm/4.7.3/bin/../lib/gcc/arm-none-eabi/4.7.3/../../../../arm-none-eabi/lib/armv7-m\libm.a(lib_a-s_atan.o)
 .rodata.str1.4
                0x0000b620        0x4 c:/program files (x86)/cypress/psoc creator/3.0/psoc creator/import/gnu_cs/arm/4.7.3/bin/../lib/gcc/arm-none-eabi/4.7.3/../../../../arm-none-eabi/lib/armv7-m\libm.a(lib_a-w_pow.o)
 .rodata.str1.4
                0x0000b624        0x5 c:/program files (x86)/cypress/psoc creator/3.0/psoc creator/import/gnu_cs/arm/4.7.3/bin/../lib/gcc/arm-none-eabi/4.7.3/../../../../arm-none-eabi/lib/armv7-m\libm.a(lib_a-w_sqrt.o)
                                  0x8 (size before relaxing)
 *fill*         0x0000b629        0x7 00
 .rodata.dp_h   0x0000b630       0x10 c:/program files (x86)/cypress/psoc creator/3.0/psoc creator/import/gnu_cs/arm/4.7.3/bin/../lib/gcc/arm-none-eabi/4.7.3/../../../../arm-none-eabi/lib/armv7-m\libm.a(lib_a-e_pow.o)
 .rodata.dp_l   0x0000b640       0x10 c:/program files (x86)/cypress/psoc creator/3.0/psoc creator/import/gnu_cs/arm/4.7.3/bin/../lib/gcc/arm-none-eabi/4.7.3/../../../../arm-none-eabi/lib/armv7-m\libm.a(lib_a-e_pow.o)
 .rodata.bp     0x0000b650       0x10 c:/program files (x86)/cypress/psoc creator/3.0/psoc creator/import/gnu_cs/arm/4.7.3/bin/../lib/gcc/arm-none-eabi/4.7.3/../../../../arm-none-eabi/lib/armv7-m\libm.a(lib_a-e_pow.o)
 .rodata.str1.4
                0x00000000        0x8 c:/program files (x86)/cypress/psoc creator/3.0/psoc creator/import/gnu_cs/arm/4.7.3/bin/../lib/gcc/arm-none-eabi/4.7.3/../../../../arm-none-eabi/lib/armv7-m\libm.a(lib_a-e_pow.o)
                                  0x4 (size before relaxing)
 .rodata.npio2_hw
                0x0000b660       0x80 c:/program files (x86)/cypress/psoc creator/3.0/psoc creator/import/gnu_cs/arm/4.7.3/bin/../lib/gcc/arm-none-eabi/4.7.3/../../../../arm-none-eabi/lib/armv7-m\libm.a(lib_a-e_rem_pio2.o)
 .rodata.two_over_pi
                0x0000b6e0      0x108 c:/program files (x86)/cypress/psoc creator/3.0/psoc creator/import/gnu_cs/arm/4.7.3/bin/../lib/gcc/arm-none-eabi/4.7.3/../../../../arm-none-eabi/lib/armv7-m\libm.a(lib_a-e_rem_pio2.o)
 .rodata.init_jk
                0x0000b7e8       0x10 c:/program files (x86)/cypress/psoc creator/3.0/psoc creator/import/gnu_cs/arm/4.7.3/bin/../lib/gcc/arm-none-eabi/4.7.3/../../../../arm-none-eabi/lib/armv7-m\libm.a(lib_a-k_rem_pio2.o)
 .rodata.PIo2   0x0000b7f8       0x40 c:/program files (x86)/cypress/psoc creator/3.0/psoc creator/import/gnu_cs/arm/4.7.3/bin/../lib/gcc/arm-none-eabi/4.7.3/../../../../arm-none-eabi/lib/armv7-m\libm.a(lib_a-k_rem_pio2.o)
 .rodata.TWO52  0x0000b838       0x10 c:/program files (x86)/cypress/psoc creator/3.0/psoc creator/import/gnu_cs/arm/4.7.3/bin/../lib/gcc/arm-none-eabi/4.7.3/../../../../arm-none-eabi/lib/armv7-m\libm.a(lib_a-s_rint.o)
 .rodata.str1.1
                0x0000b848        0x2 c:/program files (x86)/cypress/psoc creator/3.0/psoc creator/import/gnu_cs/arm/4.7.3/bin/../lib/gcc/arm-none-eabi/4.7.3/../../../../arm-none-eabi/lib/armv7-m\libc_s.a(lib_a-impure.o)
 .rodata.str1.1
                0x0000b84a        0x5 c:/program files (x86)/cypress/psoc creator/3.0/psoc creator/import/gnu_cs/arm/4.7.3/bin/../lib/gcc/arm-none-eabi/4.7.3/../../../../arm-none-eabi/lib/armv7-m\libc_s.a(lib_a-vfscanf_float.o)
 *fill*         0x0000b84f        0x1 00
 .rodata        0x0000b850        0xc c:/program files (x86)/cypress/psoc creator/3.0/psoc creator/import/gnu_cs/arm/4.7.3/bin/../lib/gcc/arm-none-eabi/4.7.3/../../../../arm-none-eabi/lib/armv7-m\libc_s.a(lib_a-vfscanf_i.o)
 .rodata.str1.1
                0x0000b85c       0x1b c:/program files (x86)/cypress/psoc creator/3.0/psoc creator/import/gnu_cs/arm/4.7.3/bin/../lib/gcc/arm-none-eabi/4.7.3/../../../../arm-none-eabi/lib/armv7-m\libc_s.a(lib_a-vfscanf_i.o)
 .rodata._ctype_
                0x0000b877      0x101 c:/program files (x86)/cypress/psoc creator/3.0/psoc creator/import/gnu_cs/arm/4.7.3/bin/../lib/gcc/arm-none-eabi/4.7.3/../../../../arm-none-eabi/lib/armv7-m\libc_s.a(lib_a-ctype_.o)
                0x0000b877                _ctype_
 .rodata.__sf_fake_stdin
                0x0000b978       0x20 c:/program files (x86)/cypress/psoc creator/3.0/psoc creator/import/gnu_cs/arm/4.7.3/bin/../lib/gcc/arm-none-eabi/4.7.3/../../../../arm-none-eabi/lib/armv7-m\libc_s.a(lib_a-findfp.o)
                0x0000b978                __sf_fake_stdin
 .rodata.__sf_fake_stdout
                0x0000b998       0x20 c:/program files (x86)/cypress/psoc creator/3.0/psoc creator/import/gnu_cs/arm/4.7.3/bin/../lib/gcc/arm-none-eabi/4.7.3/../../../../arm-none-eabi/lib/armv7-m\libc_s.a(lib_a-findfp.o)
                0x0000b998                __sf_fake_stdout
 .rodata.__sf_fake_stderr
                0x0000b9b8       0x20 c:/program files (x86)/cypress/psoc creator/3.0/psoc creator/import/gnu_cs/arm/4.7.3/bin/../lib/gcc/arm-none-eabi/4.7.3/../../../../arm-none-eabi/lib/armv7-m\libc_s.a(lib_a-findfp.o)
                0x0000b9b8                __sf_fake_stderr
 .rodata.str1.1
                0x0000b9d8        0xc c:/program files (x86)/cypress/psoc creator/3.0/psoc creator/import/gnu_cs/arm/4.7.3/bin/../lib/gcc/arm-none-eabi/4.7.3/../../../../arm-none-eabi/lib/armv7-m\libc_s.a(lib_a-strtod.o)
 *fill*         0x0000b9e4        0x4 00
 .rodata.tinytens
                0x0000b9e8       0x28 c:/program files (x86)/cypress/psoc creator/3.0/psoc creator/import/gnu_cs/arm/4.7.3/bin/../lib/gcc/arm-none-eabi/4.7.3/../../../../arm-none-eabi/lib/armv7-m\libc_s.a(lib_a-strtod.o)
 .rodata.str1.1
                0x0000ba10       0x11 c:/program files (x86)/cypress/psoc creator/3.0/psoc creator/import/gnu_cs/arm/4.7.3/bin/../lib/gcc/arm-none-eabi/4.7.3/../../../../arm-none-eabi/lib/armv7-m\libc_s.a(lib_a-svfprintf.o)
 .rodata.str1.1
                0x0000ba21       0x22 c:/program files (x86)/cypress/psoc creator/3.0/psoc creator/import/gnu_cs/arm/4.7.3/bin/../lib/gcc/arm-none-eabi/4.7.3/../../../../arm-none-eabi/lib/armv7-m\libc_s.a(lib_a-vfprintf_i.o)
 .rodata.str1.1
                0x0000ba43        0xb c:/program files (x86)/cypress/psoc creator/3.0/psoc creator/import/gnu_cs/arm/4.7.3/bin/../lib/gcc/arm-none-eabi/4.7.3/../../../../arm-none-eabi/lib/armv7-m\libc_s.a(lib_a-gdtoa-gethex.o)
                                 0x19 (size before relaxing)
 .rodata.str1.1
                0x0000ba4e        0x8 c:/program files (x86)/cypress/psoc creator/3.0/psoc creator/import/gnu_cs/arm/4.7.3/bin/../lib/gcc/arm-none-eabi/4.7.3/../../../../arm-none-eabi/lib/armv7-m\libc_s.a(lib_a-locale.o)
                                  0xb (size before relaxing)
 *fill*         0x0000ba56        0x2 00
 .rodata.__mprec_tens
                0x0000ba58       0xc8 c:/program files (x86)/cypress/psoc creator/3.0/psoc creator/import/gnu_cs/arm/4.7.3/bin/../lib/gcc/arm-none-eabi/4.7.3/../../../../arm-none-eabi/lib/armv7-m\libc_s.a(lib_a-mprec.o)
                0x0000ba58                __mprec_tens
 .rodata.p05.5252
                0x0000bb20        0xc c:/program files (x86)/cypress/psoc creator/3.0/psoc creator/import/gnu_cs/arm/4.7.3/bin/../lib/gcc/arm-none-eabi/4.7.3/../../../../arm-none-eabi/lib/armv7-m\libc_s.a(lib_a-mprec.o)
 *fill*         0x0000bb2c        0x4 00
 .rodata.__mprec_bigtens
                0x0000bb30       0x28 c:/program files (x86)/cypress/psoc creator/3.0/psoc creator/import/gnu_cs/arm/4.7.3/bin/../lib/gcc/arm-none-eabi/4.7.3/../../../../arm-none-eabi/lib/armv7-m\libc_s.a(lib_a-mprec.o)
                0x0000bb30                __mprec_bigtens
                0x0000bb58                . = ALIGN (0x4)
 *(.init)
 .init          0x0000bb58        0x4 c:/program files (x86)/cypress/psoc creator/3.0/psoc creator/import/gnu_cs/arm/4.7.3/bin/../lib/gcc/arm-none-eabi/4.7.3/armv7-m/crti.o
                0x0000bb58                _init
 .init          0x0000bb5c        0x8 c:/program files (x86)/cypress/psoc creator/3.0/psoc creator/import/gnu_cs/arm/4.7.3/bin/../lib/gcc/arm-none-eabi/4.7.3/armv7-m/crtn.o
                0x0000bb64                . = ALIGN (0x4)
                0x0000bb64                __preinit_array_start = .
 *(.preinit_array)
                0x0000bb64                __preinit_array_end = .
                0x0000bb64                . = ALIGN (0x4)
                0x0000bb64                __init_array_start = .
 *(SORT(.init_array.*))
 *(.init_array)
 .init_array    0x0000bb64        0x4 c:/program files (x86)/cypress/psoc creator/3.0/psoc creator/import/gnu_cs/arm/4.7.3/bin/../lib/gcc/arm-none-eabi/4.7.3/armv7-m/crtbegin.o
 .init_array    0x0000bb68        0x4 .\CortexM3\ARM_GCC_473\Debug\Cm3Start.o
                0x0000bb6c                __init_array_end = .
                0x0000bb6c                . = ALIGN (0x4)
 *(.fini)
 .fini          0x0000bb6c        0x4 c:/program files (x86)/cypress/psoc creator/3.0/psoc creator/import/gnu_cs/arm/4.7.3/bin/../lib/gcc/arm-none-eabi/4.7.3/armv7-m/crti.o
                0x0000bb6c                _fini
 .fini          0x0000bb70        0x8 c:/program files (x86)/cypress/psoc creator/3.0/psoc creator/import/gnu_cs/arm/4.7.3/bin/../lib/gcc/arm-none-eabi/4.7.3/armv7-m/crtn.o
                0x0000bb78                . = ALIGN (0x4)
                0x0000bb78                __fini_array_start = .
 *(.fini_array)
 .fini_array    0x0000bb78        0x4 c:/program files (x86)/cypress/psoc creator/3.0/psoc creator/import/gnu_cs/arm/4.7.3/bin/../lib/gcc/arm-none-eabi/4.7.3/armv7-m/crtbegin.o
 *(SORT(.fini_array.*))
                0x0000bb7c                __fini_array_end = .
                0x0000bb7c                . = ALIGN (0x4)
 *crtbegin.o(.ctors)
 *(EXCLUDE_FILE(*crtend.o) .ctors)
 *(SORT(.ctors.*))
 *crtend.o(.ctors)
                0x0000bb7c                . = ALIGN (0x4)
 *crtbegin.o(.dtors)
 *(EXCLUDE_FILE(*crtend.o) .dtors)
 *(SORT(.dtors.*))
 *crtend.o(.dtors)
                0x0000bb7c                . = ALIGN (0x4)
                0x0000bb7c                __cy_regions = .
                0x0000bb7c        0x4 LONG 0xbb90 __cy_region_init_ram
                0x0000bb80        0x4 LONG 0x1fff8108 __cy_region_start_data
                0x0000bb84        0x4 LONG 0xe8 __cy_region_init_size_ram
                0x0000bb88        0x4 LONG 0x5e8 __cy_region_zero_size_ram
                0x0000bb8c                __cy_regions_end = .
                0x0000bb90                . = ALIGN (0x8)
 *fill*         0x0000bb8c        0x4 00
                0x0000bb90                _etext = .

.ramvectors     0x1fff8000      0x100
                0x1fff8000                __cy_region_start_ram = .
 *(.ramvectors)
 .ramvectors    0x1fff8000      0x100 .\CortexM3\ARM_GCC_473\Debug\Cm3Start.o
                0x1fff8000                CyRamVectors

.noinit         0x1fff8100        0x5
 *(.noinit)
 .noinit        0x1fff8100        0x4 .\CortexM3\ARM_GCC_473\Debug\Cm3Start.o
 .noinit        0x1fff8104        0x1 .\CortexM3\ARM_GCC_473\Debug\airmartest.a(CyLib.o)
                0x1fff8104                CyResetStatus

.data           0x1fff8108       0xe8 load address 0x0000bb90
                0x1fff8108                __cy_region_start_data = .
 *(.jcr)
 .jcr           0x1fff8108        0x0 c:/program files (x86)/cypress/psoc creator/3.0/psoc creator/import/gnu_cs/arm/4.7.3/bin/../lib/gcc/arm-none-eabi/4.7.3/armv7-m/crtbegin.o
 .jcr           0x1fff8108        0x4 c:/program files (x86)/cypress/psoc creator/3.0/psoc creator/import/gnu_cs/arm/4.7.3/bin/../lib/gcc/arm-none-eabi/4.7.3/armv7-m/crtend.o
 *(.got.plt)
 *(.got)
 *(.shdata)
 *(.data .data.* .gnu.linkonce.d.*)
 .data          0x1fff810c       0x10 .\CortexM3\ARM_GCC_473\Debug\airmartest.a(CyLib.o)
                0x1fff810c                cydelay_freq_hz
                0x1fff8110                cydelay_freq_khz
                0x1fff8114                cydelay_freq_mhz
                0x1fff8118                cydelay_32k_ms
 .data          0x1fff811c        0x1 .\CortexM3\ARM_GCC_473\Debug\airmartest.a(ADC.o)
                0x1fff811c                ADC_Config
 .data          0x1fff811d        0x1 .\CortexM3\ARM_GCC_473\Debug\airmartest.a(AMux.o)
 .data.__fdlib_version
                0x1fff811e        0x1 c:/program files (x86)/cypress/psoc creator/3.0/psoc creator/import/gnu_cs/arm/4.7.3/bin/../lib/gcc/arm-none-eabi/4.7.3/../../../../arm-none-eabi/lib/armv7-m\libm.a(lib_a-s_lib_ver.o)
                0x1fff811e                __fdlib_version
 *fill*         0x1fff811f        0x1 00
 .data.impure_data
                0x1fff8120       0x64 c:/program files (x86)/cypress/psoc creator/3.0/psoc creator/import/gnu_cs/arm/4.7.3/bin/../lib/gcc/arm-none-eabi/4.7.3/../../../../arm-none-eabi/lib/armv7-m\libc_s.a(lib_a-impure.o)
 .data._impure_ptr
                0x1fff8184        0x4 c:/program files (x86)/cypress/psoc creator/3.0/psoc creator/import/gnu_cs/arm/4.7.3/bin/../lib/gcc/arm-none-eabi/4.7.3/../../../../arm-none-eabi/lib/armv7-m\libc_s.a(lib_a-impure.o)
                0x1fff8184                _impure_ptr
 .data.__ctype_ptr__
                0x1fff8188        0x4 c:/program files (x86)/cypress/psoc creator/3.0/psoc creator/import/gnu_cs/arm/4.7.3/bin/../lib/gcc/arm-none-eabi/4.7.3/../../../../arm-none-eabi/lib/armv7-m\libc_s.a(lib_a-ctype_.o)
                0x1fff8188                __ctype_ptr__
 .data.fpi.5208
                0x1fff818c       0x14 c:/program files (x86)/cypress/psoc creator/3.0/psoc creator/import/gnu_cs/arm/4.7.3/bin/../lib/gcc/arm-none-eabi/4.7.3/../../../../arm-none-eabi/lib/armv7-m\libc_s.a(lib_a-strtod.o)
 .data.fpinan.5244
                0x1fff81a0       0x14 c:/program files (x86)/cypress/psoc creator/3.0/psoc creator/import/gnu_cs/arm/4.7.3/bin/../lib/gcc/arm-none-eabi/4.7.3/../../../../arm-none-eabi/lib/armv7-m\libc_s.a(lib_a-strtod.o)
 .data.lconv    0x1fff81b4       0x38 c:/program files (x86)/cypress/psoc creator/3.0/psoc creator/import/gnu_cs/arm/4.7.3/bin/../lib/gcc/arm-none-eabi/4.7.3/../../../../arm-none-eabi/lib/armv7-m\libc_s.a(lib_a-locale.o)
                0x1fff81f0                . = ALIGN (0x8)
 *fill*         0x1fff81ec        0x4 00
 *(.ram)
                0x1fff81f0                _edata = .

.igot.plt       0x1fff81f0        0x0 load address 0x0000bc78
 .igot.plt      0x00000000        0x0 c:/program files (x86)/cypress/psoc creator/3.0/psoc creator/import/gnu_cs/arm/4.7.3/bin/../lib/gcc/arm-none-eabi/4.7.3/armv7-m/crtbegin.o

.bss            0x1fff81f0      0x5e8 load address 0x0000bc78
                0x1fff81f0                PROVIDE (__bss_start__, .)
 *(.shbss)
 *(.bss .bss.* .gnu.linkonce.b.*)
 .bss           0x1fff81f0       0x1c c:/program files (x86)/cypress/psoc creator/3.0/psoc creator/import/gnu_cs/arm/4.7.3/bin/../lib/gcc/arm-none-eabi/4.7.3/armv7-m/crtbegin.o
 .bss           0x1fff820c       0x2c .\CortexM3\ARM_GCC_473\Debug\main.o
                0x1fff820c                samplesize
                0x1fff8210                windDataPointer
                0x1fff8214                windpacketReceived
                0x1fff8218                gpsandwindReceived
                0x1fff821c                gpsvalid
                0x1fff8220                i
                0x1fff8224                gpsretry
                0x1fff8228                validornot
                0x1fff822c                validgpsfound
                0x1fff8230                windsum
                0x1fff8234                scalerspeed
 .bss           0x1fff8238        0x2 .\CortexM3\ARM_GCC_473\Debug\airmartest.a(Airmar.o)
                0x1fff8238                Airmar_initVar
 .bss           0x1fff823a        0x1 .\CortexM3\ARM_GCC_473\Debug\airmartest.a(Comp.o)
                0x1fff823a                Comp_initVar
 .bss           0x1fff823b        0x1 .\CortexM3\ARM_GCC_473\Debug\airmartest.a(master.o)
                0x1fff823b                master_initVar
 .bss           0x1fff823c        0x2 .\CortexM3\ARM_GCC_473\Debug\airmartest.a(UART_SBD.o)
                0x1fff823c                UART_SBD_initVar
 .bss           0x1fff823e        0x1 .\CortexM3\ARM_GCC_473\Debug\airmartest.a(psoc.o)
                0x1fff823e                psoc_initVar
 *fill*         0x1fff823f        0x1 00
 .bss           0x1fff8240       0x14 .\CortexM3\ARM_GCC_473\Debug\airmartest.a(ADC.o)
                0x1fff8240                ADC_convDone
                0x1fff8241                ADC_stopConversion
                0x1fff8242                ADC_initVar
                0x1fff8243                ADC_started
 .bss.__malloc_free_list
                0x1fff8254        0x4 c:/program files (x86)/cypress/psoc creator/3.0/psoc creator/import/gnu_cs/arm/4.7.3/bin/../lib/gcc/arm-none-eabi/4.7.3/../../../../arm-none-eabi/lib/armv7-m\libc_s.a(lib_a-mallocr.o)
                0x1fff8254                __malloc_free_list
 .bss.heap_end.4231
                0x1fff8258        0x4 c:/program files (x86)/cypress/psoc creator/3.0/psoc creator/import/gnu_cs/arm/4.7.3/bin/../lib/gcc/arm-none-eabi/4.7.3/../../../../arm-none-eabi/lib/armv7-m\libnosys.a(sbrk.o)
 *(COMMON)
 COMMON         0x1fff825c      0x458 .\CortexM3\ARM_GCC_473\Debug\main.o
                0x1fff825c                windData
                0x1fff82dc                windDirection
                0x1fff82e0                pressure
                0x1fff82e4                text
                0x1fff83e4                windSpeed
                0x1fff83e8                relh
                0x1fff83ec                vectorforavg
                0x1fff85ec                gpsData
                0x1fff866c                float32size
                0x1fff8670                watertemp
                0x1fff8674                pch
                0x1fff8678                uint32size
                0x1fff867c                resultantavg
                0x1fff8684                uint8size
                0x1fff8688                westgps
                0x1fff868c                time
                0x1fff8690                count
                0x1fff8694                northgps
                0x1fff8698                int16size
                0x1fff869c                date
                0x1fff86a0                startofwinddata
                0x1fff86a4                battery
                0x1fff86a8                matches
                0x1fff86ac                uint16size
                0x1fff86b0                airtemp
 COMMON         0x1fff86b4        0x1 .\CortexM3\ARM_GCC_473\Debug\airmartest.a(psoc.o)
                0x1fff86b4                psoc_state
 *fill*         0x1fff86b5        0x3 00
 COMMON         0x1fff86b8       0x10 .\CortexM3\ARM_GCC_473\Debug\airmartest.a(psoc_MASTER.o)
                0x1fff86b8                psoc_mstrWrBufPtr
                0x1fff86bc                psoc_mstrStatus
                0x1fff86bd                psoc_mstrWrBufSize
                0x1fff86be                psoc_mstrRdBufSize
                0x1fff86bf                psoc_mstrControl
                0x1fff86c0                psoc_mstrRdBufIndex
                0x1fff86c1                psoc_mstrWrBufIndex
                0x1fff86c4                psoc_mstrRdBufPtr
 COMMON         0x1fff86c8        0x8 .\CortexM3\ARM_GCC_473\Debug\airmartest.a(ADC.o)
                0x1fff86c8                ADC_Offset
                0x1fff86cc                ADC_CountsPerVolt
 COMMON         0x1fff86d0        0x4 c:/program files (x86)/cypress/psoc creator/3.0/psoc creator/import/gnu_cs/arm/4.7.3/bin/../lib/gcc/arm-none-eabi/4.7.3/../../../../arm-none-eabi/lib/armv7-m\libc_s.a(lib_a-reent.o)
                0x1fff86d0                errno
 COMMON         0x1fff86d4      0x100 c:/program files (x86)/cypress/psoc creator/3.0/psoc creator/import/gnu_cs/arm/4.7.3/bin/../lib/gcc/arm-none-eabi/4.7.3/../../../../arm-none-eabi/lib/armv7-m\libc_s.a(lib_a-gdtoa-gethex.o)
                0x1fff86d4                __hexdig
                0x1fff87d8                . = ALIGN (0x8)
 *fill*         0x1fff87d4        0x4 00
 *(.ram.b)
                0x1fff87d8                _end = .
                0x1fff87d8                __end = .
                0x1fff87d8                PROVIDE (end, .)
                0x1fff87d8                PROVIDE (__bss_end__, .)
                0x0000bb90                __cy_region_init_ram = LOADADDR (.data)
                0x000000e8                __cy_region_init_size_ram = (_edata - ADDR (.data))
                0x000005e8                __cy_region_zero_size_ram = (_end - _edata)

.heap           0x1fff87d8     0x1000 load address 0x0000bc78
                0x1fff87d8                . = _end
                0x1fff97d8                . = (. + 0x1000)
 *fill*         0x1fff87d8     0x1000 00
                0x1fff97d8                __cy_heap_limit = .

.stack          0x20004000     0x4000
                0x20004000                __cy_stack_limit = .
                0x20008000                . = (. + 0x4000)
 *fill*         0x20004000     0x4000 00
                0x00000001                ASSERT ((__cy_stack_limit >= __cy_heap_limit), region RAM overflowed with stack)

.cyloadermeta
 *(.cyloadermeta)

.cyloadablemeta
 *(.cyloadablemeta)

.cyconfigecc    0x80000000      0x94c
 *(.cyconfigecc)
 .cyconfigecc   0x80000000      0x94c .\CortexM3\ARM_GCC_473\Debug\cymetadata.o
                0x80000000                cy_meta_configecc

.cycustnvl      0x90000000        0x4
 *(.cycustnvl)
 .cycustnvl     0x90000000        0x4 .\CortexM3\ARM_GCC_473\Debug\cymetadata.o
                0x90000000                cy_meta_custnvl

.cywolatch      0x90100000        0x4
 *(.cywolatch)
 .cywolatch     0x90100000        0x4 .\CortexM3\ARM_GCC_473\Debug\cymetadata.o
                0x90100000                cy_meta_wonvl

.cyeeprom       0x90200000        0x0
 *(.cyeeprom)
                0x00000001                ASSERT ((. <= ((0x90200000 + ee_offset) + ee_size)), .cyeeprom data will not fit in EEPROM)

.cyflashprotect
                0x90400000      0x100
 *(.cyflashprotect)
 .cyflashprotect
                0x90400000      0x100 .\CortexM3\ARM_GCC_473\Debug\cymetadata.o
                0x90400000                cy_meta_flashprotect

.cymeta         0x90500000        0xc
 *(.cymeta)
 .cymeta        0x90500000        0xc .\CortexM3\ARM_GCC_473\Debug\cymetadata.o
                0x90500000                cy_metadata

.rel.dyn        0x0000bc78        0x0 load address 0x9050000c
 .rel.iplt      0x00000000        0x0 c:/program files (x86)/cypress/psoc creator/3.0/psoc creator/import/gnu_cs/arm/4.7.3/bin/../lib/gcc/arm-none-eabi/4.7.3/armv7-m/crtbegin.o

.stab           0x00000000       0x6c
 *(.stab)
 .stab          0x00000000       0x24 c:/program files (x86)/cypress/psoc creator/3.0/psoc creator/import/gnu_cs/arm/4.7.3/bin/../lib/gcc/arm-none-eabi/4.7.3/../../../../arm-none-eabi/lib/armv7-m\libnosys.a(close.o)
 .stab          0x00000024       0x18 c:/program files (x86)/cypress/psoc creator/3.0/psoc creator/import/gnu_cs/arm/4.7.3/bin/../lib/gcc/arm-none-eabi/4.7.3/../../../../arm-none-eabi/lib/armv7-m\libnosys.a(lseek.o)
                                 0x24 (size before relaxing)
 .stab          0x0000003c       0x18 c:/program files (x86)/cypress/psoc creator/3.0/psoc creator/import/gnu_cs/arm/4.7.3/bin/../lib/gcc/arm-none-eabi/4.7.3/../../../../arm-none-eabi/lib/armv7-m\libnosys.a(read.o)
                                 0x24 (size before relaxing)
 .stab          0x00000054       0x18 c:/program files (x86)/cypress/psoc creator/3.0/psoc creator/import/gnu_cs/arm/4.7.3/bin/../lib/gcc/arm-none-eabi/4.7.3/../../../../arm-none-eabi/lib/armv7-m\libnosys.a(write.o)
                                 0x24 (size before relaxing)

.stabstr        0x00000000       0xdf
 *(.stabstr)
 .stabstr       0x00000000       0xdf c:/program files (x86)/cypress/psoc creator/3.0/psoc creator/import/gnu_cs/arm/4.7.3/bin/../lib/gcc/arm-none-eabi/4.7.3/../../../../arm-none-eabi/lib/armv7-m\libnosys.a(close.o)

.debug
 *(.debug)

.line
 *(.line)

.debug_srcinfo
 *(.debug_srcinfo)

.debug_sfnames
 *(.debug_sfnames)

.debug_aranges  0x00000000      0xd48
 *(.debug_aranges)
 .debug_aranges
                0x00000000       0x30 .\CortexM3\ARM_GCC_473\Debug\main.o
 .debug_aranges
                0x00000030       0x20 .\CortexM3\ARM_GCC_473\Debug\thermocouple.o
 .debug_aranges
                0x00000050       0x30 .\CortexM3\ARM_GCC_473\Debug\wind.o
 .debug_aranges
                0x00000080       0x38 .\CortexM3\ARM_GCC_473\Debug\RH.o
 .debug_aranges
                0x000000b8       0x20 .\CortexM3\ARM_GCC_473\Debug\Batteryvoltage.o
 .debug_aranges
                0x000000d8       0x18 .\CortexM3\ARM_GCC_473\Debug\cymetadata.o
 .debug_aranges
                0x000000f0       0x40 .\CortexM3\ARM_GCC_473\Debug\Cm3Start.o
 .debug_aranges
                0x00000130       0x80 .\CortexM3\ARM_GCC_473\Debug\airmartest.a(cyfitter_cfg.o)
 .debug_aranges
                0x000001b0       0xf0 .\CortexM3\ARM_GCC_473\Debug\airmartest.a(Airmar.o)
 .debug_aranges
                0x000002a0       0x80 .\CortexM3\ARM_GCC_473\Debug\airmartest.a(isr_airmar.o)
 .debug_aranges
                0x00000320       0x70 .\CortexM3\ARM_GCC_473\Debug\airmartest.a(Airmar_IntClock.o)
 .debug_aranges
                0x00000390       0x20 .\CortexM3\ARM_GCC_473\Debug\airmartest.a(CyBootAsmGnu.o)
 .debug_aranges
                0x000003b0      0x218 .\CortexM3\ARM_GCC_473\Debug\airmartest.a(CyLib.o)
 .debug_aranges
                0x000005c8       0x90 .\CortexM3\ARM_GCC_473\Debug\airmartest.a(cyPm.o)
 .debug_aranges
                0x00000658       0x70 .\CortexM3\ARM_GCC_473\Debug\airmartest.a(Comp.o)
 .debug_aranges
                0x000006c8       0xd8 .\CortexM3\ARM_GCC_473\Debug\airmartest.a(master.o)
 .debug_aranges
                0x000007a0       0xf0 .\CortexM3\ARM_GCC_473\Debug\airmartest.a(UART_SBD.o)
 .debug_aranges
                0x00000890       0x70 .\CortexM3\ARM_GCC_473\Debug\airmartest.a(UART_SBD_IntClock.o)
 .debug_aranges
                0x00000900       0x38 .\CortexM3\ARM_GCC_473\Debug\airmartest.a(psoc.o)
 .debug_aranges
                0x00000938       0x20 .\CortexM3\ARM_GCC_473\Debug\airmartest.a(psoc_INT.o)
 .debug_aranges
                0x00000958       0x38 .\CortexM3\ARM_GCC_473\Debug\airmartest.a(psoc_PM.o)
 .debug_aranges
                0x00000990       0x88 .\CortexM3\ARM_GCC_473\Debug\airmartest.a(psoc_MASTER.o)
 .debug_aranges
                0x00000a18       0xe8 .\CortexM3\ARM_GCC_473\Debug\airmartest.a(ADC.o)
 .debug_aranges
                0x00000b00       0x38 .\CortexM3\ARM_GCC_473\Debug\airmartest.a(ADC_INT.o)
 .debug_aranges
                0x00000b38       0x40 .\CortexM3\ARM_GCC_473\Debug\airmartest.a(AMux.o)
 .debug_aranges
                0x00000b78       0x70 .\CortexM3\ARM_GCC_473\Debug\airmartest.a(ADC_Ext_CP_Clk.o)
 .debug_aranges
                0x00000be8       0x80 .\CortexM3\ARM_GCC_473\Debug\airmartest.a(ADC_theACLK.o)
 .debug_aranges
                0x00000c68       0x78 .\CortexM3\ARM_GCC_473\Debug\airmartest.a(CyFlash.o)
 .debug_aranges
                0x00000ce0       0x68 .\CortexM3\ARM_GCC_473\Debug\airmartest.a(CySpc.o)

.debug_pubnames
 *(.debug_pubnames)

.debug_info     0x00000000     0x6244
 *(.debug_info .gnu.linkonce.wi.*)
 .debug_info    0x00000000      0x542 .\CortexM3\ARM_GCC_473\Debug\main.o
 .debug_info    0x00000542      0x161 .\CortexM3\ARM_GCC_473\Debug\thermocouple.o
 .debug_info    0x000006a3      0x1ce .\CortexM3\ARM_GCC_473\Debug\wind.o
 .debug_info    0x00000871      0x230 .\CortexM3\ARM_GCC_473\Debug\RH.o
 .debug_info    0x00000aa1      0x11e .\CortexM3\ARM_GCC_473\Debug\Batteryvoltage.o
 .debug_info    0x00000bbf      0x143 .\CortexM3\ARM_GCC_473\Debug\cymetadata.o
 .debug_info    0x00000d02      0x2ea .\CortexM3\ARM_GCC_473\Debug\Cm3Start.o
 .debug_info    0x00000fec      0x5b4 .\CortexM3\ARM_GCC_473\Debug\airmartest.a(cyfitter_cfg.o)
 .debug_info    0x000015a0      0x58b .\CortexM3\ARM_GCC_473\Debug\airmartest.a(Airmar.o)
 .debug_info    0x00001b2b      0x278 .\CortexM3\ARM_GCC_473\Debug\airmartest.a(isr_airmar.o)
 .debug_info    0x00001da3      0x294 .\CortexM3\ARM_GCC_473\Debug\airmartest.a(Airmar_IntClock.o)
 .debug_info    0x00002037       0x8f .\CortexM3\ARM_GCC_473\Debug\airmartest.a(CyBootAsmGnu.o)
 .debug_info    0x000020c6      0xcd7 .\CortexM3\ARM_GCC_473\Debug\airmartest.a(CyLib.o)
 .debug_info    0x00002d9d      0x5c3 .\CortexM3\ARM_GCC_473\Debug\airmartest.a(cyPm.o)
 .debug_info    0x00003360      0x276 .\CortexM3\ARM_GCC_473\Debug\airmartest.a(Comp.o)
 .debug_info    0x000035d6      0x485 .\CortexM3\ARM_GCC_473\Debug\airmartest.a(master.o)
 .debug_info    0x00003a5b      0x58b .\CortexM3\ARM_GCC_473\Debug\airmartest.a(UART_SBD.o)
 .debug_info    0x00003fe6      0x294 .\CortexM3\ARM_GCC_473\Debug\airmartest.a(UART_SBD_IntClock.o)
 .debug_info    0x0000427a      0x1d6 .\CortexM3\ARM_GCC_473\Debug\airmartest.a(psoc.o)
 .debug_info    0x00004450      0x166 .\CortexM3\ARM_GCC_473\Debug\airmartest.a(psoc_INT.o)
 .debug_info    0x000045b6      0x1a5 .\CortexM3\ARM_GCC_473\Debug\airmartest.a(psoc_PM.o)
 .debug_info    0x0000475b      0x453 .\CortexM3\ARM_GCC_473\Debug\airmartest.a(psoc_MASTER.o)
 .debug_info    0x00004bae      0x7a9 .\CortexM3\ARM_GCC_473\Debug\airmartest.a(ADC.o)
 .debug_info    0x00005357       0xe4 .\CortexM3\ARM_GCC_473\Debug\airmartest.a(ADC_INT.o)
 .debug_info    0x0000543b      0x16e .\CortexM3\ARM_GCC_473\Debug\airmartest.a(AMux.o)
 .debug_info    0x000055a9      0x294 .\CortexM3\ARM_GCC_473\Debug\airmartest.a(ADC_Ext_CP_Clk.o)
 .debug_info    0x0000583d      0x2da .\CortexM3\ARM_GCC_473\Debug\airmartest.a(ADC_theACLK.o)
 .debug_info    0x00005b17      0x354 .\CortexM3\ARM_GCC_473\Debug\airmartest.a(CyFlash.o)
 .debug_info    0x00005e6b      0x3d9 .\CortexM3\ARM_GCC_473\Debug\airmartest.a(CySpc.o)

.debug_abbrev   0x00000000     0x1e97
 *(.debug_abbrev)
 .debug_abbrev  0x00000000      0x105 .\CortexM3\ARM_GCC_473\Debug\main.o
 .debug_abbrev  0x00000105       0x9b .\CortexM3\ARM_GCC_473\Debug\thermocouple.o
 .debug_abbrev  0x000001a0       0xb6 .\CortexM3\ARM_GCC_473\Debug\wind.o
 .debug_abbrev  0x00000256       0xfb .\CortexM3\ARM_GCC_473\Debug\RH.o
 .debug_abbrev  0x00000351       0x7a .\CortexM3\ARM_GCC_473\Debug\Batteryvoltage.o
 .debug_abbrev  0x000003cb       0x77 .\CortexM3\ARM_GCC_473\Debug\cymetadata.o
 .debug_abbrev  0x00000442      0x175 .\CortexM3\ARM_GCC_473\Debug\Cm3Start.o
 .debug_abbrev  0x000005b7      0x1cc .\CortexM3\ARM_GCC_473\Debug\airmartest.a(cyfitter_cfg.o)
 .debug_abbrev  0x00000783      0x165 .\CortexM3\ARM_GCC_473\Debug\airmartest.a(Airmar.o)
 .debug_abbrev  0x000008e8      0x12d .\CortexM3\ARM_GCC_473\Debug\airmartest.a(isr_airmar.o)
 .debug_abbrev  0x00000a15      0x11f .\CortexM3\ARM_GCC_473\Debug\airmartest.a(Airmar_IntClock.o)
 .debug_abbrev  0x00000b34       0x14 .\CortexM3\ARM_GCC_473\Debug\airmartest.a(CyBootAsmGnu.o)
 .debug_abbrev  0x00000b48      0x207 .\CortexM3\ARM_GCC_473\Debug\airmartest.a(CyLib.o)
 .debug_abbrev  0x00000d4f      0x170 .\CortexM3\ARM_GCC_473\Debug\airmartest.a(cyPm.o)
 .debug_abbrev  0x00000ebf      0x148 .\CortexM3\ARM_GCC_473\Debug\airmartest.a(Comp.o)
 .debug_abbrev  0x00001007      0x158 .\CortexM3\ARM_GCC_473\Debug\airmartest.a(master.o)
 .debug_abbrev  0x0000115f      0x165 .\CortexM3\ARM_GCC_473\Debug\airmartest.a(UART_SBD.o)
 .debug_abbrev  0x000012c4      0x11f .\CortexM3\ARM_GCC_473\Debug\airmartest.a(UART_SBD_IntClock.o)
 .debug_abbrev  0x000013e3       0xce .\CortexM3\ARM_GCC_473\Debug\airmartest.a(psoc.o)
 .debug_abbrev  0x000014b1       0x83 .\CortexM3\ARM_GCC_473\Debug\airmartest.a(psoc_INT.o)
 .debug_abbrev  0x00001534       0xed .\CortexM3\ARM_GCC_473\Debug\airmartest.a(psoc_PM.o)
 .debug_abbrev  0x00001621      0x120 .\CortexM3\ARM_GCC_473\Debug\airmartest.a(psoc_MASTER.o)
 .debug_abbrev  0x00001741      0x192 .\CortexM3\ARM_GCC_473\Debug\airmartest.a(ADC.o)
 .debug_abbrev  0x000018d3       0x44 .\CortexM3\ARM_GCC_473\Debug\airmartest.a(ADC_INT.o)
 .debug_abbrev  0x00001917       0x71 .\CortexM3\ARM_GCC_473\Debug\airmartest.a(AMux.o)
 .debug_abbrev  0x00001988      0x11f .\CortexM3\ARM_GCC_473\Debug\airmartest.a(ADC_Ext_CP_Clk.o)
 .debug_abbrev  0x00001aa7      0x11f .\CortexM3\ARM_GCC_473\Debug\airmartest.a(ADC_theACLK.o)
 .debug_abbrev  0x00001bc6      0x172 .\CortexM3\ARM_GCC_473\Debug\airmartest.a(CyFlash.o)
 .debug_abbrev  0x00001d38      0x15f .\CortexM3\ARM_GCC_473\Debug\airmartest.a(CySpc.o)

.debug_line     0x00000000     0x355e
 *(.debug_line)
 .debug_line    0x00000000      0x1ea .\CortexM3\ARM_GCC_473\Debug\main.o
 .debug_line    0x000001ea      0x151 .\CortexM3\ARM_GCC_473\Debug\thermocouple.o
 .debug_line    0x0000033b       0xed .\CortexM3\ARM_GCC_473\Debug\wind.o
 .debug_line    0x00000428      0x166 .\CortexM3\ARM_GCC_473\Debug\RH.o
 .debug_line    0x0000058e      0x12a .\CortexM3\ARM_GCC_473\Debug\Batteryvoltage.o
 .debug_line    0x000006b8       0x53 .\CortexM3\ARM_GCC_473\Debug\cymetadata.o
 .debug_line    0x0000070b      0x1b0 .\CortexM3\ARM_GCC_473\Debug\Cm3Start.o
 .debug_line    0x000008bb      0x295 .\CortexM3\ARM_GCC_473\Debug\airmartest.a(cyfitter_cfg.o)
 .debug_line    0x00000b50      0x2f1 .\CortexM3\ARM_GCC_473\Debug\airmartest.a(Airmar.o)
 .debug_line    0x00000e41      0x155 .\CortexM3\ARM_GCC_473\Debug\airmartest.a(isr_airmar.o)
 .debug_line    0x00000f96      0x1a6 .\CortexM3\ARM_GCC_473\Debug\airmartest.a(Airmar_IntClock.o)
 .debug_line    0x0000113c       0x68 .\CortexM3\ARM_GCC_473\Debug\airmartest.a(CyBootAsmGnu.o)
 .debug_line    0x000011a4      0x73b .\CortexM3\ARM_GCC_473\Debug\airmartest.a(CyLib.o)
 .debug_line    0x000018df      0x370 .\CortexM3\ARM_GCC_473\Debug\airmartest.a(cyPm.o)
 .debug_line    0x00001c4f      0x169 .\CortexM3\ARM_GCC_473\Debug\airmartest.a(Comp.o)
 .debug_line    0x00001db8      0x274 .\CortexM3\ARM_GCC_473\Debug\airmartest.a(master.o)
 .debug_line    0x0000202c      0x2f3 .\CortexM3\ARM_GCC_473\Debug\airmartest.a(UART_SBD.o)
 .debug_line    0x0000231f      0x1a8 .\CortexM3\ARM_GCC_473\Debug\airmartest.a(UART_SBD_IntClock.o)
 .debug_line    0x000024c7       0xd6 .\CortexM3\ARM_GCC_473\Debug\airmartest.a(psoc.o)
 .debug_line    0x0000259d      0x13d .\CortexM3\ARM_GCC_473\Debug\airmartest.a(psoc_INT.o)
 .debug_line    0x000026da       0xc0 .\CortexM3\ARM_GCC_473\Debug\airmartest.a(psoc_PM.o)
 .debug_line    0x0000279a      0x1f5 .\CortexM3\ARM_GCC_473\Debug\airmartest.a(psoc_MASTER.o)
 .debug_line    0x0000298f      0x3bd .\CortexM3\ARM_GCC_473\Debug\airmartest.a(ADC.o)
 .debug_line    0x00002d4c       0x8e .\CortexM3\ARM_GCC_473\Debug\airmartest.a(ADC_INT.o)
 .debug_line    0x00002dda       0xc9 .\CortexM3\ARM_GCC_473\Debug\airmartest.a(AMux.o)
 .debug_line    0x00002ea3      0x1a5 .\CortexM3\ARM_GCC_473\Debug\airmartest.a(ADC_Ext_CP_Clk.o)
 .debug_line    0x00003048      0x1c6 .\CortexM3\ARM_GCC_473\Debug\airmartest.a(ADC_theACLK.o)
 .debug_line    0x0000320e      0x1a9 .\CortexM3\ARM_GCC_473\Debug\airmartest.a(CyFlash.o)
 .debug_line    0x000033b7      0x1a7 .\CortexM3\ARM_GCC_473\Debug\airmartest.a(CySpc.o)

.debug_frame    0x00000000     0x3b78
 *(.debug_frame)
 .debug_frame   0x00000000       0x78 .\CortexM3\ARM_GCC_473\Debug\main.o
 .debug_frame   0x00000078       0x3c .\CortexM3\ARM_GCC_473\Debug\thermocouple.o
 .debug_frame   0x000000b4       0x7c .\CortexM3\ARM_GCC_473\Debug\wind.o
 .debug_frame   0x00000130       0x90 .\CortexM3\ARM_GCC_473\Debug\RH.o
 .debug_frame   0x000001c0       0x30 .\CortexM3\ARM_GCC_473\Debug\Batteryvoltage.o
 .debug_frame   0x000001f0       0xa4 .\CortexM3\ARM_GCC_473\Debug\Cm3Start.o
 .debug_frame   0x00000294      0x190 .\CortexM3\ARM_GCC_473\Debug\airmartest.a(cyfitter_cfg.o)
 .debug_frame   0x00000424      0x328 .\CortexM3\ARM_GCC_473\Debug\airmartest.a(Airmar.o)
 .debug_frame   0x0000074c      0x180 .\CortexM3\ARM_GCC_473\Debug\airmartest.a(isr_airmar.o)
 .debug_frame   0x000008cc      0x14c .\CortexM3\ARM_GCC_473\Debug\airmartest.a(Airmar_IntClock.o)
 .debug_frame   0x00000a18      0x778 .\CortexM3\ARM_GCC_473\Debug\airmartest.a(CyLib.o)
 .debug_frame   0x00001190      0x1d0 .\CortexM3\ARM_GCC_473\Debug\airmartest.a(cyPm.o)
 .debug_frame   0x00001360      0x14c .\CortexM3\ARM_GCC_473\Debug\airmartest.a(Comp.o)
 .debug_frame   0x000014ac      0x2c4 .\CortexM3\ARM_GCC_473\Debug\airmartest.a(master.o)
 .debug_frame   0x00001770      0x328 .\CortexM3\ARM_GCC_473\Debug\airmartest.a(UART_SBD.o)
 .debug_frame   0x00001a98      0x14c .\CortexM3\ARM_GCC_473\Debug\airmartest.a(UART_SBD_IntClock.o)
 .debug_frame   0x00001be4       0x88 .\CortexM3\ARM_GCC_473\Debug\airmartest.a(psoc.o)
 .debug_frame   0x00001c6c       0x30 .\CortexM3\ARM_GCC_473\Debug\airmartest.a(psoc_INT.o)
 .debug_frame   0x00001c9c       0x84 .\CortexM3\ARM_GCC_473\Debug\airmartest.a(psoc_PM.o)
 .debug_frame   0x00001d20      0x198 .\CortexM3\ARM_GCC_473\Debug\airmartest.a(psoc_MASTER.o)
 .debug_frame   0x00001eb8      0x31c .\CortexM3\ARM_GCC_473\Debug\airmartest.a(ADC.o)
 .debug_frame   0x000021d4       0x80 .\CortexM3\ARM_GCC_473\Debug\airmartest.a(ADC_INT.o)
 .debug_frame   0x00002254       0xb0 .\CortexM3\ARM_GCC_473\Debug\airmartest.a(AMux.o)
 .debug_frame   0x00002304      0x14c .\CortexM3\ARM_GCC_473\Debug\airmartest.a(ADC_Ext_CP_Clk.o)
 .debug_frame   0x00002450      0x184 .\CortexM3\ARM_GCC_473\Debug\airmartest.a(ADC_theACLK.o)
 .debug_frame   0x000025d4      0x178 .\CortexM3\ARM_GCC_473\Debug\airmartest.a(CyFlash.o)
 .debug_frame   0x0000274c      0x13c .\CortexM3\ARM_GCC_473\Debug\airmartest.a(CySpc.o)
 .debug_frame   0x00002888       0x38 c:/program files (x86)/cypress/psoc creator/3.0/psoc creator/import/gnu_cs/arm/4.7.3/bin/../lib/gcc/arm-none-eabi/4.7.3/../../../../arm-none-eabi/lib/armv7-m\libm.a(lib_a-s_atan.o)
 .debug_frame   0x000028c0       0x2c c:/program files (x86)/cypress/psoc creator/3.0/psoc creator/import/gnu_cs/arm/4.7.3/bin/../lib/gcc/arm-none-eabi/4.7.3/../../../../arm-none-eabi/lib/armv7-m\libm.a(lib_a-s_cos.o)
 .debug_frame   0x000028ec       0x20 c:/program files (x86)/cypress/psoc creator/3.0/psoc creator/import/gnu_cs/arm/4.7.3/bin/../lib/gcc/arm-none-eabi/4.7.3/../../../../arm-none-eabi/lib/armv7-m\libm.a(lib_a-s_fabs.o)
 .debug_frame   0x0000290c       0x2c c:/program files (x86)/cypress/psoc creator/3.0/psoc creator/import/gnu_cs/arm/4.7.3/bin/../lib/gcc/arm-none-eabi/4.7.3/../../../../arm-none-eabi/lib/armv7-m\libm.a(lib_a-s_sin.o)
 .debug_frame   0x00002938       0x38 c:/program files (x86)/cypress/psoc creator/3.0/psoc creator/import/gnu_cs/arm/4.7.3/bin/../lib/gcc/arm-none-eabi/4.7.3/../../../../arm-none-eabi/lib/armv7-m\libm.a(lib_a-w_pow.o)
 .debug_frame   0x00002970       0x38 c:/program files (x86)/cypress/psoc creator/3.0/psoc creator/import/gnu_cs/arm/4.7.3/bin/../lib/gcc/arm-none-eabi/4.7.3/../../../../arm-none-eabi/lib/armv7-m\libm.a(lib_a-w_sqrt.o)
 .debug_frame   0x000029a8       0x38 c:/program files (x86)/cypress/psoc creator/3.0/psoc creator/import/gnu_cs/arm/4.7.3/bin/../lib/gcc/arm-none-eabi/4.7.3/../../../../arm-none-eabi/lib/armv7-m\libm.a(lib_a-e_pow.o)
 .debug_frame   0x000029e0       0x38 c:/program files (x86)/cypress/psoc creator/3.0/psoc creator/import/gnu_cs/arm/4.7.3/bin/../lib/gcc/arm-none-eabi/4.7.3/../../../../arm-none-eabi/lib/armv7-m\libm.a(lib_a-e_rem_pio2.o)